{"level":"debug","Logging":"info","time":"2025-08-01T03:14:26+08:00","message":"Config"}
{"level":"debug","UseTLS":false,"time":"2025-08-01T03:14:26+08:00","message":"Config"}
{"level":"debug","CACertFile":"tls-data/ca.pem","time":"2025-08-01T03:14:26+08:00","message":"Config"}
{"level":"debug","KeyFile":"tls-data/auth.key","time":"2025-08-01T03:14:26+08:00","message":"Config"}
{"level":"debug","CertFile":"tls-data/auth.pem","time":"2025-08-01T03:14:26+08:00","message":"Config"}
{"level":"debug","PriorityConnections":2,"time":"2025-08-01T03:14:26+08:00","message":"Config"}
{"level":"debug","BasicConnections":2,"time":"2025-08-01T03:14:26+08:00","message":"Config"}
{"level":"debug","TestConnections":false,"time":"2025-08-01T03:14:26+08:00","message":"Config"}
{"level":"debug","ExcessConnections":1,"time":"2025-08-01T03:14:26+08:00","message":"Config"}
{"level":"debug","ConnectionTestMsgs":4,"time":"2025-08-01T03:14:26+08:00","message":"Config"}
{"level":"debug","ConnectionTestPayload":131072,"time":"2025-08-01T03:14:26+08:00","message":"Config"}
{"level":"debug","OutMessageBufsize":1024,"time":"2025-08-01T03:14:26+08:00","message":"Config"}
{"level":"debug","OutMessageBufsize":2,"time":"2025-08-01T03:14:26+08:00","message":"Config"}
{"level":"debug","ThroughputCap":131072000,"time":"2025-08-01T03:14:26+08:00","message":"Config"}
{"level":"debug","StragglerTolerance":1000,"time":"2025-08-01T03:14:26+08:00","message":"Config"}
{"level":"debug","BatchSizeIncrement":256,"time":"2025-08-01T03:14:26+08:00","message":"Config"}
{"level":"debug","Orderer":"Pbft","time":"2025-08-01T03:14:26+08:00","message":"Config"}
{"level":"debug","Manager":"Mir","time":"2025-08-01T03:14:26+08:00","message":"Config"}
{"level":"debug","Failures":0,"time":"2025-08-01T03:14:26+08:00","message":"Config"}
{"level":"debug","CrashTiming":"EpochStart","time":"2025-08-01T03:14:26+08:00","message":"Config"}
{"level":"debug","CheckpointInterval":256,"time":"2025-08-01T03:14:26+08:00","message":"Config"}
{"level":"debug","WatermarkWindowSize":256,"time":"2025-08-01T03:14:26+08:00","message":"Config"}
{"level":"debug","EpochLength":256,"time":"2025-08-01T03:14:26+08:00","message":"Config"}
{"level":"debug","SegmentLength":32,"time":"2025-08-01T03:14:26+08:00","message":"Config"}
{"level":"debug","WaitForCheckpoints":true,"time":"2025-08-01T03:14:26+08:00","message":"Config"}
{"level":"debug","ClientWatermarkWindowSize":4194304,"time":"2025-08-01T03:14:26+08:00","message":"Config"}
{"level":"debug","ClientRequestBacklogSize":4194304,"time":"2025-08-01T03:14:26+08:00","message":"Config"}
{"level":"debug","RandomSeed":17594,"time":"2025-08-01T03:14:26+08:00","message":"Config"}
{"level":"debug","NodeToLeaderRatio":1,"time":"2025-08-01T03:14:26+08:00","message":"Config"}
{"level":"debug","LeaderPolicy":"Simple","time":"2025-08-01T03:14:26+08:00","message":"Config"}
{"level":"debug","DefaultLeaderBan":2,"time":"2025-08-01T03:14:26+08:00","message":"Config"}
{"level":"debug","NumBuckets":128,"time":"2025-08-01T03:14:26+08:00","message":"Config"}
{"level":"debug","BatchSize":4096,"time":"2025-08-01T03:14:26+08:00","message":"Config"}
{"level":"debug","BatchTimeoutMs":1000,"time":"2025-08-01T03:14:26+08:00","message":"Config"}
{"level":"debug","DisabledViewChange":false,"time":"2025-08-01T03:14:26+08:00","message":"Config"}
{"level":"debug","ViewChangeTimeout":60000,"time":"2025-08-01T03:14:26+08:00","message":"Config"}
{"level":"debug","ClientTraceSampling":10,"time":"2025-08-01T03:14:26+08:00","message":"Config"}
{"level":"debug","EventBufferSize":2097152,"time":"2025-08-01T03:14:26+08:00","message":"Config"}
{"level":"debug","TraceSampling":1,"time":"2025-08-01T03:14:26+08:00","message":"Config"}
{"level":"debug","ClientsPerProcess":1,"time":"2025-08-01T03:14:26+08:00","message":"Config"}
{"level":"debug","RequestsPerClient":7200000,"time":"2025-08-01T03:14:26+08:00","message":"Config"}
{"level":"debug","ClientRunTime":60000,"time":"2025-08-01T03:14:26+08:00","message":"Config"}
{"level":"debug","RequestRate":60000,"time":"2025-08-01T03:14:26+08:00","message":"Config"}
{"level":"debug","HardRequestRateLimit":false,"time":"2025-08-01T03:14:26+08:00","message":"Config"}
{"level":"debug","RequestPayloadSize":500,"time":"2025-08-01T03:14:26+08:00","message":"Config"}
{"level":"debug","SignRequests":true,"time":"2025-08-01T03:14:26+08:00","message":"Config"}
{"level":"debug","ClientPrivKeyFile":"tls-data/client-ecdsa-256.key","time":"2025-08-01T03:14:26+08:00","message":"Config"}
{"level":"debug","ClientPubKeyFile":"tls-data/client-ecdsa-256.pem","time":"2025-08-01T03:14:26+08:00","message":"Config"}
{"level":"debug","PrecomputeRequests":false,"time":"2025-08-01T03:14:26+08:00","message":"Config"}
{"level":"debug","RequestHandlerThreads":32,"time":"2025-08-01T03:14:26+08:00","message":"Config"}
{"level":"debug","RequestInputChannelBuffer":8192,"time":"2025-08-01T03:14:26+08:00","message":"Config"}
{"level":"debug","BatchVerifier":"external","time":"2025-08-01T03:14:26+08:00","message":"Config"}
03:14:26.538 INF Registered with discovery server. numPeers=8 ownID=3
03:14:26.538 INF Profiling enabled.
03:14:26.538 INF Setting up profiling.
03:14:26.539 INF Started Profiler: CPU
03:14:26.539 INF Started Profiler: BLOCK
03:14:26.539 INF Started Profiler: MUTEX
03:14:26.539 INF Profiler will stop on signal. exit=true
03:14:26.540 INF Tracing will stop on signal. exit=false
03:14:26.541 INF Started tracing. traceFile=experiment-output/0000/slave-005/peer.trc
03:14:26.543 INF Connecting to peer. addr=127.0.0.1:10022 basicConns=2 priorityConns=2
03:14:26.544 INF Connecting to peer. addr=127.0.0.1:10055 basicConns=2 priorityConns=2
03:14:26.544 INF Connecting to peer. addr=127.0.0.1:10044 basicConns=2 priorityConns=2
03:14:26.544 INF Listening for connections. port=10033 useTLS=false
03:14:26.544 INF Connecting to peer. addr=127.0.0.1:10077 basicConns=2 priorityConns=2
03:14:26.545 INF Connecting to peer. addr=127.0.0.1:10066 basicConns=2 priorityConns=2
03:14:26.545 INF Connecting to peer. addr=127.0.0.1:10033 basicConns=2 priorityConns=2
03:14:26.545 INF Connecting to peer. addr=127.0.0.1:10000 basicConns=2 priorityConns=2
03:14:26.545 INF Connecting to peer. addr=127.0.0.1:10011 basicConns=2 priorityConns=2
03:14:26.559 INF Incoming connection for protocol messages. addr=127.0.0.1:37658
03:14:26.562 INF Incoming connection for protocol messages. addr=127.0.0.1:37644
03:14:26.563 INF Incoming connection for protocol messages. addr=127.0.0.1:37766
03:14:26.568 INF Incoming connection for protocol messages. addr=127.0.0.1:37782
03:14:26.569 INF Incoming connection for protocol messages. addr=127.0.0.1:37706
03:14:26.571 INF Incoming connection for protocol messages. addr=127.0.0.1:37868
03:14:26.571 INF Incoming connection for protocol messages. addr=127.0.0.1:37690
03:14:26.572 INF Incoming connection for protocol messages. addr=127.0.0.1:37670
03:14:26.572 INF Incoming connection for protocol messages. addr=127.0.0.1:37636
03:14:26.572 INF Incoming connection for protocol messages. addr=127.0.0.1:37694
03:14:26.572 INF Incoming connection for protocol messages. addr=127.0.0.1:37684
03:14:26.572 INF Incoming connection for protocol messages. addr=127.0.0.1:37876
03:14:26.572 INF Incoming connection for protocol messages. addr=127.0.0.1:37854
03:14:26.573 INF Incoming connection for protocol messages. addr=127.0.0.1:37800
03:14:26.574 INF Incoming connection for protocol messages. addr=127.0.0.1:37828
03:14:26.574 INF Incoming connection for protocol messages. addr=127.0.0.1:37794
03:14:26.575 INF Incoming connection for protocol messages. addr=127.0.0.1:37840
03:14:26.574 INF Incoming connection for protocol messages. addr=127.0.0.1:37722
03:14:26.576 INF Incoming connection for protocol messages. addr=127.0.0.1:37808
03:14:26.576 INF Incoming connection for protocol messages. addr=127.0.0.1:37892
03:14:26.576 INF Incoming connection for protocol messages. addr=127.0.0.1:37748
03:14:26.576 INF Incoming connection for protocol messages. addr=127.0.0.1:37816
03:14:26.577 INF Incoming connection for protocol messages. addr=127.0.0.1:37734
03:14:26.576 INF Incoming connection for protocol messages. addr=127.0.0.1:37838
03:14:26.578 INF Incoming connection for protocol messages. addr=127.0.0.1:37872
03:14:26.579 INF Incoming connection for protocol messages. addr=127.0.0.1:37756
03:14:26.578 INF Incoming connection for protocol messages. addr=127.0.0.1:37864
03:14:26.580 INF Incoming connection for protocol messages. addr=127.0.0.1:37902
03:14:26.580 INF Incoming connection for protocol messages. addr=127.0.0.1:37914
03:14:26.582 INF Incoming connection for protocol messages. addr=127.0.0.1:37792
03:14:26.583 INF Connected to all peers.
03:14:26.584 INF Incoming connection for protocol messages. addr=127.0.0.1:37924
03:14:27.548 INF Incoming connection for protocol messages. addr=127.0.0.1:37930
03:14:27.553 INF All peers finished connecting. Starting ISS.
03:14:27.554 INF PbftOrderer received a new segment: [0 1 2 3 4 5 6 7 8 9 10 11 12 13 14 15 16 17 18 19 20 21 22 23 24 25 26 27 28 29 30 31] first leader=0 firstSN=0 lastSN=31 len=32 length=32 segId=0
03:14:27.611 INF Starting new view. segID=0 timeout=60000 view=0
03:14:27.612 INF Starting PBFT instance. first=0 last=31 segID=0
03:14:27.612 INF Starting serialized message processing. segID=0
03:14:28.619 INF Handling PREPREPARE. nReq=0 senderID=0 sn=0
03:14:28.624 INF Committed entry. latency=0 nReq=0 sn=0
03:14:28.624 INF Delivered batch. nReq=0 sn=0
03:14:29.614 INF Handling PREPREPARE. nReq=0 senderID=0 sn=1
03:14:29.617 INF Committed entry. latency=0 nReq=0 sn=1
03:14:29.617 INF Delivered batch. nReq=0 sn=1
03:14:29.640 INF Incoming connection for requests. addr=127.0.0.1:37940
03:14:30.051 INF Handling PREPREPARE. nReq=4096 senderID=0 sn=2
03:14:30.111 INF Committed entry. latency=0 nReq=4096 sn=2
03:14:30.111 INF Delivered batch. nReq=4096 sn=2
03:14:31.077 INF Handling PREPREPARE. nReq=2335 senderID=0 sn=3
03:14:31.115 INF Committed entry. latency=0 nReq=2335 sn=3
03:14:31.115 INF Delivered batch. nReq=2335 sn=3
03:14:32.002 INF Handling PREPREPARE. nReq=894 senderID=0 sn=4
03:14:32.027 INF Committed entry. latency=0 nReq=894 sn=4
03:14:32.027 INF Delivered batch. nReq=894 sn=4
03:14:32.682 INF Handling PREPREPARE. nReq=4096 senderID=0 sn=5
03:14:32.739 INF Committed entry. latency=0 nReq=4096 sn=5
03:14:32.739 INF Delivered batch. nReq=4096 sn=5
03:14:33.675 INF Handling PREPREPARE. nReq=2560 senderID=0 sn=6
03:14:33.711 INF Committed entry. latency=0 nReq=2560 sn=6
03:14:33.711 INF Delivered batch. nReq=2560 sn=6
03:14:34.642 INF Handling PREPREPARE. nReq=1740 senderID=0 sn=7
03:14:34.671 INF Committed entry. latency=0 nReq=1740 sn=7
03:14:34.671 INF Delivered batch. nReq=1740 sn=7
03:14:35.415 INF Handling PREPREPARE. nReq=4096 senderID=0 sn=8
03:14:35.468 INF Committed entry. latency=0 nReq=4096 sn=8
03:14:35.469 INF Delivered batch. nReq=4096 sn=8
03:14:36.451 INF Handling PREPREPARE. nReq=2403 senderID=0 sn=9
03:14:36.487 INF Committed entry. latency=0 nReq=2403 sn=9
03:14:36.487 INF Delivered batch. nReq=2403 sn=9
03:14:37.380 INF Handling PREPREPARE. nReq=4096 senderID=0 sn=10
03:14:37.444 INF Committed entry. latency=0 nReq=4096 sn=10
03:14:37.445 INF Delivered batch. nReq=4096 sn=10
03:14:38.384 INF Handling PREPREPARE. nReq=2871 senderID=0 sn=11
03:14:38.424 INF Committed entry. latency=0 nReq=2871 sn=11
03:14:38.424 INF Delivered batch. nReq=2871 sn=11
03:14:39.347 INF Handling PREPREPARE. nReq=782 senderID=0 sn=12
03:14:39.382 INF Committed entry. latency=0 nReq=782 sn=12
03:14:39.382 INF Delivered batch. nReq=782 sn=12
03:14:40.128 INF Handling PREPREPARE. nReq=4096 senderID=0 sn=13
03:14:40.187 INF Committed entry. latency=0 nReq=4096 sn=13
03:14:40.187 INF Delivered batch. nReq=4096 sn=13
03:14:41.125 INF Handling PREPREPARE. nReq=2602 senderID=0 sn=14
03:14:41.158 INF Committed entry. latency=0 nReq=2602 sn=14
03:14:41.158 INF Delivered batch. nReq=2602 sn=14
03:14:42.078 INF Handling PREPREPARE. nReq=809 senderID=0 sn=15
03:14:42.096 INF Committed entry. latency=0 nReq=809 sn=15
03:14:42.096 INF Delivered batch. nReq=809 sn=15
03:14:42.663 INF Handling PREPREPARE. nReq=4096 senderID=0 sn=16
03:14:42.720 INF Committed entry. latency=0 nReq=4096 sn=16
03:14:42.720 INF Delivered batch. nReq=4096 sn=16
03:14:43.692 INF Handling PREPREPARE. nReq=2678 senderID=0 sn=17
03:14:43.733 INF Committed entry. latency=0 nReq=2678 sn=17
03:14:43.734 INF Delivered batch. nReq=2678 sn=17
03:14:44.642 INF Handling PREPREPARE. nReq=911 senderID=0 sn=18
03:14:44.670 INF Committed entry. latency=0 nReq=911 sn=18
03:14:44.670 INF Delivered batch. nReq=911 sn=18
03:14:45.137 INF Handling PREPREPARE. nReq=4096 senderID=0 sn=19
03:14:45.199 INF Committed entry. latency=0 nReq=4096 sn=19
03:14:45.199 INF Delivered batch. nReq=4096 sn=19
03:14:46.166 INF Handling PREPREPARE. nReq=2566 senderID=0 sn=20
03:14:46.203 INF Committed entry. latency=0 nReq=2566 sn=20
03:14:46.203 INF Delivered batch. nReq=2566 sn=20
03:14:47.109 INF Handling PREPREPARE. nReq=851 senderID=0 sn=21
03:14:47.139 INF Committed entry. latency=0 nReq=851 sn=21
03:14:47.139 INF Delivered batch. nReq=851 sn=21
03:14:47.897 INF Handling PREPREPARE. nReq=4096 senderID=0 sn=22
03:14:47.961 INF Committed entry. latency=0 nReq=4096 sn=22
03:14:47.961 INF Delivered batch. nReq=4096 sn=22
03:14:48.875 INF Handling PREPREPARE. nReq=2554 senderID=0 sn=23
03:14:48.910 INF Committed entry. latency=0 nReq=2554 sn=23
03:14:48.910 INF Delivered batch. nReq=2554 sn=23
03:14:49.856 INF Handling PREPREPARE. nReq=733 senderID=0 sn=24
03:14:49.884 INF Committed entry. latency=0 nReq=733 sn=24
03:14:49.884 INF Delivered batch. nReq=733 sn=24
03:14:50.539 INF Handling PREPREPARE. nReq=4096 senderID=0 sn=25
03:14:50.594 INF Committed entry. latency=0 nReq=4096 sn=25
03:14:50.594 INF Delivered batch. nReq=4096 sn=25
03:14:51.532 INF Handling PREPREPARE. nReq=2402 senderID=0 sn=26
03:14:51.564 INF Committed entry. latency=0 nReq=2402 sn=26
03:14:51.564 INF Delivered batch. nReq=2402 sn=26
03:14:52.512 INF Handling PREPREPARE. nReq=859 senderID=0 sn=27
03:14:52.535 INF Committed entry. latency=0 nReq=859 sn=27
03:14:52.535 INF Delivered batch. nReq=859 sn=27
03:14:53.069 INF Handling PREPREPARE. nReq=4096 senderID=0 sn=28
03:14:53.126 INF Committed entry. latency=0 nReq=4096 sn=28
03:14:53.126 INF Delivered batch. nReq=4096 sn=28
03:14:54.082 INF Handling PREPREPARE. nReq=2547 senderID=0 sn=29
03:14:54.114 INF Committed entry. latency=0 nReq=2547 sn=29
03:14:54.114 INF Delivered batch. nReq=2547 sn=29
03:14:55.064 INF Handling PREPREPARE. nReq=860 senderID=0 sn=30
03:14:55.080 INF Committed entry. latency=0 nReq=860 sn=30
03:14:55.080 INF Delivered batch. nReq=860 sn=30
03:14:55.490 INF Handling PREPREPARE. nReq=4096 senderID=0 sn=31
03:14:55.546 INF Committed entry. latency=0 nReq=4096 sn=31
03:14:55.546 INF Delivered batch. nReq=4096 sn=31
==================
WARNING: DATA RACE
Read at 0x000001304380 by goroutine 672:
  github.com/hyperledger-labs/mirbft/manager.(*MirManager).handleLogEntries()
      /opt/gopath/src/github.com/hyperledger-labs/mirbft/manager/mirmanager.go:171 +0x854
  github.com/hyperledger-labs/mirbft/manager.(*MirManager).Start.func2()
      /opt/gopath/src/github.com/hyperledger-labs/mirbft/manager/mirmanager.go:112 +0x47

Previous write at 0x000001304380 by goroutine 680:
  github.com/hyperledger-labs/mirbft/log.publishEntries()
      /opt/gopath/src/github.com/hyperledger-labs/mirbft/log/log.go:281 +0x2e4
  github.com/hyperledger-labs/mirbft/log.CommitEntry()
      /opt/gopath/src/github.com/hyperledger-labs/mirbft/log/log.go:108 +0x284
  github.com/hyperledger-labs/mirbft/announcer.Announce()
      /opt/gopath/src/github.com/hyperledger-labs/mirbft/announcer/announcer.go:26 +0x370
  github.com/hyperledger-labs/mirbft/orderer.(*pbftInstance).announce()
      /opt/gopath/src/github.com/hyperledger-labs/mirbft/orderer/pbftinstance.go:726 +0x36b
  github.com/hyperledger-labs/mirbft/orderer.(*pbftInstance).handleCommit()
      /opt/gopath/src/github.com/hyperledger-labs/mirbft/orderer/pbftinstance.go:664 +0x7bd
  github.com/hyperledger-labs/mirbft/orderer.(*pbftInstance).handleMessage()
      /opt/gopath/src/github.com/hyperledger-labs/mirbft/orderer/pbftinstance.go:1810 +0x2e5
  github.com/hyperledger-labs/mirbft/orderer.(*pbftInstance).processSerializedMessages()
      /opt/gopath/src/github.com/hyperledger-labs/mirbft/orderer/pbftinstance.go:1764 +0xdd
  github.com/hyperledger-labs/mirbft/orderer.(*PbftOrderer).runSegment.func2()
      /opt/gopath/src/github.com/hyperledger-labs/mirbft/orderer/pbftorderer.go:199 +0x39

Goroutine 672 (running) created at:
  github.com/hyperledger-labs/mirbft/manager.(*MirManager).Start()
      /opt/gopath/src/github.com/hyperledger-labs/mirbft/manager/mirmanager.go:112 +0x191
  main.main.func4()
      /opt/gopath/src/github.com/hyperledger-labs/mirbft/cmd/orderingpeer/main.go:185 +0x59

Goroutine 680 (running) created at:
  github.com/hyperledger-labs/mirbft/orderer.(*PbftOrderer).runSegment()
      /opt/gopath/src/github.com/hyperledger-labs/mirbft/orderer/pbftorderer.go:199 +0x3f6
  github.com/hyperledger-labs/mirbft/orderer.(*PbftOrderer).Start()
      /opt/gopath/src/github.com/hyperledger-labs/mirbft/orderer/pbftorderer.go:176 +0x344
  main.main.func5()
      /opt/gopath/src/github.com/hyperledger-labs/mirbft/cmd/orderingpeer/main.go:186 +0x59
==================
03:14:55.549 INF Sending segment checkpoint. lastSn=31 segID=0
03:14:55.556 INF PBFT checkpoint ready. Scheduling catchup. lastSn=31 segID=0
03:14:55.574 INF fuck! epoch=128 epoch time (ms)=27993 leaders=2 viewtimeout=104000
03:14:55.574 INF Epoch finished. Waiting for stable checkpoint. sn=31
03:14:55.579 INF New stable checkpoint. sn=31
03:14:55.579 INF Epoch end confirmed. chkpSn=31
03:14:55.579 INF Received stable checkpoint notification. sn=31
03:14:55.579 INF Closing message serializers. segID=0
03:14:55.579 INF Statistics commitTs=1753989268624468606 duration=4731571 proposeTs=1753989268619737035 sn=0
03:14:55.579 INF Statistics commitTs=1753989269617578861 duration=3282414 proposeTs=1753989269614296447 sn=1
03:14:55.579 INF Statistics commitTs=1753989270109356074 duration=58116383 proposeTs=1753989270051239691 sn=2
03:14:55.580 INF Statistics commitTs=1753989271113952508 duration=36865890 proposeTs=1753989271077086618 sn=3
03:14:55.580 INF Statistics commitTs=1753989272026314771 duration=23735377 proposeTs=1753989272002579394 sn=4
03:14:55.580 INF Statistics commitTs=1753989272737688240 duration=55280299 proposeTs=1753989272682407941 sn=5
03:14:55.580 INF Advancing watermarks. numEntries=32
03:14:55.580 INF Statistics commitTs=1753989273709567899 duration=34279343 proposeTs=1753989273675288556 sn=6
03:14:55.580 INF Statistics commitTs=1753989274670558804 duration=28023034 proposeTs=1753989274642535770 sn=7
03:14:55.580 INF Statistics commitTs=1753989275466554510 duration=51372085 proposeTs=1753989275415182425 sn=8
03:14:55.580 INF Statistics commitTs=1753989276486375915 duration=34754160 proposeTs=1753989276451621755 sn=9
03:14:55.580 INF Statistics commitTs=1753989277442591247 duration=61896244 proposeTs=1753989277380695003 sn=10
03:14:55.580 INF Statistics commitTs=1753989278422708727 duration=38260720 proposeTs=1753989278384448007 sn=11
03:14:55.580 INF Statistics commitTs=1753989279381218995 duration=33779313 proposeTs=1753989279347439682 sn=12
03:14:55.580 INF Statistics commitTs=1753989280185375066 duration=56884481 proposeTs=1753989280128490585 sn=13
03:14:55.581 INF Statistics commitTs=1753989281157022773 duration=31468679 proposeTs=1753989281125554094 sn=14
03:14:55.581 INF Statistics commitTs=1753989282096000209 duration=17755749 proposeTs=1753989282078244460 sn=15
03:14:55.581 INF Statistics commitTs=1753989282717792443 duration=54726697 proposeTs=1753989282663065746 sn=16
03:14:55.581 INF Statistics commitTs=1753989283732542183 duration=40487062 proposeTs=1753989283692055121 sn=17
03:14:55.581 INF Statistics commitTs=1753989284669616158 duration=27170291 proposeTs=1753989284642445867 sn=18
03:14:55.581 INF Statistics commitTs=1753989285197610544 duration=60434307 proposeTs=1753989285137176237 sn=19
03:14:55.581 INF Statistics commitTs=1753989286202203042 duration=35242159 proposeTs=1753989286166960883 sn=20
03:14:55.581 INF Statistics commitTs=1753989287137646981 duration=27818153 proposeTs=1753989287109828828 sn=21
03:14:55.581 INF Statistics commitTs=1753989287957481387 duration=59869731 proposeTs=1753989287897611656 sn=22
03:14:55.582 INF Statistics commitTs=1753989288907918781 duration=32567962 proposeTs=1753989288875350819 sn=23
03:14:55.582 INF Statistics commitTs=1753989289883784458 duration=27735933 proposeTs=1753989289856048525 sn=24
03:14:55.582 INF Statistics commitTs=1753989290592599561 duration=53211119 proposeTs=1753989290539388442 sn=25
03:14:55.582 INF Statistics commitTs=1753989291563360100 duration=31397327 proposeTs=1753989291531962773 sn=26
03:14:55.582 INF Statistics commitTs=1753989292534854915 duration=22262496 proposeTs=1753989292512592419 sn=27
03:14:55.582 INF Statistics commitTs=1753989293122731104 duration=53771632 proposeTs=1753989293068959472 sn=28
03:14:55.582 INF Statistics commitTs=1753989294112866198 duration=30515660 proposeTs=1753989294082350538 sn=29
03:14:55.582 INF Statistics commitTs=1753989295079295579 duration=15184280 proposeTs=1753989295064111299 sn=30
03:14:55.582 INF Statistics commitTs=1753989295544320296 duration=53773530 proposeTs=1753989295490546766 sn=31
03:14:55.582 INF Median commit time commit=34754160 segID=0
03:14:55.787 INF PbftOrderer received a new segment: [32 34 36 38 40 42 44 46 48 50 52 54 56 58 60 62] first leader=0 firstSN=32 lastSN=62 len=16 length=16 segId=1
03:14:56.067 INF Starting new view. segID=1 timeout=104000 view=0
03:14:56.067 INF Advanced timeout advanced=34754160 initial=1000000000
03:14:56.067 INF Advanced timeout advanced=1034754160 initial=1000000000
03:14:56.067 INF Advanced timeout advanced=2034754160 initial=1000000000
03:14:56.067 INF Advanced timeout advanced=3034754160 initial=1000000000
03:14:56.067 INF Advanced timeout advanced=4034754160 initial=1000000000
03:14:56.067 INF Advanced timeout advanced=5034754160 initial=1000000000
03:14:56.067 INF Advanced timeout advanced=6034754160 initial=1000000000
03:14:56.067 INF Advanced timeout advanced=7034754160 initial=1000000000
03:14:56.068 INF Advanced timeout advanced=8034754160 initial=1000000000
03:14:56.068 INF Advanced timeout advanced=9034754160 initial=1000000000
03:14:56.068 INF Advanced timeout advanced=10034754160 initial=1000000000
03:14:56.068 INF Advanced timeout advanced=11034754160 initial=1000000000
03:14:56.068 INF Advanced timeout advanced=12034754160 initial=1000000000
03:14:56.068 INF Advanced timeout advanced=13034754160 initial=1000000000
03:14:56.068 INF Advanced timeout advanced=14034754160 initial=1000000000
03:14:56.068 INF Advanced timeout advanced=15034754160 initial=1000000000
03:14:56.068 INF Starting PBFT instance. first=32 last=62 segID=1
03:14:56.068 INF Starting serialized message processing. segID=1
03:14:56.068 INF PbftOrderer received a new segment: [33 35 37 39 41 43 45 47 49 51 53 55 57 59 61 63] first leader=1 firstSN=33 lastSN=63 len=16 length=16 segId=2
03:14:56.068 INF fuck1 epoch change time (ms)=522
03:14:56.302 INF Starting new view. segID=2 timeout=104000 view=0
03:14:56.302 INF Advanced timeout advanced=34754160 initial=1000000000
03:14:56.302 INF Advanced timeout advanced=1034754160 initial=1000000000
03:14:56.302 INF Advanced timeout advanced=2034754160 initial=1000000000
03:14:56.302 INF Advanced timeout advanced=3034754160 initial=1000000000
03:14:56.302 INF Advanced timeout advanced=4034754160 initial=1000000000
03:14:56.302 INF Advanced timeout advanced=5034754160 initial=1000000000
03:14:56.302 INF Advanced timeout advanced=6034754160 initial=1000000000
03:14:56.303 INF Advanced timeout advanced=7034754160 initial=1000000000
03:14:56.303 INF Advanced timeout advanced=8034754160 initial=1000000000
03:14:56.303 INF Advanced timeout advanced=9034754160 initial=1000000000
03:14:56.303 INF Advanced timeout advanced=10034754160 initial=1000000000
03:14:56.303 INF Advanced timeout advanced=11034754160 initial=1000000000
03:14:56.303 INF Advanced timeout advanced=12034754160 initial=1000000000
03:14:56.303 INF Advanced timeout advanced=13034754160 initial=1000000000
03:14:56.303 INF Advanced timeout advanced=14034754160 initial=1000000000
03:14:56.303 INF Advanced timeout advanced=15034754160 initial=1000000000
03:14:56.303 INF Starting PBFT instance. first=33 last=63 segID=2
03:14:56.303 INF Starting serialized message processing. segID=2
03:14:57.443 INF Handling PREPREPARE. nReq=3214 senderID=1 sn=33
03:14:57.504 INF Committed entry. latency=0 nReq=3214 sn=33
03:14:57.526 INF Handling PREPREPARE. nReq=3525 senderID=0 sn=32
03:14:57.579 INF Committed entry. latency=0 nReq=3525 sn=32
03:14:57.579 INF Delivered batch. nReq=3525 sn=32
03:14:57.580 INF Delivered batch. nReq=3214 sn=33
03:14:58.426 INF Handling PREPREPARE. nReq=1758 senderID=1 sn=35
03:14:58.467 INF Committed entry. latency=0 nReq=1758 sn=35
03:14:58.474 INF Handling PREPREPARE. nReq=1481 senderID=0 sn=34
03:14:58.497 INF Committed entry. latency=0 nReq=1481 sn=34
03:14:58.497 INF Delivered batch. nReq=1481 sn=34
03:14:58.497 INF Delivered batch. nReq=1758 sn=35
03:14:59.371 INF Handling PREPREPARE. nReq=503 senderID=1 sn=37
03:14:59.382 INF Committed entry. latency=0 nReq=503 sn=37
03:14:59.435 INF Handling PREPREPARE. nReq=474 senderID=0 sn=36
03:14:59.444 INF Committed entry. latency=0 nReq=474 sn=36
03:14:59.444 INF Delivered batch. nReq=474 sn=36
03:14:59.444 INF Delivered batch. nReq=503 sn=37
03:15:00.393 INF Handling PREPREPARE. nReq=471 senderID=1 sn=39
03:15:00.412 INF Committed entry. latency=0 nReq=471 sn=39
03:15:00.450 INF Handling PREPREPARE. nReq=502 senderID=0 sn=38
03:15:00.470 INF Committed entry. latency=0 nReq=502 sn=38
03:15:00.470 INF Delivered batch. nReq=502 sn=38
03:15:00.470 INF Delivered batch. nReq=471 sn=39
03:15:01.461 INF Handling PREPREPARE. nReq=2321 senderID=1 sn=41
03:15:01.504 INF Committed entry. latency=0 nReq=2321 sn=41
03:15:01.517 INF Handling PREPREPARE. nReq=2487 senderID=0 sn=40
03:15:01.553 INF Committed entry. latency=0 nReq=2487 sn=40
03:15:01.553 INF Delivered batch. nReq=2487 sn=40
03:15:01.553 INF Delivered batch. nReq=2321 sn=41
03:15:02.425 INF Handling PREPREPARE. nReq=1336 senderID=1 sn=43
03:15:02.458 INF Committed entry. latency=0 nReq=1336 sn=43
03:15:02.470 INF Handling PREPREPARE. nReq=1169 senderID=0 sn=42
03:15:02.490 INF Committed entry. latency=0 nReq=1169 sn=42
03:15:02.490 INF Delivered batch. nReq=1169 sn=42
03:15:02.491 INF Delivered batch. nReq=1336 sn=43
03:15:03.405 INF Handling PREPREPARE. nReq=599 senderID=1 sn=45
03:15:03.429 INF Committed entry. latency=0 nReq=599 sn=45
03:15:03.447 INF Handling PREPREPARE. nReq=592 senderID=0 sn=44
03:15:03.463 INF Committed entry. latency=0 nReq=592 sn=44
03:15:03.463 INF Delivered batch. nReq=592 sn=44
03:15:03.464 INF Delivered batch. nReq=599 sn=45
03:15:04.443 INF Handling PREPREPARE. nReq=2301 senderID=1 sn=47
03:15:04.480 INF Committed entry. latency=0 nReq=2301 sn=47
03:15:04.499 INF Handling PREPREPARE. nReq=2572 senderID=0 sn=46
03:15:04.538 INF Committed entry. latency=0 nReq=2572 sn=46
03:15:04.538 INF Delivered batch. nReq=2572 sn=46
03:15:04.539 INF Delivered batch. nReq=2301 sn=47
03:15:05.454 INF Handling PREPREPARE. nReq=1336 senderID=1 sn=49
03:15:05.476 INF Handling PREPREPARE. nReq=1065 senderID=0 sn=48
03:15:05.485 INF Committed entry. latency=0 nReq=1336 sn=49
03:15:05.500 INF Committed entry. latency=0 nReq=1065 sn=48
03:15:05.500 INF Delivered batch. nReq=1065 sn=48
03:15:05.500 INF Delivered batch. nReq=1336 sn=49
03:15:06.384 INF Handling PREPREPARE. nReq=474 senderID=1 sn=51
03:15:06.396 INF Committed entry. latency=0 nReq=474 sn=51
03:15:06.465 INF Handling PREPREPARE. nReq=531 senderID=0 sn=50
03:15:06.490 INF Committed entry. latency=0 nReq=531 sn=50
03:15:06.490 INF Delivered batch. nReq=531 sn=50
03:15:06.490 INF Delivered batch. nReq=474 sn=51
03:15:07.431 INF Handling PREPREPARE. nReq=2462 senderID=1 sn=53
03:15:07.468 INF Committed entry. latency=0 nReq=2462 sn=53
03:15:07.514 INF Handling PREPREPARE. nReq=2807 senderID=0 sn=52
03:15:07.559 INF Committed entry. latency=0 nReq=2807 sn=52
03:15:07.559 INF Delivered batch. nReq=2807 sn=52
03:15:07.560 INF Delivered batch. nReq=2462 sn=53
03:15:08.434 INF Handling PREPREPARE. nReq=1663 senderID=1 sn=55
03:15:08.462 INF Committed entry. latency=0 nReq=1663 sn=55
03:15:08.476 INF Handling PREPREPARE. nReq=1274 senderID=0 sn=54
03:15:08.495 INF Committed entry. latency=0 nReq=1274 sn=54
03:15:08.495 INF Delivered batch. nReq=1274 sn=54
03:15:08.495 INF Delivered batch. nReq=1663 sn=55
03:15:09.410 INF Handling PREPREPARE. nReq=553 senderID=1 sn=57
03:15:09.435 INF Committed entry. latency=0 nReq=553 sn=57
03:15:09.464 INF Handling PREPREPARE. nReq=548 senderID=0 sn=56
03:15:09.490 INF Committed entry. latency=0 nReq=548 sn=56
03:15:09.490 INF Delivered batch. nReq=548 sn=56
03:15:09.490 INF Delivered batch. nReq=553 sn=57
03:15:10.424 INF Handling PREPREPARE. nReq=1191 senderID=1 sn=59
03:15:10.444 INF Committed entry. latency=0 nReq=1191 sn=59
03:15:10.479 INF Handling PREPREPARE. nReq=1445 senderID=0 sn=58
03:15:10.501 INF Committed entry. latency=0 nReq=1445 sn=58
03:15:10.501 INF Delivered batch. nReq=1445 sn=58
03:15:10.502 INF Delivered batch. nReq=1191 sn=59
03:15:11.450 INF Handling PREPREPARE. nReq=2385 senderID=1 sn=61
03:15:11.494 INF Committed entry. latency=0 nReq=2385 sn=61
03:15:11.516 INF Handling PREPREPARE. nReq=2354 senderID=0 sn=60
03:15:11.556 INF Committed entry. latency=0 nReq=2354 sn=60
03:15:11.556 INF Delivered batch. nReq=2354 sn=60
03:15:11.556 INF Delivered batch. nReq=2385 sn=61
03:15:12.425 INF Handling PREPREPARE. nReq=1267 senderID=1 sn=63
03:15:12.457 INF Committed entry. latency=0 nReq=1267 sn=63
03:15:12.457 INF Sending segment checkpoint. lastSn=63 segID=2
03:15:12.458 INF PBFT checkpoint ready. Scheduling catchup. lastSn=63 segID=2
03:15:12.477 INF Handling PREPREPARE. nReq=1069 senderID=0 sn=62
03:15:12.495 INF Committed entry. latency=0 nReq=1069 sn=62
03:15:12.495 INF Delivered batch. nReq=1069 sn=62
03:15:12.495 INF Delivered batch. nReq=1267 sn=63
03:15:12.499 INF Sending segment checkpoint. lastSn=62 segID=1
03:15:12.502 INF PBFT checkpoint ready. Scheduling catchup. lastSn=62 segID=1
03:15:12.520 INF fuck! epoch=128 epoch time (ms)=16427 leaders=3 viewtimeout=120000
03:15:12.520 INF Epoch finished. Waiting for stable checkpoint. sn=63
03:15:12.521 INF New stable checkpoint. sn=63
03:15:12.522 INF Epoch end confirmed. chkpSn=63
03:15:12.522 INF Closing message serializers. segID=1
03:15:12.522 INF Received stable checkpoint notification. sn=63
03:15:12.522 INF Advancing watermarks. numEntries=32
03:15:12.522 INF Statistics commitTs=1753989297575529589 duration=48668705 proposeTs=1753989297526860884 sn=32
03:15:12.522 INF Closing message serializers. segID=2
03:15:12.522 INF Statistics commitTs=1753989298496462353 duration=22067222 proposeTs=1753989298474395131 sn=34
03:15:12.522 INF Statistics commitTs=1753989297502550863 duration=59115998 proposeTs=1753989297443434865 sn=33
03:15:12.522 INF Statistics commitTs=1753989299443555188 duration=8219822 proposeTs=1753989299435335366 sn=36
03:15:12.522 INF Statistics commitTs=1753989298464026026 duration=37930949 proposeTs=1753989298426095077 sn=35
03:15:12.522 INF Statistics commitTs=1753989300469185132 duration=18456051 proposeTs=1753989300450729081 sn=38
03:15:12.522 INF Statistics commitTs=1753989299381764650 duration=10408771 proposeTs=1753989299371355879 sn=37
03:15:12.522 INF Statistics commitTs=1753989301551796710 duration=33993084 proposeTs=1753989301517803626 sn=40
03:15:12.522 INF Statistics commitTs=1753989300411332677 duration=18280577 proposeTs=1753989300393052100 sn=39
03:15:12.522 INF Statistics commitTs=1753989302489412368 duration=18613969 proposeTs=1753989302470798399 sn=42
03:15:12.522 INF Statistics commitTs=1753989301502582036 duration=40779629 proposeTs=1753989301461802407 sn=41
03:15:12.522 INF Statistics commitTs=1753989303463110427 duration=15214372 proposeTs=1753989303447896055 sn=44
03:15:12.522 INF Statistics commitTs=1753989302457615395 duration=32570668 proposeTs=1753989302425044727 sn=43
03:15:12.522 INF Statistics commitTs=1753989304536997101 duration=37882438 proposeTs=1753989304499114663 sn=46
03:15:12.522 INF Statistics commitTs=1753989303429057971 duration=23277779 proposeTs=1753989303405780192 sn=45
03:15:12.522 INF Statistics commitTs=1753989305499655585 duration=22965065 proposeTs=1753989305476690520 sn=48
03:15:12.522 INF Statistics commitTs=1753989306488614794 duration=23111607 proposeTs=1753989306465503187 sn=50
03:15:12.522 INF Statistics commitTs=1753989307557475054 duration=42880829 proposeTs=1753989307514594225 sn=52
03:15:12.523 INF Statistics commitTs=1753989308494627813 duration=18392876 proposeTs=1753989308476234937 sn=54
03:15:12.523 INF Statistics commitTs=1753989309489275434 duration=24405755 proposeTs=1753989309464869679 sn=56
03:15:12.523 INF Statistics commitTs=1753989310500515519 duration=21322304 proposeTs=1753989310479193215 sn=58
03:15:12.523 INF Statistics commitTs=1753989311554793957 duration=37934389 proposeTs=1753989311516859568 sn=60
03:15:12.523 INF Statistics commitTs=1753989312494909474 duration=17345843 proposeTs=1753989312477563631 sn=62
03:15:12.523 INF Median commit time commit=22965065 segID=1
03:15:12.522 INF Statistics commitTs=1753989304479105435 duration=35227724 proposeTs=1753989304443877711 sn=47
03:15:12.523 INF Statistics commitTs=1753989305483400543 duration=29367580 proposeTs=1753989305454032963 sn=49
03:15:12.523 INF Statistics commitTs=1753989306395513392 duration=11208298 proposeTs=1753989306384305094 sn=51
03:15:12.523 INF Statistics commitTs=1753989307467553686 duration=36217798 proposeTs=1753989307431335888 sn=53
03:15:12.524 INF Statistics commitTs=1753989308461148959 duration=26663816 proposeTs=1753989308434485143 sn=55
03:15:12.524 INF Statistics commitTs=1753989309434292763 duration=24054082 proposeTs=1753989309410238681 sn=57
03:15:12.524 INF Statistics commitTs=1753989310443618511 duration=19638402 proposeTs=1753989310423980109 sn=59
03:15:12.524 INF Statistics commitTs=1753989311493278957 duration=42494343 proposeTs=1753989311450784614 sn=61
03:15:12.524 INF Statistics commitTs=1753989312456741868 duration=31355268 proposeTs=1753989312425386600 sn=63
03:15:12.524 INF Median commit time commit=31355268 segID=2
03:15:12.658 INF PbftOrderer received a new segment: [64 67 70 73 76 79 82 85 88 91 94 97 100 103 106 109] first leader=0 firstSN=64 lastSN=109 len=16 length=16 segId=3
03:15:12.909 INF Starting new view. segID=3 timeout=120000 view=0
03:15:12.909 INF Advanced timeout advanced=31355268 initial=1000000000
03:15:12.909 INF Advanced timeout advanced=1031355268 initial=1000000000
03:15:12.909 INF Advanced timeout advanced=2031355268 initial=1000000000
03:15:12.909 INF Advanced timeout advanced=3031355268 initial=1000000000
03:15:12.909 INF Advanced timeout advanced=4031355268 initial=1000000000
03:15:12.909 INF Advanced timeout advanced=5031355268 initial=1000000000
03:15:12.909 INF Advanced timeout advanced=6031355268 initial=1000000000
03:15:12.910 INF Advanced timeout advanced=7031355268 initial=1000000000
03:15:12.910 INF Advanced timeout advanced=8031355268 initial=1000000000
03:15:12.910 INF Advanced timeout advanced=9031355268 initial=1000000000
03:15:12.910 INF Advanced timeout advanced=10031355268 initial=1000000000
03:15:12.910 INF Advanced timeout advanced=11031355268 initial=1000000000
03:15:12.910 INF Advanced timeout advanced=12031355268 initial=1000000000
03:15:12.910 INF Advanced timeout advanced=13031355268 initial=1000000000
03:15:12.910 INF Advanced timeout advanced=14031355268 initial=1000000000
03:15:12.910 INF Advanced timeout advanced=15031355268 initial=1000000000
03:15:12.910 INF Starting PBFT instance. first=64 last=109 segID=3
03:15:12.911 INF PbftOrderer received a new segment: [65 68 71 74 77 80 83 86 89 92 95 98 101 104 107 110] first leader=1 firstSN=65 lastSN=110 len=16 length=16 segId=4
03:15:12.911 INF Starting serialized message processing. segID=3
03:15:13.188 INF Starting new view. segID=4 timeout=120000 view=0
03:15:13.189 INF Advanced timeout advanced=31355268 initial=1000000000
03:15:13.189 INF Advanced timeout advanced=1031355268 initial=1000000000
03:15:13.189 INF Advanced timeout advanced=2031355268 initial=1000000000
03:15:13.189 INF Advanced timeout advanced=3031355268 initial=1000000000
03:15:13.189 INF Advanced timeout advanced=4031355268 initial=1000000000
03:15:13.189 INF Advanced timeout advanced=5031355268 initial=1000000000
03:15:13.189 INF Advanced timeout advanced=6031355268 initial=1000000000
03:15:13.189 INF Advanced timeout advanced=7031355268 initial=1000000000
03:15:13.189 INF Advanced timeout advanced=8031355268 initial=1000000000
03:15:13.189 INF Advanced timeout advanced=9031355268 initial=1000000000
03:15:13.189 INF Advanced timeout advanced=10031355268 initial=1000000000
03:15:13.189 INF Advanced timeout advanced=11031355268 initial=1000000000
03:15:13.189 INF Advanced timeout advanced=12031355268 initial=1000000000
03:15:13.189 INF Advanced timeout advanced=13031355268 initial=1000000000
03:15:13.189 INF Advanced timeout advanced=14031355268 initial=1000000000
03:15:13.189 INF Advanced timeout advanced=15031355268 initial=1000000000
03:15:13.190 INF Starting PBFT instance. first=65 last=110 segID=4
03:15:13.190 INF PbftOrderer received a new segment: [66 69 72 75 78 81 84 87 90 93 96 99 102 105 108 111] first leader=2 firstSN=66 lastSN=111 len=16 length=16 segId=5
03:15:13.219 INF fuck1 epoch change time (ms)=724
03:15:13.219 INF Starting serialized message processing. segID=4
03:15:13.539 INF Starting new view. segID=5 timeout=120000 view=0
03:15:13.539 INF Advanced timeout advanced=31355268 initial=1000000000
03:15:13.539 INF Advanced timeout advanced=1031355268 initial=1000000000
03:15:13.539 INF Advanced timeout advanced=2031355268 initial=1000000000
03:15:13.539 INF Advanced timeout advanced=3031355268 initial=1000000000
03:15:13.539 INF Advanced timeout advanced=4031355268 initial=1000000000
03:15:13.539 INF Advanced timeout advanced=5031355268 initial=1000000000
03:15:13.539 INF Advanced timeout advanced=6031355268 initial=1000000000
03:15:13.539 INF Advanced timeout advanced=7031355268 initial=1000000000
03:15:13.540 INF Advanced timeout advanced=8031355268 initial=1000000000
03:15:13.540 INF Advanced timeout advanced=9031355268 initial=1000000000
03:15:13.540 INF Advanced timeout advanced=10031355268 initial=1000000000
03:15:13.540 INF Advanced timeout advanced=11031355268 initial=1000000000
03:15:13.540 INF Advanced timeout advanced=12031355268 initial=1000000000
03:15:13.540 INF Advanced timeout advanced=13031355268 initial=1000000000
03:15:13.540 INF Advanced timeout advanced=14031355268 initial=1000000000
03:15:13.540 INF Advanced timeout advanced=15031355268 initial=1000000000
03:15:13.540 INF Starting PBFT instance. first=66 last=111 segID=5
03:15:13.540 INF Starting serialized message processing. segID=5
03:15:14.128 INF Handling PREPREPARE. nReq=1136 senderID=0 sn=64
03:15:14.206 INF Committed entry. latency=0 nReq=1136 sn=64
03:15:14.206 INF Delivered batch. nReq=1136 sn=64
03:15:14.756 INF Handling PREPREPARE. nReq=2378 senderID=2 sn=66
03:15:14.807 INF Committed entry. latency=0 nReq=2378 sn=66
03:15:14.849 INF Handling PREPREPARE. nReq=2577 senderID=1 sn=65
03:15:14.883 INF Committed entry. latency=0 nReq=2577 sn=65
03:15:14.883 INF Delivered batch. nReq=2577 sn=65
03:15:14.883 INF Delivered batch. nReq=2378 sn=66
03:15:15.139 INF Handling PREPREPARE. nReq=1993 senderID=0 sn=67
03:15:15.177 INF Committed entry. latency=0 nReq=1993 sn=67
03:15:15.178 INF Delivered batch. nReq=1993 sn=67
03:15:15.737 INF Handling PREPREPARE. nReq=1030 senderID=2 sn=69
03:15:15.766 INF Committed entry. latency=0 nReq=1030 sn=69
03:15:15.801 INF Handling PREPREPARE. nReq=766 senderID=1 sn=68
03:15:15.825 INF Committed entry. latency=0 nReq=766 sn=68
03:15:15.825 INF Delivered batch. nReq=766 sn=68
03:15:15.825 INF Delivered batch. nReq=1030 sn=69
03:15:16.072 INF Handling PREPREPARE. nReq=457 senderID=0 sn=70
03:15:16.094 INF Committed entry. latency=0 nReq=457 sn=70
03:15:16.094 INF Delivered batch. nReq=457 sn=70
03:15:16.705 INF Handling PREPREPARE. nReq=393 senderID=2 sn=72
03:15:16.725 INF Committed entry. latency=0 nReq=393 sn=72
03:15:16.793 INF Handling PREPREPARE. nReq=375 senderID=1 sn=71
03:15:16.811 INF Committed entry. latency=0 nReq=375 sn=71
03:15:16.811 INF Delivered batch. nReq=375 sn=71
03:15:16.811 INF Delivered batch. nReq=393 sn=72
03:15:17.067 INF Handling PREPREPARE. nReq=299 senderID=0 sn=73
03:15:17.082 INF Committed entry. latency=0 nReq=299 sn=73
03:15:17.083 INF Delivered batch. nReq=299 sn=73
03:15:17.687 INF Handling PREPREPARE. nReq=276 senderID=2 sn=75
03:15:17.698 INF Committed entry. latency=0 nReq=276 sn=75
03:15:17.798 INF Handling PREPREPARE. nReq=292 senderID=1 sn=74
03:15:17.812 INF Committed entry. latency=0 nReq=292 sn=74
03:15:17.812 INF Delivered batch. nReq=292 sn=74
03:15:17.813 INF Delivered batch. nReq=276 sn=75
03:15:18.064 INF Handling PREPREPARE. nReq=315 senderID=0 sn=76
03:15:18.081 INF Committed entry. latency=0 nReq=315 sn=76
03:15:18.081 INF Delivered batch. nReq=315 sn=76
03:15:18.712 INF Handling PREPREPARE. nReq=1280 senderID=2 sn=78
03:15:18.740 INF Committed entry. latency=0 nReq=1280 sn=78
03:15:18.818 INF Handling PREPREPARE. nReq=1552 senderID=1 sn=77
03:15:18.850 INF Committed entry. latency=0 nReq=1552 sn=77
03:15:18.850 INF Delivered batch. nReq=1552 sn=77
03:15:18.851 INF Delivered batch. nReq=1280 sn=78
03:15:19.137 INF Handling PREPREPARE. nReq=1844 senderID=0 sn=79
03:15:19.174 INF Committed entry. latency=0 nReq=1844 sn=79
03:15:19.174 INF Delivered batch. nReq=1844 sn=79
03:15:19.740 INF Handling PREPREPARE. nReq=990 senderID=2 sn=81
03:15:19.763 INF Committed entry. latency=0 nReq=990 sn=81
03:15:19.809 INF Handling PREPREPARE. nReq=667 senderID=1 sn=80
03:15:19.829 INF Committed entry. latency=0 nReq=667 sn=80
03:15:19.829 INF Delivered batch. nReq=667 sn=80
03:15:19.829 INF Delivered batch. nReq=990 sn=81
03:15:20.081 INF Handling PREPREPARE. nReq=411 senderID=0 sn=82
03:15:20.099 INF Committed entry. latency=0 nReq=411 sn=82
03:15:20.099 INF Delivered batch. nReq=411 sn=82
03:15:20.715 INF Handling PREPREPARE. nReq=517 senderID=2 sn=84
03:15:20.728 INF Committed entry. latency=0 nReq=517 sn=84
03:15:20.800 INF Handling PREPREPARE. nReq=761 senderID=1 sn=83
03:15:20.818 INF Committed entry. latency=0 nReq=761 sn=83
03:15:20.818 INF Delivered batch. nReq=761 sn=83
03:15:20.818 INF Delivered batch. nReq=517 sn=84
03:15:21.107 INF Handling PREPREPARE. nReq=933 senderID=0 sn=85
03:15:21.143 INF Committed entry. latency=0 nReq=933 sn=85
03:15:21.143 INF Delivered batch. nReq=933 sn=85
03:15:21.736 INF Handling PREPREPARE. nReq=1131 senderID=2 sn=87
03:15:21.752 INF Committed entry. latency=0 nReq=1131 sn=87
03:15:21.810 INF Handling PREPREPARE. nReq=1115 senderID=1 sn=86
03:15:21.831 INF Committed entry. latency=0 nReq=1115 sn=86
03:15:21.832 INF Delivered batch. nReq=1115 sn=86
03:15:21.832 INF Delivered batch. nReq=1131 sn=87
03:15:22.120 INF Handling PREPREPARE. nReq=1204 senderID=0 sn=88
03:15:22.157 INF Committed entry. latency=0 nReq=1204 sn=88
03:15:22.157 INF Delivered batch. nReq=1204 sn=88
03:15:22.711 INF Handling PREPREPARE. nReq=800 senderID=2 sn=90
03:15:22.733 INF Committed entry. latency=0 nReq=800 sn=90
03:15:22.815 INF Handling PREPREPARE. nReq=566 senderID=1 sn=89
03:15:22.835 INF Committed entry. latency=0 nReq=566 sn=89
03:15:22.835 INF Delivered batch. nReq=566 sn=89
03:15:22.835 INF Delivered batch. nReq=800 sn=90
03:15:23.085 INF Handling PREPREPARE. nReq=467 senderID=0 sn=91
03:15:23.106 INF Committed entry. latency=0 nReq=467 sn=91
03:15:23.106 INF Delivered batch. nReq=467 sn=91
03:15:23.720 INF Handling PREPREPARE. nReq=1275 senderID=2 sn=93
03:15:23.741 INF Committed entry. latency=0 nReq=1275 sn=93
03:15:23.824 INF Handling PREPREPARE. nReq=1476 senderID=1 sn=92
03:15:23.850 INF Committed entry. latency=0 nReq=1476 sn=92
03:15:23.850 INF Delivered batch. nReq=1476 sn=92
03:15:23.850 INF Delivered batch. nReq=1275 sn=93
03:15:24.136 INF Handling PREPREPARE. nReq=1692 senderID=0 sn=94
03:15:24.172 INF Committed entry. latency=0 nReq=1692 sn=94
03:15:24.172 INF Delivered batch. nReq=1692 sn=94
03:15:24.746 INF Handling PREPREPARE. nReq=891 senderID=2 sn=96
03:15:24.766 INF Committed entry. latency=0 nReq=891 sn=96
03:15:24.807 INF Handling PREPREPARE. nReq=586 senderID=1 sn=95
03:15:24.825 INF Committed entry. latency=0 nReq=586 sn=95
03:15:24.826 INF Delivered batch. nReq=586 sn=95
03:15:24.826 INF Delivered batch. nReq=891 sn=96
03:15:25.079 INF Handling PREPREPARE. nReq=366 senderID=0 sn=97
03:15:25.097 INF Committed entry. latency=0 nReq=366 sn=97
03:15:25.097 INF Delivered batch. nReq=366 sn=97
03:15:25.715 INF Handling PREPREPARE. nReq=321 senderID=2 sn=99
03:15:25.731 INF Committed entry. latency=0 nReq=321 sn=99
03:15:25.811 INF Handling PREPREPARE. nReq=371 senderID=1 sn=98
03:15:25.827 INF Committed entry. latency=0 nReq=371 sn=98
03:15:25.828 INF Delivered batch. nReq=371 sn=98
03:15:25.828 INF Delivered batch. nReq=321 sn=99
03:15:26.097 INF Handling PREPREPARE. nReq=596 senderID=0 sn=100
03:15:26.114 INF Committed entry. latency=0 nReq=596 sn=100
03:15:26.114 INF Delivered batch. nReq=596 sn=100
03:15:26.760 INF Handling PREPREPARE. nReq=2303 senderID=2 sn=102
03:15:26.797 INF Committed entry. latency=0 nReq=2303 sn=102
03:15:26.840 INF Handling PREPREPARE. nReq=2441 senderID=1 sn=101
03:15:26.888 INF Committed entry. latency=0 nReq=2441 sn=101
03:15:26.888 INF Delivered batch. nReq=2441 sn=101
03:15:26.889 INF Delivered batch. nReq=2303 sn=102
03:15:27.155 INF Handling PREPREPARE. nReq=2717 senderID=0 sn=103
03:15:27.194 INF Committed entry. latency=0 nReq=2717 sn=103
03:15:27.195 INF Delivered batch. nReq=2717 sn=103
03:15:27.778 INF Handling PREPREPARE. nReq=1050 senderID=2 sn=105
03:15:27.794 INF Committed entry. latency=0 nReq=1050 sn=105
03:15:27.813 INF Handling PREPREPARE. nReq=786 senderID=1 sn=104
03:15:27.834 INF Committed entry. latency=0 nReq=786 sn=104
03:15:27.835 INF Delivered batch. nReq=786 sn=104
03:15:27.835 INF Delivered batch. nReq=1050 sn=105
03:15:28.090 INF Handling PREPREPARE. nReq=356 senderID=0 sn=106
03:15:28.115 INF Committed entry. latency=0 nReq=356 sn=106
03:15:28.116 INF Delivered batch. nReq=356 sn=106
03:15:28.724 INF Handling PREPREPARE. nReq=426 senderID=2 sn=108
03:15:28.746 INF Committed entry. latency=0 nReq=426 sn=108
03:15:28.802 INF Handling PREPREPARE. nReq=363 senderID=1 sn=107
03:15:28.817 INF Committed entry. latency=0 nReq=363 sn=107
03:15:28.817 INF Delivered batch. nReq=363 sn=107
03:15:28.817 INF Delivered batch. nReq=426 sn=108
03:15:29.088 INF Handling PREPREPARE. nReq=324 senderID=0 sn=109
03:15:29.104 INF Committed entry. latency=0 nReq=324 sn=109
03:15:29.105 INF Delivered batch. nReq=324 sn=109
03:15:29.105 INF Sending segment checkpoint. lastSn=109 segID=3
03:15:29.108 INF PBFT checkpoint ready. Scheduling catchup. lastSn=109 segID=3
03:15:29.509 INF PBFT catching up. lastSn=109 missingSns=0 segID=3
03:15:29.720 INF Handling PREPREPARE. nReq=201 senderID=2 sn=111
03:15:29.733 INF Committed entry. latency=0 nReq=201 sn=111
03:15:29.733 INF Sending segment checkpoint. lastSn=111 segID=5
03:15:29.736 INF PBFT checkpoint ready. Scheduling catchup. lastSn=111 segID=5
03:15:29.806 INF Handling PREPREPARE. nReq=196 senderID=1 sn=110
03:15:29.817 INF Committed entry. latency=0 nReq=196 sn=110
03:15:29.818 INF Delivered batch. nReq=196 sn=110
03:15:29.818 INF Delivered batch. nReq=201 sn=111
03:15:29.818 INF Sending segment checkpoint. lastSn=110 segID=4
03:15:29.827 INF PBFT checkpoint ready. Scheduling catchup. lastSn=110 segID=4
03:15:29.846 INF New stable checkpoint. sn=111
03:15:29.846 INF Received stable checkpoint notification. sn=111
03:15:29.846 INF Closing message serializers. segID=5
03:15:29.846 INF Closing message serializers. segID=4
03:15:29.846 INF Closing message serializers. segID=3
03:15:29.846 INF Statistics commitTs=1753989314805841401 duration=49197271 proposeTs=1753989314756644130 sn=66
03:15:29.846 INF Statistics commitTs=1753989314881450634 duration=31860382 proposeTs=1753989314849590252 sn=65
03:15:29.846 INF Statistics commitTs=1753989314205903807 duration=77408589 proposeTs=1753989314128495218 sn=64
03:15:29.846 INF Statistics commitTs=1753989315766441165 duration=28636925 proposeTs=1753989315737804240 sn=69
03:15:29.846 INF Statistics commitTs=1753989315824857400 duration=23906119 proposeTs=1753989315800951281 sn=68
03:15:29.846 INF Statistics commitTs=1753989315176136099 duration=36491926 proposeTs=1753989315139644173 sn=67
03:15:29.846 INF Statistics commitTs=1753989316724881768 duration=19172297 proposeTs=1753989316705709471 sn=72
03:15:29.846 INF Statistics commitTs=1753989316810814282 duration=17181144 proposeTs=1753989316793633138 sn=71
03:15:29.847 INF Statistics commitTs=1753989316093963467 duration=21373974 proposeTs=1753989316072589493 sn=70
03:15:29.847 INF Statistics commitTs=1753989317698228019 duration=10447460 proposeTs=1753989317687780559 sn=75
03:15:29.847 INF Statistics commitTs=1753989317811958219 duration=13870986 proposeTs=1753989317798087233 sn=74
03:15:29.847 INF Statistics commitTs=1753989317082215932 duration=14672599 proposeTs=1753989317067543333 sn=73
03:15:29.847 INF Statistics commitTs=1753989318739493638 duration=26790490 proposeTs=1753989318712703148 sn=78
03:15:29.847 INF Statistics commitTs=1753989318848010824 duration=29931053 proposeTs=1753989318818079771 sn=77
03:15:29.847 INF Statistics commitTs=1753989318080927593 duration=16831749 proposeTs=1753989318064095844 sn=76
03:15:29.847 INF Statistics commitTs=1753989319762604848 duration=22471194 proposeTs=1753989319740133654 sn=81
03:15:29.847 INF Statistics commitTs=1753989319828373185 duration=18877069 proposeTs=1753989319809496116 sn=80
03:15:29.847 INF Statistics commitTs=1753989319173466566 duration=35597401 proposeTs=1753989319137869165 sn=79
03:15:29.847 INF Statistics commitTs=1753989320728036535 duration=12588674 proposeTs=1753989320715447861 sn=84
03:15:29.847 INF Statistics commitTs=1753989320817411866 duration=16776439 proposeTs=1753989320800635427 sn=83
03:15:29.847 INF Statistics commitTs=1753989320098318938 duration=16802067 proposeTs=1753989320081516871 sn=82
03:15:29.847 INF Statistics commitTs=1753989321751419659 duration=15316382 proposeTs=1753989321736103277 sn=87
03:15:29.847 INF Statistics commitTs=1753989321831099506 duration=20163677 proposeTs=1753989321810935829 sn=86
03:15:29.847 INF Statistics commitTs=1753989321143097958 duration=35306905 proposeTs=1753989321107791053 sn=85
03:15:29.847 INF Statistics commitTs=1753989322732621465 duration=21511512 proposeTs=1753989322711109953 sn=90
03:15:29.847 INF Statistics commitTs=1753989322834435941 duration=19029375 proposeTs=1753989322815406566 sn=89
03:15:29.848 INF Statistics commitTs=1753989322156442992 duration=35505693 proposeTs=1753989322120937299 sn=88
03:15:29.848 INF Statistics commitTs=1753989323740550805 duration=20588837 proposeTs=1753989323719961968 sn=93
03:15:29.848 INF Statistics commitTs=1753989323849073221 duration=24889492 proposeTs=1753989323824183729 sn=92
03:15:29.848 INF Statistics commitTs=1753989323105553651 duration=19804868 proposeTs=1753989323085748783 sn=91
03:15:29.848 INF Statistics commitTs=1753989324766470780 duration=20175700 proposeTs=1753989324746295080 sn=96
03:15:29.848 INF Statistics commitTs=1753989324824978397 duration=17774840 proposeTs=1753989324807203557 sn=95
03:15:29.848 INF Statistics commitTs=1753989324171332774 duration=35169872 proposeTs=1753989324136162902 sn=94
03:15:29.848 INF Statistics commitTs=1753989325730727531 duration=15746533 proposeTs=1753989325714980998 sn=99
03:15:29.848 INF Statistics commitTs=1753989325827500454 duration=15732502 proposeTs=1753989325811767952 sn=98
03:15:29.848 INF Statistics commitTs=1753989325096993335 duration=17300865 proposeTs=1753989325079692470 sn=97
03:15:29.848 INF Statistics commitTs=1753989326886204969 duration=45884639 proposeTs=1753989326840320330 sn=101
03:15:29.848 INF Statistics commitTs=1753989326795897559 duration=35878722 proposeTs=1753989326760018837 sn=102
03:15:29.848 INF Statistics commitTs=1753989326114341895 duration=16518571 proposeTs=1753989326097823324 sn=100
03:15:29.848 INF Statistics commitTs=1753989327794159202 duration=15580329 proposeTs=1753989327778578873 sn=105
03:15:29.848 INF Statistics commitTs=1753989327834607547 duration=21085940 proposeTs=1753989327813521607 sn=104
03:15:29.848 INF Statistics commitTs=1753989327193970694 duration=38280841 proposeTs=1753989327155689853 sn=103
03:15:29.848 INF Statistics commitTs=1753989328745263577 duration=20950622 proposeTs=1753989328724312955 sn=108
03:15:29.848 INF Statistics commitTs=1753989328816836223 duration=14448310 proposeTs=1753989328802387913 sn=107
03:15:29.849 INF Statistics commitTs=1753989328115087899 duration=24225254 proposeTs=1753989328090862645 sn=106
03:15:29.849 INF Statistics commitTs=1753989329817538742 duration=10963145 proposeTs=1753989329806575597 sn=110
03:15:29.849 INF Statistics commitTs=1753989329732554871 duration=11820553 proposeTs=1753989329720734318 sn=111
03:15:29.849 INF Statistics commitTs=1753989329104113169 duration=15223508 proposeTs=1753989329088889661 sn=109
03:15:29.849 INF Median commit time commit=24225254 segID=3
==================
WARNING: DATA RACE
Write at 0x00c0000241b0 by goroutine 128311:
  github.com/hyperledger-labs/mirbft/orderer.(*PbftOrderer).setMedianCommitTime()
      /opt/gopath/src/github.com/hyperledger-labs/mirbft/orderer/pbftorderer.go:268 +0x45b
  github.com/hyperledger-labs/mirbft/orderer.(*PbftOrderer).killSegment()
      /opt/gopath/src/github.com/hyperledger-labs/mirbft/orderer/pbftorderer.go:241 +0x335
  github.com/hyperledger-labs/mirbft/orderer.(*PbftOrderer).Start.func2()
      /opt/gopath/src/github.com/hyperledger-labs/mirbft/orderer/pbftorderer.go:177 +0x58

Previous write at 0x00c0000241b0 by goroutine 128309:
  github.com/hyperledger-labs/mirbft/orderer.(*PbftOrderer).setMedianCommitTime()
      /opt/gopath/src/github.com/hyperledger-labs/mirbft/orderer/pbftorderer.go:268 +0x45b
  github.com/hyperledger-labs/mirbft/orderer.(*PbftOrderer).killSegment()
      /opt/gopath/src/github.com/hyperledger-labs/mirbft/orderer/pbftorderer.go:241 +0x335
  github.com/hyperledger-labs/mirbft/orderer.(*PbftOrderer).Start.func2()
      /opt/gopath/src/github.com/hyperledger-labs/mirbft/orderer/pbftorderer.go:177 +0x58

Goroutine 128311 (running) created at:
  github.com/hyperledger-labs/mirbft/orderer.(*PbftOrderer).Start()
      /opt/gopath/src/github.com/hyperledger-labs/mirbft/orderer/pbftorderer.go:177 +0xed
  main.main.func5()
      /opt/gopath/src/github.com/hyperledger-labs/mirbft/cmd/orderingpeer/main.go:186 +0x59

Goroutine 128309 (running) created at:
  github.com/hyperledger-labs/mirbft/orderer.(*PbftOrderer).Start()
      /opt/gopath/src/github.com/hyperledger-labs/mirbft/orderer/pbftorderer.go:177 +0xed
  main.main.func5()
      /opt/gopath/src/github.com/hyperledger-labs/mirbft/cmd/orderingpeer/main.go:186 +0x59
==================
03:15:29.849 INF Median commit time commit=19029375 segID=4
==================
WARNING: DATA RACE
Read at 0x00c0000241b0 by goroutine 128311:
  github.com/hyperledger-labs/mirbft/orderer.(*PbftOrderer).killSegment()
      /opt/gopath/src/github.com/hyperledger-labs/mirbft/orderer/pbftorderer.go:242 +0x396
  github.com/hyperledger-labs/mirbft/orderer.(*PbftOrderer).Start.func2()
      /opt/gopath/src/github.com/hyperledger-labs/mirbft/orderer/pbftorderer.go:177 +0x58

Previous write at 0x00c0000241b0 by goroutine 128307:
  github.com/hyperledger-labs/mirbft/orderer.(*PbftOrderer).setMedianCommitTime()
      /opt/gopath/src/github.com/hyperledger-labs/mirbft/orderer/pbftorderer.go:268 +0x45b
  github.com/hyperledger-labs/mirbft/orderer.(*PbftOrderer).killSegment()
      /opt/gopath/src/github.com/hyperledger-labs/mirbft/orderer/pbftorderer.go:241 +0x335
  github.com/hyperledger-labs/mirbft/orderer.(*PbftOrderer).Start.func2()
      /opt/gopath/src/github.com/hyperledger-labs/mirbft/orderer/pbftorderer.go:177 +0x58

Goroutine 128311 (running) created at:
  github.com/hyperledger-labs/mirbft/orderer.(*PbftOrderer).Start()
      /opt/gopath/src/github.com/hyperledger-labs/mirbft/orderer/pbftorderer.go:177 +0xed
  main.main.func5()
      /opt/gopath/src/github.com/hyperledger-labs/mirbft/cmd/orderingpeer/main.go:186 +0x59

Goroutine 128307 (finished) created at:
  github.com/hyperledger-labs/mirbft/orderer.(*PbftOrderer).Start()
      /opt/gopath/src/github.com/hyperledger-labs/mirbft/orderer/pbftorderer.go:177 +0xed
  main.main.func5()
      /opt/gopath/src/github.com/hyperledger-labs/mirbft/cmd/orderingpeer/main.go:186 +0x59
==================
03:15:29.850 INF Median commit time commit=20588837 segID=5
03:15:29.863 INF fuck! epoch=128 epoch time (ms)=16600 leaders=4 viewtimeout=120000
03:15:29.863 INF Epoch finished. Waiting for stable checkpoint. sn=111
03:15:29.863 INF Epoch end confirmed. chkpSn=111
03:15:29.863 INF Advancing watermarks. numEntries=48
03:15:29.969 INF PbftOrderer received a new segment: [112 116 120 124 128 132 136 140 144 148 152 156 160 164 168 172] first leader=0 firstSN=112 lastSN=172 len=16 length=16 segId=6
03:15:30.502 INF Starting new view. segID=6 timeout=120000 view=0
03:15:30.502 INF Advanced timeout advanced=20588837 initial=1000000000
03:15:30.502 INF Advanced timeout advanced=1020588837 initial=1000000000
03:15:30.503 INF Advanced timeout advanced=2020588837 initial=1000000000
03:15:30.503 INF Advanced timeout advanced=3020588837 initial=1000000000
03:15:30.503 INF Advanced timeout advanced=4020588837 initial=1000000000
03:15:30.503 INF Advanced timeout advanced=5020588837 initial=1000000000
03:15:30.503 INF Advanced timeout advanced=6020588837 initial=1000000000
03:15:30.503 INF Advanced timeout advanced=7020588837 initial=1000000000
03:15:30.503 INF Advanced timeout advanced=8020588837 initial=1000000000
03:15:30.503 INF Advanced timeout advanced=9020588837 initial=1000000000
03:15:30.503 INF Advanced timeout advanced=10020588837 initial=1000000000
03:15:30.503 INF Advanced timeout advanced=11020588837 initial=1000000000
03:15:30.503 INF Advanced timeout advanced=12020588837 initial=1000000000
03:15:30.503 INF Advanced timeout advanced=13020588837 initial=1000000000
03:15:30.503 INF Advanced timeout advanced=14020588837 initial=1000000000
03:15:30.503 INF Advanced timeout advanced=15020588837 initial=1000000000
03:15:30.504 INF Starting PBFT instance. first=112 last=172 segID=6
03:15:30.504 INF Starting serialized message processing. segID=6
03:15:30.504 INF PbftOrderer received a new segment: [113 117 121 125 129 133 137 141 145 149 153 157 161 165 169 173] first leader=1 firstSN=113 lastSN=173 len=16 length=16 segId=7
03:15:31.047 INF Starting new view. segID=7 timeout=120000 view=0
03:15:31.047 INF Advanced timeout advanced=20588837 initial=1000000000
03:15:31.047 INF Advanced timeout advanced=1020588837 initial=1000000000
03:15:31.047 INF Advanced timeout advanced=2020588837 initial=1000000000
03:15:31.047 INF Advanced timeout advanced=3020588837 initial=1000000000
03:15:31.047 INF Advanced timeout advanced=4020588837 initial=1000000000
03:15:31.047 INF Advanced timeout advanced=5020588837 initial=1000000000
03:15:31.047 INF Advanced timeout advanced=6020588837 initial=1000000000
03:15:31.047 INF Advanced timeout advanced=7020588837 initial=1000000000
03:15:31.048 INF Advanced timeout advanced=8020588837 initial=1000000000
03:15:31.048 INF Advanced timeout advanced=9020588837 initial=1000000000
03:15:31.048 INF Advanced timeout advanced=10020588837 initial=1000000000
03:15:31.048 INF Advanced timeout advanced=11020588837 initial=1000000000
03:15:31.048 INF Advanced timeout advanced=12020588837 initial=1000000000
03:15:31.048 INF Advanced timeout advanced=13020588837 initial=1000000000
03:15:31.048 INF Advanced timeout advanced=14020588837 initial=1000000000
03:15:31.048 INF Advanced timeout advanced=15020588837 initial=1000000000
03:15:31.048 INF Starting PBFT instance. first=113 last=173 segID=7
03:15:31.049 INF PbftOrderer received a new segment: [114 118 122 126 130 134 138 142 146 150 154 158 162 166 170 174] first leader=2 firstSN=114 lastSN=174 len=16 length=16 segId=8
03:15:31.049 INF Starting serialized message processing. segID=7
03:15:31.544 INF Starting new view. segID=8 timeout=120000 view=0
03:15:31.544 INF Advanced timeout advanced=20588837 initial=1000000000
03:15:31.544 INF Advanced timeout advanced=1020588837 initial=1000000000
03:15:31.544 INF Advanced timeout advanced=2020588837 initial=1000000000
03:15:31.544 INF Advanced timeout advanced=3020588837 initial=1000000000
03:15:31.544 INF Advanced timeout advanced=4020588837 initial=1000000000
03:15:31.544 INF Advanced timeout advanced=5020588837 initial=1000000000
03:15:31.544 INF Advanced timeout advanced=6020588837 initial=1000000000
03:15:31.544 INF Advanced timeout advanced=7020588837 initial=1000000000
03:15:31.544 INF Advanced timeout advanced=8020588837 initial=1000000000
03:15:31.544 INF Advanced timeout advanced=9020588837 initial=1000000000
03:15:31.544 INF Advanced timeout advanced=10020588837 initial=1000000000
03:15:31.544 INF Advanced timeout advanced=11020588837 initial=1000000000
03:15:31.545 INF Advanced timeout advanced=12020588837 initial=1000000000
03:15:31.545 INF Advanced timeout advanced=13020588837 initial=1000000000
03:15:31.545 INF Advanced timeout advanced=14020588837 initial=1000000000
03:15:31.545 INF Advanced timeout advanced=15020588837 initial=1000000000
03:15:31.545 INF Starting PBFT instance. first=114 last=174 segID=8
03:15:31.545 INF PbftOrderer received a new segment: [115 119 123 127 131 135 139 143 147 151 155 159 163 167 171 175] first leader=3 firstSN=115 lastSN=175 len=16 length=16 segId=9
03:15:31.545 INF Starting serialized message processing. segID=8
03:15:31.545 INF fuck1 epoch change time (ms)=1726
==================
WARNING: DATA RACE
Write at 0x000001304398 by goroutine 672:
  github.com/hyperledger-labs/mirbft/manager.(*MirManager).handleLogEntries()
      /opt/gopath/src/github.com/hyperledger-labs/mirbft/manager/mirmanager.go:265 +0x17d3
  github.com/hyperledger-labs/mirbft/manager.(*MirManager).Start.func2()
      /opt/gopath/src/github.com/hyperledger-labs/mirbft/manager/mirmanager.go:112 +0x47

Previous write at 0x000001304398 by goroutine 693:
  github.com/hyperledger-labs/mirbft/request.HandleRequest()
      /opt/gopath/src/github.com/hyperledger-labs/mirbft/request/requesthandler.go:49 +0x1d3
  github.com/hyperledger-labs/mirbft/messenger.(*messengerServer).Request()
      /opt/gopath/src/github.com/hyperledger-labs/mirbft/messenger/clients.go:77 +0x19d
  github.com/hyperledger-labs/mirbft/protobufs._Messenger_Request_Handler()
      /opt/gopath/src/github.com/hyperledger-labs/mirbft/protobufs/messenger.pb.go:1158 +0xc2
  google.golang.org/grpc.(*Server).processStreamingRPC()
      /opt/gopath/src/google.golang.org/grpc/server.go:1673 +0x1e87
  google.golang.org/grpc.(*Server).handleStream()
      /opt/gopath/src/google.golang.org/grpc/server.go:1794 +0x19c6
  google.golang.org/grpc.(*Server).serveStreams.func2.1()
      /opt/gopath/src/google.golang.org/grpc/server.go:1029 +0x125

Goroutine 672 (running) created at:
  github.com/hyperledger-labs/mirbft/manager.(*MirManager).Start()
      /opt/gopath/src/github.com/hyperledger-labs/mirbft/manager/mirmanager.go:112 +0x191
  main.main.func4()
      /opt/gopath/src/github.com/hyperledger-labs/mirbft/cmd/orderingpeer/main.go:185 +0x59

Goroutine 693 (running) created at:
  google.golang.org/grpc.(*Server).serveStreams.func2()
      /opt/gopath/src/google.golang.org/grpc/server.go:1040 +0x224
  google.golang.org/grpc/internal/transport.(*http2Server).operateHeaders()
      /opt/gopath/src/google.golang.org/grpc/internal/transport/http2_server.go:631 +0x389e
  google.golang.org/grpc/internal/transport.(*http2Server).HandleStreams()
      /opt/gopath/src/google.golang.org/grpc/internal/transport/http2_server.go:672 +0x258
  google.golang.org/grpc.(*Server).serveStreams()
      /opt/gopath/src/google.golang.org/grpc/server.go:1023 +0x68b
  google.golang.org/grpc.(*Server).handleRawConn.func1()
      /opt/gopath/src/google.golang.org/grpc/server.go:959 +0x9c
==================
03:15:31.641 INF Handling PREPREPARE. nReq=55 senderID=1 sn=113
03:15:31.662 INF Committed entry. latency=0 nReq=55 sn=113
03:15:31.959 INF Starting new view. segID=9 timeout=120000 view=0
03:15:31.959 INF Advanced timeout advanced=20588837 initial=1000000000
03:15:31.959 INF Advanced timeout advanced=1020588837 initial=1000000000
03:15:31.959 INF Advanced timeout advanced=2020588837 initial=1000000000
03:15:31.959 INF Advanced timeout advanced=3020588837 initial=1000000000
03:15:31.959 INF Advanced timeout advanced=4020588837 initial=1000000000
03:15:31.959 INF Advanced timeout advanced=5020588837 initial=1000000000
03:15:31.959 INF Advanced timeout advanced=6020588837 initial=1000000000
03:15:31.959 INF Advanced timeout advanced=7020588837 initial=1000000000
03:15:31.959 INF Advanced timeout advanced=8020588837 initial=1000000000
03:15:31.959 INF Advanced timeout advanced=9020588837 initial=1000000000
03:15:31.960 INF Advanced timeout advanced=10020588837 initial=1000000000
03:15:31.960 INF Advanced timeout advanced=11020588837 initial=1000000000
03:15:31.960 INF Advanced timeout advanced=12020588837 initial=1000000000
03:15:31.960 INF Advanced timeout advanced=13020588837 initial=1000000000
03:15:31.960 INF Advanced timeout advanced=14020588837 initial=1000000000
03:15:31.960 INF Advanced timeout advanced=15020588837 initial=1000000000
03:15:31.960 INF Starting PBFT instance. first=115 last=175 segID=9
03:15:31.960 INF Starting serialized message processing. segID=9
03:15:32.631 INF Handling PREPREPARE. nReq=0 senderID=1 sn=117
03:15:32.636 INF Committed entry. latency=0 nReq=0 sn=117
03:15:32.712 INF Handling PREPREPARE. nReq=38 senderID=2 sn=114
03:15:32.719 INF Committed entry. latency=0 nReq=38 sn=114
03:15:32.961 INF Sending PREPREPARE. nReq=36 senderID=3 sn=115 view=0
03:15:32.971 INF Committed entry. latency=0 nReq=36 sn=115
03:15:33.243 INF Handling PREPREPARE. nReq=21 senderID=0 sn=112
03:15:33.248 INF Committed entry. latency=0 nReq=21 sn=112
03:15:33.248 INF Delivered batch. nReq=21 sn=112
03:15:33.249 INF Delivered batch. nReq=55 sn=113
03:15:33.249 INF Delivered batch. nReq=38 sn=114
03:15:33.249 INF Delivered batch. nReq=36 sn=115
03:15:33.632 INF Handling PREPREPARE. nReq=0 senderID=1 sn=121
03:15:33.636 INF Committed entry. latency=0 nReq=0 sn=121
03:15:33.656 INF Connection terminated. error="rpc error: code = Canceled desc = context canceled" address=127.0.0.1:37940
03:15:33.659 INF Finished sending bucket assignments to client. clId=0
03:15:33.710 INF Handling PREPREPARE. nReq=0 senderID=2 sn=118
03:15:33.712 INF Committed entry. latency=0 nReq=0 sn=118
03:15:33.961 INF Sending PREPREPARE. nReq=0 senderID=3 sn=119 view=0
03:15:33.967 INF Committed entry. latency=0 nReq=0 sn=119
03:15:34.241 INF Handling PREPREPARE. nReq=0 senderID=0 sn=116
03:15:34.244 INF Committed entry. latency=0 nReq=0 sn=116
03:15:34.244 INF Delivered batch. nReq=0 sn=116
03:15:34.244 INF Delivered batch. nReq=0 sn=117
03:15:34.244 INF Delivered batch. nReq=0 sn=118
03:15:34.244 INF Delivered batch. nReq=0 sn=119
03:15:34.301 INF Stopping profiler.
03:15:34.301 INF Stopping Tracer. events=660 fileName=experiment-output/0000/slave-005/peer.trc
==================
WARNING: DATA RACE
Read at 0x00c000a266f8 by goroutine 109:
  github.com/hyperledger-labs/mirbft/tracing.(*BufferedTrace).Stop()
      /opt/gopath/src/github.com/hyperledger-labs/mirbft/tracing/bufferedtrace.go:237 +0x30e
  github.com/hyperledger-labs/mirbft/tracing.(*BufferedTrace).StopOnSignal.func1()
      /opt/gopath/src/github.com/hyperledger-labs/mirbft/tracing/bufferedtrace.go:298 +0x4e

Previous write at 0x00c000a266f8 by goroutine 108:
  github.com/hyperledger-labs/mirbft/tracing.(*BufferedTrace).Event()
      /opt/gopath/src/github.com/hyperledger-labs/mirbft/tracing/bufferedtrace.go:105 +0x2cd
  github.com/hyperledger-labs/mirbft/profiling.StartCPUTracing.func1()
      /opt/gopath/src/github.com/hyperledger-labs/mirbft/profiling/cpuusage.go:33 +0x95

Goroutine 109 (running) created at:
  github.com/hyperledger-labs/mirbft/tracing.(*BufferedTrace).StopOnSignal()
      /opt/gopath/src/github.com/hyperledger-labs/mirbft/tracing/bufferedtrace.go:292 +0x178
  main.setUpTracing()
      /opt/gopath/src/github.com/hyperledger-labs/mirbft/cmd/orderingpeer/main.go:408 +0xf5
  main.main()
      /opt/gopath/src/github.com/hyperledger-labs/mirbft/cmd/orderingpeer/main.go:110 +0x9e4
  runtime.deferreturn()
      /home/ubuntu/go/src/runtime/panic.go:476 +0x32
  main.main()
      /opt/gopath/src/github.com/hyperledger-labs/mirbft/cmd/orderingpeer/main.go:78 +0x56c

Goroutine 108 (running) created at:
  github.com/hyperledger-labs/mirbft/profiling.StartCPUTracing()
      /opt/gopath/src/github.com/hyperledger-labs/mirbft/profiling/cpuusage.go:30 +0xb9
  main.setUpTracing()
      /opt/gopath/src/github.com/hyperledger-labs/mirbft/cmd/orderingpeer/main.go:400 +0x85
  main.main()
      /opt/gopath/src/github.com/hyperledger-labs/mirbft/cmd/orderingpeer/main.go:110 +0x9e4
  runtime.deferreturn()
      /home/ubuntu/go/src/runtime/panic.go:476 +0x32
  main.main()
      /opt/gopath/src/github.com/hyperledger-labs/mirbft/cmd/orderingpeer/main.go:78 +0x56c
==================
03:15:34.303 INF Trace data written.
03:15:34.325 INF Profile data written. filename=experiment-output/0000/slave-005/prof.block name=block
03:15:34.331 INF Profile data written. filename=experiment-output/0000/slave-005/prof.mutex name=mutex
03:15:34.381 INF Connection terminated. error="rpc error: code = Canceled desc = context canceled" address=127.0.0.1:37930
03:15:34.381 INF Connection terminated. error="rpc error: code = Canceled desc = context canceled" address=127.0.0.1:37924
03:15:34.381 INF Connection terminated. error="rpc error: code = Canceled desc = context canceled" address=127.0.0.1:37792
03:15:34.381 INF Connection terminated. error="rpc error: code = Canceled desc = context canceled" address=127.0.0.1:37782
03:15:34.440 INF Connection terminated. error="rpc error: code = Canceled desc = context canceled" address=127.0.0.1:37706
03:15:34.440 INF Connection terminated. error="rpc error: code = Canceled desc = context canceled" address=127.0.0.1:37694
03:15:34.440 INF Connection terminated. error="rpc error: code = Canceled desc = context canceled" address=127.0.0.1:37690
03:15:34.440 INF Connection terminated. error="rpc error: code = Canceled desc = context canceled" address=127.0.0.1:37636
03:15:34.446 INF Connection terminated. error="rpc error: code = Canceled desc = context canceled" address=127.0.0.1:37828
03:15:34.446 INF Connection terminated. error="rpc error: code = Canceled desc = context canceled" address=127.0.0.1:37794
03:15:34.446 INF Connection terminated. error="rpc error: code = Canceled desc = context canceled" address=127.0.0.1:37766
03:15:34.447 INF Connection terminated. error="rpc error: code = Canceled desc = context canceled" address=127.0.0.1:37644
03:15:34.518 INF Profile data written. filename=experiment-output/0000/slave-005/prof.cpu name=cpu
