{"level":"debug","Logging":"info","time":"2025-08-01T03:17:04+08:00","message":"Config"}
{"level":"debug","UseTLS":false,"time":"2025-08-01T03:17:04+08:00","message":"Config"}
{"level":"debug","CACertFile":"tls-data/ca.pem","time":"2025-08-01T03:17:04+08:00","message":"Config"}
{"level":"debug","KeyFile":"tls-data/auth.key","time":"2025-08-01T03:17:04+08:00","message":"Config"}
{"level":"debug","CertFile":"tls-data/auth.pem","time":"2025-08-01T03:17:04+08:00","message":"Config"}
{"level":"debug","PriorityConnections":2,"time":"2025-08-01T03:17:04+08:00","message":"Config"}
{"level":"debug","BasicConnections":2,"time":"2025-08-01T03:17:04+08:00","message":"Config"}
{"level":"debug","TestConnections":false,"time":"2025-08-01T03:17:04+08:00","message":"Config"}
{"level":"debug","ExcessConnections":1,"time":"2025-08-01T03:17:04+08:00","message":"Config"}
{"level":"debug","ConnectionTestMsgs":4,"time":"2025-08-01T03:17:04+08:00","message":"Config"}
{"level":"debug","ConnectionTestPayload":131072,"time":"2025-08-01T03:17:04+08:00","message":"Config"}
{"level":"debug","OutMessageBufsize":1024,"time":"2025-08-01T03:17:04+08:00","message":"Config"}
{"level":"debug","OutMessageBufsize":3,"time":"2025-08-01T03:17:04+08:00","message":"Config"}
{"level":"debug","ThroughputCap":131072000,"time":"2025-08-01T03:17:04+08:00","message":"Config"}
{"level":"debug","StragglerTolerance":1000,"time":"2025-08-01T03:17:04+08:00","message":"Config"}
{"level":"debug","BatchSizeIncrement":256,"time":"2025-08-01T03:17:04+08:00","message":"Config"}
{"level":"debug","Orderer":"Pbft","time":"2025-08-01T03:17:04+08:00","message":"Config"}
{"level":"debug","Manager":"Mir","time":"2025-08-01T03:17:04+08:00","message":"Config"}
{"level":"debug","Failures":0,"time":"2025-08-01T03:17:04+08:00","message":"Config"}
{"level":"debug","CrashTiming":"EpochStart","time":"2025-08-01T03:17:04+08:00","message":"Config"}
{"level":"debug","CheckpointInterval":256,"time":"2025-08-01T03:17:04+08:00","message":"Config"}
{"level":"debug","WatermarkWindowSize":256,"time":"2025-08-01T03:17:04+08:00","message":"Config"}
{"level":"debug","EpochLength":256,"time":"2025-08-01T03:17:04+08:00","message":"Config"}
{"level":"debug","SegmentLength":21,"time":"2025-08-01T03:17:04+08:00","message":"Config"}
{"level":"debug","WaitForCheckpoints":true,"time":"2025-08-01T03:17:04+08:00","message":"Config"}
{"level":"debug","ClientWatermarkWindowSize":4194304,"time":"2025-08-01T03:17:04+08:00","message":"Config"}
{"level":"debug","ClientRequestBacklogSize":4194304,"time":"2025-08-01T03:17:04+08:00","message":"Config"}
{"level":"debug","RandomSeed":7086,"time":"2025-08-01T03:17:04+08:00","message":"Config"}
{"level":"debug","NodeToLeaderRatio":1,"time":"2025-08-01T03:17:04+08:00","message":"Config"}
{"level":"debug","LeaderPolicy":"Simple","time":"2025-08-01T03:17:04+08:00","message":"Config"}
{"level":"debug","DefaultLeaderBan":2,"time":"2025-08-01T03:17:04+08:00","message":"Config"}
{"level":"debug","NumBuckets":192,"time":"2025-08-01T03:17:04+08:00","message":"Config"}
{"level":"debug","BatchSize":4096,"time":"2025-08-01T03:17:04+08:00","message":"Config"}
{"level":"debug","BatchTimeoutMs":1000,"time":"2025-08-01T03:17:04+08:00","message":"Config"}
{"level":"debug","DisabledViewChange":false,"time":"2025-08-01T03:17:04+08:00","message":"Config"}
{"level":"debug","ViewChangeTimeout":60000,"time":"2025-08-01T03:17:04+08:00","message":"Config"}
{"level":"debug","ClientTraceSampling":10,"time":"2025-08-01T03:17:04+08:00","message":"Config"}
{"level":"debug","EventBufferSize":2097152,"time":"2025-08-01T03:17:04+08:00","message":"Config"}
{"level":"debug","TraceSampling":1,"time":"2025-08-01T03:17:04+08:00","message":"Config"}
{"level":"debug","ClientsPerProcess":1,"time":"2025-08-01T03:17:04+08:00","message":"Config"}
{"level":"debug","RequestsPerClient":7200000,"time":"2025-08-01T03:17:04+08:00","message":"Config"}
{"level":"debug","ClientRunTime":60000,"time":"2025-08-01T03:17:04+08:00","message":"Config"}
{"level":"debug","RequestRate":60000,"time":"2025-08-01T03:17:04+08:00","message":"Config"}
{"level":"debug","HardRequestRateLimit":false,"time":"2025-08-01T03:17:04+08:00","message":"Config"}
{"level":"debug","RequestPayloadSize":500,"time":"2025-08-01T03:17:04+08:00","message":"Config"}
{"level":"debug","SignRequests":true,"time":"2025-08-01T03:17:04+08:00","message":"Config"}
{"level":"debug","ClientPrivKeyFile":"tls-data/client-ecdsa-256.key","time":"2025-08-01T03:17:04+08:00","message":"Config"}
{"level":"debug","ClientPubKeyFile":"tls-data/client-ecdsa-256.pem","time":"2025-08-01T03:17:04+08:00","message":"Config"}
{"level":"debug","PrecomputeRequests":false,"time":"2025-08-01T03:17:04+08:00","message":"Config"}
{"level":"debug","RequestHandlerThreads":32,"time":"2025-08-01T03:17:04+08:00","message":"Config"}
{"level":"debug","RequestInputChannelBuffer":8192,"time":"2025-08-01T03:17:04+08:00","message":"Config"}
{"level":"debug","BatchVerifier":"external","time":"2025-08-01T03:17:04+08:00","message":"Config"}
03:17:04.608 INF Registered with discovery server. numPeers=12 ownID=11
03:17:04.609 INF Profiling enabled.
03:17:04.609 INF Setting up profiling.
03:17:04.609 INF Started Profiler: CPU
03:17:04.609 INF Started Profiler: BLOCK
03:17:04.609 INF Started Profiler: MUTEX
03:17:04.609 INF Profiler will stop on signal. exit=true
03:17:04.611 INF Tracing will stop on signal. exit=false
03:17:04.611 INF Started tracing. traceFile=experiment-output/0000/slave-011/peer.trc
03:17:04.612 INF Connecting to peer. addr=127.0.0.1:10110 basicConns=2 priorityConns=2
03:17:04.612 INF Connecting to peer. addr=127.0.0.1:10022 basicConns=2 priorityConns=2
03:17:04.612 INF Connecting to peer. addr=127.0.0.1:10044 basicConns=2 priorityConns=2
03:17:04.612 INF Listening for connections. port=10121 useTLS=false
03:17:04.612 INF Connecting to peer. addr=127.0.0.1:10033 basicConns=2 priorityConns=2
03:17:04.612 INF Connecting to peer. addr=127.0.0.1:10099 basicConns=2 priorityConns=2
03:17:04.613 INF Connecting to peer. addr=127.0.0.1:10066 basicConns=2 priorityConns=2
03:17:04.612 INF Connecting to peer. addr=127.0.0.1:10088 basicConns=2 priorityConns=2
03:17:04.613 INF Connecting to peer. addr=127.0.0.1:10055 basicConns=2 priorityConns=2
03:17:04.614 INF Connecting to peer. addr=127.0.0.1:10121 basicConns=2 priorityConns=2
03:17:04.615 INF Connecting to peer. addr=127.0.0.1:10000 basicConns=2 priorityConns=2
03:17:04.615 INF Connecting to peer. addr=127.0.0.1:10011 basicConns=2 priorityConns=2
03:17:04.619 INF Connecting to peer. addr=127.0.0.1:10077 basicConns=2 priorityConns=2
03:17:04.643 INF Incoming connection for protocol messages. addr=127.0.0.1:51656
03:17:04.645 INF Incoming connection for protocol messages. addr=127.0.0.1:51602
03:17:04.649 INF Incoming connection for protocol messages. addr=127.0.0.1:51612
03:17:04.645 INF Incoming connection for protocol messages. addr=127.0.0.1:51610
03:17:04.649 INF Incoming connection for protocol messages. addr=127.0.0.1:51586
03:17:04.658 INF Incoming connection for protocol messages. addr=127.0.0.1:51570
03:17:04.661 INF Incoming connection for protocol messages. addr=127.0.0.1:51616
03:17:04.649 INF Incoming connection for protocol messages. addr=127.0.0.1:51662
03:17:04.656 INF Incoming connection for protocol messages. addr=127.0.0.1:51596
03:17:04.662 INF Incoming connection for protocol messages. addr=127.0.0.1:51556
03:17:04.663 INF Incoming connection for protocol messages. addr=127.0.0.1:51690
03:17:04.664 INF Incoming connection for protocol messages. addr=127.0.0.1:51672
03:17:04.670 INF Incoming connection for protocol messages. addr=127.0.0.1:51782
03:17:04.671 INF Incoming connection for protocol messages. addr=127.0.0.1:51562
03:17:04.673 INF Incoming connection for protocol messages. addr=127.0.0.1:51650
03:17:04.680 INF Incoming connection for protocol messages. addr=127.0.0.1:51818
03:17:04.684 INF Incoming connection for protocol messages. addr=127.0.0.1:51792
03:17:04.685 INF Incoming connection for protocol messages. addr=127.0.0.1:51888
03:17:04.684 INF Incoming connection for protocol messages. addr=127.0.0.1:51812
03:17:04.686 INF Incoming connection for protocol messages. addr=127.0.0.1:51854
03:17:04.687 INF Incoming connection for protocol messages. addr=127.0.0.1:51724
03:17:04.688 INF Incoming connection for protocol messages. addr=127.0.0.1:51784
03:17:04.693 INF Incoming connection for protocol messages. addr=127.0.0.1:51840
03:17:04.693 INF Incoming connection for protocol messages. addr=127.0.0.1:51804
03:17:04.693 INF Incoming connection for protocol messages. addr=127.0.0.1:51850
03:17:04.693 INF Incoming connection for protocol messages. addr=127.0.0.1:51752
03:17:04.693 INF Incoming connection for protocol messages. addr=127.0.0.1:51668
03:17:04.693 INF Incoming connection for protocol messages. addr=127.0.0.1:51574
03:17:04.694 INF Incoming connection for protocol messages. addr=127.0.0.1:51632
03:17:04.694 INF Incoming connection for protocol messages. addr=127.0.0.1:51742
03:17:04.696 INF Incoming connection for protocol messages. addr=127.0.0.1:51644
03:17:04.696 INF Incoming connection for protocol messages. addr=127.0.0.1:51694
03:17:04.696 INF Incoming connection for protocol messages. addr=127.0.0.1:51882
03:17:04.697 INF Incoming connection for protocol messages. addr=127.0.0.1:51688
03:17:04.698 INF Incoming connection for protocol messages. addr=127.0.0.1:51902
03:17:04.698 INF Incoming connection for protocol messages. addr=127.0.0.1:51766
03:17:04.699 INF Incoming connection for protocol messages. addr=127.0.0.1:51798
03:17:04.700 INF Incoming connection for protocol messages. addr=127.0.0.1:51926
03:17:04.701 INF Incoming connection for protocol messages. addr=127.0.0.1:51726
03:17:04.701 INF Incoming connection for protocol messages. addr=127.0.0.1:51912
03:17:04.701 INF Incoming connection for protocol messages. addr=127.0.0.1:51722
03:17:04.701 INF Incoming connection for protocol messages. addr=127.0.0.1:51830
03:17:04.701 INF Incoming connection for protocol messages. addr=127.0.0.1:51924
03:17:04.702 INF Incoming connection for protocol messages. addr=127.0.0.1:51754
03:17:04.702 INF Incoming connection for protocol messages. addr=127.0.0.1:51710
03:17:04.705 INF Incoming connection for protocol messages. addr=127.0.0.1:51930
03:17:04.705 INF Incoming connection for protocol messages. addr=127.0.0.1:51842
03:17:04.705 INF Incoming connection for protocol messages. addr=127.0.0.1:51868
03:17:04.707 INF Connected to all peers.
03:17:04.709 INF All peers finished connecting. Starting ISS.
03:17:04.709 INF PbftOrderer received a new segment: [0 1 2 3 4 5 6 7 8 9 10 11 12 13 14 15 16 17 18 19 20] first leader=0 firstSN=0 lastSN=20 len=21 length=21 segId=0
03:17:04.750 INF Starting new view. segID=0 timeout=60000 view=0
03:17:04.750 INF Starting PBFT instance. first=0 last=20 segID=0
03:17:04.750 INF Starting serialized message processing. segID=0
03:17:05.760 INF Handling PREPREPARE. nReq=0 senderID=0 sn=0
03:17:05.769 INF Committed entry. latency=0 nReq=0 sn=0
03:17:05.769 INF Delivered batch. nReq=0 sn=0
03:17:06.761 INF Handling PREPREPARE. nReq=0 senderID=0 sn=1
03:17:06.771 INF Committed entry. latency=0 nReq=0 sn=1
03:17:06.771 INF Delivered batch. nReq=0 sn=1
03:17:06.782 INF Incoming connection for requests. addr=127.0.0.1:35810
03:17:07.327 INF Handling PREPREPARE. nReq=4096 senderID=0 sn=2
03:17:07.423 INF Committed entry. latency=0 nReq=4096 sn=2
03:17:07.424 INF Delivered batch. nReq=4096 sn=2
03:17:08.313 INF Handling PREPREPARE. nReq=2472 senderID=0 sn=3
03:17:08.382 INF Committed entry. latency=0 nReq=2472 sn=3
03:17:08.382 INF Delivered batch. nReq=2472 sn=3
03:17:09.237 INF Handling PREPREPARE. nReq=802 senderID=0 sn=4
03:17:09.258 INF Committed entry. latency=0 nReq=802 sn=4
03:17:09.258 INF Delivered batch. nReq=802 sn=4
03:17:09.926 INF Handling PREPREPARE. nReq=4096 senderID=0 sn=5
03:17:10.011 INF Committed entry. latency=0 nReq=4096 sn=5
03:17:10.012 INF Delivered batch. nReq=4096 sn=5
03:17:10.875 INF Handling PREPREPARE. nReq=2550 senderID=0 sn=6
03:17:10.932 INF Committed entry. latency=0 nReq=2550 sn=6
03:17:10.932 INF Delivered batch. nReq=2550 sn=6
03:17:11.873 INF Handling PREPREPARE. nReq=945 senderID=0 sn=7
03:17:11.896 INF Committed entry. latency=0 nReq=945 sn=7
03:17:11.896 INF Delivered batch. nReq=945 sn=7
03:17:12.890 INF Handling PREPREPARE. nReq=4096 senderID=0 sn=8
03:17:12.978 INF Committed entry. latency=0 nReq=4096 sn=8
03:17:12.978 INF Delivered batch. nReq=4096 sn=8
03:17:13.882 INF Handling PREPREPARE. nReq=2794 senderID=0 sn=9
03:17:13.940 INF Committed entry. latency=0 nReq=2794 sn=9
03:17:13.940 INF Delivered batch. nReq=2794 sn=9
03:17:14.795 INF Handling PREPREPARE. nReq=987 senderID=0 sn=10
03:17:14.821 INF Committed entry. latency=0 nReq=987 sn=10
03:17:14.821 INF Delivered batch. nReq=987 sn=10
03:17:15.464 INF Handling PREPREPARE. nReq=4096 senderID=0 sn=11
03:17:15.535 INF Committed entry. latency=0 nReq=4096 sn=11
03:17:15.536 INF Delivered batch. nReq=4096 sn=11
03:17:16.426 INF Handling PREPREPARE. nReq=2951 senderID=0 sn=12
03:17:16.484 INF Committed entry. latency=0 nReq=2951 sn=12
03:17:16.484 INF Delivered batch. nReq=2951 sn=12
03:17:17.406 INF Handling PREPREPARE. nReq=850 senderID=0 sn=13
03:17:17.433 INF Committed entry. latency=0 nReq=850 sn=13
03:17:17.433 INF Delivered batch. nReq=850 sn=13
03:17:18.395 INF Handling PREPREPARE. nReq=4096 senderID=0 sn=14
03:17:18.478 INF Committed entry. latency=0 nReq=4096 sn=14
03:17:18.478 INF Delivered batch. nReq=4096 sn=14
03:17:19.382 INF Handling PREPREPARE. nReq=2803 senderID=0 sn=15
03:17:19.437 INF Committed entry. latency=0 nReq=2803 sn=15
03:17:19.437 INF Delivered batch. nReq=2803 sn=15
03:17:20.353 INF Handling PREPREPARE. nReq=778 senderID=0 sn=16
03:17:20.380 INF Committed entry. latency=0 nReq=778 sn=16
03:17:20.380 INF Delivered batch. nReq=778 sn=16
03:17:21.381 INF Handling PREPREPARE. nReq=4096 senderID=0 sn=17
03:17:21.471 INF Committed entry. latency=0 nReq=4096 sn=17
03:17:21.472 INF Delivered batch. nReq=4096 sn=17
03:17:24.986 INF Handling PREPREPARE. nReq=4096 senderID=0 sn=18
03:17:25.080 INF Committed entry. latency=0 nReq=4096 sn=18
03:17:25.080 INF Delivered batch. nReq=4096 sn=18
03:17:26.014 INF Handling PREPREPARE. nReq=3967 senderID=0 sn=19
03:17:26.180 INF Committed entry. latency=0 nReq=3967 sn=19
03:17:26.180 INF Delivered batch. nReq=3967 sn=19
03:17:26.966 INF Handling PREPREPARE. nReq=845 senderID=0 sn=20
03:17:26.997 INF Committed entry. latency=0 nReq=845 sn=20
03:17:26.997 INF Delivered batch. nReq=845 sn=20
03:17:26.997 INF Sending segment checkpoint. lastSn=20 segID=0
==================
WARNING: DATA RACE
Read at 0x000001304380 by goroutine 938:
  github.com/hyperledger-labs/mirbft/manager.(*MirManager).handleLogEntries()
      /opt/gopath/src/github.com/hyperledger-labs/mirbft/manager/mirmanager.go:171 +0x854
  github.com/hyperledger-labs/mirbft/manager.(*MirManager).Start.func2()
      /opt/gopath/src/github.com/hyperledger-labs/mirbft/manager/mirmanager.go:112 +0x47

Previous write at 0x000001304380 by goroutine 945:
  github.com/hyperledger-labs/mirbft/log.publishEntries()
      /opt/gopath/src/github.com/hyperledger-labs/mirbft/log/log.go:281 +0x2e4
  github.com/hyperledger-labs/mirbft/log.CommitEntry()
      /opt/gopath/src/github.com/hyperledger-labs/mirbft/log/log.go:108 +0x284
  github.com/hyperledger-labs/mirbft/announcer.Announce()
      /opt/gopath/src/github.com/hyperledger-labs/mirbft/announcer/announcer.go:26 +0x370
  github.com/hyperledger-labs/mirbft/orderer.(*pbftInstance).announce()
      /opt/gopath/src/github.com/hyperledger-labs/mirbft/orderer/pbftinstance.go:726 +0x36b
  github.com/hyperledger-labs/mirbft/orderer.(*pbftInstance).handleCommit()
      /opt/gopath/src/github.com/hyperledger-labs/mirbft/orderer/pbftinstance.go:664 +0x7bd
  github.com/hyperledger-labs/mirbft/orderer.(*pbftInstance).handleMessage()
      /opt/gopath/src/github.com/hyperledger-labs/mirbft/orderer/pbftinstance.go:1810 +0x2e5
  github.com/hyperledger-labs/mirbft/orderer.(*pbftInstance).processSerializedMessages()
      /opt/gopath/src/github.com/hyperledger-labs/mirbft/orderer/pbftinstance.go:1764 +0xdd
  github.com/hyperledger-labs/mirbft/orderer.(*PbftOrderer).runSegment.func2()
      /opt/gopath/src/github.com/hyperledger-labs/mirbft/orderer/pbftorderer.go:199 +0x39

Goroutine 938 (running) created at:
  github.com/hyperledger-labs/mirbft/manager.(*MirManager).Start()
      /opt/gopath/src/github.com/hyperledger-labs/mirbft/manager/mirmanager.go:112 +0x191
  main.main.func4()
      /opt/gopath/src/github.com/hyperledger-labs/mirbft/cmd/orderingpeer/main.go:185 +0x59

Goroutine 945 (running) created at:
  github.com/hyperledger-labs/mirbft/orderer.(*PbftOrderer).runSegment()
      /opt/gopath/src/github.com/hyperledger-labs/mirbft/orderer/pbftorderer.go:199 +0x3f6
  github.com/hyperledger-labs/mirbft/orderer.(*PbftOrderer).Start()
      /opt/gopath/src/github.com/hyperledger-labs/mirbft/orderer/pbftorderer.go:176 +0x344
  main.main.func5()
      /opt/gopath/src/github.com/hyperledger-labs/mirbft/cmd/orderingpeer/main.go:186 +0x59
==================
03:17:27.008 INF PBFT checkpoint ready. Scheduling catchup. lastSn=20 segID=0
03:17:27.026 INF fuck! epoch=192 epoch time (ms)=22288 leaders=2 viewtimeout=104000
03:17:27.026 INF Epoch finished. Waiting for stable checkpoint. sn=20
03:17:27.028 INF New stable checkpoint. sn=20
03:17:27.028 INF Received stable checkpoint notification. sn=20
03:17:27.028 INF Epoch end confirmed. chkpSn=20
03:17:27.028 INF Closing message serializers. segID=0
03:17:27.029 INF Advancing watermarks. numEntries=21
03:17:27.029 INF Statistics commitTs=1753989425769021089 duration=8725978 proposeTs=1753989425760295111 sn=0
03:17:27.029 INF Statistics commitTs=1753989426771029379 duration=10039656 proposeTs=1753989426760989723 sn=1
03:17:27.029 INF Statistics commitTs=1753989427419703699 duration=92650071 proposeTs=1753989427327053628 sn=2
03:17:27.029 INF Statistics commitTs=1753989428379628772 duration=65728582 proposeTs=1753989428313900190 sn=3
03:17:27.029 INF Statistics commitTs=1753989429257299085 duration=19834367 proposeTs=1753989429237464718 sn=4
03:17:27.029 INF Statistics commitTs=1753989430008751107 duration=81855794 proposeTs=1753989429926895313 sn=5
03:17:27.029 INF Statistics commitTs=1753989430923565161 duration=47851378 proposeTs=1753989430875713783 sn=6
03:17:27.029 INF Statistics commitTs=1753989431895420181 duration=22192722 proposeTs=1753989431873227459 sn=7
03:17:27.029 INF Statistics commitTs=1753989432966929527 duration=76165063 proposeTs=1753989432890764464 sn=8
03:17:27.029 INF Statistics commitTs=1753989433936743476 duration=54403818 proposeTs=1753989433882339658 sn=9
03:17:27.029 INF Statistics commitTs=1753989434820420641 duration=24816728 proposeTs=1753989434795603913 sn=10
03:17:27.030 INF Statistics commitTs=1753989435529045653 duration=64591036 proposeTs=1753989435464454617 sn=11
03:17:27.030 INF Statistics commitTs=1753989436481810250 duration=55656533 proposeTs=1753989436426153717 sn=12
03:17:27.030 INF Statistics commitTs=1753989437432702263 duration=26224738 proposeTs=1753989437406477525 sn=13
03:17:27.030 INF Statistics commitTs=1753989438469166676 duration=73474433 proposeTs=1753989438395692243 sn=14
03:17:27.030 INF Statistics commitTs=1753989439433066072 duration=50981133 proposeTs=1753989439382084939 sn=15
03:17:27.030 INF Statistics commitTs=1753989440378928950 duration=25064135 proposeTs=1753989440353864815 sn=16
03:17:27.030 INF Statistics commitTs=1753989441460953360 duration=79022232 proposeTs=1753989441381931128 sn=17
03:17:27.030 INF Statistics commitTs=1753989445076583322 duration=89752004 proposeTs=1753989444986831318 sn=18
03:17:27.030 INF Statistics commitTs=1753989446175935587 duration=161583510 proposeTs=1753989446014352077 sn=19
03:17:27.030 INF Statistics commitTs=1753989446996171998 duration=29789492 proposeTs=1753989446966382506 sn=20
03:17:27.030 INF Median commit time commit=54403818 segID=0
03:17:27.182 INF PbftOrderer received a new segment: [21 23 25 27 29 31 33 35 37 39 41 43 45 47 49 51] first leader=0 firstSN=21 lastSN=51 len=16 length=16 segId=1
03:17:27.518 INF Starting new view. segID=1 timeout=104000 view=0
03:17:27.518 INF Advanced timeout advanced=54403818 initial=1000000000
03:17:27.518 INF Advanced timeout advanced=1054403818 initial=1000000000
03:17:27.518 INF Advanced timeout advanced=2054403818 initial=1000000000
03:17:27.518 INF Advanced timeout advanced=3054403818 initial=1000000000
03:17:27.518 INF Advanced timeout advanced=4054403818 initial=1000000000
03:17:27.518 INF Advanced timeout advanced=5054403818 initial=1000000000
03:17:27.518 INF Advanced timeout advanced=6054403818 initial=1000000000
03:17:27.518 INF Advanced timeout advanced=7054403818 initial=1000000000
03:17:27.518 INF Advanced timeout advanced=8054403818 initial=1000000000
03:17:27.518 INF Advanced timeout advanced=9054403818 initial=1000000000
03:17:27.518 INF Advanced timeout advanced=10054403818 initial=1000000000
03:17:27.518 INF Advanced timeout advanced=11054403818 initial=1000000000
03:17:27.518 INF Advanced timeout advanced=12054403818 initial=1000000000
03:17:27.519 INF Advanced timeout advanced=13054403818 initial=1000000000
03:17:27.519 INF Advanced timeout advanced=14054403818 initial=1000000000
03:17:27.519 INF Advanced timeout advanced=15054403818 initial=1000000000
03:17:27.519 INF Starting PBFT instance. first=21 last=51 segID=1
03:17:27.520 INF fuck1 epoch change time (ms)=523
03:17:27.520 INF Starting serialized message processing. segID=1
03:17:27.520 INF PbftOrderer received a new segment: [22 24 26 28 30 32 34 36 38 40 42 44 46 48 50 52] first leader=1 firstSN=22 lastSN=52 len=16 length=16 segId=2
03:17:27.759 INF Starting new view. segID=2 timeout=104000 view=0
03:17:27.759 INF Advanced timeout advanced=54403818 initial=1000000000
03:17:27.759 INF Advanced timeout advanced=1054403818 initial=1000000000
03:17:27.759 INF Advanced timeout advanced=2054403818 initial=1000000000
03:17:27.759 INF Advanced timeout advanced=3054403818 initial=1000000000
03:17:27.759 INF Advanced timeout advanced=4054403818 initial=1000000000
03:17:27.759 INF Advanced timeout advanced=5054403818 initial=1000000000
03:17:27.759 INF Advanced timeout advanced=6054403818 initial=1000000000
03:17:27.759 INF Advanced timeout advanced=7054403818 initial=1000000000
03:17:27.759 INF Advanced timeout advanced=8054403818 initial=1000000000
03:17:27.759 INF Advanced timeout advanced=9054403818 initial=1000000000
03:17:27.759 INF Advanced timeout advanced=10054403818 initial=1000000000
03:17:27.759 INF Advanced timeout advanced=11054403818 initial=1000000000
03:17:27.759 INF Advanced timeout advanced=12054403818 initial=1000000000
03:17:27.759 INF Advanced timeout advanced=13054403818 initial=1000000000
03:17:27.759 INF Advanced timeout advanced=14054403818 initial=1000000000
03:17:27.760 INF Advanced timeout advanced=15054403818 initial=1000000000
03:17:27.760 INF Starting PBFT instance. first=22 last=52 segID=2
03:17:27.760 INF Starting serialized message processing. segID=2
03:17:28.728 INF Handling PREPREPARE. nReq=505 senderID=0 sn=21
03:17:28.749 INF Committed entry. latency=0 nReq=505 sn=21
03:17:28.749 INF Delivered batch. nReq=505 sn=21
03:17:28.790 INF Handling PREPREPARE. nReq=1371 senderID=1 sn=22
03:17:28.817 INF Committed entry. latency=0 nReq=1371 sn=22
03:17:28.817 INF Delivered batch. nReq=1371 sn=22
03:17:29.778 INF Handling PREPREPARE. nReq=1531 senderID=0 sn=23
03:17:29.817 INF Committed entry. latency=0 nReq=1531 sn=23
03:17:29.818 INF Delivered batch. nReq=1531 sn=23
03:17:29.900 INF Handling PREPREPARE. nReq=4096 senderID=1 sn=24
03:17:29.964 INF Committed entry. latency=0 nReq=4096 sn=24
03:19:13.572 WRN Timeout segId=1 sn=25 view=0
03:19:33.140 INF Delivered batch. nReq=4096 sn=24
03:19:33.140 INF Starting new view. segID=1 timeout=208000 view=1
03:19:33.140 INF Advanced timeout advanced=54403818 initial=1000000000
03:19:33.140 INF Advanced timeout advanced=1054403818 initial=1000000000
03:19:33.141 INF Advanced timeout advanced=2054403818 initial=1000000000
03:19:33.141 INF Advanced timeout advanced=3054403818 initial=1000000000
03:19:33.141 INF Advanced timeout advanced=4054403818 initial=1000000000
03:19:33.141 INF Advanced timeout advanced=5054403818 initial=1000000000
03:19:33.141 INF Advanced timeout advanced=6054403818 initial=1000000000
03:19:33.142 INF Advanced timeout advanced=7054403818 initial=1000000000
03:19:33.142 WRN Timeout segId=2 sn=26 view=0
03:19:33.142 INF Advanced timeout advanced=8054403818 initial=1000000000
03:19:33.142 INF Starting new view. segID=2 timeout=208000 view=1
03:19:33.142 INF Advanced timeout advanced=9054403818 initial=1000000000
03:19:33.142 INF Advanced timeout advanced=54403818 initial=1000000000
03:19:33.142 INF Advanced timeout advanced=10054403818 initial=1000000000
03:19:33.142 INF Advanced timeout advanced=11054403818 initial=1000000000
03:19:33.143 INF Advanced timeout advanced=12054403818 initial=1000000000
03:19:33.143 INF Advanced timeout advanced=13054403818 initial=1000000000
03:19:33.143 INF Advanced timeout advanced=14054403818 initial=1000000000
03:19:33.143 INF Advanced timeout advanced=15054403818 initial=1000000000
03:19:33.142 INF Advanced timeout advanced=1054403818 initial=1000000000
03:19:33.143 INF Advanced timeout advanced=2054403818 initial=1000000000
03:19:33.144 INF Advanced timeout advanced=3054403818 initial=1000000000
03:19:33.144 INF Advanced timeout advanced=4054403818 initial=1000000000
03:19:33.144 INF Advanced timeout advanced=5054403818 initial=1000000000
03:19:33.144 INF Advanced timeout advanced=6054403818 initial=1000000000
03:19:33.145 INF Advanced timeout advanced=7054403818 initial=1000000000
03:19:33.145 INF Advanced timeout advanced=8054403818 initial=1000000000
03:19:33.145 INF Advanced timeout advanced=9054403818 initial=1000000000
03:19:33.145 INF Advanced timeout advanced=10054403818 initial=1000000000
03:19:33.145 INF Advanced timeout advanced=11054403818 initial=1000000000
03:19:33.146 INF Advanced timeout advanced=12054403818 initial=1000000000
03:19:33.146 INF Advanced timeout advanced=13054403818 initial=1000000000
03:19:33.146 INF Advanced timeout advanced=14054403818 initial=1000000000
03:19:33.146 INF Advanced timeout advanced=15054403818 initial=1000000000
03:19:33.147 INF Requesting VIEWCHANGE. receiverID=1 segID=1 senderID=11 view=1
03:19:33.147 INF Requesting VIEWCHANGE. receiverID=2 segID=2 senderID=11 view=1
03:19:33.194 INF Handling PREPREPARE. nReq=0 senderID=0 sn=27
03:19:33.200 INF Handling PREPREPARE. nReq=406 senderID=0 sn=25
03:19:33.328 INF Handling NEWVIEW. currentView=1 msgView=1 segID=2 senderID=2
03:19:33.444 INF Handling PREPREPARE. nReq=1043 senderID=1 sn=26
03:19:33.465 INF Handling NEWVIEW. currentView=1 msgView=1 segID=1 senderID=1
03:19:33.518 INF Committed entry. latency=0 nReq=0 sn=46
03:19:33.518 INF Committed entry. latency=0 nReq=0 sn=50
03:19:33.518 INF Committed entry. latency=0 nReq=0 sn=32
03:19:33.519 INF Committed entry. latency=0 nReq=0 sn=34
03:19:33.519 INF Committed entry. latency=0 nReq=0 sn=38
03:19:33.520 INF Committed entry. latency=0 nReq=0 sn=42
03:19:33.520 INF Committed entry. latency=0 nReq=0 sn=28
03:19:33.520 INF Committed entry. latency=0 nReq=0 sn=52
03:19:33.520 INF Committed entry. latency=0 nReq=0 sn=40
03:19:33.520 INF Committed entry. latency=0 nReq=0 sn=36
03:19:33.521 INF Committed entry. latency=0 nReq=0 sn=44
03:19:33.521 INF Committed entry. latency=0 nReq=0 sn=48
03:19:33.521 INF Committed entry. latency=0 nReq=0 sn=26
03:19:33.521 INF Committed entry. latency=0 nReq=0 sn=30
03:19:33.521 INF Sending segment checkpoint. lastSn=52 segID=2
03:19:33.524 INF Committed entry. latency=0 nReq=0 sn=35
03:19:33.524 INF Committed entry. latency=0 nReq=0 sn=37
03:19:33.524 INF Committed entry. latency=0 nReq=0 sn=41
03:19:33.524 INF Committed entry. latency=0 nReq=0 sn=45
03:19:33.524 INF Committed entry. latency=0 nReq=0 sn=51
03:19:33.524 INF Committed entry. latency=0 nReq=0 sn=27
03:19:33.524 INF Committed entry. latency=0 nReq=0 sn=33
03:19:33.526 INF Committed entry. latency=0 nReq=0 sn=49
03:19:33.526 INF Committed entry. latency=0 nReq=0 sn=25
03:19:33.527 INF Delivered batch. nReq=0 sn=25
03:19:33.527 INF Delivered batch. nReq=0 sn=26
03:19:33.527 INF Delivered batch. nReq=0 sn=27
03:19:33.527 INF Delivered batch. nReq=0 sn=28
03:19:33.527 INF Committed entry. latency=0 nReq=0 sn=47
03:19:33.527 INF Committed entry. latency=0 nReq=0 sn=29
03:19:33.527 INF Delivered batch. nReq=0 sn=29
03:19:33.527 INF Delivered batch. nReq=0 sn=30
03:19:33.527 INF Committed entry. latency=0 nReq=0 sn=39
03:19:33.527 INF Committed entry. latency=0 nReq=0 sn=31
03:19:33.527 INF Delivered batch. nReq=0 sn=31
03:19:33.528 INF Delivered batch. nReq=0 sn=32
03:19:33.528 INF Delivered batch. nReq=0 sn=33
03:19:33.528 INF Delivered batch. nReq=0 sn=34
03:19:33.528 INF Delivered batch. nReq=0 sn=35
03:19:33.528 INF Delivered batch. nReq=0 sn=36
03:19:33.528 INF Delivered batch. nReq=0 sn=37
03:19:33.529 INF Delivered batch. nReq=0 sn=38
03:19:33.529 INF Delivered batch. nReq=0 sn=39
03:19:33.529 INF Delivered batch. nReq=0 sn=40
03:19:33.529 INF Delivered batch. nReq=0 sn=41
03:19:33.529 INF Delivered batch. nReq=0 sn=42
03:19:33.530 INF Committed entry. latency=0 nReq=0 sn=43
03:19:33.530 INF Delivered batch. nReq=0 sn=43
03:19:33.530 INF Delivered batch. nReq=0 sn=44
03:19:33.530 INF Delivered batch. nReq=0 sn=45
03:19:33.530 INF Delivered batch. nReq=0 sn=46
03:19:33.530 INF Delivered batch. nReq=0 sn=47
03:19:33.530 INF Delivered batch. nReq=0 sn=48
03:19:33.531 INF Delivered batch. nReq=0 sn=49
03:19:33.531 INF Delivered batch. nReq=0 sn=50
03:19:33.531 INF Delivered batch. nReq=0 sn=51
03:19:33.531 INF Delivered batch. nReq=0 sn=52
03:19:33.531 INF Sending segment checkpoint. lastSn=51 segID=1
03:19:33.535 INF PBFT checkpoint ready. Scheduling catchup. lastSn=52 segID=2
03:19:33.537 INF PBFT checkpoint ready. Scheduling catchup. lastSn=51 segID=1
03:19:33.552 INF fuck! epoch=192 epoch time (ms)=126012 leaders=3 viewtimeout=120000
03:19:33.553 INF Epoch finished. Waiting for stable checkpoint. sn=52
03:19:33.564 INF New stable checkpoint. sn=52
03:19:33.564 INF Received stable checkpoint notification. sn=52
03:19:33.564 INF Epoch end confirmed. chkpSn=52
03:19:33.564 INF Closing message serializers. segID=1
03:19:33.565 INF Statistics commitTs=1753989448746210767 duration=17269334 proposeTs=1753989448728941433 sn=21
03:19:33.565 INF Statistics commitTs=1753989449815664656 duration=36927158 proposeTs=1753989449778737498 sn=23
03:19:33.565 INF Statistics commitTs=1753989573521812341 duration=126001876768 proposeTs=1753989447519935573 sn=25
03:19:33.565 INF Statistics commitTs=1753989573521721134 duration=126001785561 proposeTs=1753989447519935573 sn=27
03:19:33.565 INF Statistics commitTs=1753989573521841967 duration=126001906394 proposeTs=1753989447519935573 sn=29
03:19:33.565 INF Statistics commitTs=1753989573521885479 duration=126001949906 proposeTs=1753989447519935573 sn=31
03:19:33.565 INF Statistics commitTs=1753989573521494848 duration=126001559275 proposeTs=1753989447519935573 sn=33
03:19:33.565 INF Statistics commitTs=1753989573521522646 duration=126001587073 proposeTs=1753989447519935573 sn=35
03:19:33.565 INF Statistics commitTs=1753989573521906679 duration=126001971106 proposeTs=1753989447519935573 sn=37
03:19:33.565 INF Statistics commitTs=1753989573523455361 duration=126003519788 proposeTs=1753989447519935573 sn=39
03:19:33.565 INF Statistics commitTs=1753989573521559745 duration=126001624172 proposeTs=1753989447519935573 sn=41
03:19:33.565 INF Statistics commitTs=1753989573521588450 duration=126001652877 proposeTs=1753989447519935573 sn=43
03:19:33.565 INF Advancing watermarks. numEntries=32
03:19:33.565 INF Statistics commitTs=1753989573521953228 duration=126002017655 proposeTs=1753989447519935573 sn=45
03:19:33.565 INF Statistics commitTs=1753989573521985729 duration=126002050156 proposeTs=1753989447519935573 sn=47
03:19:33.565 INF Statistics commitTs=1753989573521753318 duration=126001817745 proposeTs=1753989447519935573 sn=49
03:19:33.566 INF Statistics commitTs=1753989573521780062 duration=126001844489 proposeTs=1753989447519935573 sn=51
03:19:33.566 INF Median commit time commit=126001844489 segID=1
03:19:33.566 INF Closing message serializers. segID=2
03:19:33.566 INF Statistics commitTs=1753989448815742604 duration=25570927 proposeTs=1753989448790171677 sn=22
03:19:33.566 INF Statistics commitTs=1753989449963656709 duration=62862059 proposeTs=1753989449900794650 sn=24
03:19:33.566 INF Statistics commitTs=1753989573521275765 duration=125761056988 proposeTs=1753989447760218777 sn=26
03:19:33.566 INF Statistics commitTs=1753989573520326470 duration=125760107693 proposeTs=1753989447760218777 sn=28
03:19:33.566 INF Statistics commitTs=1753989573521280833 duration=125761062056 proposeTs=1753989447760218777 sn=30
03:19:33.566 INF Statistics commitTs=1753989573518048185 duration=125757829408 proposeTs=1753989447760218777 sn=32
03:19:33.566 INF Statistics commitTs=1753989573519571216 duration=125759352439 proposeTs=1753989447760218777 sn=34
03:19:33.566 INF Statistics commitTs=1753989573520334292 duration=125760115515 proposeTs=1753989447760218777 sn=36
03:19:33.566 INF Statistics commitTs=1753989573519578495 duration=125759359718 proposeTs=1753989447760218777 sn=38
03:19:33.566 INF Statistics commitTs=1753989573520332093 duration=125760113316 proposeTs=1753989447760218777 sn=40
03:19:33.566 INF Statistics commitTs=1753989573520318993 duration=125760100216 proposeTs=1753989447760218777 sn=42
03:19:33.567 INF Statistics commitTs=1753989573520336244 duration=125760117467 proposeTs=1753989447760218777 sn=44
03:19:33.567 INF Statistics commitTs=1753989573518042972 duration=125757824195 proposeTs=1753989447760218777 sn=46
03:19:33.567 INF Statistics commitTs=1753989573520384238 duration=125760165461 proposeTs=1753989447760218777 sn=48
03:19:33.567 INF Statistics commitTs=1753989573518046355 duration=125757827578 proposeTs=1753989447760218777 sn=50
03:19:33.567 INF Statistics commitTs=1753989573520329749 duration=125760110972 proposeTs=1753989447760218777 sn=52
03:19:33.567 INF Median commit time commit=125760107693 segID=2
03:19:33.583 INF PbftOrderer received a new segment: [53 56 59 62 65 68 71 74 77 80 83 86 89 92 95 98] first leader=0 firstSN=53 lastSN=98 len=16 length=16 segId=3
03:19:33.982 INF Starting new view. segID=3 timeout=120000 view=0
03:19:33.983 INF Advanced timeout advanced=125760107693 initial=1000000000
03:19:33.983 INF Advanced timeout advanced=126760107693 initial=1000000000
03:19:33.983 INF Advanced timeout advanced=127760107693 initial=1000000000
03:19:33.983 INF Advanced timeout advanced=128760107693 initial=1000000000
03:19:33.983 INF Advanced timeout advanced=129760107693 initial=1000000000
03:19:33.983 INF Advanced timeout advanced=130760107693 initial=1000000000
03:19:33.983 INF Advanced timeout advanced=131760107693 initial=1000000000
03:19:33.983 INF Advanced timeout advanced=132760107693 initial=1000000000
03:19:33.983 INF Advanced timeout advanced=133760107693 initial=1000000000
03:19:33.983 INF Advanced timeout advanced=134760107693 initial=1000000000
03:19:33.983 INF Advanced timeout advanced=135760107693 initial=1000000000
03:19:33.983 INF Advanced timeout advanced=136760107693 initial=1000000000
03:19:33.984 INF Advanced timeout advanced=137760107693 initial=1000000000
03:19:33.984 INF Advanced timeout advanced=138760107693 initial=1000000000
03:19:33.984 INF Advanced timeout advanced=139760107693 initial=1000000000
03:19:33.984 INF Advanced timeout advanced=140760107693 initial=1000000000
03:19:33.984 INF Starting PBFT instance. first=53 last=98 segID=3
03:19:33.984 INF PbftOrderer received a new segment: [54 57 60 63 66 69 72 75 78 81 84 87 90 93 96 99] first leader=1 firstSN=54 lastSN=99 len=16 length=16 segId=4
03:19:34.000 INF Starting serialized message processing. segID=3
03:19:34.328 INF Starting new view. segID=4 timeout=120000 view=0
03:19:34.328 INF Advanced timeout advanced=125760107693 initial=1000000000
03:19:34.328 INF Advanced timeout advanced=126760107693 initial=1000000000
03:19:34.328 INF Advanced timeout advanced=127760107693 initial=1000000000
03:19:34.328 INF Advanced timeout advanced=128760107693 initial=1000000000
03:19:34.328 INF Advanced timeout advanced=129760107693 initial=1000000000
03:19:34.328 INF Advanced timeout advanced=130760107693 initial=1000000000
03:19:34.328 INF Advanced timeout advanced=131760107693 initial=1000000000
03:19:34.328 INF Advanced timeout advanced=132760107693 initial=1000000000
03:19:34.329 INF Advanced timeout advanced=133760107693 initial=1000000000
03:19:34.329 INF Advanced timeout advanced=134760107693 initial=1000000000
03:19:34.329 INF Advanced timeout advanced=135760107693 initial=1000000000
03:19:34.329 INF Advanced timeout advanced=136760107693 initial=1000000000
03:19:34.329 INF Advanced timeout advanced=137760107693 initial=1000000000
03:19:34.329 INF Advanced timeout advanced=138760107693 initial=1000000000
03:19:34.329 INF Advanced timeout advanced=139760107693 initial=1000000000
03:19:34.329 INF Advanced timeout advanced=140760107693 initial=1000000000
03:19:34.329 INF Starting PBFT instance. first=54 last=99 segID=4
03:19:34.329 INF Starting serialized message processing. segID=4
03:19:34.329 INF fuck1 epoch change time (ms)=797
03:19:34.329 INF PbftOrderer received a new segment: [55 58 61 64 67 70 73 76 79 82 85 88 91 94 97 100] first leader=2 firstSN=55 lastSN=100 len=16 length=16 segId=5
03:19:34.580 INF Starting new view. segID=5 timeout=120000 view=0
03:19:34.581 INF Advanced timeout advanced=125760107693 initial=1000000000
03:19:34.581 INF Advanced timeout advanced=126760107693 initial=1000000000
03:19:34.581 INF Advanced timeout advanced=127760107693 initial=1000000000
03:19:34.581 INF Advanced timeout advanced=128760107693 initial=1000000000
03:19:34.581 INF Advanced timeout advanced=129760107693 initial=1000000000
03:19:34.581 INF Advanced timeout advanced=130760107693 initial=1000000000
03:19:34.581 INF Advanced timeout advanced=131760107693 initial=1000000000
03:19:34.581 INF Advanced timeout advanced=132760107693 initial=1000000000
03:19:34.581 INF Advanced timeout advanced=133760107693 initial=1000000000
03:19:34.581 INF Advanced timeout advanced=134760107693 initial=1000000000
03:19:34.581 INF Advanced timeout advanced=135760107693 initial=1000000000
03:19:34.581 INF Advanced timeout advanced=136760107693 initial=1000000000
03:19:34.581 INF Advanced timeout advanced=137760107693 initial=1000000000
03:19:34.581 INF Advanced timeout advanced=138760107693 initial=1000000000
03:19:34.581 INF Advanced timeout advanced=139760107693 initial=1000000000
03:19:34.581 INF Advanced timeout advanced=140760107693 initial=1000000000
03:19:34.582 INF Starting PBFT instance. first=55 last=100 segID=5
03:19:34.582 INF Starting serialized message processing. segID=5
03:19:35.265 INF Handling PREPREPARE. nReq=1028 senderID=0 sn=53
03:19:35.293 INF Committed entry. latency=0 nReq=1028 sn=53
03:19:35.293 INF Delivered batch. nReq=1028 sn=53
03:19:35.423 INF Handling PREPREPARE. nReq=4096 senderID=1 sn=54
03:19:35.496 INF Committed entry. latency=0 nReq=4096 sn=54
03:19:35.496 INF Delivered batch. nReq=4096 sn=54
03:19:35.616 INF Handling PREPREPARE. nReq=1118 senderID=2 sn=55
03:19:35.636 INF Committed entry. latency=0 nReq=1118 sn=55
03:19:35.636 INF Delivered batch. nReq=1118 sn=55
03:19:36.220 INF Handling PREPREPARE. nReq=317 senderID=0 sn=56
03:19:36.239 INF Committed entry. latency=0 nReq=317 sn=56
03:19:36.239 INF Delivered batch. nReq=317 sn=56
03:19:36.378 INF Handling PREPREPARE. nReq=1105 senderID=1 sn=57
03:19:36.407 INF Committed entry. latency=0 nReq=1105 sn=57
03:19:36.407 INF Delivered batch. nReq=1105 sn=57
03:19:36.601 INF Handling PREPREPARE. nReq=440 senderID=2 sn=58
03:19:36.621 INF Committed entry. latency=0 nReq=440 sn=58
03:19:36.621 INF Delivered batch. nReq=440 sn=58
03:19:37.217 INF Handling PREPREPARE. nReq=308 senderID=0 sn=59
03:19:37.238 INF Committed entry. latency=0 nReq=308 sn=59
03:19:37.238 INF Delivered batch. nReq=308 sn=59
03:19:37.400 INF Handling PREPREPARE. nReq=1293 senderID=1 sn=60
03:19:37.432 INF Committed entry. latency=0 nReq=1293 sn=60
03:19:37.432 INF Delivered batch. nReq=1293 sn=60
03:19:37.629 INF Handling PREPREPARE. nReq=860 senderID=2 sn=61
03:19:37.654 INF Committed entry. latency=0 nReq=860 sn=61
03:19:37.654 INF Delivered batch. nReq=860 sn=61
03:19:38.225 INF Handling PREPREPARE. nReq=286 senderID=0 sn=62
03:19:38.243 INF Committed entry. latency=0 nReq=286 sn=62
03:19:38.243 INF Delivered batch. nReq=286 sn=62
03:19:38.379 INF Handling PREPREPARE. nReq=1246 senderID=1 sn=63
03:19:38.412 INF Committed entry. latency=0 nReq=1246 sn=63
03:19:38.412 INF Delivered batch. nReq=1246 sn=63
03:19:38.643 INF Handling PREPREPARE. nReq=1769 senderID=2 sn=64
03:19:38.686 INF Committed entry. latency=0 nReq=1769 sn=64
03:19:38.686 INF Delivered batch. nReq=1769 sn=64
03:19:39.233 INF Handling PREPREPARE. nReq=485 senderID=0 sn=65
03:19:39.254 INF Committed entry. latency=0 nReq=485 sn=65
03:19:39.254 INF Delivered batch. nReq=485 sn=65
03:19:39.398 INF Handling PREPREPARE. nReq=1718 senderID=1 sn=66
03:19:39.440 INF Committed entry. latency=0 nReq=1718 sn=66
03:19:39.441 INF Delivered batch. nReq=1718 sn=66
03:19:39.658 INF Handling PREPREPARE. nReq=2040 senderID=2 sn=67
03:19:39.708 INF Committed entry. latency=0 nReq=2040 sn=67
03:19:39.709 INF Delivered batch. nReq=2040 sn=67
03:19:40.239 INF Handling PREPREPARE. nReq=474 senderID=0 sn=68
03:19:40.263 INF Committed entry. latency=0 nReq=474 sn=68
03:19:40.263 INF Delivered batch. nReq=474 sn=68
03:19:40.396 INF Handling PREPREPARE. nReq=1620 senderID=1 sn=69
03:19:40.430 INF Committed entry. latency=0 nReq=1620 sn=69
03:19:40.431 INF Delivered batch. nReq=1620 sn=69
03:19:40.643 INF Handling PREPREPARE. nReq=1264 senderID=2 sn=70
03:19:40.672 INF Committed entry. latency=0 nReq=1264 sn=70
03:19:40.673 INF Delivered batch. nReq=1264 sn=70
03:19:41.225 INF Handling PREPREPARE. nReq=279 senderID=0 sn=71
03:19:41.244 INF Committed entry. latency=0 nReq=279 sn=71
03:19:41.245 INF Delivered batch. nReq=279 sn=71
03:19:41.379 INF Handling PREPREPARE. nReq=1285 senderID=1 sn=72
03:19:41.410 INF Committed entry. latency=0 nReq=1285 sn=72
03:19:41.410 INF Delivered batch. nReq=1285 sn=72
03:19:41.667 INF Handling PREPREPARE. nReq=1472 senderID=2 sn=73
03:19:41.701 INF Committed entry. latency=0 nReq=1472 sn=73
03:19:41.701 INF Delivered batch. nReq=1472 sn=73
03:19:42.231 INF Handling PREPREPARE. nReq=382 senderID=0 sn=74
03:19:42.245 INF Committed entry. latency=0 nReq=382 sn=74
03:19:42.245 INF Delivered batch. nReq=382 sn=74
03:19:42.412 INF Handling PREPREPARE. nReq=1612 senderID=1 sn=75
03:19:42.451 INF Committed entry. latency=0 nReq=1612 sn=75
03:19:42.451 INF Delivered batch. nReq=1612 sn=75
03:19:42.700 INF Handling PREPREPARE. nReq=2422 senderID=2 sn=76
03:19:42.762 INF Committed entry. latency=0 nReq=2422 sn=76
03:19:42.762 INF Delivered batch. nReq=2422 sn=76
03:19:43.249 INF Handling PREPREPARE. nReq=518 senderID=0 sn=77
03:19:43.273 INF Committed entry. latency=0 nReq=518 sn=77
03:19:43.273 INF Delivered batch. nReq=518 sn=77
03:19:43.405 INF Handling PREPREPARE. nReq=1629 senderID=1 sn=78
03:19:43.454 INF Committed entry. latency=0 nReq=1629 sn=78
03:19:43.454 INF Delivered batch. nReq=1629 sn=78
03:19:43.658 INF Handling PREPREPARE. nReq=1319 senderID=2 sn=79
03:19:43.687 INF Committed entry. latency=0 nReq=1319 sn=79
03:19:43.687 INF Delivered batch. nReq=1319 sn=79
03:19:44.221 INF Handling PREPREPARE. nReq=305 senderID=0 sn=80
03:19:44.241 INF Committed entry. latency=0 nReq=305 sn=80
03:19:44.242 INF Delivered batch. nReq=305 sn=80
03:19:44.367 INF Handling PREPREPARE. nReq=838 senderID=1 sn=81
03:19:44.396 INF Committed entry. latency=0 nReq=838 sn=81
03:19:44.396 INF Delivered batch. nReq=838 sn=81
03:19:44.652 INF Handling PREPREPARE. nReq=1444 senderID=2 sn=82
03:19:44.684 INF Committed entry. latency=0 nReq=1444 sn=82
03:19:44.684 INF Delivered batch. nReq=1444 sn=82
03:19:45.292 INF Handling PREPREPARE. nReq=1166 senderID=0 sn=83
03:19:45.319 INF Committed entry. latency=0 nReq=1166 sn=83
03:19:45.319 INF Delivered batch. nReq=1166 sn=83
03:19:45.351 INF Handling PREPREPARE. nReq=761 senderID=1 sn=84
03:19:45.371 INF Committed entry. latency=0 nReq=761 sn=84
03:19:45.371 INF Delivered batch. nReq=761 sn=84
03:19:45.674 INF Handling PREPREPARE. nReq=1866 senderID=2 sn=85
03:19:45.716 INF Committed entry. latency=0 nReq=1866 sn=85
03:19:45.716 INF Delivered batch. nReq=1866 sn=85
03:19:46.224 INF Handling PREPREPARE. nReq=529 senderID=0 sn=86
03:19:46.239 INF Committed entry. latency=0 nReq=529 sn=86
03:19:46.239 INF Delivered batch. nReq=529 sn=86
03:19:46.335 INF Handling PREPREPARE. nReq=0 senderID=1 sn=87
03:19:46.340 INF Committed entry. latency=0 nReq=0 sn=87
03:19:46.340 INF Delivered batch. nReq=0 sn=87
03:19:46.595 INF Handling PREPREPARE. nReq=0 senderID=2 sn=88
03:19:46.599 INF Committed entry. latency=0 nReq=0 sn=88
03:19:46.599 INF Delivered batch. nReq=0 sn=88
03:19:47.278 INF Handling PREPREPARE. nReq=764 senderID=0 sn=89
03:19:47.307 INF Committed entry. latency=0 nReq=764 sn=89
03:19:47.308 INF Delivered batch. nReq=764 sn=89
03:19:47.336 INF Handling PREPREPARE. nReq=0 senderID=1 sn=90
03:19:47.340 INF Committed entry. latency=0 nReq=0 sn=90
03:19:47.340 INF Delivered batch. nReq=0 sn=90
03:19:47.596 INF Handling PREPREPARE. nReq=0 senderID=2 sn=91
03:19:47.603 INF Committed entry. latency=0 nReq=0 sn=91
03:19:47.603 INF Delivered batch. nReq=0 sn=91
03:19:48.338 INF Handling PREPREPARE. nReq=0 senderID=1 sn=93
03:19:48.344 INF Committed entry. latency=0 nReq=0 sn=93
03:19:48.357 INF Handling PREPREPARE. nReq=2645 senderID=0 sn=92
03:19:48.420 INF Committed entry. latency=0 nReq=2645 sn=92
03:19:48.420 INF Delivered batch. nReq=2645 sn=92
03:19:48.421 INF Delivered batch. nReq=0 sn=93
03:19:48.596 INF Handling PREPREPARE. nReq=0 senderID=2 sn=94
03:19:48.602 INF Committed entry. latency=0 nReq=0 sn=94
03:19:48.602 INF Delivered batch. nReq=0 sn=94
03:19:49.286 INF Handling PREPREPARE. nReq=877 senderID=0 sn=95
03:19:49.323 INF Committed entry. latency=0 nReq=877 sn=95
03:19:49.324 INF Delivered batch. nReq=877 sn=95
03:19:49.348 INF Handling PREPREPARE. nReq=0 senderID=1 sn=96
03:19:49.350 INF Committed entry. latency=0 nReq=0 sn=96
03:19:49.350 INF Delivered batch. nReq=0 sn=96
03:19:49.598 INF Handling PREPREPARE. nReq=0 senderID=2 sn=97
03:19:49.604 INF Committed entry. latency=0 nReq=0 sn=97
03:19:49.604 INF Delivered batch. nReq=0 sn=97
03:19:50.314 INF Handling PREPREPARE. nReq=1420 senderID=0 sn=98
03:19:50.344 INF Handling PREPREPARE. nReq=0 senderID=1 sn=99
03:19:50.348 INF Committed entry. latency=0 nReq=1420 sn=98
03:19:50.348 INF Delivered batch. nReq=1420 sn=98
03:19:50.349 INF Sending segment checkpoint. lastSn=98 segID=3
03:19:50.349 INF Committed entry. latency=0 nReq=0 sn=99
03:19:50.350 INF Delivered batch. nReq=0 sn=99
03:19:50.350 INF Sending segment checkpoint. lastSn=99 segID=4
03:19:50.353 INF PBFT checkpoint ready. Scheduling catchup. lastSn=99 segID=4
03:19:50.359 INF PBFT checkpoint ready. Scheduling catchup. lastSn=98 segID=3
03:19:50.598 INF Handling PREPREPARE. nReq=0 senderID=2 sn=100
03:19:50.603 INF Committed entry. latency=0 nReq=0 sn=100
03:19:50.604 INF Delivered batch. nReq=0 sn=100
03:19:50.604 INF Sending segment checkpoint. lastSn=100 segID=5
03:19:50.611 INF PBFT checkpoint ready. Scheduling catchup. lastSn=100 segID=5
03:19:50.641 INF fuck! epoch=192 epoch time (ms)=16275 leaders=4 viewtimeout=120000
03:19:50.641 INF Epoch finished. Waiting for stable checkpoint. sn=100
03:19:50.643 INF New stable checkpoint. sn=100
03:19:50.644 INF Closing message serializers. segID=3
03:19:50.644 INF Statistics commitTs=1753989575291260022 duration=25951459 proposeTs=1753989575265308563 sn=53
03:19:50.644 INF Statistics commitTs=1753989576238440533 duration=18404114 proposeTs=1753989576220036419 sn=56
03:19:50.645 INF Statistics commitTs=1753989577237110552 duration=19362133 proposeTs=1753989577217748419 sn=59
03:19:50.645 INF Statistics commitTs=1753989578243079442 duration=17564850 proposeTs=1753989578225514592 sn=62
03:19:50.645 INF Statistics commitTs=1753989579253404371 duration=20250001 proposeTs=1753989579233154370 sn=65
03:19:50.645 INF Statistics commitTs=1753989580262821877 duration=23384782 proposeTs=1753989580239437095 sn=68
03:19:50.646 INF Statistics commitTs=1753989581244105585 duration=18399957 proposeTs=1753989581225705628 sn=71
03:19:50.646 INF Statistics commitTs=1753989582245110511 duration=13548786 proposeTs=1753989582231561725 sn=74
03:19:50.646 INF Statistics commitTs=1753989583272776652 duration=23426175 proposeTs=1753989583249350477 sn=77
03:19:50.647 INF Epoch end confirmed. chkpSn=100
03:19:50.647 INF Received stable checkpoint notification. sn=100
03:19:50.647 INF Advancing watermarks. numEntries=48
03:19:50.649 INF Closing message serializers. segID=5
03:19:50.650 INF Statistics commitTs=1753989575636104604 duration=20215801 proposeTs=1753989575615888803 sn=55
03:19:50.650 INF Statistics commitTs=1753989576621267417 duration=19863203 proposeTs=1753989576601404214 sn=58
03:19:50.650 INF Statistics commitTs=1753989577652792603 duration=23470716 proposeTs=1753989577629321887 sn=61
03:19:50.650 INF Statistics commitTs=1753989578683584377 duration=39752778 proposeTs=1753989578643831599 sn=64
03:19:50.650 INF Statistics commitTs=1753989579707392770 duration=48587772 proposeTs=1753989579658804998 sn=67
03:19:50.646 INF Statistics commitTs=1753989584241339284 duration=19979017 proposeTs=1753989584221360267 sn=80
03:19:50.651 INF Closing message serializers. segID=4
03:19:50.651 INF Statistics commitTs=1753989580671868155 duration=28626555 proposeTs=1753989580643241600 sn=70
03:19:50.651 INF Statistics commitTs=1753989585317397890 duration=24861158 proposeTs=1753989585292536732 sn=83
03:19:50.651 INF Statistics commitTs=1753989575493547667 duration=69994086 proposeTs=1753989575423553581 sn=54
03:19:50.651 INF Statistics commitTs=1753989581700390270 duration=32919207 proposeTs=1753989581667471063 sn=73
03:19:50.651 INF Statistics commitTs=1753989576406784353 duration=28349326 proposeTs=1753989576378435027 sn=57
03:19:50.651 INF Statistics commitTs=1753989586238528483 duration=13685657 proposeTs=1753989586224842826 sn=86
03:19:50.651 INF Statistics commitTs=1753989582760737722 duration=60560127 proposeTs=1753989582700177595 sn=76
03:19:50.651 INF Statistics commitTs=1753989577431268046 duration=31237040 proposeTs=1753989577400031006 sn=60
03:19:50.651 INF Statistics commitTs=1753989583683651409 duration=25646828 proposeTs=1753989583658004581 sn=79
03:19:50.651 INF Statistics commitTs=1753989587307069712 duration=28790781 proposeTs=1753989587278278931 sn=89
03:19:50.651 INF Statistics commitTs=1753989578410029153 duration=30348141 proposeTs=1753989578379681012 sn=63
03:19:50.651 INF Statistics commitTs=1753989584683223266 duration=30919868 proposeTs=1753989584652303398 sn=82
03:19:50.651 INF Statistics commitTs=1753989588413881409 duration=56353705 proposeTs=1753989588357527704 sn=92
03:19:50.651 INF Statistics commitTs=1753989579439469634 duration=40768308 proposeTs=1753989579398701326 sn=66
03:19:50.651 INF Statistics commitTs=1753989585714487108 duration=39790358 proposeTs=1753989585674696750 sn=85
03:19:50.652 INF Statistics commitTs=1753989580428279273 duration=31780881 proposeTs=1753989580396498392 sn=69
03:19:50.652 INF Statistics commitTs=1753989589322627384 duration=36464781 proposeTs=1753989589286162603 sn=95
03:19:50.652 INF Statistics commitTs=1753989581408892502 duration=29210989 proposeTs=1753989581379681513 sn=72
03:19:50.652 INF Statistics commitTs=1753989586599453667 duration=4083957 proposeTs=1753989586595369710 sn=88
03:19:50.652 INF Statistics commitTs=1753989590346918102 duration=32473213 proposeTs=1753989590314444889 sn=98
03:19:50.652 INF Statistics commitTs=1753989582448980008 duration=36957075 proposeTs=1753989582412022933 sn=75
03:19:50.652 INF Median commit time commit=23384782 segID=3
03:19:50.652 INF Statistics commitTs=1753989587603278710 duration=6769481 proposeTs=1753989587596509229 sn=91
03:19:50.652 INF Statistics commitTs=1753989583450685231 duration=44924403 proposeTs=1753989583405760828 sn=78
03:19:50.652 INF Statistics commitTs=1753989588601986224 duration=5055150 proposeTs=1753989588596931074 sn=94
03:19:50.652 INF Statistics commitTs=1753989584395502580 duration=27907891 proposeTs=1753989584367594689 sn=81
03:19:50.652 INF Statistics commitTs=1753989589603939311 duration=5822293 proposeTs=1753989589598117018 sn=97
03:19:50.652 INF Statistics commitTs=1753989585370695841 duration=19612760 proposeTs=1753989585351083081 sn=84
03:19:50.653 INF Statistics commitTs=1753989586340664416 duration=4944713 proposeTs=1753989586335719703 sn=87
03:19:50.653 INF Statistics commitTs=1753989590603803386 duration=4927795 proposeTs=1753989590598875591 sn=100
03:19:50.653 INF Median commit time commit=25646828 segID=5
03:19:50.653 INF Statistics commitTs=1753989587340085013 duration=3323836 proposeTs=1753989587336761177 sn=90
03:19:50.653 INF Statistics commitTs=1753989588344662304 duration=6372765 proposeTs=1753989588338289539 sn=93
03:19:50.653 INF Statistics commitTs=1753989589350351059 duration=2240458 proposeTs=1753989589348110601 sn=96
03:19:50.653 INF Statistics commitTs=1753989590349625209 duration=5607506 proposeTs=1753989590344017703 sn=99
03:19:50.653 INF Median commit time commit=29210989 segID=4
03:19:50.970 INF PbftOrderer received a new segment: [102 106 110 114 118 122 126 130 134 138 142 146 150 154 158 162] first leader=1 firstSN=102 lastSN=162 len=16 length=16 segId=7
03:19:51.824 INF Starting new view. segID=7 timeout=120000 view=0
03:19:51.824 INF Advanced timeout advanced=29210989 initial=1000000000
03:19:51.824 INF Advanced timeout advanced=1029210989 initial=1000000000
03:19:51.825 INF Advanced timeout advanced=2029210989 initial=1000000000
03:19:51.825 INF Advanced timeout advanced=3029210989 initial=1000000000
03:19:51.834 INF Advanced timeout advanced=4029210989 initial=1000000000
03:19:51.834 INF Advanced timeout advanced=5029210989 initial=1000000000
03:19:51.834 INF Advanced timeout advanced=6029210989 initial=1000000000
03:19:51.834 INF Advanced timeout advanced=7029210989 initial=1000000000
03:19:51.834 INF Advanced timeout advanced=8029210989 initial=1000000000
03:19:51.834 INF Advanced timeout advanced=9029210989 initial=1000000000
03:19:51.834 INF Advanced timeout advanced=10029210989 initial=1000000000
03:19:51.834 INF Advanced timeout advanced=11029210989 initial=1000000000
03:19:51.834 INF Advanced timeout advanced=12029210989 initial=1000000000
03:19:51.834 INF Advanced timeout advanced=13029210989 initial=1000000000
03:19:51.834 INF Advanced timeout advanced=14029210989 initial=1000000000
03:19:51.834 INF Advanced timeout advanced=15029210989 initial=1000000000
03:19:51.835 INF Starting PBFT instance. first=102 last=162 segID=7
03:19:51.835 INF PbftOrderer received a new segment: [103 107 111 115 119 123 127 131 135 139 143 147 151 155 159 163] first leader=2 firstSN=103 lastSN=163 len=16 length=16 segId=8
03:19:51.840 INF Starting serialized message processing. segID=7
03:19:52.529 INF Starting new view. segID=8 timeout=120000 view=0
03:19:52.530 INF Advanced timeout advanced=29210989 initial=1000000000
03:19:52.530 INF Advanced timeout advanced=1029210989 initial=1000000000
03:19:52.530 INF Advanced timeout advanced=2029210989 initial=1000000000
03:19:52.530 INF Advanced timeout advanced=3029210989 initial=1000000000
03:19:52.530 INF Advanced timeout advanced=4029210989 initial=1000000000
03:19:52.530 INF Advanced timeout advanced=5029210989 initial=1000000000
03:19:52.530 INF Advanced timeout advanced=6029210989 initial=1000000000
03:19:52.530 INF Advanced timeout advanced=7029210989 initial=1000000000
03:19:52.530 INF Advanced timeout advanced=8029210989 initial=1000000000
03:19:52.530 INF Advanced timeout advanced=9029210989 initial=1000000000
03:19:52.530 INF Advanced timeout advanced=10029210989 initial=1000000000
03:19:52.530 INF Advanced timeout advanced=11029210989 initial=1000000000
03:19:52.530 INF Advanced timeout advanced=12029210989 initial=1000000000
03:19:52.531 INF Advanced timeout advanced=13029210989 initial=1000000000
03:19:52.531 INF Advanced timeout advanced=14029210989 initial=1000000000
03:19:52.531 INF Advanced timeout advanced=15029210989 initial=1000000000
03:19:52.531 INF Starting PBFT instance. first=103 last=163 segID=8
03:19:52.531 INF PbftOrderer received a new segment: [104 108 112 116 120 124 128 132 136 140 144 148 152 156 160 164] first leader=3 firstSN=104 lastSN=164 len=16 length=16 segId=9
03:19:52.549 INF Starting serialized message processing. segID=8
03:19:52.875 INF Handling PREPREPARE. nReq=1293 senderID=2 sn=103
03:19:53.160 INF Starting new view. segID=9 timeout=120000 view=0
03:19:53.161 INF Advanced timeout advanced=29210989 initial=1000000000
03:19:53.161 INF Advanced timeout advanced=1029210989 initial=1000000000
03:19:53.161 INF Advanced timeout advanced=2029210989 initial=1000000000
03:19:53.161 INF Advanced timeout advanced=3029210989 initial=1000000000
03:19:53.161 INF Advanced timeout advanced=4029210989 initial=1000000000
03:19:53.161 INF Advanced timeout advanced=5029210989 initial=1000000000
03:19:53.161 INF Advanced timeout advanced=6029210989 initial=1000000000
03:19:53.161 INF Advanced timeout advanced=7029210989 initial=1000000000
03:19:53.161 INF Advanced timeout advanced=8029210989 initial=1000000000
03:19:53.161 INF Advanced timeout advanced=9029210989 initial=1000000000
03:19:53.161 INF Advanced timeout advanced=10029210989 initial=1000000000
03:19:53.161 INF Advanced timeout advanced=11029210989 initial=1000000000
03:19:53.161 INF Advanced timeout advanced=12029210989 initial=1000000000
03:19:53.161 INF Advanced timeout advanced=13029210989 initial=1000000000
03:19:53.161 INF Advanced timeout advanced=14029210989 initial=1000000000
03:19:53.161 INF Advanced timeout advanced=15029210989 initial=1000000000
03:19:53.161 INF Starting PBFT instance. first=104 last=164 segID=9
03:19:53.162 INF PbftOrderer received a new segment: [101 105 109 113 117 121 125 129 133 137 141 145 149 153 157 161] first leader=0 firstSN=101 lastSN=161 len=16 length=16 segId=6
03:19:53.165 INF fuck1 epoch change time (ms)=2561
03:19:53.163 INF Starting serialized message processing. segID=9
03:19:53.237 INF Committed entry. latency=0 nReq=1293 sn=103
03:19:53.673 INF Starting new view. segID=6 timeout=120000 view=0
03:19:53.674 INF Advanced timeout advanced=29210989 initial=1000000000
03:19:53.674 INF Advanced timeout advanced=1029210989 initial=1000000000
03:19:53.674 INF Advanced timeout advanced=2029210989 initial=1000000000
03:19:53.674 INF Advanced timeout advanced=3029210989 initial=1000000000
03:19:53.674 INF Advanced timeout advanced=4029210989 initial=1000000000
03:19:53.674 INF Advanced timeout advanced=5029210989 initial=1000000000
03:19:53.674 INF Advanced timeout advanced=6029210989 initial=1000000000
03:19:53.674 INF Advanced timeout advanced=7029210989 initial=1000000000
03:19:53.674 INF Advanced timeout advanced=8029210989 initial=1000000000
03:19:53.674 INF Advanced timeout advanced=9029210989 initial=1000000000
03:19:53.674 INF Advanced timeout advanced=10029210989 initial=1000000000
03:19:53.674 INF Advanced timeout advanced=11029210989 initial=1000000000
03:19:53.675 INF Advanced timeout advanced=12029210989 initial=1000000000
03:19:53.675 INF Advanced timeout advanced=13029210989 initial=1000000000
03:19:53.675 INF Advanced timeout advanced=14029210989 initial=1000000000
03:19:53.675 INF Advanced timeout advanced=15029210989 initial=1000000000
03:19:53.675 INF Starting PBFT instance. first=101 last=161 segID=6
03:19:53.675 INF Starting serialized message processing. segID=6
03:19:53.675 INF Handling PREPREPARE. nReq=471 senderID=0 sn=101
03:19:53.682 INF Handling PREPREPARE. nReq=0 senderID=2 sn=107
03:19:53.689 INF Committed entry. latency=0 nReq=0 sn=107
03:19:53.689 INF Committed entry. latency=0 nReq=471 sn=101
03:19:53.690 INF Delivered batch. nReq=471 sn=101
03:19:53.720 INF Handling PREPREPARE. nReq=2190 senderID=1 sn=102
03:19:53.798 INF Committed entry. latency=0 nReq=2190 sn=102
03:19:53.798 INF Delivered batch. nReq=2190 sn=102
03:19:53.799 INF Delivered batch. nReq=1293 sn=103
03:19:53.814 INF Handling PREPREPARE. nReq=247 senderID=0 sn=105
03:19:53.837 INF Committed entry. latency=0 nReq=247 sn=105
03:19:54.591 INF Handling PREPREPARE. nReq=0 senderID=1 sn=106
03:19:54.597 INF Committed entry. latency=0 nReq=0 sn=106
03:19:54.670 INF Handling PREPREPARE. nReq=0 senderID=3 sn=104
03:19:54.675 INF Committed entry. latency=0 nReq=0 sn=104
03:19:54.675 INF Delivered batch. nReq=0 sn=104
03:19:54.675 INF Delivered batch. nReq=247 sn=105
03:19:54.676 INF Delivered batch. nReq=0 sn=106
03:19:54.676 INF Delivered batch. nReq=0 sn=107
03:19:54.683 INF Handling PREPREPARE. nReq=0 senderID=2 sn=111
03:19:54.687 INF Committed entry. latency=0 nReq=0 sn=111
03:19:54.789 INF Handling PREPREPARE. nReq=95 senderID=0 sn=109
03:19:54.798 INF Committed entry. latency=0 nReq=95 sn=109
03:19:55.592 INF Handling PREPREPARE. nReq=0 senderID=1 sn=110
03:19:55.597 INF Committed entry. latency=0 nReq=0 sn=110
03:19:55.672 INF Handling PREPREPARE. nReq=0 senderID=3 sn=108
03:19:55.677 INF Committed entry. latency=0 nReq=0 sn=108
03:19:55.677 INF Delivered batch. nReq=0 sn=108
03:19:55.677 INF Delivered batch. nReq=95 sn=109
03:19:55.678 INF Delivered batch. nReq=0 sn=110
03:19:55.678 INF Delivered batch. nReq=0 sn=111
03:19:55.691 INF Handling PREPREPARE. nReq=0 senderID=2 sn=115
03:19:55.696 INF Committed entry. latency=0 nReq=0 sn=115
03:19:55.815 INF Handling PREPREPARE. nReq=479 senderID=0 sn=113
03:19:55.840 INF Committed entry. latency=0 nReq=479 sn=113
03:19:56.593 INF Handling PREPREPARE. nReq=0 senderID=1 sn=114
03:19:56.599 INF Committed entry. latency=0 nReq=0 sn=114
03:19:56.673 INF Handling PREPREPARE. nReq=0 senderID=3 sn=112
03:19:56.678 INF Committed entry. latency=0 nReq=0 sn=112
03:19:56.679 INF Delivered batch. nReq=0 sn=112
03:19:56.679 INF Delivered batch. nReq=479 sn=113
03:19:56.679 INF Delivered batch. nReq=0 sn=114
03:19:56.679 INF Delivered batch. nReq=0 sn=115
03:19:56.713 INF Handling PREPREPARE. nReq=0 senderID=2 sn=119
03:19:56.716 INF Committed entry. latency=0 nReq=0 sn=119
03:19:56.785 INF Handling PREPREPARE. nReq=0 senderID=0 sn=117
03:19:56.790 INF Committed entry. latency=0 nReq=0 sn=117
03:19:57.594 INF Handling PREPREPARE. nReq=0 senderID=1 sn=118
03:19:57.602 INF Committed entry. latency=0 nReq=0 sn=118
03:19:57.673 INF Handling PREPREPARE. nReq=0 senderID=3 sn=116
03:19:57.680 INF Committed entry. latency=0 nReq=0 sn=116
03:19:57.680 INF Delivered batch. nReq=0 sn=116
03:19:57.680 INF Delivered batch. nReq=0 sn=117
03:19:57.680 INF Delivered batch. nReq=0 sn=118
03:19:57.681 INF Delivered batch. nReq=0 sn=119
03:19:57.706 INF Handling PREPREPARE. nReq=0 senderID=2 sn=123
03:19:57.711 INF Committed entry. latency=0 nReq=0 sn=123
03:19:57.787 INF Handling PREPREPARE. nReq=0 senderID=0 sn=121
03:19:57.793 INF Committed entry. latency=0 nReq=0 sn=121
03:19:57.860 INF Connection terminated. error="rpc error: code = Canceled desc = context canceled" address=127.0.0.1:35810
03:19:57.864 INF Finished sending bucket assignments to client. clId=0
03:19:58.385 INF Stopping profiler.
03:19:58.385 INF Stopping Tracer. events=1071 fileName=experiment-output/0000/slave-011/peer.trc
==================
WARNING: DATA RACE
Read at 0x00c000a32730 by goroutine 109:
  github.com/hyperledger-labs/mirbft/tracing.(*BufferedTrace).Stop()
      /opt/gopath/src/github.com/hyperledger-labs/mirbft/tracing/bufferedtrace.go:237 +0x30e
  github.com/hyperledger-labs/mirbft/tracing.(*BufferedTrace).StopOnSignal.func1()
      /opt/gopath/src/github.com/hyperledger-labs/mirbft/tracing/bufferedtrace.go:298 +0x4e

Previous write at 0x00c000a32730 by goroutine 108:
  github.com/hyperledger-labs/mirbft/tracing.(*BufferedTrace).Event()
      /opt/gopath/src/github.com/hyperledger-labs/mirbft/tracing/bufferedtrace.go:105 +0x2cd
  github.com/hyperledger-labs/mirbft/profiling.StartCPUTracing.func1()
      /opt/gopath/src/github.com/hyperledger-labs/mirbft/profiling/cpuusage.go:33 +0x95

Goroutine 109 (running) created at:
  github.com/hyperledger-labs/mirbft/tracing.(*BufferedTrace).StopOnSignal()
      /opt/gopath/src/github.com/hyperledger-labs/mirbft/tracing/bufferedtrace.go:292 +0x178
  main.setUpTracing()
      /opt/gopath/src/github.com/hyperledger-labs/mirbft/cmd/orderingpeer/main.go:408 +0xf5
  main.main()
      /opt/gopath/src/github.com/hyperledger-labs/mirbft/cmd/orderingpeer/main.go:110 +0x9e4
  runtime.deferreturn()
      /home/ubuntu/go/src/runtime/panic.go:476 +0x32
  main.main()
      /opt/gopath/src/github.com/hyperledger-labs/mirbft/cmd/orderingpeer/main.go:78 +0x56c

Goroutine 108 (running) created at:
  github.com/hyperledger-labs/mirbft/profiling.StartCPUTracing()
      /opt/gopath/src/github.com/hyperledger-labs/mirbft/profiling/cpuusage.go:30 +0xb9
  main.setUpTracing()
      /opt/gopath/src/github.com/hyperledger-labs/mirbft/cmd/orderingpeer/main.go:400 +0x85
  main.main()
      /opt/gopath/src/github.com/hyperledger-labs/mirbft/cmd/orderingpeer/main.go:110 +0x9e4
  runtime.deferreturn()
      /home/ubuntu/go/src/runtime/panic.go:476 +0x32
  main.main()
      /opt/gopath/src/github.com/hyperledger-labs/mirbft/cmd/orderingpeer/main.go:78 +0x56c
==================
03:19:58.390 INF Trace data written.
03:19:58.408 INF Profile data written. filename=experiment-output/0000/slave-011/prof.cpu name=cpu
03:19:58.439 INF Profile data written. filename=experiment-output/0000/slave-011/prof.block name=block
03:19:58.446 INF Profile data written. filename=experiment-output/0000/slave-011/prof.mutex name=mutex
