{"level":"debug","Logging":"info","time":"2025-08-01T03:14:26+08:00","message":"Config"}
{"level":"debug","UseTLS":false,"time":"2025-08-01T03:14:26+08:00","message":"Config"}
{"level":"debug","CACertFile":"tls-data/ca.pem","time":"2025-08-01T03:14:26+08:00","message":"Config"}
{"level":"debug","KeyFile":"tls-data/auth.key","time":"2025-08-01T03:14:26+08:00","message":"Config"}
{"level":"debug","CertFile":"tls-data/auth.pem","time":"2025-08-01T03:14:26+08:00","message":"Config"}
{"level":"debug","PriorityConnections":2,"time":"2025-08-01T03:14:26+08:00","message":"Config"}
{"level":"debug","BasicConnections":2,"time":"2025-08-01T03:14:26+08:00","message":"Config"}
{"level":"debug","TestConnections":false,"time":"2025-08-01T03:14:26+08:00","message":"Config"}
{"level":"debug","ExcessConnections":1,"time":"2025-08-01T03:14:26+08:00","message":"Config"}
{"level":"debug","ConnectionTestMsgs":4,"time":"2025-08-01T03:14:26+08:00","message":"Config"}
{"level":"debug","ConnectionTestPayload":131072,"time":"2025-08-01T03:14:26+08:00","message":"Config"}
{"level":"debug","OutMessageBufsize":1024,"time":"2025-08-01T03:14:26+08:00","message":"Config"}
{"level":"debug","OutMessageBufsize":2,"time":"2025-08-01T03:14:26+08:00","message":"Config"}
{"level":"debug","ThroughputCap":131072000,"time":"2025-08-01T03:14:26+08:00","message":"Config"}
{"level":"debug","StragglerTolerance":1000,"time":"2025-08-01T03:14:26+08:00","message":"Config"}
{"level":"debug","BatchSizeIncrement":256,"time":"2025-08-01T03:14:26+08:00","message":"Config"}
{"level":"debug","Orderer":"Pbft","time":"2025-08-01T03:14:26+08:00","message":"Config"}
{"level":"debug","Manager":"Mir","time":"2025-08-01T03:14:26+08:00","message":"Config"}
{"level":"debug","Failures":0,"time":"2025-08-01T03:14:26+08:00","message":"Config"}
{"level":"debug","CrashTiming":"EpochStart","time":"2025-08-01T03:14:26+08:00","message":"Config"}
{"level":"debug","CheckpointInterval":256,"time":"2025-08-01T03:14:26+08:00","message":"Config"}
{"level":"debug","WatermarkWindowSize":256,"time":"2025-08-01T03:14:26+08:00","message":"Config"}
{"level":"debug","EpochLength":256,"time":"2025-08-01T03:14:26+08:00","message":"Config"}
{"level":"debug","SegmentLength":32,"time":"2025-08-01T03:14:26+08:00","message":"Config"}
{"level":"debug","WaitForCheckpoints":true,"time":"2025-08-01T03:14:26+08:00","message":"Config"}
{"level":"debug","ClientWatermarkWindowSize":4194304,"time":"2025-08-01T03:14:26+08:00","message":"Config"}
{"level":"debug","ClientRequestBacklogSize":4194304,"time":"2025-08-01T03:14:26+08:00","message":"Config"}
{"level":"debug","RandomSeed":17594,"time":"2025-08-01T03:14:26+08:00","message":"Config"}
{"level":"debug","NodeToLeaderRatio":1,"time":"2025-08-01T03:14:26+08:00","message":"Config"}
{"level":"debug","LeaderPolicy":"Simple","time":"2025-08-01T03:14:26+08:00","message":"Config"}
{"level":"debug","DefaultLeaderBan":2,"time":"2025-08-01T03:14:26+08:00","message":"Config"}
{"level":"debug","NumBuckets":128,"time":"2025-08-01T03:14:26+08:00","message":"Config"}
{"level":"debug","BatchSize":4096,"time":"2025-08-01T03:14:26+08:00","message":"Config"}
{"level":"debug","BatchTimeoutMs":1000,"time":"2025-08-01T03:14:26+08:00","message":"Config"}
{"level":"debug","DisabledViewChange":false,"time":"2025-08-01T03:14:26+08:00","message":"Config"}
{"level":"debug","ViewChangeTimeout":60000,"time":"2025-08-01T03:14:26+08:00","message":"Config"}
{"level":"debug","ClientTraceSampling":10,"time":"2025-08-01T03:14:26+08:00","message":"Config"}
{"level":"debug","EventBufferSize":2097152,"time":"2025-08-01T03:14:26+08:00","message":"Config"}
{"level":"debug","TraceSampling":1,"time":"2025-08-01T03:14:26+08:00","message":"Config"}
{"level":"debug","ClientsPerProcess":1,"time":"2025-08-01T03:14:26+08:00","message":"Config"}
{"level":"debug","RequestsPerClient":7200000,"time":"2025-08-01T03:14:26+08:00","message":"Config"}
{"level":"debug","ClientRunTime":60000,"time":"2025-08-01T03:14:26+08:00","message":"Config"}
{"level":"debug","RequestRate":60000,"time":"2025-08-01T03:14:26+08:00","message":"Config"}
{"level":"debug","HardRequestRateLimit":false,"time":"2025-08-01T03:14:26+08:00","message":"Config"}
{"level":"debug","RequestPayloadSize":500,"time":"2025-08-01T03:14:26+08:00","message":"Config"}
{"level":"debug","SignRequests":true,"time":"2025-08-01T03:14:26+08:00","message":"Config"}
{"level":"debug","ClientPrivKeyFile":"tls-data/client-ecdsa-256.key","time":"2025-08-01T03:14:26+08:00","message":"Config"}
{"level":"debug","ClientPubKeyFile":"tls-data/client-ecdsa-256.pem","time":"2025-08-01T03:14:26+08:00","message":"Config"}
{"level":"debug","PrecomputeRequests":false,"time":"2025-08-01T03:14:26+08:00","message":"Config"}
{"level":"debug","RequestHandlerThreads":32,"time":"2025-08-01T03:14:26+08:00","message":"Config"}
{"level":"debug","RequestInputChannelBuffer":8192,"time":"2025-08-01T03:14:26+08:00","message":"Config"}
{"level":"debug","BatchVerifier":"external","time":"2025-08-01T03:14:26+08:00","message":"Config"}
03:14:26.537 INF Registered with discovery server. numPeers=8 ownID=0
03:14:26.537 INF Profiling enabled.
03:14:26.537 INF Setting up profiling.
03:14:26.538 INF Started Profiler: CPU
03:14:26.538 INF Started Profiler: BLOCK
03:14:26.538 INF Started Profiler: MUTEX
03:14:26.538 INF Profiler will stop on signal. exit=true
03:14:26.539 INF Tracing will stop on signal. exit=false
03:14:26.539 INF Started tracing. traceFile=experiment-output/0000/slave-008/peer.trc
03:14:26.540 INF Listening for connections. port=10000 useTLS=false
03:14:26.540 INF Connecting to peer. addr=127.0.0.1:10022 basicConns=2 priorityConns=2
03:14:26.541 INF Connecting to peer. addr=127.0.0.1:10055 basicConns=2 priorityConns=2
03:14:26.541 INF Connecting to peer. addr=127.0.0.1:10011 basicConns=2 priorityConns=2
03:14:26.541 INF Connecting to peer. addr=127.0.0.1:10033 basicConns=2 priorityConns=2
03:14:26.542 INF Connecting to peer. addr=127.0.0.1:10000 basicConns=2 priorityConns=2
03:14:26.542 INF Connecting to peer. addr=127.0.0.1:10066 basicConns=2 priorityConns=2
03:14:26.542 INF Connecting to peer. addr=127.0.0.1:10044 basicConns=2 priorityConns=2
03:14:26.542 INF Connecting to peer. addr=127.0.0.1:10077 basicConns=2 priorityConns=2
03:14:26.556 INF Incoming connection for protocol messages. addr=127.0.0.1:55932
03:14:26.557 INF Incoming connection for protocol messages. addr=127.0.0.1:55948
03:14:26.559 INF Incoming connection for protocol messages. addr=127.0.0.1:55964
03:14:26.559 INF Incoming connection for protocol messages. addr=127.0.0.1:56018
03:14:26.564 INF Incoming connection for protocol messages. addr=127.0.0.1:56002
03:14:26.569 INF Incoming connection for protocol messages. addr=127.0.0.1:55974
03:14:26.569 INF Incoming connection for protocol messages. addr=127.0.0.1:55922
03:14:26.570 INF Incoming connection for protocol messages. addr=127.0.0.1:56068
03:14:26.570 INF Incoming connection for protocol messages. addr=127.0.0.1:55988
03:14:26.571 INF Incoming connection for protocol messages. addr=127.0.0.1:56052
03:14:26.571 INF Incoming connection for protocol messages. addr=127.0.0.1:56038
03:14:26.571 INF Incoming connection for protocol messages. addr=127.0.0.1:56014
03:14:26.572 INF Incoming connection for protocol messages. addr=127.0.0.1:56120
03:14:26.572 INF Incoming connection for protocol messages. addr=127.0.0.1:56034
03:14:26.572 INF Incoming connection for protocol messages. addr=127.0.0.1:56126
03:14:26.573 INF Incoming connection for protocol messages. addr=127.0.0.1:56158
03:14:26.577 INF Incoming connection for protocol messages. addr=127.0.0.1:56190
03:14:26.577 INF Incoming connection for protocol messages. addr=127.0.0.1:56168
03:14:26.577 INF Incoming connection for protocol messages. addr=127.0.0.1:56184
03:14:26.577 INF Incoming connection for protocol messages. addr=127.0.0.1:56134
03:14:26.577 INF Incoming connection for protocol messages. addr=127.0.0.1:56124
03:14:26.577 INF Incoming connection for protocol messages. addr=127.0.0.1:56160
03:14:26.577 INF Incoming connection for protocol messages. addr=127.0.0.1:56104
03:14:26.577 INF Incoming connection for protocol messages. addr=127.0.0.1:56092
03:14:26.577 INF Incoming connection for protocol messages. addr=127.0.0.1:56086
03:14:26.578 INF Incoming connection for protocol messages. addr=127.0.0.1:56154
03:14:26.579 INF Incoming connection for protocol messages. addr=127.0.0.1:56196
03:14:26.579 INF Incoming connection for protocol messages. addr=127.0.0.1:56082
03:14:26.579 INF Incoming connection for protocol messages. addr=127.0.0.1:56138
03:14:26.580 INF Incoming connection for protocol messages. addr=127.0.0.1:56198
03:14:26.583 INF Connected to all peers.
03:14:26.583 INF Incoming connection for protocol messages. addr=127.0.0.1:56208
03:14:26.584 INF Incoming connection for protocol messages. addr=127.0.0.1:56188
03:14:27.553 INF All peers finished connecting. Starting ISS.
03:14:27.554 INF PbftOrderer received a new segment: [0 1 2 3 4 5 6 7 8 9 10 11 12 13 14 15 16 17 18 19 20 21 22 23 24 25 26 27 28 29 30 31] first leader=0 firstSN=0 lastSN=31 len=32 length=32 segId=0
03:14:27.612 INF Starting new view. segID=0 timeout=60000 view=0
03:14:27.612 INF Starting PBFT instance. first=0 last=31 segID=0
03:14:27.612 INF Starting serialized message processing. segID=0
03:14:28.613 INF Sending PREPREPARE. nReq=0 senderID=0 sn=0 view=0
03:14:28.624 INF Committed entry. latency=0 nReq=0 sn=0
03:14:28.624 INF Delivered batch. nReq=0 sn=0
03:14:29.613 INF Sending PREPREPARE. nReq=0 senderID=0 sn=1 view=0
03:14:29.617 INF Committed entry. latency=0 nReq=0 sn=1
03:14:29.617 INF Delivered batch. nReq=0 sn=1
03:14:29.640 INF Incoming connection for requests. addr=127.0.0.1:56210
03:14:29.972 INF Sending PREPREPARE. nReq=4096 senderID=0 sn=2 view=0
03:14:30.116 INF Committed entry. latency=0 nReq=4096 sn=2
03:14:30.117 INF Delivered batch. nReq=4096 sn=2
03:14:30.979 INF Sending PREPREPARE. nReq=2335 senderID=0 sn=3 view=0
03:14:31.118 INF Committed entry. latency=0 nReq=2335 sn=3
03:14:31.118 INF Delivered batch. nReq=2335 sn=3
03:14:31.971 INF Sending PREPREPARE. nReq=894 senderID=0 sn=4 view=0
03:14:32.027 INF Committed entry. latency=0 nReq=894 sn=4
03:14:32.027 INF Delivered batch. nReq=894 sn=4
03:14:32.610 INF Sending PREPREPARE. nReq=4096 senderID=0 sn=5 view=0
03:14:32.743 INF Committed entry. latency=0 nReq=4096 sn=5
03:14:32.743 INF Delivered batch. nReq=4096 sn=5
03:14:33.615 INF Sending PREPREPARE. nReq=2560 senderID=0 sn=6 view=0
03:14:33.713 INF Committed entry. latency=0 nReq=2560 sn=6
03:14:33.713 INF Delivered batch. nReq=2560 sn=6
03:14:34.606 INF Sending PREPREPARE. nReq=1740 senderID=0 sn=7 view=0
03:14:34.673 INF Committed entry. latency=0 nReq=1740 sn=7
03:14:34.673 INF Delivered batch. nReq=1740 sn=7
03:14:35.333 INF Sending PREPREPARE. nReq=4096 senderID=0 sn=8 view=0
03:14:35.472 INF Committed entry. latency=0 nReq=4096 sn=8
03:14:35.472 INF Delivered batch. nReq=4096 sn=8
03:14:36.349 INF Sending PREPREPARE. nReq=2403 senderID=0 sn=9 view=0
03:14:36.491 INF Committed entry. latency=0 nReq=2403 sn=9
03:14:36.491 INF Delivered batch. nReq=2403 sn=9
03:14:37.300 INF Sending PREPREPARE. nReq=4096 senderID=0 sn=10 view=0
03:14:37.449 INF Committed entry. latency=0 nReq=4096 sn=10
03:14:37.449 INF Delivered batch. nReq=4096 sn=10
03:14:38.309 INF Sending PREPREPARE. nReq=2871 senderID=0 sn=11 view=0
03:14:38.426 INF Committed entry. latency=0 nReq=2871 sn=11
03:14:38.426 INF Delivered batch. nReq=2871 sn=11
03:14:39.303 INF Sending PREPREPARE. nReq=782 senderID=0 sn=12 view=0
03:14:39.381 INF Committed entry. latency=0 nReq=782 sn=12
03:14:39.382 INF Delivered batch. nReq=782 sn=12
03:14:40.058 INF Sending PREPREPARE. nReq=4096 senderID=0 sn=13 view=0
03:14:40.191 INF Committed entry. latency=0 nReq=4096 sn=13
03:14:40.191 INF Delivered batch. nReq=4096 sn=13
03:14:41.067 INF Sending PREPREPARE. nReq=2602 senderID=0 sn=14 view=0
03:14:41.161 INF Committed entry. latency=0 nReq=2602 sn=14
03:14:41.161 INF Delivered batch. nReq=2602 sn=14
03:14:42.059 INF Sending PREPREPARE. nReq=809 senderID=0 sn=15 view=0
03:14:42.096 INF Committed entry. latency=0 nReq=809 sn=15
03:14:42.096 INF Delivered batch. nReq=809 sn=15
03:14:42.582 INF Sending PREPREPARE. nReq=4096 senderID=0 sn=16 view=0
03:14:42.724 INF Committed entry. latency=0 nReq=4096 sn=16
03:14:42.724 INF Delivered batch. nReq=4096 sn=16
03:14:43.594 INF Sending PREPREPARE. nReq=2678 senderID=0 sn=17 view=0
03:14:43.736 INF Committed entry. latency=0 nReq=2678 sn=17
03:14:43.736 INF Delivered batch. nReq=2678 sn=17
03:14:44.586 INF Sending PREPREPARE. nReq=911 senderID=0 sn=18 view=0
03:14:44.671 INF Committed entry. latency=0 nReq=911 sn=18
03:14:44.671 INF Delivered batch. nReq=911 sn=18
03:14:45.066 INF Sending PREPREPARE. nReq=4096 senderID=0 sn=19 view=0
03:14:45.205 INF Committed entry. latency=0 nReq=4096 sn=19
03:14:45.205 INF Delivered batch. nReq=4096 sn=19
03:14:46.075 INF Sending PREPREPARE. nReq=2566 senderID=0 sn=20 view=0
03:14:46.206 INF Committed entry. latency=0 nReq=2566 sn=20
03:14:46.206 INF Delivered batch. nReq=2566 sn=20
03:14:47.070 INF Sending PREPREPARE. nReq=851 senderID=0 sn=21 view=0
03:14:47.139 INF Committed entry. latency=0 nReq=851 sn=21
03:14:47.139 INF Delivered batch. nReq=851 sn=21
03:14:47.807 INF Sending PREPREPARE. nReq=4096 senderID=0 sn=22 view=0
03:14:47.953 INF Committed entry. latency=0 nReq=4096 sn=22
03:14:47.953 INF Delivered batch. nReq=4096 sn=22
03:14:48.818 INF Sending PREPREPARE. nReq=2554 senderID=0 sn=23 view=0
03:14:48.911 INF Committed entry. latency=0 nReq=2554 sn=23
03:14:48.911 INF Delivered batch. nReq=2554 sn=23
03:14:49.813 INF Sending PREPREPARE. nReq=733 senderID=0 sn=24 view=0
03:14:49.885 INF Committed entry. latency=0 nReq=733 sn=24
03:14:49.885 INF Delivered batch. nReq=733 sn=24
03:14:50.458 INF Sending PREPREPARE. nReq=4096 senderID=0 sn=25 view=0
03:14:50.600 INF Committed entry. latency=0 nReq=4096 sn=25
03:14:50.600 INF Delivered batch. nReq=4096 sn=25
03:14:51.468 INF Sending PREPREPARE. nReq=2402 senderID=0 sn=26 view=0
03:14:51.564 INF Committed entry. latency=0 nReq=2402 sn=26
03:14:51.564 INF Delivered batch. nReq=2402 sn=26
03:14:52.461 INF Sending PREPREPARE. nReq=859 senderID=0 sn=27 view=0
03:14:52.536 INF Committed entry. latency=0 nReq=859 sn=27
03:14:52.536 INF Delivered batch. nReq=859 sn=27
03:14:52.986 INF Sending PREPREPARE. nReq=4096 senderID=0 sn=28 view=0
03:14:53.129 INF Committed entry. latency=0 nReq=4096 sn=28
03:14:53.130 INF Delivered batch. nReq=4096 sn=28
03:14:53.996 INF Sending PREPREPARE. nReq=2547 senderID=0 sn=29 view=0
03:14:54.116 INF Committed entry. latency=0 nReq=2547 sn=29
03:14:54.116 INF Delivered batch. nReq=2547 sn=29
03:14:54.990 INF Sending PREPREPARE. nReq=860 senderID=0 sn=30 view=0
03:14:55.075 INF Committed entry. latency=0 nReq=860 sn=30
03:14:55.075 INF Delivered batch. nReq=860 sn=30
03:14:55.408 INF Sending PREPREPARE. nReq=4096 senderID=0 sn=31 view=0
03:14:55.554 INF Committed entry. latency=0 nReq=4096 sn=31
03:14:55.555 INF Delivered batch. nReq=4096 sn=31
==================
WARNING: DATA RACE
Read at 0x000001304398 by goroutine 669:
  github.com/hyperledger-labs/mirbft/manager.(*MirManager).handleLogEntries()
      /opt/gopath/src/github.com/hyperledger-labs/mirbft/manager/mirmanager.go:173 +0x984
  github.com/hyperledger-labs/mirbft/manager.(*MirManager).Start.func2()
      /opt/gopath/src/github.com/hyperledger-labs/mirbft/manager/mirmanager.go:112 +0x47

Previous write at 0x000001304398 by goroutine 698:
  github.com/hyperledger-labs/mirbft/request.HandleRequest()
      /opt/gopath/src/github.com/hyperledger-labs/mirbft/request/requesthandler.go:49 +0x1d3
  github.com/hyperledger-labs/mirbft/messenger.(*messengerServer).Request()
      /opt/gopath/src/github.com/hyperledger-labs/mirbft/messenger/clients.go:77 +0x19d
  github.com/hyperledger-labs/mirbft/protobufs._Messenger_Request_Handler()
      /opt/gopath/src/github.com/hyperledger-labs/mirbft/protobufs/messenger.pb.go:1158 +0xc2
  google.golang.org/grpc.(*Server).processStreamingRPC()
      /opt/gopath/src/google.golang.org/grpc/server.go:1673 +0x1e87
  google.golang.org/grpc.(*Server).handleStream()
      /opt/gopath/src/google.golang.org/grpc/server.go:1794 +0x19c6
  google.golang.org/grpc.(*Server).serveStreams.func2.1()
      /opt/gopath/src/google.golang.org/grpc/server.go:1029 +0x125

Goroutine 669 (running) created at:
  github.com/hyperledger-labs/mirbft/manager.(*MirManager).Start()
      /opt/gopath/src/github.com/hyperledger-labs/mirbft/manager/mirmanager.go:112 +0x191
  main.main.func4()
      /opt/gopath/src/github.com/hyperledger-labs/mirbft/cmd/orderingpeer/main.go:185 +0x59

Goroutine 698 (running) created at:
  google.golang.org/grpc.(*Server).serveStreams.func2()
      /opt/gopath/src/google.golang.org/grpc/server.go:1040 +0x224
  google.golang.org/grpc/internal/transport.(*http2Server).operateHeaders()
      /opt/gopath/src/google.golang.org/grpc/internal/transport/http2_server.go:631 +0x389e
  google.golang.org/grpc/internal/transport.(*http2Server).HandleStreams()
      /opt/gopath/src/google.golang.org/grpc/internal/transport/http2_server.go:672 +0x258
  google.golang.org/grpc.(*Server).serveStreams()
      /opt/gopath/src/google.golang.org/grpc/server.go:1023 +0x68b
  google.golang.org/grpc.(*Server).handleRawConn.func1()
      /opt/gopath/src/google.golang.org/grpc/server.go:959 +0x9c
==================
==================
WARNING: DATA RACE
Write at 0x000001304380 by goroutine 683:
  github.com/hyperledger-labs/mirbft/log.publishEntries()
      /opt/gopath/src/github.com/hyperledger-labs/mirbft/log/log.go:281 +0x2e4
  github.com/hyperledger-labs/mirbft/log.CommitEntry()
      /opt/gopath/src/github.com/hyperledger-labs/mirbft/log/log.go:108 +0x284
  github.com/hyperledger-labs/mirbft/announcer.Announce()
      /opt/gopath/src/github.com/hyperledger-labs/mirbft/announcer/announcer.go:26 +0x370
  github.com/hyperledger-labs/mirbft/orderer.(*pbftInstance).announce()
      /opt/gopath/src/github.com/hyperledger-labs/mirbft/orderer/pbftinstance.go:726 +0x36b
  github.com/hyperledger-labs/mirbft/orderer.(*pbftInstance).handleCommit()
      /opt/gopath/src/github.com/hyperledger-labs/mirbft/orderer/pbftinstance.go:664 +0x7bd
  github.com/hyperledger-labs/mirbft/orderer.(*pbftInstance).handleMessage()
      /opt/gopath/src/github.com/hyperledger-labs/mirbft/orderer/pbftinstance.go:1810 +0x2e5
  github.com/hyperledger-labs/mirbft/orderer.(*pbftInstance).processSerializedMessages()
      /opt/gopath/src/github.com/hyperledger-labs/mirbft/orderer/pbftinstance.go:1764 +0xdd
  github.com/hyperledger-labs/mirbft/orderer.(*PbftOrderer).runSegment.func2()
      /opt/gopath/src/github.com/hyperledger-labs/mirbft/orderer/pbftorderer.go:199 +0x39

Previous read at 0x000001304380 by goroutine 669:
  github.com/hyperledger-labs/mirbft/manager.(*MirManager).handleLogEntries()
      /opt/gopath/src/github.com/hyperledger-labs/mirbft/manager/mirmanager.go:171 +0x854
  github.com/hyperledger-labs/mirbft/manager.(*MirManager).Start.func2()
      /opt/gopath/src/github.com/hyperledger-labs/mirbft/manager/mirmanager.go:112 +0x47

Goroutine 683 (running) created at:
  github.com/hyperledger-labs/mirbft/orderer.(*PbftOrderer).runSegment()
      /opt/gopath/src/github.com/hyperledger-labs/mirbft/orderer/pbftorderer.go:199 +0x3f6
  github.com/hyperledger-labs/mirbft/orderer.(*PbftOrderer).Start()
      /opt/gopath/src/github.com/hyperledger-labs/mirbft/orderer/pbftorderer.go:176 +0x344
  main.main.func5()
      /opt/gopath/src/github.com/hyperledger-labs/mirbft/cmd/orderingpeer/main.go:186 +0x59

Goroutine 669 (running) created at:
  github.com/hyperledger-labs/mirbft/manager.(*MirManager).Start()
      /opt/gopath/src/github.com/hyperledger-labs/mirbft/manager/mirmanager.go:112 +0x191
  main.main.func4()
      /opt/gopath/src/github.com/hyperledger-labs/mirbft/cmd/orderingpeer/main.go:185 +0x59
==================
==================
WARNING: DATA RACE
Write at 0x000001304390 by goroutine 683:
  github.com/hyperledger-labs/mirbft/log.publishEntries()
      /opt/gopath/src/github.com/hyperledger-labs/mirbft/log/log.go:286 +0x6e4
  github.com/hyperledger-labs/mirbft/log.CommitEntry()
      /opt/gopath/src/github.com/hyperledger-labs/mirbft/log/log.go:108 +0x284
  github.com/hyperledger-labs/mirbft/announcer.Announce()
      /opt/gopath/src/github.com/hyperledger-labs/mirbft/announcer/announcer.go:26 +0x370
  github.com/hyperledger-labs/mirbft/orderer.(*pbftInstance).announce()
      /opt/gopath/src/github.com/hyperledger-labs/mirbft/orderer/pbftinstance.go:726 +0x36b
  github.com/hyperledger-labs/mirbft/orderer.(*pbftInstance).handleCommit()
      /opt/gopath/src/github.com/hyperledger-labs/mirbft/orderer/pbftinstance.go:664 +0x7bd
  github.com/hyperledger-labs/mirbft/orderer.(*pbftInstance).handleMessage()
      /opt/gopath/src/github.com/hyperledger-labs/mirbft/orderer/pbftinstance.go:1810 +0x2e5
  github.com/hyperledger-labs/mirbft/orderer.(*pbftInstance).processSerializedMessages()
      /opt/gopath/src/github.com/hyperledger-labs/mirbft/orderer/pbftinstance.go:1764 +0xdd
  github.com/hyperledger-labs/mirbft/orderer.(*PbftOrderer).runSegment.func2()
      /opt/gopath/src/github.com/hyperledger-labs/mirbft/orderer/pbftorderer.go:199 +0x39

Previous read at 0x000001304390 by goroutine 669:
  github.com/hyperledger-labs/mirbft/manager.(*MirManager).handleLogEntries()
      /opt/gopath/src/github.com/hyperledger-labs/mirbft/manager/mirmanager.go:172 +0x8e4
  github.com/hyperledger-labs/mirbft/manager.(*MirManager).Start.func2()
      /opt/gopath/src/github.com/hyperledger-labs/mirbft/manager/mirmanager.go:112 +0x47

Goroutine 683 (running) created at:
  github.com/hyperledger-labs/mirbft/orderer.(*PbftOrderer).runSegment()
      /opt/gopath/src/github.com/hyperledger-labs/mirbft/orderer/pbftorderer.go:199 +0x3f6
  github.com/hyperledger-labs/mirbft/orderer.(*PbftOrderer).Start()
      /opt/gopath/src/github.com/hyperledger-labs/mirbft/orderer/pbftorderer.go:176 +0x344
  main.main.func5()
      /opt/gopath/src/github.com/hyperledger-labs/mirbft/cmd/orderingpeer/main.go:186 +0x59

Goroutine 669 (running) created at:
  github.com/hyperledger-labs/mirbft/manager.(*MirManager).Start()
      /opt/gopath/src/github.com/hyperledger-labs/mirbft/manager/mirmanager.go:112 +0x191
  main.main.func4()
      /opt/gopath/src/github.com/hyperledger-labs/mirbft/cmd/orderingpeer/main.go:185 +0x59
==================
03:14:55.572 INF Sending segment checkpoint. lastSn=31 segID=0
03:14:55.574 INF PBFT checkpoint ready. Scheduling catchup. lastSn=31 segID=0
03:14:55.579 INF New stable checkpoint. sn=31
03:14:55.579 INF Received stable checkpoint notification. sn=31
03:14:55.579 INF Closing message serializers. segID=0
03:14:55.579 INF Statistics commitTs=1753989268624124096 duration=10391039 proposeTs=1753989268613733057 sn=0
03:14:55.579 INF Statistics commitTs=1753989269617688372 duration=3735828 proposeTs=1753989269613952544 sn=1
03:14:55.579 INF Statistics commitTs=1753989270110825150 duration=117717377 proposeTs=1753989269993107773 sn=2
03:14:55.579 INF Statistics commitTs=1753989271114417153 duration=108052253 proposeTs=1753989271006364900 sn=3
03:14:55.579 INF Statistics commitTs=1753989272026496181 duration=47564842 proposeTs=1753989271978931339 sn=4
03:14:55.579 INF Statistics commitTs=1753989272737724850 duration=104135628 proposeTs=1753989272633589222 sn=5
03:14:55.580 INF Statistics commitTs=1753989273709381548 duration=74503226 proposeTs=1753989273634878322 sn=6
03:14:55.580 INF Statistics commitTs=1753989274670590802 duration=55694698 proposeTs=1753989274614896104 sn=7
03:14:55.580 INF Statistics commitTs=1753989275466545999 duration=110427332 proposeTs=1753989275356118667 sn=8
03:14:55.580 INF Statistics commitTs=1753989276486424013 duration=101391857 proposeTs=1753989276385032156 sn=9
03:14:55.580 INF Statistics commitTs=1753989277442288711 duration=115952115 proposeTs=1753989277326336596 sn=10
03:14:55.580 INF Statistics commitTs=1753989278422485728 duration=92985926 proposeTs=1753989278329499802 sn=11
03:14:55.580 INF Statistics commitTs=1753989279380524503 duration=64019607 proposeTs=1753989279316504896 sn=12
03:14:55.580 INF Statistics commitTs=1753989280185369125 duration=105704144 proposeTs=1753989280079664981 sn=13
03:14:55.580 INF Statistics commitTs=1753989281156785184 duration=71841827 proposeTs=1753989281084943357 sn=14
03:14:55.580 INF Statistics commitTs=1753989282095104540 duration=32164994 proposeTs=1753989282062939546 sn=15
03:14:55.581 INF Statistics commitTs=1753989282717091385 duration=112309899 proposeTs=1753989282604781486 sn=16
03:14:55.581 INF Statistics commitTs=1753989283732116059 duration=111699866 proposeTs=1753989283620416193 sn=17
03:14:55.581 INF Statistics commitTs=1753989284669588141 duration=64613533 proposeTs=1753989284604974608 sn=18
03:14:55.581 INF Statistics commitTs=1753989285197985998 duration=109106857 proposeTs=1753989285088879141 sn=19
03:14:55.581 INF Statistics commitTs=1753989286202383244 duration=99635071 proposeTs=1753989286102748173 sn=20
03:14:55.581 INF Statistics commitTs=1753989287137523889 duration=58096246 proposeTs=1753989287079427643 sn=21
03:14:55.581 INF Statistics commitTs=1753989287945805357 duration=116531673 proposeTs=1753989287829273684 sn=22
03:14:55.581 INF Statistics commitTs=1753989288907865569 duration=68520263 proposeTs=1753989288839345306 sn=23
03:14:55.581 INF Statistics commitTs=1753989289884092635 duration=57625566 proposeTs=1753989289826467069 sn=24
03:14:55.581 INF Statistics commitTs=1753989290592449311 duration=108968552 proposeTs=1753989290483480759 sn=25
03:14:55.582 INF Statistics commitTs=1753989291561155371 duration=74338254 proposeTs=1753989291486817117 sn=26
03:14:55.582 INF Statistics commitTs=1753989292534604840 duration=57893264 proposeTs=1753989292476711576 sn=27
03:14:55.582 INF Statistics commitTs=1753989293122791354 duration=113432516 proposeTs=1753989293009358838 sn=28
03:14:55.582 INF Statistics commitTs=1753989294112907223 duration=93159344 proposeTs=1753989294019747879 sn=29
03:14:55.582 INF Statistics commitTs=1753989295074120956 duration=66715549 proposeTs=1753989295007405407 sn=30
03:14:55.582 INF Statistics commitTs=1753989295544836867 duration=110711468 proposeTs=1753989295434125399 sn=31
03:14:55.582 INF Median commit time commit=93159344 segID=0
03:14:55.595 INF fuck! epoch=128 epoch time (ms)=28002 leaders=2 viewtimeout=104000
03:14:55.595 INF Epoch finished. Waiting for stable checkpoint. sn=31
03:14:55.595 INF Epoch end confirmed. chkpSn=31
03:14:55.595 INF Advancing watermarks. numEntries=32
03:14:56.060 INF PbftOrderer received a new segment: [32 34 36 38 40 42 44 46 48 50 52 54 56 58 60 62] first leader=0 firstSN=32 lastSN=62 len=16 length=16 segId=1
03:14:56.415 INF Starting new view. segID=1 timeout=104000 view=0
03:14:56.416 INF Advanced timeout advanced=93159344 initial=1000000000
03:14:56.416 INF Advanced timeout advanced=1093159344 initial=1000000000
03:14:56.416 INF Advanced timeout advanced=2093159344 initial=1000000000
03:14:56.416 INF Advanced timeout advanced=3093159344 initial=1000000000
03:14:56.416 INF Advanced timeout advanced=4093159344 initial=1000000000
03:14:56.416 INF Advanced timeout advanced=5093159344 initial=1000000000
03:14:56.416 INF Advanced timeout advanced=6093159344 initial=1000000000
03:14:56.416 INF Advanced timeout advanced=7093159344 initial=1000000000
03:14:56.416 INF Advanced timeout advanced=8093159344 initial=1000000000
03:14:56.416 INF Advanced timeout advanced=9093159344 initial=1000000000
03:14:56.416 INF Advanced timeout advanced=10093159344 initial=1000000000
03:14:56.416 INF Advanced timeout advanced=11093159344 initial=1000000000
03:14:56.416 INF Advanced timeout advanced=12093159344 initial=1000000000
03:14:56.416 INF Advanced timeout advanced=13093159344 initial=1000000000
03:14:56.416 INF Advanced timeout advanced=14093159344 initial=1000000000
03:14:56.416 INF Advanced timeout advanced=15093159344 initial=1000000000
03:14:56.416 INF Starting PBFT instance. first=32 last=62 segID=1
03:14:56.416 INF PbftOrderer received a new segment: [33 35 37 39 41 43 45 47 49 51 53 55 57 59 61 63] first leader=1 firstSN=33 lastSN=63 len=16 length=16 segId=2
03:14:56.416 INF Starting serialized message processing. segID=1
03:14:56.416 INF fuck1 epoch change time (ms)=861
==================
WARNING: DATA RACE
Write at 0x000001304398 by goroutine 669:
  github.com/hyperledger-labs/mirbft/manager.(*MirManager).handleLogEntries()
      /opt/gopath/src/github.com/hyperledger-labs/mirbft/manager/mirmanager.go:265 +0x17d3
  github.com/hyperledger-labs/mirbft/manager.(*MirManager).Start.func2()
      /opt/gopath/src/github.com/hyperledger-labs/mirbft/manager/mirmanager.go:112 +0x47

Previous write at 0x000001304398 by goroutine 698:
  github.com/hyperledger-labs/mirbft/request.HandleRequest()
      /opt/gopath/src/github.com/hyperledger-labs/mirbft/request/requesthandler.go:49 +0x1d3
  github.com/hyperledger-labs/mirbft/messenger.(*messengerServer).Request()
      /opt/gopath/src/github.com/hyperledger-labs/mirbft/messenger/clients.go:77 +0x19d
  github.com/hyperledger-labs/mirbft/protobufs._Messenger_Request_Handler()
      /opt/gopath/src/github.com/hyperledger-labs/mirbft/protobufs/messenger.pb.go:1158 +0xc2
  google.golang.org/grpc.(*Server).processStreamingRPC()
      /opt/gopath/src/google.golang.org/grpc/server.go:1673 +0x1e87
  google.golang.org/grpc.(*Server).handleStream()
      /opt/gopath/src/google.golang.org/grpc/server.go:1794 +0x19c6
  google.golang.org/grpc.(*Server).serveStreams.func2.1()
      /opt/gopath/src/google.golang.org/grpc/server.go:1029 +0x125

Goroutine 669 (running) created at:
  github.com/hyperledger-labs/mirbft/manager.(*MirManager).Start()
      /opt/gopath/src/github.com/hyperledger-labs/mirbft/manager/mirmanager.go:112 +0x191
  main.main.func4()
      /opt/gopath/src/github.com/hyperledger-labs/mirbft/cmd/orderingpeer/main.go:185 +0x59

Goroutine 698 (running) created at:
  google.golang.org/grpc.(*Server).serveStreams.func2()
      /opt/gopath/src/google.golang.org/grpc/server.go:1040 +0x224
  google.golang.org/grpc/internal/transport.(*http2Server).operateHeaders()
      /opt/gopath/src/google.golang.org/grpc/internal/transport/http2_server.go:631 +0x389e
  google.golang.org/grpc/internal/transport.(*http2Server).HandleStreams()
      /opt/gopath/src/google.golang.org/grpc/internal/transport/http2_server.go:672 +0x258
  google.golang.org/grpc.(*Server).serveStreams()
      /opt/gopath/src/google.golang.org/grpc/server.go:1023 +0x68b
  google.golang.org/grpc.(*Server).handleRawConn.func1()
      /opt/gopath/src/google.golang.org/grpc/server.go:959 +0x9c
==================
03:14:56.523 INF Starting new view. segID=2 timeout=104000 view=0
03:14:56.523 INF Advanced timeout advanced=93159344 initial=1000000000
03:14:56.523 INF Advanced timeout advanced=1093159344 initial=1000000000
03:14:56.523 INF Advanced timeout advanced=2093159344 initial=1000000000
03:14:56.523 INF Advanced timeout advanced=3093159344 initial=1000000000
03:14:56.523 INF Advanced timeout advanced=4093159344 initial=1000000000
03:14:56.523 INF Advanced timeout advanced=5093159344 initial=1000000000
03:14:56.523 INF Advanced timeout advanced=6093159344 initial=1000000000
03:14:56.523 INF Advanced timeout advanced=7093159344 initial=1000000000
03:14:56.523 INF Advanced timeout advanced=8093159344 initial=1000000000
03:14:56.523 INF Advanced timeout advanced=9093159344 initial=1000000000
03:14:56.523 INF Advanced timeout advanced=10093159344 initial=1000000000
03:14:56.523 INF Advanced timeout advanced=11093159344 initial=1000000000
03:14:56.523 INF Advanced timeout advanced=12093159344 initial=1000000000
03:14:56.523 INF Advanced timeout advanced=13093159344 initial=1000000000
03:14:56.524 INF Advanced timeout advanced=14093159344 initial=1000000000
03:14:56.524 INF Advanced timeout advanced=15093159344 initial=1000000000
03:14:56.524 INF Starting PBFT instance. first=33 last=63 segID=2
03:14:56.524 INF Starting serialized message processing. segID=2
03:14:57.432 INF Handling PREPREPARE. nReq=3214 senderID=1 sn=33
03:14:57.434 INF Sending PREPREPARE. nReq=3525 senderID=0 sn=32 view=0
03:14:57.496 INF Committed entry. latency=0 nReq=3214 sn=33
03:14:57.581 INF Committed entry. latency=0 nReq=3525 sn=32
03:14:57.582 INF Delivered batch. nReq=3525 sn=32
03:14:57.584 INF Delivered batch. nReq=3214 sn=33
03:14:58.426 INF Sending PREPREPARE. nReq=1481 senderID=0 sn=34 view=0
03:14:58.426 INF Handling PREPREPARE. nReq=1758 senderID=1 sn=35
03:14:58.470 INF Committed entry. latency=0 nReq=1758 sn=35
03:14:58.496 INF Committed entry. latency=0 nReq=1481 sn=34
03:14:58.496 INF Delivered batch. nReq=1481 sn=34
03:14:58.497 INF Delivered batch. nReq=1758 sn=35
03:14:59.373 INF Handling PREPREPARE. nReq=503 senderID=1 sn=37
03:14:59.382 INF Committed entry. latency=0 nReq=503 sn=37
03:14:59.425 INF Sending PREPREPARE. nReq=474 senderID=0 sn=36 view=0
03:14:59.443 INF Committed entry. latency=0 nReq=474 sn=36
03:14:59.443 INF Delivered batch. nReq=474 sn=36
03:14:59.443 INF Delivered batch. nReq=503 sn=37
03:15:00.390 INF Handling PREPREPARE. nReq=471 senderID=1 sn=39
03:15:00.412 INF Committed entry. latency=0 nReq=471 sn=39
03:15:00.426 INF Sending PREPREPARE. nReq=502 senderID=0 sn=38 view=0
03:15:00.470 INF Committed entry. latency=0 nReq=502 sn=38
03:15:00.471 INF Delivered batch. nReq=502 sn=38
03:15:00.471 INF Delivered batch. nReq=471 sn=39
03:15:01.437 INF Sending PREPREPARE. nReq=2487 senderID=0 sn=40 view=0
03:15:01.456 INF Handling PREPREPARE. nReq=2321 senderID=1 sn=41
03:15:01.510 INF Committed entry. latency=0 nReq=2321 sn=41
03:15:01.555 INF Committed entry. latency=0 nReq=2487 sn=40
03:15:01.556 INF Delivered batch. nReq=2487 sn=40
03:15:01.562 INF Delivered batch. nReq=2321 sn=41
03:15:02.426 INF Handling PREPREPARE. nReq=1336 senderID=1 sn=43
03:15:02.437 INF Sending PREPREPARE. nReq=1169 senderID=0 sn=42 view=0
03:15:02.458 INF Committed entry. latency=0 nReq=1336 sn=43
03:15:02.491 INF Committed entry. latency=0 nReq=1169 sn=42
03:15:02.491 INF Delivered batch. nReq=1169 sn=42
03:15:02.492 INF Delivered batch. nReq=1336 sn=43
03:15:03.404 INF Handling PREPREPARE. nReq=599 senderID=1 sn=45
03:15:03.429 INF Committed entry. latency=0 nReq=599 sn=45
03:15:03.435 INF Sending PREPREPARE. nReq=592 senderID=0 sn=44 view=0
03:15:03.463 INF Committed entry. latency=0 nReq=592 sn=44
03:15:03.464 INF Delivered batch. nReq=592 sn=44
03:15:03.464 INF Delivered batch. nReq=599 sn=45
03:15:04.441 INF Handling PREPREPARE. nReq=2301 senderID=1 sn=47
03:15:04.442 INF Sending PREPREPARE. nReq=2572 senderID=0 sn=46 view=0
03:15:04.482 INF Committed entry. latency=0 nReq=2301 sn=47
03:15:04.541 INF Committed entry. latency=0 nReq=2572 sn=46
03:15:04.541 INF Delivered batch. nReq=2572 sn=46
03:15:04.543 INF Delivered batch. nReq=2301 sn=47
03:15:05.444 INF Sending PREPREPARE. nReq=1065 senderID=0 sn=48 view=0
03:15:05.452 INF Handling PREPREPARE. nReq=1336 senderID=1 sn=49
03:15:05.487 INF Committed entry. latency=0 nReq=1336 sn=49
03:15:05.501 INF Committed entry. latency=0 nReq=1065 sn=48
03:15:05.501 INF Delivered batch. nReq=1065 sn=48
03:15:05.502 INF Delivered batch. nReq=1336 sn=49
03:15:06.384 INF Handling PREPREPARE. nReq=474 senderID=1 sn=51
03:15:06.396 INF Committed entry. latency=0 nReq=474 sn=51
03:15:06.442 INF Sending PREPREPARE. nReq=531 senderID=0 sn=50 view=0
03:15:06.489 INF Committed entry. latency=0 nReq=531 sn=50
03:15:06.490 INF Delivered batch. nReq=531 sn=50
03:15:06.490 INF Delivered batch. nReq=474 sn=51
03:15:07.435 INF Handling PREPREPARE. nReq=2462 senderID=1 sn=53
03:15:07.450 INF Sending PREPREPARE. nReq=2807 senderID=0 sn=52 view=0
03:15:07.481 INF Committed entry. latency=0 nReq=2462 sn=53
03:15:07.559 INF Committed entry. latency=0 nReq=2807 sn=52
03:15:07.560 INF Delivered batch. nReq=2807 sn=52
03:15:07.562 INF Delivered batch. nReq=2462 sn=53
03:15:08.439 INF Handling PREPREPARE. nReq=1663 senderID=1 sn=55
03:15:08.447 INF Sending PREPREPARE. nReq=1274 senderID=0 sn=54 view=0
03:15:08.468 INF Committed entry. latency=0 nReq=1663 sn=55
03:15:08.496 INF Committed entry. latency=0 nReq=1274 sn=54
03:15:08.496 INF Delivered batch. nReq=1274 sn=54
03:15:08.497 INF Delivered batch. nReq=1663 sn=55
03:15:09.409 INF Handling PREPREPARE. nReq=553 senderID=1 sn=57
03:15:09.435 INF Committed entry. latency=0 nReq=553 sn=57
03:15:09.447 INF Sending PREPREPARE. nReq=548 senderID=0 sn=56 view=0
03:15:09.490 INF Committed entry. latency=0 nReq=548 sn=56
03:15:09.490 INF Delivered batch. nReq=548 sn=56
03:15:09.491 INF Delivered batch. nReq=553 sn=57
03:15:10.420 INF Handling PREPREPARE. nReq=1191 senderID=1 sn=59
03:15:10.445 INF Committed entry. latency=0 nReq=1191 sn=59
03:15:10.449 INF Sending PREPREPARE. nReq=1445 senderID=0 sn=58 view=0
03:15:10.497 INF Committed entry. latency=0 nReq=1445 sn=58
03:15:10.497 INF Delivered batch. nReq=1445 sn=58
03:15:10.498 INF Delivered batch. nReq=1191 sn=59
03:15:11.450 INF Handling PREPREPARE. nReq=2385 senderID=1 sn=61
03:15:11.456 INF Sending PREPREPARE. nReq=2354 senderID=0 sn=60 view=0
03:15:11.497 INF Committed entry. latency=0 nReq=2385 sn=61
03:15:11.550 INF Committed entry. latency=0 nReq=2354 sn=60
03:15:11.551 INF Delivered batch. nReq=2354 sn=60
03:15:11.552 INF Delivered batch. nReq=2385 sn=61
03:15:12.424 INF Handling PREPREPARE. nReq=1267 senderID=1 sn=63
03:15:12.454 INF Committed entry. latency=0 nReq=1267 sn=63
03:15:12.454 INF Sending segment checkpoint. lastSn=63 segID=2
03:15:12.454 INF Sending PREPREPARE. nReq=1069 senderID=0 sn=62 view=0
03:15:12.455 INF PBFT checkpoint ready. Scheduling catchup. lastSn=63 segID=2
03:15:12.496 INF Committed entry. latency=0 nReq=1069 sn=62
03:15:12.496 INF Delivered batch. nReq=1069 sn=62
03:15:12.497 INF Delivered batch. nReq=1267 sn=63
03:15:12.502 INF Sending segment checkpoint. lastSn=62 segID=1
03:15:12.503 INF PBFT checkpoint ready. Scheduling catchup. lastSn=62 segID=1
03:15:12.521 INF New stable checkpoint. sn=63
03:15:12.522 INF Received stable checkpoint notification. sn=63
03:15:12.522 INF Closing message serializers. segID=2
03:15:12.522 INF Closing message serializers. segID=1
03:15:12.522 INF Statistics commitTs=1753989297490619211 duration=58402137 proposeTs=1753989297432217074 sn=33
03:15:12.522 INF Statistics commitTs=1753989297575517644 duration=115309558 proposeTs=1753989297460208086 sn=32
03:15:12.522 INF Statistics commitTs=1753989298464781710 duration=37910999 proposeTs=1753989298426870711 sn=35
03:15:12.522 INF Statistics commitTs=1753989298494189435 duration=55208374 proposeTs=1753989298438981061 sn=34
03:15:12.522 INF fuck! epoch=128 epoch time (ms)=16080 leaders=3 viewtimeout=120000
03:15:12.522 INF Statistics commitTs=1753989299381887568 duration=8500798 proposeTs=1753989299373386770 sn=37
03:15:12.522 INF Statistics commitTs=1753989299442915484 duration=15449088 proposeTs=1753989299427466396 sn=36
03:15:12.522 INF Epoch finished. Waiting for stable checkpoint. sn=63
03:15:12.522 INF Statistics commitTs=1753989300411394696 duration=20559398 proposeTs=1753989300390835298 sn=39
03:15:12.522 INF Epoch end confirmed. chkpSn=63
03:15:12.522 INF Statistics commitTs=1753989300469503724 duration=38055335 proposeTs=1753989300431448389 sn=38
03:15:12.522 INF Statistics commitTs=1753989301502552566 duration=46051079 proposeTs=1753989301456501487 sn=41
03:15:12.522 INF Statistics commitTs=1753989302457070312 duration=30139035 proposeTs=1753989302426931277 sn=43
03:15:12.522 INF Statistics commitTs=1753989301551599898 duration=86636736 proposeTs=1753989301464963162 sn=40
03:15:12.522 INF Statistics commitTs=1753989303428620639 duration=23856678 proposeTs=1753989303404763961 sn=45
03:15:12.522 INF Statistics commitTs=1753989302489819520 duration=38853006 proposeTs=1753989302450966514 sn=42
03:15:12.522 INF Statistics commitTs=1753989304479151047 duration=37677830 proposeTs=1753989304441473217 sn=47
03:15:12.522 INF Statistics commitTs=1753989303462989474 duration=24340655 proposeTs=1753989303438648819 sn=44
03:15:12.522 INF Statistics commitTs=1753989305485743912 duration=33683064 proposeTs=1753989305452060848 sn=49
03:15:12.522 INF Statistics commitTs=1753989304536594548 duration=74766175 proposeTs=1753989304461828373 sn=46
03:15:12.522 INF Statistics commitTs=1753989306395337604 duration=10398194 proposeTs=1753989306384939410 sn=51
03:15:12.522 INF Statistics commitTs=1753989307478749871 duration=43153111 proposeTs=1753989307435596760 sn=53
03:15:12.522 INF Advancing watermarks. numEntries=32
03:15:12.522 INF Statistics commitTs=1753989305499550542 duration=43435137 proposeTs=1753989305456115405 sn=48
03:15:12.522 INF Statistics commitTs=1753989308467233397 duration=28176008 proposeTs=1753989308439057389 sn=55
03:15:12.523 INF Statistics commitTs=1753989306488653619 duration=42098342 proposeTs=1753989306446555277 sn=50
03:15:12.523 INF Statistics commitTs=1753989309434246009 duration=25180162 proposeTs=1753989309409065847 sn=57
03:15:12.523 INF Statistics commitTs=1753989310443709542 duration=23200560 proposeTs=1753989310420508982 sn=59
03:15:12.523 INF Statistics commitTs=1753989307554676506 duration=80982595 proposeTs=1753989307473693911 sn=52
03:15:12.523 INF Statistics commitTs=1753989311493399534 duration=43241564 proposeTs=1753989311450157970 sn=61
03:15:12.523 INF Statistics commitTs=1753989308494660536 duration=36105775 proposeTs=1753989308458554761 sn=54
03:15:12.523 INF Statistics commitTs=1753989312452627273 duration=27750583 proposeTs=1753989312424876690 sn=63
03:15:12.523 INF Statistics commitTs=1753989309489401973 duration=38555699 proposeTs=1753989309450846274 sn=56
03:15:12.523 INF Median commit time commit=30139035 segID=2
03:15:12.523 INF Statistics commitTs=1753989310495292535 duration=39291810 proposeTs=1753989310456000725 sn=58
03:15:12.523 INF Statistics commitTs=1753989311547733740 duration=71983848 proposeTs=1753989311475749892 sn=60
03:15:12.523 INF Statistics commitTs=1753989312494972763 duration=33169526 proposeTs=1753989312461803237 sn=62
03:15:12.523 INF Median commit time commit=42098342 segID=1
03:15:12.642 INF PbftOrderer received a new segment: [64 67 70 73 76 79 82 85 88 91 94 97 100 103 106 109] first leader=0 firstSN=64 lastSN=109 len=16 length=16 segId=3
03:15:13.039 INF Starting new view. segID=3 timeout=120000 view=0
03:15:13.039 INF Advanced timeout advanced=42098342 initial=1000000000
03:15:13.039 INF Advanced timeout advanced=1042098342 initial=1000000000
03:15:13.040 INF Advanced timeout advanced=2042098342 initial=1000000000
03:15:13.040 INF Advanced timeout advanced=3042098342 initial=1000000000
03:15:13.040 INF Advanced timeout advanced=4042098342 initial=1000000000
03:15:13.040 INF Advanced timeout advanced=5042098342 initial=1000000000
03:15:13.040 INF Advanced timeout advanced=6042098342 initial=1000000000
03:15:13.040 INF Advanced timeout advanced=7042098342 initial=1000000000
03:15:13.040 INF Advanced timeout advanced=8042098342 initial=1000000000
03:15:13.040 INF Advanced timeout advanced=9042098342 initial=1000000000
03:15:13.040 INF Advanced timeout advanced=10042098342 initial=1000000000
03:15:13.040 INF Advanced timeout advanced=11042098342 initial=1000000000
03:15:13.040 INF Advanced timeout advanced=12042098342 initial=1000000000
03:15:13.040 INF Advanced timeout advanced=13042098342 initial=1000000000
03:15:13.040 INF Advanced timeout advanced=14042098342 initial=1000000000
03:15:13.040 INF Advanced timeout advanced=15042098342 initial=1000000000
03:15:13.041 INF Starting PBFT instance. first=64 last=109 segID=3
03:15:13.041 INF Starting serialized message processing. segID=3
03:15:13.041 INF PbftOrderer received a new segment: [65 68 71 74 77 80 83 86 89 92 95 98 101 104 107 110] first leader=1 firstSN=65 lastSN=110 len=16 length=16 segId=4
03:15:13.513 INF Starting new view. segID=4 timeout=120000 view=0
03:15:13.513 INF Advanced timeout advanced=42098342 initial=1000000000
03:15:13.513 INF Advanced timeout advanced=1042098342 initial=1000000000
03:15:13.513 INF Advanced timeout advanced=2042098342 initial=1000000000
03:15:13.513 INF Advanced timeout advanced=3042098342 initial=1000000000
03:15:13.513 INF Advanced timeout advanced=4042098342 initial=1000000000
03:15:13.513 INF Advanced timeout advanced=5042098342 initial=1000000000
03:15:13.513 INF Advanced timeout advanced=6042098342 initial=1000000000
03:15:13.513 INF Advanced timeout advanced=7042098342 initial=1000000000
03:15:13.514 INF Advanced timeout advanced=8042098342 initial=1000000000
03:15:13.514 INF Advanced timeout advanced=9042098342 initial=1000000000
03:15:13.514 INF Advanced timeout advanced=10042098342 initial=1000000000
03:15:13.514 INF Advanced timeout advanced=11042098342 initial=1000000000
03:15:13.514 INF Advanced timeout advanced=12042098342 initial=1000000000
03:15:13.514 INF Advanced timeout advanced=13042098342 initial=1000000000
03:15:13.514 INF Advanced timeout advanced=14042098342 initial=1000000000
03:15:13.514 INF Advanced timeout advanced=15042098342 initial=1000000000
03:15:13.514 INF Starting PBFT instance. first=65 last=110 segID=4
03:15:13.514 INF Starting serialized message processing. segID=4
03:15:13.514 INF PbftOrderer received a new segment: [66 69 72 75 78 81 84 87 90 93 96 99 102 105 108 111] first leader=2 firstSN=66 lastSN=111 len=16 length=16 segId=5
03:15:13.515 INF fuck1 epoch change time (ms)=1018
03:15:13.759 INF Starting new view. segID=5 timeout=120000 view=0
03:15:13.759 INF Advanced timeout advanced=42098342 initial=1000000000
03:15:13.759 INF Advanced timeout advanced=1042098342 initial=1000000000
03:15:13.759 INF Advanced timeout advanced=2042098342 initial=1000000000
03:15:13.759 INF Advanced timeout advanced=3042098342 initial=1000000000
03:15:13.759 INF Advanced timeout advanced=4042098342 initial=1000000000
03:15:13.759 INF Advanced timeout advanced=5042098342 initial=1000000000
03:15:13.759 INF Advanced timeout advanced=6042098342 initial=1000000000
03:15:13.759 INF Advanced timeout advanced=7042098342 initial=1000000000
03:15:13.759 INF Advanced timeout advanced=8042098342 initial=1000000000
03:15:13.759 INF Advanced timeout advanced=9042098342 initial=1000000000
03:15:13.759 INF Advanced timeout advanced=10042098342 initial=1000000000
03:15:13.759 INF Advanced timeout advanced=11042098342 initial=1000000000
03:15:13.759 INF Advanced timeout advanced=12042098342 initial=1000000000
03:15:13.759 INF Advanced timeout advanced=13042098342 initial=1000000000
03:15:13.760 INF Advanced timeout advanced=14042098342 initial=1000000000
03:15:13.760 INF Advanced timeout advanced=15042098342 initial=1000000000
03:15:13.760 INF Starting PBFT instance. first=66 last=111 segID=5
03:15:13.760 INF Starting serialized message processing. segID=5
03:15:14.045 INF Sending PREPREPARE. nReq=1136 senderID=0 sn=64 view=0
03:15:14.202 INF Committed entry. latency=0 nReq=1136 sn=64
03:15:14.202 INF Delivered batch. nReq=1136 sn=64
03:15:14.767 INF Handling PREPREPARE. nReq=2378 senderID=2 sn=66
03:15:14.814 INF Committed entry. latency=0 nReq=2378 sn=66
03:15:14.841 INF Handling PREPREPARE. nReq=2577 senderID=1 sn=65
03:15:14.885 INF Committed entry. latency=0 nReq=2577 sn=65
03:15:14.885 INF Delivered batch. nReq=2577 sn=65
03:15:14.935 INF Delivered batch. nReq=2378 sn=66
03:15:15.049 INF Sending PREPREPARE. nReq=1993 senderID=0 sn=67 view=0
03:15:15.180 INF Committed entry. latency=0 nReq=1993 sn=67
03:15:15.180 INF Delivered batch. nReq=1993 sn=67
03:15:15.730 INF Handling PREPREPARE. nReq=1030 senderID=2 sn=69
03:15:15.765 INF Committed entry. latency=0 nReq=1030 sn=69
03:15:15.802 INF Handling PREPREPARE. nReq=766 senderID=1 sn=68
03:15:15.825 INF Committed entry. latency=0 nReq=766 sn=68
03:15:15.825 INF Delivered batch. nReq=766 sn=68
03:15:15.826 INF Delivered batch. nReq=1030 sn=69
03:15:16.046 INF Sending PREPREPARE. nReq=457 senderID=0 sn=70 view=0
03:15:16.095 INF Committed entry. latency=0 nReq=457 sn=70
03:15:16.095 INF Delivered batch. nReq=457 sn=70
03:15:16.705 INF Handling PREPREPARE. nReq=393 senderID=2 sn=72
03:15:16.725 INF Committed entry. latency=0 nReq=393 sn=72
03:15:16.796 INF Handling PREPREPARE. nReq=375 senderID=1 sn=71
03:15:16.812 INF Committed entry. latency=0 nReq=375 sn=71
03:15:16.812 INF Delivered batch. nReq=375 sn=71
03:15:16.812 INF Delivered batch. nReq=393 sn=72
03:15:17.048 INF Sending PREPREPARE. nReq=299 senderID=0 sn=73 view=0
03:15:17.082 INF Committed entry. latency=0 nReq=299 sn=73
03:15:17.082 INF Delivered batch. nReq=299 sn=73
03:15:17.689 INF Handling PREPREPARE. nReq=276 senderID=2 sn=75
03:15:17.698 INF Committed entry. latency=0 nReq=276 sn=75
03:15:17.798 INF Handling PREPREPARE. nReq=292 senderID=1 sn=74
03:15:17.813 INF Committed entry. latency=0 nReq=292 sn=74
03:15:17.813 INF Delivered batch. nReq=292 sn=74
03:15:17.813 INF Delivered batch. nReq=276 sn=75
03:15:18.048 INF Sending PREPREPARE. nReq=315 senderID=0 sn=76 view=0
03:15:18.081 INF Committed entry. latency=0 nReq=315 sn=76
03:15:18.081 INF Delivered batch. nReq=315 sn=76
03:15:18.712 INF Handling PREPREPARE. nReq=1280 senderID=2 sn=78
03:15:18.741 INF Committed entry. latency=0 nReq=1280 sn=78
03:15:18.823 INF Handling PREPREPARE. nReq=1552 senderID=1 sn=77
03:15:18.858 INF Committed entry. latency=0 nReq=1552 sn=77
03:15:18.858 INF Delivered batch. nReq=1552 sn=77
03:15:18.858 INF Delivered batch. nReq=1280 sn=78
03:15:19.057 INF Sending PREPREPARE. nReq=1844 senderID=0 sn=79 view=0
03:15:19.176 INF Committed entry. latency=0 nReq=1844 sn=79
03:15:19.176 INF Delivered batch. nReq=1844 sn=79
03:15:19.739 INF Handling PREPREPARE. nReq=990 senderID=2 sn=81
03:15:19.763 INF Committed entry. latency=0 nReq=990 sn=81
03:15:19.807 INF Handling PREPREPARE. nReq=667 senderID=1 sn=80
03:15:19.829 INF Committed entry. latency=0 nReq=667 sn=80
03:15:19.829 INF Delivered batch. nReq=667 sn=80
03:15:19.829 INF Delivered batch. nReq=990 sn=81
03:15:20.054 INF Sending PREPREPARE. nReq=411 senderID=0 sn=82 view=0
03:15:20.099 INF Committed entry. latency=0 nReq=411 sn=82
03:15:20.099 INF Delivered batch. nReq=411 sn=82
03:15:20.714 INF Handling PREPREPARE. nReq=517 senderID=2 sn=84
03:15:20.729 INF Committed entry. latency=0 nReq=517 sn=84
03:15:20.802 INF Handling PREPREPARE. nReq=761 senderID=1 sn=83
03:15:20.817 INF Committed entry. latency=0 nReq=761 sn=83
03:15:20.817 INF Delivered batch. nReq=761 sn=83
03:15:20.817 INF Delivered batch. nReq=517 sn=84
03:15:21.058 INF Sending PREPREPARE. nReq=933 senderID=0 sn=85 view=0
03:15:21.143 INF Committed entry. latency=0 nReq=933 sn=85
03:15:21.144 INF Delivered batch. nReq=933 sn=85
03:15:21.733 INF Handling PREPREPARE. nReq=1131 senderID=2 sn=87
03:15:21.752 INF Committed entry. latency=0 nReq=1131 sn=87
03:15:21.810 INF Handling PREPREPARE. nReq=1115 senderID=1 sn=86
03:15:21.832 INF Committed entry. latency=0 nReq=1115 sn=86
03:15:21.832 INF Delivered batch. nReq=1115 sn=86
03:15:21.832 INF Delivered batch. nReq=1131 sn=87
03:15:22.060 INF Sending PREPREPARE. nReq=1204 senderID=0 sn=88 view=0
03:15:22.158 INF Committed entry. latency=0 nReq=1204 sn=88
03:15:22.158 INF Delivered batch. nReq=1204 sn=88
03:15:22.711 INF Handling PREPREPARE. nReq=800 senderID=2 sn=90
03:15:22.733 INF Committed entry. latency=0 nReq=800 sn=90
03:15:22.814 INF Handling PREPREPARE. nReq=566 senderID=1 sn=89
03:15:22.834 INF Committed entry. latency=0 nReq=566 sn=89
03:15:22.834 INF Delivered batch. nReq=566 sn=89
03:15:22.835 INF Delivered batch. nReq=800 sn=90
03:15:23.060 INF Sending PREPREPARE. nReq=467 senderID=0 sn=91 view=0
03:15:23.106 INF Committed entry. latency=0 nReq=467 sn=91
03:15:23.106 INF Delivered batch. nReq=467 sn=91
03:15:23.723 INF Handling PREPREPARE. nReq=1275 senderID=2 sn=93
03:15:23.744 INF Committed entry. latency=0 nReq=1275 sn=93
03:15:23.827 INF Handling PREPREPARE. nReq=1476 senderID=1 sn=92
03:15:23.851 INF Committed entry. latency=0 nReq=1476 sn=92
03:15:23.851 INF Delivered batch. nReq=1476 sn=92
03:15:23.851 INF Delivered batch. nReq=1275 sn=93
03:15:24.067 INF Sending PREPREPARE. nReq=1692 senderID=0 sn=94 view=0
03:15:24.173 INF Committed entry. latency=0 nReq=1692 sn=94
03:15:24.173 INF Delivered batch. nReq=1692 sn=94
03:15:24.743 INF Handling PREPREPARE. nReq=891 senderID=2 sn=96
03:15:24.767 INF Committed entry. latency=0 nReq=891 sn=96
03:15:24.804 INF Handling PREPREPARE. nReq=586 senderID=1 sn=95
03:15:24.826 INF Committed entry. latency=0 nReq=586 sn=95
03:15:24.826 INF Delivered batch. nReq=586 sn=95
03:15:24.826 INF Delivered batch. nReq=891 sn=96
03:15:25.062 INF Sending PREPREPARE. nReq=366 senderID=0 sn=97 view=0
03:15:25.097 INF Committed entry. latency=0 nReq=366 sn=97
03:15:25.097 INF Delivered batch. nReq=366 sn=97
03:15:25.715 INF Handling PREPREPARE. nReq=321 senderID=2 sn=99
03:15:25.731 INF Committed entry. latency=0 nReq=321 sn=99
03:15:25.811 INF Handling PREPREPARE. nReq=371 senderID=1 sn=98
03:15:25.828 INF Committed entry. latency=0 nReq=371 sn=98
03:15:25.828 INF Delivered batch. nReq=371 sn=98
03:15:25.828 INF Delivered batch. nReq=321 sn=99
03:15:26.066 INF Sending PREPREPARE. nReq=596 senderID=0 sn=100 view=0
03:15:26.114 INF Committed entry. latency=0 nReq=596 sn=100
03:15:26.114 INF Delivered batch. nReq=596 sn=100
03:15:26.756 INF Handling PREPREPARE. nReq=2303 senderID=2 sn=102
03:15:26.798 INF Committed entry. latency=0 nReq=2303 sn=102
03:15:26.844 INF Handling PREPREPARE. nReq=2441 senderID=1 sn=101
03:15:26.887 INF Committed entry. latency=0 nReq=2441 sn=101
03:15:26.887 INF Delivered batch. nReq=2441 sn=101
03:15:26.888 INF Delivered batch. nReq=2303 sn=102
03:15:27.068 INF Sending PREPREPARE. nReq=2717 senderID=0 sn=103 view=0
03:15:27.196 INF Committed entry. latency=0 nReq=2717 sn=103
03:15:27.196 INF Delivered batch. nReq=2717 sn=103
03:15:27.780 INF Handling PREPREPARE. nReq=1050 senderID=2 sn=105
03:15:27.800 INF Committed entry. latency=0 nReq=1050 sn=105
03:15:27.812 INF Handling PREPREPARE. nReq=786 senderID=1 sn=104
03:15:27.842 INF Committed entry. latency=0 nReq=786 sn=104
03:15:27.842 INF Delivered batch. nReq=786 sn=104
03:15:27.842 INF Delivered batch. nReq=1050 sn=105
03:15:28.067 INF Sending PREPREPARE. nReq=356 senderID=0 sn=106 view=0
03:15:28.115 INF Committed entry. latency=0 nReq=356 sn=106
03:15:28.116 INF Delivered batch. nReq=356 sn=106
03:15:28.726 INF Handling PREPREPARE. nReq=426 senderID=2 sn=108
03:15:28.746 INF Committed entry. latency=0 nReq=426 sn=108
03:15:28.803 INF Handling PREPREPARE. nReq=363 senderID=1 sn=107
03:15:28.818 INF Committed entry. latency=0 nReq=363 sn=107
03:15:28.818 INF Delivered batch. nReq=363 sn=107
03:15:28.819 INF Delivered batch. nReq=426 sn=108
03:15:29.068 INF Sending PREPREPARE. nReq=324 senderID=0 sn=109 view=0
03:15:29.104 INF Committed entry. latency=0 nReq=324 sn=109
03:15:29.105 INF Delivered batch. nReq=324 sn=109
03:15:29.105 INF Sending segment checkpoint. lastSn=109 segID=3
03:15:29.109 INF PBFT checkpoint ready. Scheduling catchup. lastSn=109 segID=3
03:15:29.510 INF PBFT catching up. lastSn=109 missingSns=0 segID=3
03:15:29.720 INF Handling PREPREPARE. nReq=201 senderID=2 sn=111
03:15:29.733 INF Committed entry. latency=0 nReq=201 sn=111
03:15:29.733 INF Sending segment checkpoint. lastSn=111 segID=5
03:15:29.736 INF PBFT checkpoint ready. Scheduling catchup. lastSn=111 segID=5
03:15:29.807 INF Handling PREPREPARE. nReq=196 senderID=1 sn=110
03:15:29.818 INF Committed entry. latency=0 nReq=196 sn=110
03:15:29.818 INF Delivered batch. nReq=196 sn=110
03:15:29.819 INF Delivered batch. nReq=201 sn=111
03:15:29.819 INF Sending segment checkpoint. lastSn=110 segID=4
03:15:29.833 INF PBFT checkpoint ready. Scheduling catchup. lastSn=110 segID=4
03:15:29.846 INF New stable checkpoint. sn=111
03:15:29.846 INF Closing message serializers. segID=5
03:15:29.846 INF Statistics commitTs=1753989314810706574 duration=43326227 proposeTs=1753989314767380347 sn=66
03:15:29.846 INF Received stable checkpoint notification. sn=111
03:15:29.846 INF Statistics commitTs=1753989315763859726 duration=32936486 proposeTs=1753989315730923240 sn=69
03:15:29.846 INF Closing message serializers. segID=4
03:15:29.847 INF Statistics commitTs=1753989316724761537 duration=19786367 proposeTs=1753989316704975170 sn=72
03:15:29.847 INF Statistics commitTs=1753989314880657173 duration=38966717 proposeTs=1753989314841690456 sn=65
03:15:29.847 INF Statistics commitTs=1753989317698070381 duration=8280332 proposeTs=1753989317689790049 sn=75
03:15:29.847 INF Statistics commitTs=1753989315824413944 duration=22004952 proposeTs=1753989315802408992 sn=68
03:15:29.847 INF Statistics commitTs=1753989318740486369 duration=27756615 proposeTs=1753989318712729754 sn=78
03:15:29.847 INF Statistics commitTs=1753989319762451484 duration=23331270 proposeTs=1753989319739120214 sn=81
03:15:29.847 INF Closing message serializers. segID=3
03:15:29.847 INF Statistics commitTs=1753989320728287200 duration=14121570 proposeTs=1753989320714165630 sn=84
03:15:29.848 INF Statistics commitTs=1753989321751563654 duration=18217210 proposeTs=1753989321733346444 sn=87
03:15:29.848 INF Statistics commitTs=1753989314199101350 duration=141705517 proposeTs=1753989314057395833 sn=64
03:15:29.847 INF Statistics commitTs=1753989316811456320 duration=14684524 proposeTs=1753989316796771796 sn=71
03:15:29.848 INF Statistics commitTs=1753989322733056283 duration=21841595 proposeTs=1753989322711214688 sn=90
03:15:29.848 INF Statistics commitTs=1753989315176197312 duration=105067411 proposeTs=1753989315071129901 sn=67
03:15:29.848 INF Statistics commitTs=1753989323743557241 duration=20591486 proposeTs=1753989323722965755 sn=93
03:15:29.848 INF Statistics commitTs=1753989317812341034 duration=14234374 proposeTs=1753989317798106660 sn=74
03:15:29.848 INF Statistics commitTs=1753989324766444517 duration=22612899 proposeTs=1753989324743831618 sn=96
03:15:29.848 INF Statistics commitTs=1753989318854745044 duration=31176665 proposeTs=1753989318823568379 sn=77
03:15:29.849 INF Statistics commitTs=1753989325730915569 duration=15549358 proposeTs=1753989325715366211 sn=99
03:15:29.849 INF Statistics commitTs=1753989319828282943 duration=20577295 proposeTs=1753989319807705648 sn=80
03:15:29.849 INF Statistics commitTs=1753989326796075188 duration=39945074 proposeTs=1753989326756130114 sn=102
03:15:29.849 INF Statistics commitTs=1753989320816718249 duration=14155942 proposeTs=1753989320802562307 sn=83
03:15:29.849 INF Statistics commitTs=1753989327799491104 duration=18871147 proposeTs=1753989327780619957 sn=105
03:15:29.849 INF Statistics commitTs=1753989321830817672 duration=20795602 proposeTs=1753989321810022070 sn=86
03:15:29.849 INF Statistics commitTs=1753989328744905006 duration=18781168 proposeTs=1753989328726123838 sn=108
03:15:29.849 INF Statistics commitTs=1753989322833741861 duration=19712058 proposeTs=1753989322814029803 sn=89
03:15:29.848 INF Statistics commitTs=1753989316094355250 duration=39548865 proposeTs=1753989316054806385 sn=70
03:15:29.849 INF Statistics commitTs=1753989329732871207 duration=12364677 proposeTs=1753989329720506530 sn=111
03:15:29.849 INF Statistics commitTs=1753989323849222612 duration=21639183 proposeTs=1753989323827583429 sn=92
03:15:29.849 INF Statistics commitTs=1753989317081907055 duration=28344705 proposeTs=1753989317053562350 sn=73
03:15:29.850 INF Median commit time commit=20591486 segID=5
03:15:29.850 INF Statistics commitTs=1753989324825036503 duration=20948421 proposeTs=1753989324804088082 sn=95
03:15:29.850 INF Statistics commitTs=1753989318080766788 duration=28741018 proposeTs=1753989318052025770 sn=76
03:15:29.850 INF Statistics commitTs=1753989325827535713 duration=15987591 proposeTs=1753989325811548122 sn=98
03:15:29.850 INF Statistics commitTs=1753989319173338688 duration=97252819 proposeTs=1753989319076085869 sn=79
03:15:29.850 INF Statistics commitTs=1753989326883818406 duration=39721188 proposeTs=1753989326844097218 sn=101
03:15:29.850 INF Statistics commitTs=1753989320098308482 duration=36323515 proposeTs=1753989320061984967 sn=82
03:15:29.850 INF Statistics commitTs=1753989327840927265 duration=28428576 proposeTs=1753989327812498689 sn=104
03:15:29.850 INF Statistics commitTs=1753989321142830266 duration=70431669 proposeTs=1753989321072398597 sn=85
03:15:29.850 INF Statistics commitTs=1753989328818322467 duration=14517465 proposeTs=1753989328803805002 sn=107
03:15:29.851 INF Statistics commitTs=1753989322156331707 duration=81313880 proposeTs=1753989322075017827 sn=88
03:15:29.851 INF Statistics commitTs=1753989329817828491 duration=10828443 proposeTs=1753989329807000048 sn=110
03:15:29.851 INF Statistics commitTs=1753989323105443230 duration=37709795 proposeTs=1753989323067733435 sn=91
03:15:29.851 INF Statistics commitTs=1753989324171358661 duration=85797913 proposeTs=1753989324085560748 sn=94
03:15:29.851 INF Median commit time commit=20795602 segID=4
03:15:29.851 INF Statistics commitTs=1753989325096732544 duration=31007908 proposeTs=1753989325065724636 sn=97
03:15:29.851 INF Statistics commitTs=1753989326114263424 duration=38400903 proposeTs=1753989326075862521 sn=100
03:15:29.851 INF Statistics commitTs=1753989327193599298 duration=109792816 proposeTs=1753989327083806482 sn=103
03:15:29.851 INF Statistics commitTs=1753989328115085040 duration=40808842 proposeTs=1753989328074276198 sn=106
03:15:29.851 INF Statistics commitTs=1753989329103835794 duration=29872605 proposeTs=1753989329073963189 sn=109
03:15:29.852 INF Median commit time commit=40808842 segID=3
03:15:29.864 INF fuck! epoch=128 epoch time (ms)=16304 leaders=4 viewtimeout=120000
03:15:29.864 INF Epoch finished. Waiting for stable checkpoint. sn=111
03:15:29.865 INF Epoch end confirmed. chkpSn=111
03:15:29.865 INF Advancing watermarks. numEntries=48
03:15:30.026 INF PbftOrderer received a new segment: [113 117 121 125 129 133 137 141 145 149 153 157 161 165 169 173] first leader=1 firstSN=113 lastSN=173 len=16 length=16 segId=7
03:15:31.034 INF Starting new view. segID=7 timeout=120000 view=0
03:15:31.034 INF Advanced timeout advanced=40808842 initial=1000000000
03:15:31.034 INF Advanced timeout advanced=1040808842 initial=1000000000
03:15:31.034 INF Advanced timeout advanced=2040808842 initial=1000000000
03:15:31.034 INF Advanced timeout advanced=3040808842 initial=1000000000
03:15:31.035 INF Advanced timeout advanced=4040808842 initial=1000000000
03:15:31.035 INF Advanced timeout advanced=5040808842 initial=1000000000
03:15:31.035 INF Advanced timeout advanced=6040808842 initial=1000000000
03:15:31.035 INF Advanced timeout advanced=7040808842 initial=1000000000
03:15:31.035 INF Advanced timeout advanced=8040808842 initial=1000000000
03:15:31.035 INF Advanced timeout advanced=9040808842 initial=1000000000
03:15:31.035 INF Advanced timeout advanced=10040808842 initial=1000000000
03:15:31.035 INF Advanced timeout advanced=11040808842 initial=1000000000
03:15:31.035 INF Advanced timeout advanced=12040808842 initial=1000000000
03:15:31.035 INF Advanced timeout advanced=13040808842 initial=1000000000
03:15:31.035 INF Advanced timeout advanced=14040808842 initial=1000000000
03:15:31.035 INF Advanced timeout advanced=15040808842 initial=1000000000
03:15:31.036 INF Starting PBFT instance. first=113 last=173 segID=7
03:15:31.036 INF PbftOrderer received a new segment: [114 118 122 126 130 134 138 142 146 150 154 158 162 166 170 174] first leader=2 firstSN=114 lastSN=174 len=16 length=16 segId=8
03:15:31.038 INF Starting serialized message processing. segID=7
03:15:31.633 INF Handling PREPREPARE. nReq=55 senderID=1 sn=113
03:15:31.655 INF Committed entry. latency=0 nReq=55 sn=113
03:15:31.701 INF Starting new view. segID=8 timeout=120000 view=0
03:15:31.701 INF Advanced timeout advanced=40808842 initial=1000000000
03:15:31.701 INF Advanced timeout advanced=1040808842 initial=1000000000
03:15:31.701 INF Advanced timeout advanced=2040808842 initial=1000000000
03:15:31.701 INF Advanced timeout advanced=3040808842 initial=1000000000
03:15:31.701 INF Advanced timeout advanced=4040808842 initial=1000000000
03:15:31.701 INF Advanced timeout advanced=5040808842 initial=1000000000
03:15:31.701 INF Advanced timeout advanced=6040808842 initial=1000000000
03:15:31.702 INF Advanced timeout advanced=7040808842 initial=1000000000
03:15:31.702 INF Advanced timeout advanced=8040808842 initial=1000000000
03:15:31.702 INF Advanced timeout advanced=9040808842 initial=1000000000
03:15:31.702 INF Advanced timeout advanced=10040808842 initial=1000000000
03:15:31.702 INF Advanced timeout advanced=11040808842 initial=1000000000
03:15:31.702 INF Advanced timeout advanced=12040808842 initial=1000000000
03:15:31.702 INF Advanced timeout advanced=13040808842 initial=1000000000
03:15:31.702 INF Advanced timeout advanced=14040808842 initial=1000000000
03:15:31.702 INF Advanced timeout advanced=15040808842 initial=1000000000
03:15:31.703 INF Starting PBFT instance. first=114 last=174 segID=8
03:15:31.703 INF PbftOrderer received a new segment: [115 119 123 127 131 135 139 143 147 151 155 159 163 167 171 175] first leader=3 firstSN=115 lastSN=175 len=16 length=16 segId=9
03:15:31.703 INF Starting serialized message processing. segID=8
03:15:32.102 INF Starting new view. segID=9 timeout=120000 view=0
03:15:32.102 INF Advanced timeout advanced=40808842 initial=1000000000
03:15:32.102 INF Advanced timeout advanced=1040808842 initial=1000000000
03:15:32.102 INF Advanced timeout advanced=2040808842 initial=1000000000
03:15:32.102 INF Advanced timeout advanced=3040808842 initial=1000000000
03:15:32.102 INF Advanced timeout advanced=4040808842 initial=1000000000
03:15:32.102 INF Advanced timeout advanced=5040808842 initial=1000000000
03:15:32.102 INF Advanced timeout advanced=6040808842 initial=1000000000
03:15:32.102 INF Advanced timeout advanced=7040808842 initial=1000000000
03:15:32.102 INF Advanced timeout advanced=8040808842 initial=1000000000
03:15:32.102 INF Advanced timeout advanced=9040808842 initial=1000000000
03:15:32.102 INF Advanced timeout advanced=10040808842 initial=1000000000
03:15:32.102 INF Advanced timeout advanced=11040808842 initial=1000000000
03:15:32.102 INF Advanced timeout advanced=12040808842 initial=1000000000
03:15:32.103 INF Advanced timeout advanced=13040808842 initial=1000000000
03:15:32.103 INF Advanced timeout advanced=14040808842 initial=1000000000
03:15:32.103 INF Advanced timeout advanced=15040808842 initial=1000000000
03:15:32.103 INF Starting PBFT instance. first=115 last=175 segID=9
03:15:32.103 INF PbftOrderer received a new segment: [112 116 120 124 128 132 136 140 144 148 152 156 160 164 168 172] first leader=0 firstSN=112 lastSN=172 len=16 length=16 segId=6
03:15:32.103 INF Starting serialized message processing. segID=9
03:15:32.103 INF fuck1 epoch change time (ms)=2284
03:15:32.237 INF Starting new view. segID=6 timeout=120000 view=0
03:15:32.237 INF Advanced timeout advanced=40808842 initial=1000000000
03:15:32.237 INF Advanced timeout advanced=1040808842 initial=1000000000
03:15:32.237 INF Advanced timeout advanced=2040808842 initial=1000000000
03:15:32.237 INF Advanced timeout advanced=3040808842 initial=1000000000
03:15:32.237 INF Advanced timeout advanced=4040808842 initial=1000000000
03:15:32.237 INF Advanced timeout advanced=5040808842 initial=1000000000
03:15:32.237 INF Advanced timeout advanced=6040808842 initial=1000000000
03:15:32.237 INF Advanced timeout advanced=7040808842 initial=1000000000
03:15:32.237 INF Advanced timeout advanced=8040808842 initial=1000000000
03:15:32.237 INF Advanced timeout advanced=9040808842 initial=1000000000
03:15:32.238 INF Advanced timeout advanced=10040808842 initial=1000000000
03:15:32.238 INF Advanced timeout advanced=11040808842 initial=1000000000
03:15:32.238 INF Advanced timeout advanced=12040808842 initial=1000000000
03:15:32.238 INF Advanced timeout advanced=13040808842 initial=1000000000
03:15:32.238 INF Advanced timeout advanced=14040808842 initial=1000000000
03:15:32.238 INF Advanced timeout advanced=15040808842 initial=1000000000
03:15:32.238 INF Starting PBFT instance. first=112 last=172 segID=6
03:15:32.238 INF Starting serialized message processing. segID=6
03:15:32.631 INF Handling PREPREPARE. nReq=0 senderID=1 sn=117
03:15:32.636 INF Committed entry. latency=0 nReq=0 sn=117
03:15:32.712 INF Handling PREPREPARE. nReq=38 senderID=2 sn=114
03:15:32.719 INF Committed entry. latency=0 nReq=38 sn=114
03:15:32.964 INF Handling PREPREPARE. nReq=36 senderID=3 sn=115
03:15:32.970 INF Committed entry. latency=0 nReq=36 sn=115
03:15:33.240 INF Sending PREPREPARE. nReq=21 senderID=0 sn=112 view=0
03:15:33.248 INF Committed entry. latency=0 nReq=21 sn=112
03:15:33.248 INF Delivered batch. nReq=21 sn=112
03:15:33.249 INF Delivered batch. nReq=55 sn=113
03:15:33.251 INF Delivered batch. nReq=38 sn=114
03:15:33.252 INF Delivered batch. nReq=36 sn=115
03:15:33.632 INF Handling PREPREPARE. nReq=0 senderID=1 sn=121
03:15:33.636 INF Committed entry. latency=0 nReq=0 sn=121
03:15:33.657 INF Connection terminated. error="rpc error: code = Canceled desc = context canceled" address=127.0.0.1:56210
03:15:33.659 INF Finished sending bucket assignments to client. clId=0
03:15:33.711 INF Handling PREPREPARE. nReq=0 senderID=2 sn=118
03:15:33.714 INF Committed entry. latency=0 nReq=0 sn=118
03:15:33.962 INF Handling PREPREPARE. nReq=0 senderID=3 sn=119
03:15:33.967 INF Committed entry. latency=0 nReq=0 sn=119
03:15:34.240 INF Sending PREPREPARE. nReq=0 senderID=0 sn=116 view=0
03:15:34.244 INF Committed entry. latency=0 nReq=0 sn=116
03:15:34.244 INF Delivered batch. nReq=0 sn=116
03:15:34.244 INF Delivered batch. nReq=0 sn=117
03:15:34.244 INF Delivered batch. nReq=0 sn=118
03:15:34.244 INF Delivered batch. nReq=0 sn=119
03:15:34.301 INF Stopping profiler.
03:15:34.301 INF Stopping Tracer. events=723 fileName=experiment-output/0000/slave-008/peer.trc
==================
WARNING: DATA RACE
Read at 0x00c000927058 by goroutine 109:
  github.com/hyperledger-labs/mirbft/tracing.(*BufferedTrace).Stop()
      /opt/gopath/src/github.com/hyperledger-labs/mirbft/tracing/bufferedtrace.go:237 +0x30e
  github.com/hyperledger-labs/mirbft/tracing.(*BufferedTrace).StopOnSignal.func1()
      /opt/gopath/src/github.com/hyperledger-labs/mirbft/tracing/bufferedtrace.go:298 +0x4e

Previous write at 0x00c000927058 by goroutine 108:
  github.com/hyperledger-labs/mirbft/tracing.(*BufferedTrace).Event()
      /opt/gopath/src/github.com/hyperledger-labs/mirbft/tracing/bufferedtrace.go:105 +0x2cd
  github.com/hyperledger-labs/mirbft/profiling.StartCPUTracing.func1()
      /opt/gopath/src/github.com/hyperledger-labs/mirbft/profiling/cpuusage.go:33 +0x95

Goroutine 109 (running) created at:
  github.com/hyperledger-labs/mirbft/tracing.(*BufferedTrace).StopOnSignal()
      /opt/gopath/src/github.com/hyperledger-labs/mirbft/tracing/bufferedtrace.go:292 +0x178
  main.setUpTracing()
      /opt/gopath/src/github.com/hyperledger-labs/mirbft/cmd/orderingpeer/main.go:408 +0xf5
  main.main()
      /opt/gopath/src/github.com/hyperledger-labs/mirbft/cmd/orderingpeer/main.go:110 +0x9e4
  runtime.deferreturn()
      /home/ubuntu/go/src/runtime/panic.go:476 +0x32
  main.main()
      /opt/gopath/src/github.com/hyperledger-labs/mirbft/cmd/orderingpeer/main.go:78 +0x56c

Goroutine 108 (running) created at:
  github.com/hyperledger-labs/mirbft/profiling.StartCPUTracing()
      /opt/gopath/src/github.com/hyperledger-labs/mirbft/profiling/cpuusage.go:30 +0xb9
  main.setUpTracing()
      /opt/gopath/src/github.com/hyperledger-labs/mirbft/cmd/orderingpeer/main.go:400 +0x85
  main.main()
      /opt/gopath/src/github.com/hyperledger-labs/mirbft/cmd/orderingpeer/main.go:110 +0x9e4
  runtime.deferreturn()
      /home/ubuntu/go/src/runtime/panic.go:476 +0x32
  main.main()
      /opt/gopath/src/github.com/hyperledger-labs/mirbft/cmd/orderingpeer/main.go:78 +0x56c
==================
03:15:34.304 INF Trace data written.
03:15:34.325 INF Profile data written. filename=experiment-output/0000/slave-008/prof.mutex name=mutex
03:15:34.381 INF Connection terminated. error="rpc error: code = Canceled desc = context canceled" address=127.0.0.1:56208
03:15:34.381 INF Connection terminated. error="rpc error: code = Canceled desc = context canceled" address=127.0.0.1:56188
03:15:34.381 INF Connection terminated. error="rpc error: code = Canceled desc = context canceled" address=127.0.0.1:56168
03:15:34.381 INF Connection terminated. error="rpc error: code = Canceled desc = context canceled" address=127.0.0.1:56184
03:15:34.440 INF Connection terminated. error="rpc error: code = Canceled desc = context canceled" address=127.0.0.1:56052
03:15:34.440 INF Connection terminated. error="rpc error: code = Canceled desc = context canceled" address=127.0.0.1:55974
03:15:34.440 INF Connection terminated. error="rpc error: code = Canceled desc = context canceled" address=127.0.0.1:56034
03:15:34.440 INF Connection terminated. error="rpc error: code = Canceled desc = context canceled" address=127.0.0.1:55948
03:15:34.446 INF Connection terminated. error="rpc error: code = Canceled desc = context canceled" address=127.0.0.1:56086
03:15:34.446 INF Connection terminated. error="rpc error: code = Canceled desc = context canceled" address=127.0.0.1:56092
03:15:34.447 INF Connection terminated. error="rpc error: code = Canceled desc = context canceled" address=127.0.0.1:56014
03:15:34.447 INF Connection terminated. error="rpc error: code = Canceled desc = context canceled" address=127.0.0.1:55932
03:15:34.497 INF Profile data written. filename=experiment-output/0000/slave-008/prof.cpu name=cpu
03:15:34.515 INF Profile data written. filename=experiment-output/0000/slave-008/prof.block name=block
