3:48PM INF Received own slave ID. ownSlaveId=9
3:48PM INF OK status=0
3:48PM INF Received command. cmdId=3
3:48PM INF Received an ExecStart command args="[-p experiment-output/0000/slave-__id__/config]" cmd=mkdir outFile=/dev/null
3:48PM INF OK status=0
3:48PM INF Received command. cmdId=4
3:48PM INF Received command. cmdType=ExecWait
3:48PM INF OK status=0
3:48PM INF Received command. cmdId=5
3:48PM INF Received an ExecStart command args="[config/config-0000.yml experiment-output/0000/slave-__id__/config/config.yml]" cmd=cp outFile=/dev/null
3:48PM INF OK status=0
3:48PM INF Received command. cmdId=6
3:48PM INF Received command. cmdType=ExecWait
3:48PM INF OK status=0
3:48PM INF Received command. cmdId=9
3:48PM INF Received command. cmdType=Noop
3:48PM INF Noop. Doing nothing. status=0
3:48PM INF Received command. cmdId=12
3:48PM INF Received an ExecStart command args="[experiment-output/0000/slave-__id__/config/config.yml 127.0.0.1:9999 127.0.0.1 127.0.0.1 experiment-output/0000/slave-__id__/peer.trc experiment-output/0000/slave-__id__/prof]" cmd=orderingpeer outFile=experiment-output/0000/slave-__id__/peer.log
3:48PM INF OK status=0
