{"level":"debug","Logging":"info","time":"2025-08-01T03:17:04+08:00","message":"Config"}
{"level":"debug","UseTLS":false,"time":"2025-08-01T03:17:04+08:00","message":"Config"}
{"level":"debug","CACertFile":"tls-data/ca.pem","time":"2025-08-01T03:17:04+08:00","message":"Config"}
{"level":"debug","KeyFile":"tls-data/auth.key","time":"2025-08-01T03:17:04+08:00","message":"Config"}
{"level":"debug","CertFile":"tls-data/auth.pem","time":"2025-08-01T03:17:04+08:00","message":"Config"}
{"level":"debug","PriorityConnections":2,"time":"2025-08-01T03:17:04+08:00","message":"Config"}
{"level":"debug","BasicConnections":2,"time":"2025-08-01T03:17:04+08:00","message":"Config"}
{"level":"debug","TestConnections":false,"time":"2025-08-01T03:17:04+08:00","message":"Config"}
{"level":"debug","ExcessConnections":1,"time":"2025-08-01T03:17:04+08:00","message":"Config"}
{"level":"debug","ConnectionTestMsgs":4,"time":"2025-08-01T03:17:04+08:00","message":"Config"}
{"level":"debug","ConnectionTestPayload":131072,"time":"2025-08-01T03:17:04+08:00","message":"Config"}
{"level":"debug","OutMessageBufsize":1024,"time":"2025-08-01T03:17:04+08:00","message":"Config"}
{"level":"debug","OutMessageBufsize":3,"time":"2025-08-01T03:17:04+08:00","message":"Config"}
{"level":"debug","ThroughputCap":131072000,"time":"2025-08-01T03:17:04+08:00","message":"Config"}
{"level":"debug","StragglerTolerance":1000,"time":"2025-08-01T03:17:04+08:00","message":"Config"}
{"level":"debug","BatchSizeIncrement":256,"time":"2025-08-01T03:17:04+08:00","message":"Config"}
{"level":"debug","Orderer":"Pbft","time":"2025-08-01T03:17:04+08:00","message":"Config"}
{"level":"debug","Manager":"Mir","time":"2025-08-01T03:17:04+08:00","message":"Config"}
{"level":"debug","Failures":0,"time":"2025-08-01T03:17:04+08:00","message":"Config"}
{"level":"debug","CrashTiming":"EpochStart","time":"2025-08-01T03:17:04+08:00","message":"Config"}
{"level":"debug","CheckpointInterval":256,"time":"2025-08-01T03:17:04+08:00","message":"Config"}
{"level":"debug","WatermarkWindowSize":256,"time":"2025-08-01T03:17:04+08:00","message":"Config"}
{"level":"debug","EpochLength":256,"time":"2025-08-01T03:17:04+08:00","message":"Config"}
{"level":"debug","SegmentLength":21,"time":"2025-08-01T03:17:04+08:00","message":"Config"}
{"level":"debug","WaitForCheckpoints":true,"time":"2025-08-01T03:17:04+08:00","message":"Config"}
{"level":"debug","ClientWatermarkWindowSize":4194304,"time":"2025-08-01T03:17:04+08:00","message":"Config"}
{"level":"debug","ClientRequestBacklogSize":4194304,"time":"2025-08-01T03:17:04+08:00","message":"Config"}
{"level":"debug","RandomSeed":7086,"time":"2025-08-01T03:17:04+08:00","message":"Config"}
{"level":"debug","NodeToLeaderRatio":1,"time":"2025-08-01T03:17:04+08:00","message":"Config"}
{"level":"debug","LeaderPolicy":"Simple","time":"2025-08-01T03:17:04+08:00","message":"Config"}
{"level":"debug","DefaultLeaderBan":2,"time":"2025-08-01T03:17:04+08:00","message":"Config"}
{"level":"debug","NumBuckets":192,"time":"2025-08-01T03:17:04+08:00","message":"Config"}
{"level":"debug","BatchSize":4096,"time":"2025-08-01T03:17:04+08:00","message":"Config"}
{"level":"debug","BatchTimeoutMs":1000,"time":"2025-08-01T03:17:04+08:00","message":"Config"}
{"level":"debug","DisabledViewChange":false,"time":"2025-08-01T03:17:04+08:00","message":"Config"}
{"level":"debug","ViewChangeTimeout":60000,"time":"2025-08-01T03:17:04+08:00","message":"Config"}
{"level":"debug","ClientTraceSampling":10,"time":"2025-08-01T03:17:04+08:00","message":"Config"}
{"level":"debug","EventBufferSize":2097152,"time":"2025-08-01T03:17:04+08:00","message":"Config"}
{"level":"debug","TraceSampling":1,"time":"2025-08-01T03:17:04+08:00","message":"Config"}
{"level":"debug","ClientsPerProcess":1,"time":"2025-08-01T03:17:04+08:00","message":"Config"}
{"level":"debug","RequestsPerClient":7200000,"time":"2025-08-01T03:17:04+08:00","message":"Config"}
{"level":"debug","ClientRunTime":60000,"time":"2025-08-01T03:17:04+08:00","message":"Config"}
{"level":"debug","RequestRate":60000,"time":"2025-08-01T03:17:04+08:00","message":"Config"}
{"level":"debug","HardRequestRateLimit":false,"time":"2025-08-01T03:17:04+08:00","message":"Config"}
{"level":"debug","RequestPayloadSize":500,"time":"2025-08-01T03:17:04+08:00","message":"Config"}
{"level":"debug","SignRequests":true,"time":"2025-08-01T03:17:04+08:00","message":"Config"}
{"level":"debug","ClientPrivKeyFile":"tls-data/client-ecdsa-256.key","time":"2025-08-01T03:17:04+08:00","message":"Config"}
{"level":"debug","ClientPubKeyFile":"tls-data/client-ecdsa-256.pem","time":"2025-08-01T03:17:04+08:00","message":"Config"}
{"level":"debug","PrecomputeRequests":false,"time":"2025-08-01T03:17:04+08:00","message":"Config"}
{"level":"debug","RequestHandlerThreads":32,"time":"2025-08-01T03:17:04+08:00","message":"Config"}
{"level":"debug","RequestInputChannelBuffer":8192,"time":"2025-08-01T03:17:04+08:00","message":"Config"}
{"level":"debug","BatchVerifier":"external","time":"2025-08-01T03:17:04+08:00","message":"Config"}
03:17:04.609 INF Registered with discovery server. numPeers=12 ownID=1
03:17:04.610 INF Profiling enabled.
03:17:04.610 INF Setting up profiling.
03:17:04.610 INF Started Profiler: CPU
03:17:04.610 INF Started Profiler: BLOCK
03:17:04.611 INF Started Profiler: MUTEX
03:17:04.611 INF Profiler will stop on signal. exit=true
03:17:04.617 INF Tracing will stop on signal. exit=false
03:17:04.617 INF Started tracing. traceFile=experiment-output/0000/slave-005/peer.trc
03:17:04.618 INF Connecting to peer. addr=127.0.0.1:10088 basicConns=2 priorityConns=2
03:17:04.619 INF Listening for connections. port=10011 useTLS=false
03:17:04.620 INF Connecting to peer. addr=127.0.0.1:10011 basicConns=2 priorityConns=2
03:17:04.620 INF Connecting to peer. addr=127.0.0.1:10121 basicConns=2 priorityConns=2
03:17:04.621 INF Connecting to peer. addr=127.0.0.1:10022 basicConns=2 priorityConns=2
03:17:04.622 INF Connecting to peer. addr=127.0.0.1:10033 basicConns=2 priorityConns=2
03:17:04.622 INF Connecting to peer. addr=127.0.0.1:10000 basicConns=2 priorityConns=2
03:17:04.623 INF Connecting to peer. addr=127.0.0.1:10044 basicConns=2 priorityConns=2
03:17:04.622 INF Connecting to peer. addr=127.0.0.1:10055 basicConns=2 priorityConns=2
03:17:04.623 INF Connecting to peer. addr=127.0.0.1:10077 basicConns=2 priorityConns=2
03:17:04.624 INF Connecting to peer. addr=127.0.0.1:10066 basicConns=2 priorityConns=2
03:17:04.636 INF Connecting to peer. addr=127.0.0.1:10099 basicConns=2 priorityConns=2
03:17:04.650 INF Connecting to peer. addr=127.0.0.1:10110 basicConns=2 priorityConns=2
03:17:04.656 INF Incoming connection for protocol messages. addr=127.0.0.1:41672
03:17:04.656 INF Incoming connection for protocol messages. addr=127.0.0.1:41630
03:17:04.662 INF Incoming connection for protocol messages. addr=127.0.0.1:41722
03:17:04.662 INF Incoming connection for protocol messages. addr=127.0.0.1:41718
03:17:04.663 INF Incoming connection for protocol messages. addr=127.0.0.1:41632
03:17:04.663 INF Incoming connection for protocol messages. addr=127.0.0.1:41686
03:17:04.664 INF Incoming connection for protocol messages. addr=127.0.0.1:41648
03:17:04.664 INF Incoming connection for protocol messages. addr=127.0.0.1:41620
03:17:04.664 INF Incoming connection for protocol messages. addr=127.0.0.1:41666
03:17:04.664 INF Incoming connection for protocol messages. addr=127.0.0.1:41712
03:17:04.665 INF Incoming connection for protocol messages. addr=127.0.0.1:41698
03:17:04.666 INF Incoming connection for protocol messages. addr=127.0.0.1:41728
03:17:04.667 INF Incoming connection for protocol messages. addr=127.0.0.1:41874
03:17:04.668 INF Incoming connection for protocol messages. addr=127.0.0.1:41726
03:17:04.670 INF Incoming connection for protocol messages. addr=127.0.0.1:41906
03:17:04.670 INF Incoming connection for protocol messages. addr=127.0.0.1:41804
03:17:04.667 INF Incoming connection for protocol messages. addr=127.0.0.1:41750
03:17:04.677 INF Incoming connection for protocol messages. addr=127.0.0.1:41680
03:17:04.683 INF Incoming connection for protocol messages. addr=127.0.0.1:41766
03:17:04.683 INF Incoming connection for protocol messages. addr=127.0.0.1:41664
03:17:04.684 INF Incoming connection for protocol messages. addr=127.0.0.1:41924
03:17:04.685 INF Incoming connection for protocol messages. addr=127.0.0.1:41974
03:17:04.685 INF Incoming connection for protocol messages. addr=127.0.0.1:41864
03:17:04.685 INF Incoming connection for protocol messages. addr=127.0.0.1:41952
03:17:04.686 INF Incoming connection for protocol messages. addr=127.0.0.1:41936
03:17:04.691 INF Incoming connection for protocol messages. addr=127.0.0.1:41838
03:17:04.694 INF Incoming connection for protocol messages. addr=127.0.0.1:41882
03:17:04.694 INF Incoming connection for protocol messages. addr=127.0.0.1:41796
03:17:04.694 INF Incoming connection for protocol messages. addr=127.0.0.1:41998
03:17:04.695 INF Incoming connection for protocol messages. addr=127.0.0.1:41892
03:17:04.695 INF Incoming connection for protocol messages. addr=127.0.0.1:42030
03:17:04.695 INF Incoming connection for protocol messages. addr=127.0.0.1:42020
03:17:04.696 INF Incoming connection for protocol messages. addr=127.0.0.1:42016
03:17:04.696 INF Incoming connection for protocol messages. addr=127.0.0.1:42002
03:17:04.696 INF Incoming connection for protocol messages. addr=127.0.0.1:41976
03:17:04.697 INF Incoming connection for protocol messages. addr=127.0.0.1:41786
03:17:04.698 INF Incoming connection for protocol messages. addr=127.0.0.1:41738
03:17:04.699 INF Incoming connection for protocol messages. addr=127.0.0.1:41812
03:17:04.699 INF Incoming connection for protocol messages. addr=127.0.0.1:41770
03:17:04.700 INF Incoming connection for protocol messages. addr=127.0.0.1:41910
03:17:04.702 INF Incoming connection for protocol messages. addr=127.0.0.1:41848
03:17:04.703 INF Incoming connection for protocol messages. addr=127.0.0.1:42046
03:17:04.703 INF Incoming connection for protocol messages. addr=127.0.0.1:41984
03:17:04.704 INF Incoming connection for protocol messages. addr=127.0.0.1:41824
03:17:04.703 INF Incoming connection for protocol messages. addr=127.0.0.1:42010
03:17:04.704 INF Incoming connection for protocol messages. addr=127.0.0.1:41966
03:17:04.705 INF Incoming connection for protocol messages. addr=127.0.0.1:42052
03:17:04.706 INF Connected to all peers.
03:17:04.706 INF Incoming connection for protocol messages. addr=127.0.0.1:42068
03:17:04.709 INF All peers finished connecting. Starting ISS.
03:17:04.709 INF PbftOrderer received a new segment: [0 1 2 3 4 5 6 7 8 9 10 11 12 13 14 15 16 17 18 19 20] first leader=0 firstSN=0 lastSN=20 len=21 length=21 segId=0
03:17:04.749 INF Starting new view. segID=0 timeout=60000 view=0
03:17:04.750 INF Starting PBFT instance. first=0 last=20 segID=0
03:17:04.750 INF Starting serialized message processing. segID=0
03:17:05.760 INF Handling PREPREPARE. nReq=0 senderID=0 sn=0
03:17:05.766 INF Committed entry. latency=0 nReq=0 sn=0
03:17:05.766 INF Delivered batch. nReq=0 sn=0
03:17:06.760 INF Handling PREPREPARE. nReq=0 senderID=0 sn=1
03:17:06.770 INF Committed entry. latency=0 nReq=0 sn=1
03:17:06.770 INF Delivered batch. nReq=0 sn=1
03:17:06.784 INF Incoming connection for requests. addr=127.0.0.1:44672
03:17:07.314 INF Handling PREPREPARE. nReq=4096 senderID=0 sn=2
03:17:07.400 INF Committed entry. latency=0 nReq=4096 sn=2
03:17:07.400 INF Delivered batch. nReq=4096 sn=2
03:17:08.328 INF Handling PREPREPARE. nReq=2472 senderID=0 sn=3
03:17:08.407 INF Committed entry. latency=0 nReq=2472 sn=3
03:17:08.407 INF Delivered batch. nReq=2472 sn=3
03:17:09.240 INF Handling PREPREPARE. nReq=802 senderID=0 sn=4
03:17:09.259 INF Committed entry. latency=0 nReq=802 sn=4
03:17:09.259 INF Delivered batch. nReq=802 sn=4
03:17:09.893 INF Handling PREPREPARE. nReq=4096 senderID=0 sn=5
03:17:09.974 INF Committed entry. latency=0 nReq=4096 sn=5
03:17:09.975 INF Delivered batch. nReq=4096 sn=5
03:17:10.873 INF Handling PREPREPARE. nReq=2550 senderID=0 sn=6
03:17:10.926 INF Committed entry. latency=0 nReq=2550 sn=6
03:17:10.926 INF Delivered batch. nReq=2550 sn=6
03:17:11.873 INF Handling PREPREPARE. nReq=945 senderID=0 sn=7
03:17:11.895 INF Committed entry. latency=0 nReq=945 sn=7
03:17:11.896 INF Delivered batch. nReq=945 sn=7
03:17:12.874 INF Handling PREPREPARE. nReq=4096 senderID=0 sn=8
03:17:12.965 INF Committed entry. latency=0 nReq=4096 sn=8
03:17:12.965 INF Delivered batch. nReq=4096 sn=8
03:17:13.889 INF Handling PREPREPARE. nReq=2794 senderID=0 sn=9
03:17:13.941 INF Committed entry. latency=0 nReq=2794 sn=9
03:17:13.941 INF Delivered batch. nReq=2794 sn=9
03:17:14.802 INF Handling PREPREPARE. nReq=987 senderID=0 sn=10
03:17:14.821 INF Committed entry. latency=0 nReq=987 sn=10
03:17:14.822 INF Delivered batch. nReq=987 sn=10
03:17:15.433 INF Handling PREPREPARE. nReq=4096 senderID=0 sn=11
03:17:15.518 INF Committed entry. latency=0 nReq=4096 sn=11
03:17:15.518 INF Delivered batch. nReq=4096 sn=11
03:17:16.437 INF Handling PREPREPARE. nReq=2951 senderID=0 sn=12
03:17:16.506 INF Committed entry. latency=0 nReq=2951 sn=12
03:17:16.506 INF Delivered batch. nReq=2951 sn=12
03:17:17.410 INF Handling PREPREPARE. nReq=850 senderID=0 sn=13
03:17:17.436 INF Committed entry. latency=0 nReq=850 sn=13
03:17:17.436 INF Delivered batch. nReq=850 sn=13
03:17:18.390 INF Handling PREPREPARE. nReq=4096 senderID=0 sn=14
03:17:18.481 INF Committed entry. latency=0 nReq=4096 sn=14
03:17:18.481 INF Delivered batch. nReq=4096 sn=14
03:17:19.393 INF Handling PREPREPARE. nReq=2803 senderID=0 sn=15
03:17:19.453 INF Committed entry. latency=0 nReq=2803 sn=15
03:17:19.454 INF Delivered batch. nReq=2803 sn=15
03:17:20.353 INF Handling PREPREPARE. nReq=778 senderID=0 sn=16
03:17:20.379 INF Committed entry. latency=0 nReq=778 sn=16
03:17:20.379 INF Delivered batch. nReq=778 sn=16
03:17:21.396 INF Handling PREPREPARE. nReq=4096 senderID=0 sn=17
03:17:21.511 INF Committed entry. latency=0 nReq=4096 sn=17
03:17:21.511 INF Delivered batch. nReq=4096 sn=17
03:17:25.006 INF Handling PREPREPARE. nReq=4096 senderID=0 sn=18
03:17:25.083 INF Committed entry. latency=0 nReq=4096 sn=18
03:17:25.083 INF Delivered batch. nReq=4096 sn=18
03:17:26.023 INF Handling PREPREPARE. nReq=3967 senderID=0 sn=19
03:17:26.165 INF Committed entry. latency=0 nReq=3967 sn=19
03:17:26.165 INF Delivered batch. nReq=3967 sn=19
03:17:26.972 INF Handling PREPREPARE. nReq=845 senderID=0 sn=20
03:17:26.996 INF Committed entry. latency=0 nReq=845 sn=20
03:17:26.996 INF Delivered batch. nReq=845 sn=20
==================
WARNING: DATA RACE
Read at 0x000001304380 by goroutine 939:
  github.com/hyperledger-labs/mirbft/manager.(*MirManager).handleLogEntries()
      /opt/gopath/src/github.com/hyperledger-labs/mirbft/manager/mirmanager.go:171 +0x854
  github.com/hyperledger-labs/mirbft/manager.(*MirManager).Start.func2()
      /opt/gopath/src/github.com/hyperledger-labs/mirbft/manager/mirmanager.go:112 +0x47

Previous write at 0x000001304380 by goroutine 949:
  github.com/hyperledger-labs/mirbft/log.publishEntries()
      /opt/gopath/src/github.com/hyperledger-labs/mirbft/log/log.go:281 +0x2e4
  github.com/hyperledger-labs/mirbft/log.CommitEntry()
      /opt/gopath/src/github.com/hyperledger-labs/mirbft/log/log.go:108 +0x284
  github.com/hyperledger-labs/mirbft/announcer.Announce()
      /opt/gopath/src/github.com/hyperledger-labs/mirbft/announcer/announcer.go:26 +0x370
  github.com/hyperledger-labs/mirbft/orderer.(*pbftInstance).announce()
      /opt/gopath/src/github.com/hyperledger-labs/mirbft/orderer/pbftinstance.go:726 +0x36b
  github.com/hyperledger-labs/mirbft/orderer.(*pbftInstance).handleCommit()
      /opt/gopath/src/github.com/hyperledger-labs/mirbft/orderer/pbftinstance.go:664 +0x7bd
  github.com/hyperledger-labs/mirbft/orderer.(*pbftInstance).handleMessage()
      /opt/gopath/src/github.com/hyperledger-labs/mirbft/orderer/pbftinstance.go:1810 +0x2e5
  github.com/hyperledger-labs/mirbft/orderer.(*pbftInstance).processSerializedMessages()
      /opt/gopath/src/github.com/hyperledger-labs/mirbft/orderer/pbftinstance.go:1764 +0xdd
  github.com/hyperledger-labs/mirbft/orderer.(*PbftOrderer).runSegment.func2()
      /opt/gopath/src/github.com/hyperledger-labs/mirbft/orderer/pbftorderer.go:199 +0x39

Goroutine 939 (running) created at:
  github.com/hyperledger-labs/mirbft/manager.(*MirManager).Start()
      /opt/gopath/src/github.com/hyperledger-labs/mirbft/manager/mirmanager.go:112 +0x191
  main.main.func4()
      /opt/gopath/src/github.com/hyperledger-labs/mirbft/cmd/orderingpeer/main.go:185 +0x59

Goroutine 949 (running) created at:
  github.com/hyperledger-labs/mirbft/orderer.(*PbftOrderer).runSegment()
      /opt/gopath/src/github.com/hyperledger-labs/mirbft/orderer/pbftorderer.go:199 +0x3f6
  github.com/hyperledger-labs/mirbft/orderer.(*PbftOrderer).Start()
      /opt/gopath/src/github.com/hyperledger-labs/mirbft/orderer/pbftorderer.go:176 +0x344
  main.main.func5()
      /opt/gopath/src/github.com/hyperledger-labs/mirbft/cmd/orderingpeer/main.go:186 +0x59
==================
03:17:27.001 INF Sending segment checkpoint. lastSn=20 segID=0
03:17:27.005 INF PBFT checkpoint ready. Scheduling catchup. lastSn=20 segID=0
03:17:27.013 INF fuck! epoch=192 epoch time (ms)=22287 leaders=2 viewtimeout=104000
03:17:27.014 INF Epoch finished. Waiting for stable checkpoint. sn=20
03:17:27.028 INF New stable checkpoint. sn=20
03:17:27.029 INF Epoch end confirmed. chkpSn=20
03:17:27.029 INF Received stable checkpoint notification. sn=20
03:17:27.029 INF Closing message serializers. segID=0
03:17:27.029 INF Advancing watermarks. numEntries=21
03:17:27.029 INF Statistics commitTs=1753989425766358813 duration=6001865 proposeTs=1753989425760356948 sn=0
03:17:27.029 INF Statistics commitTs=1753989426770647896 duration=9713219 proposeTs=1753989426760934677 sn=1
03:17:27.029 INF Statistics commitTs=1753989427394757056 duration=79961166 proposeTs=1753989427314795890 sn=2
03:17:27.029 INF Statistics commitTs=1753989428405720510 duration=77682589 proposeTs=1753989428328037921 sn=3
03:17:27.029 INF Statistics commitTs=1753989429257563443 duration=16746155 proposeTs=1753989429240817288 sn=4
03:17:27.029 INF Statistics commitTs=1753989429972108838 duration=78362133 proposeTs=1753989429893746705 sn=5
03:17:27.030 INF Statistics commitTs=1753989430923045208 duration=49698301 proposeTs=1753989430873346907 sn=6
03:17:27.030 INF Statistics commitTs=1753989431895272251 duration=21917645 proposeTs=1753989431873354606 sn=7
03:17:27.030 INF Statistics commitTs=1753989432961387940 duration=86773308 proposeTs=1753989432874614632 sn=8
03:17:27.030 INF Statistics commitTs=1753989433936703894 duration=47059819 proposeTs=1753989433889644075 sn=9
03:17:27.030 INF Statistics commitTs=1753989434820191019 duration=17829417 proposeTs=1753989434802361602 sn=10
03:17:27.030 INF Statistics commitTs=1753989435514687554 duration=81399395 proposeTs=1753989435433288159 sn=11
03:17:27.030 INF Statistics commitTs=1753989436503939655 duration=66326989 proposeTs=1753989436437612666 sn=12
03:17:27.030 INF Statistics commitTs=1753989437434956888 duration=24484549 proposeTs=1753989437410472339 sn=13
03:17:27.030 INF Statistics commitTs=1753989438477641351 duration=86874690 proposeTs=1753989438390766661 sn=14
03:17:27.030 INF Statistics commitTs=1753989439451584522 duration=57799492 proposeTs=1753989439393785030 sn=15
03:17:27.030 INF Statistics commitTs=1753989440378541217 duration=25588975 proposeTs=1753989440352952242 sn=16
03:17:27.031 INF Statistics commitTs=1753989441509013959 duration=112524805 proposeTs=1753989441396489154 sn=17
03:17:27.031 INF Statistics commitTs=1753989445076527467 duration=70444457 proposeTs=1753989445006083010 sn=18
03:17:27.031 INF Statistics commitTs=1753989446157095086 duration=133639446 proposeTs=1753989446023455640 sn=19
03:17:27.031 INF Statistics commitTs=1753989446995335965 duration=22683127 proposeTs=1753989446972652838 sn=20
03:17:27.031 INF Median commit time commit=57799492 segID=0
03:17:27.196 INF PbftOrderer received a new segment: [21 23 25 27 29 31 33 35 37 39 41 43 45 47 49 51] first leader=0 firstSN=21 lastSN=51 len=16 length=16 segId=1
03:17:27.526 INF Starting new view. segID=1 timeout=104000 view=0
03:17:27.527 INF Advanced timeout advanced=57799492 initial=1000000000
03:17:27.527 INF Advanced timeout advanced=1057799492 initial=1000000000
03:17:27.527 INF Advanced timeout advanced=2057799492 initial=1000000000
03:17:27.527 INF Advanced timeout advanced=3057799492 initial=1000000000
03:17:27.527 INF Advanced timeout advanced=4057799492 initial=1000000000
03:17:27.527 INF Advanced timeout advanced=5057799492 initial=1000000000
03:17:27.527 INF Advanced timeout advanced=6057799492 initial=1000000000
03:17:27.527 INF Advanced timeout advanced=7057799492 initial=1000000000
03:17:27.527 INF Advanced timeout advanced=8057799492 initial=1000000000
03:17:27.527 INF Advanced timeout advanced=9057799492 initial=1000000000
03:17:27.527 INF Advanced timeout advanced=10057799492 initial=1000000000
03:17:27.527 INF Advanced timeout advanced=11057799492 initial=1000000000
03:17:27.527 INF Advanced timeout advanced=12057799492 initial=1000000000
03:17:27.527 INF Advanced timeout advanced=13057799492 initial=1000000000
03:17:27.527 INF Advanced timeout advanced=14057799492 initial=1000000000
03:17:27.527 INF Advanced timeout advanced=15057799492 initial=1000000000
03:17:27.529 INF Starting PBFT instance. first=21 last=51 segID=1
03:17:27.529 INF fuck1 epoch change time (ms)=533
03:17:27.529 INF Starting serialized message processing. segID=1
03:17:27.529 INF PbftOrderer received a new segment: [22 24 26 28 30 32 34 36 38 40 42 44 46 48 50 52] first leader=1 firstSN=22 lastSN=52 len=16 length=16 segId=2
03:17:27.734 INF Starting new view. segID=2 timeout=104000 view=0
03:17:27.734 INF Advanced timeout advanced=57799492 initial=1000000000
03:17:27.734 INF Advanced timeout advanced=1057799492 initial=1000000000
03:17:27.734 INF Advanced timeout advanced=2057799492 initial=1000000000
03:17:27.735 INF Advanced timeout advanced=3057799492 initial=1000000000
03:17:27.735 INF Advanced timeout advanced=4057799492 initial=1000000000
03:17:27.735 INF Advanced timeout advanced=5057799492 initial=1000000000
03:17:27.735 INF Advanced timeout advanced=6057799492 initial=1000000000
03:17:27.735 INF Advanced timeout advanced=7057799492 initial=1000000000
03:17:27.735 INF Advanced timeout advanced=8057799492 initial=1000000000
03:17:27.735 INF Advanced timeout advanced=9057799492 initial=1000000000
03:17:27.735 INF Advanced timeout advanced=10057799492 initial=1000000000
03:17:27.735 INF Advanced timeout advanced=11057799492 initial=1000000000
03:17:27.735 INF Advanced timeout advanced=12057799492 initial=1000000000
03:17:27.735 INF Advanced timeout advanced=13057799492 initial=1000000000
03:17:27.735 INF Advanced timeout advanced=14057799492 initial=1000000000
03:17:27.735 INF Advanced timeout advanced=15057799492 initial=1000000000
03:17:27.735 INF Starting PBFT instance. first=22 last=52 segID=2
03:17:27.735 INF Starting serialized message processing. segID=2
==================
WARNING: DATA RACE
Read at 0x000001304398 by goroutine 962:
  github.com/hyperledger-labs/mirbft/request.HandleRequest()
      /opt/gopath/src/github.com/hyperledger-labs/mirbft/request/requesthandler.go:49 +0x1bb
  github.com/hyperledger-labs/mirbft/messenger.(*messengerServer).Request()
      /opt/gopath/src/github.com/hyperledger-labs/mirbft/messenger/clients.go:77 +0x19d
  github.com/hyperledger-labs/mirbft/protobufs._Messenger_Request_Handler()
      /opt/gopath/src/github.com/hyperledger-labs/mirbft/protobufs/messenger.pb.go:1158 +0xc2
  google.golang.org/grpc.(*Server).processStreamingRPC()
      /opt/gopath/src/google.golang.org/grpc/server.go:1673 +0x1e87
  google.golang.org/grpc.(*Server).handleStream()
      /opt/gopath/src/google.golang.org/grpc/server.go:1794 +0x19c6
  google.golang.org/grpc.(*Server).serveStreams.func2.1()
      /opt/gopath/src/google.golang.org/grpc/server.go:1029 +0x125

Previous write at 0x000001304398 by goroutine 939:
  github.com/hyperledger-labs/mirbft/manager.(*MirManager).handleLogEntries()
      /opt/gopath/src/github.com/hyperledger-labs/mirbft/manager/mirmanager.go:265 +0x17d3
  github.com/hyperledger-labs/mirbft/manager.(*MirManager).Start.func2()
      /opt/gopath/src/github.com/hyperledger-labs/mirbft/manager/mirmanager.go:112 +0x47

Goroutine 962 (running) created at:
  google.golang.org/grpc.(*Server).serveStreams.func2()
      /opt/gopath/src/google.golang.org/grpc/server.go:1040 +0x224
  google.golang.org/grpc/internal/transport.(*http2Server).operateHeaders()
      /opt/gopath/src/google.golang.org/grpc/internal/transport/http2_server.go:631 +0x389e
  google.golang.org/grpc/internal/transport.(*http2Server).HandleStreams()
      /opt/gopath/src/google.golang.org/grpc/internal/transport/http2_server.go:672 +0x258
  google.golang.org/grpc.(*Server).serveStreams()
      /opt/gopath/src/google.golang.org/grpc/server.go:1023 +0x68b
  google.golang.org/grpc.(*Server).handleRawConn.func1()
      /opt/gopath/src/google.golang.org/grpc/server.go:959 +0x9c

Goroutine 939 (running) created at:
  github.com/hyperledger-labs/mirbft/manager.(*MirManager).Start()
      /opt/gopath/src/github.com/hyperledger-labs/mirbft/manager/mirmanager.go:112 +0x191
  main.main.func4()
      /opt/gopath/src/github.com/hyperledger-labs/mirbft/cmd/orderingpeer/main.go:185 +0x59
==================
03:17:28.728 INF Handling PREPREPARE. nReq=505 senderID=0 sn=21
03:17:28.748 INF Sending PREPREPARE. nReq=1371 senderID=1 sn=22 view=0
03:17:28.748 INF Committed entry. latency=0 nReq=505 sn=21
03:17:28.748 INF Delivered batch. nReq=505 sn=21
03:17:28.818 INF Committed entry. latency=0 nReq=1371 sn=22
03:17:28.818 INF Delivered batch. nReq=1371 sn=22
03:17:29.736 INF Sending PREPREPARE. nReq=4096 senderID=1 sn=24 view=0
03:17:29.778 INF Handling PREPREPARE. nReq=1531 senderID=0 sn=23
03:17:29.841 INF Committed entry. latency=0 nReq=1531 sn=23
03:17:29.841 INF Delivered batch. nReq=1531 sn=23
==================
WARNING: DATA RACE
Write at 0x0000022b3f08 by goroutine 962:
  github.com/hyperledger-labs/mirbft/request.HandleRequest()
      /opt/gopath/src/github.com/hyperledger-labs/mirbft/request/requesthandler.go:51 +0x337
  github.com/hyperledger-labs/mirbft/messenger.(*messengerServer).Request()
      /opt/gopath/src/github.com/hyperledger-labs/mirbft/messenger/clients.go:77 +0x19d
  github.com/hyperledger-labs/mirbft/protobufs._Messenger_Request_Handler()
      /opt/gopath/src/github.com/hyperledger-labs/mirbft/protobufs/messenger.pb.go:1158 +0xc2
  google.golang.org/grpc.(*Server).processStreamingRPC()
      /opt/gopath/src/google.golang.org/grpc/server.go:1673 +0x1e87
  google.golang.org/grpc.(*Server).handleStream()
      /opt/gopath/src/google.golang.org/grpc/server.go:1794 +0x19c6
  google.golang.org/grpc.(*Server).serveStreams.func2.1()
      /opt/gopath/src/google.golang.org/grpc/server.go:1029 +0x125

Previous read at 0x0000022b3f08 by goroutine 52863:
  github.com/hyperledger-labs/mirbft/log.publishEntries()
      /opt/gopath/src/github.com/hyperledger-labs/mirbft/log/log.go:285 +0x59a
  github.com/hyperledger-labs/mirbft/log.CommitEntry()
      /opt/gopath/src/github.com/hyperledger-labs/mirbft/log/log.go:108 +0x284
  github.com/hyperledger-labs/mirbft/announcer.Announce()
      /opt/gopath/src/github.com/hyperledger-labs/mirbft/announcer/announcer.go:26 +0x370
  github.com/hyperledger-labs/mirbft/orderer.(*pbftInstance).announce()
      /opt/gopath/src/github.com/hyperledger-labs/mirbft/orderer/pbftinstance.go:726 +0x36b
  github.com/hyperledger-labs/mirbft/orderer.(*pbftInstance).handleCommit()
      /opt/gopath/src/github.com/hyperledger-labs/mirbft/orderer/pbftinstance.go:664 +0x7bd
  github.com/hyperledger-labs/mirbft/orderer.(*pbftInstance).handleMessage()
      /opt/gopath/src/github.com/hyperledger-labs/mirbft/orderer/pbftinstance.go:1810 +0x2e5
  github.com/hyperledger-labs/mirbft/orderer.(*pbftInstance).processSerializedMessages()
      /opt/gopath/src/github.com/hyperledger-labs/mirbft/orderer/pbftinstance.go:1764 +0xdd
  github.com/hyperledger-labs/mirbft/orderer.(*PbftOrderer).runSegment.func2()
      /opt/gopath/src/github.com/hyperledger-labs/mirbft/orderer/pbftorderer.go:199 +0x39

Goroutine 962 (running) created at:
  google.golang.org/grpc.(*Server).serveStreams.func2()
      /opt/gopath/src/google.golang.org/grpc/server.go:1040 +0x224
  google.golang.org/grpc/internal/transport.(*http2Server).operateHeaders()
      /opt/gopath/src/google.golang.org/grpc/internal/transport/http2_server.go:631 +0x389e
  google.golang.org/grpc/internal/transport.(*http2Server).HandleStreams()
      /opt/gopath/src/google.golang.org/grpc/internal/transport/http2_server.go:672 +0x258
  google.golang.org/grpc.(*Server).serveStreams()
      /opt/gopath/src/google.golang.org/grpc/server.go:1023 +0x68b
  google.golang.org/grpc.(*Server).handleRawConn.func1()
      /opt/gopath/src/google.golang.org/grpc/server.go:959 +0x9c

Goroutine 52863 (running) created at:
  github.com/hyperledger-labs/mirbft/orderer.(*PbftOrderer).runSegment()
      /opt/gopath/src/github.com/hyperledger-labs/mirbft/orderer/pbftorderer.go:199 +0x3f6
  github.com/hyperledger-labs/mirbft/orderer.(*PbftOrderer).Start()
      /opt/gopath/src/github.com/hyperledger-labs/mirbft/orderer/pbftorderer.go:176 +0x344
  main.main.func5()
      /opt/gopath/src/github.com/hyperledger-labs/mirbft/cmd/orderingpeer/main.go:186 +0x59
==================
03:17:29.958 INF Committed entry. latency=0 nReq=4096 sn=24
03:19:33.140 INF Delivered batch. nReq=4096 sn=24
03:19:13.585 WRN Timeout segId=1 sn=25 view=0
03:19:33.143 INF Starting new view. segID=1 timeout=208000 view=1
03:19:33.144 INF Advanced timeout advanced=57799492 initial=1000000000
03:19:33.144 INF Advanced timeout advanced=1057799492 initial=1000000000
03:19:33.144 INF Advanced timeout advanced=2057799492 initial=1000000000
03:19:33.144 INF Advanced timeout advanced=3057799492 initial=1000000000
03:19:33.145 INF Advanced timeout advanced=4057799492 initial=1000000000
03:19:33.145 INF Advanced timeout advanced=5057799492 initial=1000000000
03:19:33.145 INF Advanced timeout advanced=6057799492 initial=1000000000
03:19:33.145 INF Advanced timeout advanced=7057799492 initial=1000000000
03:19:33.146 INF Advanced timeout advanced=8057799492 initial=1000000000
03:19:33.146 INF Advanced timeout advanced=9057799492 initial=1000000000
03:19:33.146 INF Advanced timeout advanced=10057799492 initial=1000000000
03:19:33.146 INF Advanced timeout advanced=11057799492 initial=1000000000
03:19:33.146 INF Advanced timeout advanced=12057799492 initial=1000000000
03:19:33.146 INF Advanced timeout advanced=13057799492 initial=1000000000
03:19:33.146 INF Advanced timeout advanced=14057799492 initial=1000000000
03:19:33.146 INF Advanced timeout advanced=15057799492 initial=1000000000
03:19:33.152 INF Requesting VIEWCHANGE. receiverID=1 segID=1 senderID=1 view=1
03:19:33.152 INF Handling VIEWCHANGE. msgView=1 ownView=1 segID=1 senderID=6
03:19:33.152 INF Adding view change message. currentView=1 msgView=1 numViewChanges=2
03:19:33.152 INF Handling VIEWCHANGE. msgView=1 ownView=1 segID=1 senderID=11
03:19:33.152 INF Adding view change message. currentView=1 msgView=1 numViewChanges=3
03:19:33.152 INF Handling VIEWCHANGE. msgView=1 ownView=1 segID=1 senderID=4
03:19:33.152 INF Adding view change message. currentView=1 msgView=1 numViewChanges=4
03:19:33.152 INF Handling VIEWCHANGE. msgView=1 ownView=1 segID=1 senderID=5
03:19:33.152 INF Adding view change message. currentView=1 msgView=1 numViewChanges=5
03:19:33.153 INF Handling VIEWCHANGE. msgView=1 ownView=1 segID=1 senderID=10
03:19:33.153 INF Adding view change message. currentView=1 msgView=1 numViewChanges=6
03:19:33.155 INF Handling VIEWCHANGE. msgView=1 ownView=1 segID=1 senderID=3
03:19:33.155 INF Adding view change message. currentView=1 msgView=1 numViewChanges=7
03:19:33.313 INF Sending NEWVIEW. segID=1 senderID=1 view=1
03:19:33.319 INF Sending PREPREPARE. nReq=1043 senderID=1 sn=26 view=0
03:19:33.342 INF Handling VIEWCHANGE. msgView=1 ownView=1 segID=1 senderID=9
03:19:33.342 INF Handling VIEWCHANGE. msgView=1 ownView=1 segID=1 senderID=7
03:19:33.342 INF Handling VIEWCHANGE. msgView=1 ownView=1 segID=1 senderID=8
03:19:33.342 INF Handling VIEWCHANGE. msgView=1 ownView=1 segID=1 senderID=2
03:19:33.342 INF Handling PREPREPARE. nReq=0 senderID=0 sn=27
03:19:33.342 INF Handling PREPREPARE. nReq=406 senderID=0 sn=25
03:19:33.343 INF Handling VIEWCHANGE. msgView=1 ownView=1 segID=1 senderID=0
03:19:33.348 WRN Timeout segId=2 sn=26 view=0
03:19:33.348 INF Starting new view. segID=2 timeout=208000 view=1
03:19:33.348 INF Advanced timeout advanced=57799492 initial=1000000000
03:19:33.348 INF Advanced timeout advanced=1057799492 initial=1000000000
03:19:33.348 INF Advanced timeout advanced=2057799492 initial=1000000000
03:19:33.359 INF Advanced timeout advanced=3057799492 initial=1000000000
03:19:33.360 INF Advanced timeout advanced=4057799492 initial=1000000000
03:19:33.360 INF Advanced timeout advanced=5057799492 initial=1000000000
03:19:33.360 INF Advanced timeout advanced=6057799492 initial=1000000000
03:19:33.360 INF Advanced timeout advanced=7057799492 initial=1000000000
03:19:33.360 INF Advanced timeout advanced=8057799492 initial=1000000000
03:19:33.360 INF Advanced timeout advanced=9057799492 initial=1000000000
03:19:33.360 INF Advanced timeout advanced=10057799492 initial=1000000000
03:19:33.360 INF Advanced timeout advanced=11057799492 initial=1000000000
03:19:33.381 INF Advanced timeout advanced=12057799492 initial=1000000000
03:19:33.381 INF Advanced timeout advanced=13057799492 initial=1000000000
03:19:33.381 INF Advanced timeout advanced=14057799492 initial=1000000000
03:19:33.381 INF Advanced timeout advanced=15057799492 initial=1000000000
03:19:33.381 INF Requesting VIEWCHANGE. receiverID=2 segID=2 senderID=1 view=1
03:19:33.418 INF Handling NEWVIEW. currentView=1 msgView=1 segID=2 senderID=2
03:19:33.498 INF Committed entry. latency=0 nReq=0 sn=35
03:19:33.498 INF Committed entry. latency=0 nReq=0 sn=41
03:19:33.498 INF Committed entry. latency=0 nReq=0 sn=27
03:19:33.498 INF Committed entry. latency=0 nReq=0 sn=51
03:19:33.499 INF Committed entry. latency=0 nReq=0 sn=37
03:19:33.499 INF Committed entry. latency=0 nReq=0 sn=45
03:19:33.499 INF Committed entry. latency=0 nReq=0 sn=33
03:19:33.499 INF Committed entry. latency=0 nReq=0 sn=49
03:19:33.499 INF Committed entry. latency=0 nReq=0 sn=25
03:19:33.499 INF Delivered batch. nReq=0 sn=25
03:19:33.499 INF Committed entry. latency=0 nReq=0 sn=47
03:19:33.499 INF Committed entry. latency=0 nReq=0 sn=29
03:19:33.499 INF Committed entry. latency=0 nReq=0 sn=39
03:19:33.499 INF Committed entry. latency=0 nReq=0 sn=31
03:19:33.499 INF Committed entry. latency=0 nReq=0 sn=43
03:19:33.499 INF Sending segment checkpoint. lastSn=51 segID=1
03:19:33.510 INF PBFT checkpoint ready. Scheduling catchup. lastSn=51 segID=1
03:19:33.537 INF Committed entry. latency=0 nReq=0 sn=46
03:19:33.537 INF Committed entry. latency=0 nReq=0 sn=50
03:19:33.537 INF Committed entry. latency=0 nReq=0 sn=32
03:19:33.537 INF Committed entry. latency=0 nReq=0 sn=34
03:19:33.537 INF Committed entry. latency=0 nReq=0 sn=38
03:19:33.537 INF Committed entry. latency=0 nReq=0 sn=42
03:19:33.537 INF Committed entry. latency=0 nReq=0 sn=28
03:19:33.537 INF Committed entry. latency=0 nReq=0 sn=52
03:19:33.537 INF Committed entry. latency=0 nReq=0 sn=40
03:19:33.538 INF Committed entry. latency=0 nReq=0 sn=36
03:19:33.538 INF Committed entry. latency=0 nReq=0 sn=44
03:19:33.538 INF Committed entry. latency=0 nReq=0 sn=48
03:19:33.538 INF Committed entry. latency=0 nReq=0 sn=26
03:19:33.538 INF Delivered batch. nReq=0 sn=26
03:19:33.538 INF Delivered batch. nReq=0 sn=27
03:19:33.538 INF Delivered batch. nReq=0 sn=28
03:19:33.538 INF Delivered batch. nReq=0 sn=29
03:19:33.538 INF Committed entry. latency=0 nReq=0 sn=30
03:19:33.538 INF Delivered batch. nReq=0 sn=30
03:19:33.538 INF Delivered batch. nReq=0 sn=31
03:19:33.538 INF Delivered batch. nReq=0 sn=32
03:19:33.538 INF Delivered batch. nReq=0 sn=33
03:19:33.538 INF Delivered batch. nReq=0 sn=34
03:19:33.539 INF Delivered batch. nReq=0 sn=35
03:19:33.539 INF Delivered batch. nReq=0 sn=36
03:19:33.539 INF Delivered batch. nReq=0 sn=37
03:19:33.539 INF Delivered batch. nReq=0 sn=38
03:19:33.539 INF Delivered batch. nReq=0 sn=39
03:19:33.539 INF Delivered batch. nReq=0 sn=40
03:19:33.539 INF Delivered batch. nReq=0 sn=41
03:19:33.539 INF Delivered batch. nReq=0 sn=42
03:19:33.539 INF Delivered batch. nReq=0 sn=43
03:19:33.539 INF Delivered batch. nReq=0 sn=44
03:19:33.539 INF Delivered batch. nReq=0 sn=45
03:19:33.539 INF Delivered batch. nReq=0 sn=46
03:19:33.539 INF Delivered batch. nReq=0 sn=47
03:19:33.539 INF Delivered batch. nReq=0 sn=48
03:19:33.539 INF Delivered batch. nReq=0 sn=49
03:19:33.539 INF Delivered batch. nReq=0 sn=50
03:19:33.539 INF Delivered batch. nReq=0 sn=51
03:19:33.539 INF Delivered batch. nReq=0 sn=52
03:19:33.539 INF Sending segment checkpoint. lastSn=52 segID=2
==================
WARNING: DATA RACE
Read at 0x000001304398 by goroutine 939:
  github.com/hyperledger-labs/mirbft/manager.(*MirManager).handleLogEntries()
      /opt/gopath/src/github.com/hyperledger-labs/mirbft/manager/mirmanager.go:173 +0x984
  github.com/hyperledger-labs/mirbft/manager.(*MirManager).Start.func2()
      /opt/gopath/src/github.com/hyperledger-labs/mirbft/manager/mirmanager.go:112 +0x47

Previous write at 0x000001304398 by goroutine 962:
  github.com/hyperledger-labs/mirbft/request.HandleRequest()
      /opt/gopath/src/github.com/hyperledger-labs/mirbft/request/requesthandler.go:49 +0x1d3
  github.com/hyperledger-labs/mirbft/messenger.(*messengerServer).Request()
      /opt/gopath/src/github.com/hyperledger-labs/mirbft/messenger/clients.go:77 +0x19d
  github.com/hyperledger-labs/mirbft/protobufs._Messenger_Request_Handler()
      /opt/gopath/src/github.com/hyperledger-labs/mirbft/protobufs/messenger.pb.go:1158 +0xc2
  google.golang.org/grpc.(*Server).processStreamingRPC()
      /opt/gopath/src/google.golang.org/grpc/server.go:1673 +0x1e87
  google.golang.org/grpc.(*Server).handleStream()
      /opt/gopath/src/google.golang.org/grpc/server.go:1794 +0x19c6
  google.golang.org/grpc.(*Server).serveStreams.func2.1()
      /opt/gopath/src/google.golang.org/grpc/server.go:1029 +0x125

Goroutine 939 (running) created at:
  github.com/hyperledger-labs/mirbft/manager.(*MirManager).Start()
      /opt/gopath/src/github.com/hyperledger-labs/mirbft/manager/mirmanager.go:112 +0x191
  main.main.func4()
      /opt/gopath/src/github.com/hyperledger-labs/mirbft/cmd/orderingpeer/main.go:185 +0x59

Goroutine 962 (running) created at:
  google.golang.org/grpc.(*Server).serveStreams.func2()
      /opt/gopath/src/google.golang.org/grpc/server.go:1040 +0x224
  google.golang.org/grpc/internal/transport.(*http2Server).operateHeaders()
      /opt/gopath/src/google.golang.org/grpc/internal/transport/http2_server.go:631 +0x389e
  google.golang.org/grpc/internal/transport.(*http2Server).HandleStreams()
      /opt/gopath/src/google.golang.org/grpc/internal/transport/http2_server.go:672 +0x258
  google.golang.org/grpc.(*Server).serveStreams()
      /opt/gopath/src/google.golang.org/grpc/server.go:1023 +0x68b
  google.golang.org/grpc.(*Server).handleRawConn.func1()
      /opt/gopath/src/google.golang.org/grpc/server.go:959 +0x9c
==================
03:19:33.542 INF PBFT checkpoint ready. Scheduling catchup. lastSn=52 segID=2
03:19:33.564 INF New stable checkpoint. sn=52
03:19:33.564 INF Received stable checkpoint notification. sn=52
03:19:33.564 INF Closing message serializers. segID=1
03:19:33.564 INF Closing message serializers. segID=2
03:19:33.564 INF Statistics commitTs=1753989448815563880 duration=53280646 proposeTs=1753989448762283234 sn=22
03:19:33.564 INF Statistics commitTs=1753989449952334287 duration=169337472 proposeTs=1753989449782996815 sn=24
03:19:33.564 INF Statistics commitTs=1753989573536686222 duration=125800943004 proposeTs=1753989447735743218 sn=26
03:19:33.564 INF Statistics commitTs=1753989573536428040 duration=125800684822 proposeTs=1753989447735743218 sn=28
03:19:33.565 INF Statistics commitTs=1753989573536709198 duration=125800965980 proposeTs=1753989447735743218 sn=30
03:19:33.564 INF Statistics commitTs=1753989448746571771 duration=18038278 proposeTs=1753989448728533493 sn=21
03:19:33.565 INF Statistics commitTs=1753989573536525656 duration=125800782438 proposeTs=1753989447735743218 sn=32
03:19:33.565 INF Statistics commitTs=1753989449838282000 duration=59847884 proposeTs=1753989449778434116 sn=23
03:19:33.565 INF Statistics commitTs=1753989573536732332 duration=125800989114 proposeTs=1753989447735743218 sn=34
03:19:33.565 INF Statistics commitTs=1753989573498840082 duration=125969446548 proposeTs=1753989447529393534 sn=25
03:19:33.565 INF Statistics commitTs=1753989573536455809 duration=125800712591 proposeTs=1753989447735743218 sn=36
03:19:33.565 INF Statistics commitTs=1753989573497541647 duration=125968148113 proposeTs=1753989447529393534 sn=27
03:19:33.565 INF Statistics commitTs=1753989573536553058 duration=125800809840 proposeTs=1753989447735743218 sn=38
03:19:33.565 INF Statistics commitTs=1753989573498841969 duration=125969448435 proposeTs=1753989447529393534 sn=29
03:19:33.565 INF Statistics commitTs=1753989573498843904 duration=125969450370 proposeTs=1753989447529393534 sn=31
03:19:33.565 INF Statistics commitTs=1753989573536761472 duration=125801018254 proposeTs=1753989447735743218 sn=40
03:19:33.565 INF Statistics commitTs=1753989573497532548 duration=125968139014 proposeTs=1753989447529393534 sn=33
03:19:33.565 INF Statistics commitTs=1753989573536576450 duration=125800833232 proposeTs=1753989447735743218 sn=42
03:19:33.565 INF Statistics commitTs=1753989573497534639 duration=125968141105 proposeTs=1753989447529393534 sn=35
03:19:33.565 INF Statistics commitTs=1753989573536615327 duration=125800872109 proposeTs=1753989447735743218 sn=44
03:19:33.565 INF Statistics commitTs=1753989573497548423 duration=125968154889 proposeTs=1753989447529393534 sn=37
03:19:33.565 INF Statistics commitTs=1753989573536639976 duration=125800896758 proposeTs=1753989447735743218 sn=46
03:19:33.565 INF Statistics commitTs=1753989573498843022 duration=125969449488 proposeTs=1753989447529393534 sn=39
03:19:33.565 INF Statistics commitTs=1753989573536476145 duration=125800732927 proposeTs=1753989447735743218 sn=48
03:19:33.566 INF Statistics commitTs=1753989573497536760 duration=125968143226 proposeTs=1753989447529393534 sn=41
03:19:33.566 INF Statistics commitTs=1753989573536594468 duration=125800851250 proposeTs=1753989447735743218 sn=50
03:19:33.566 INF Statistics commitTs=1753989573498844610 duration=125969451076 proposeTs=1753989447529393534 sn=43
03:19:33.566 INF Statistics commitTs=1753989573536659509 duration=125800916291 proposeTs=1753989447735743218 sn=52
03:19:33.566 INF Statistics commitTs=1753989573497548972 duration=125968155438 proposeTs=1753989447529393534 sn=45
03:19:33.566 INF Median commit time commit=125800851250 segID=2
03:19:33.566 INF Statistics commitTs=1753989573498840625 duration=125969447091 proposeTs=1753989447529393534 sn=47
03:19:33.566 INF Statistics commitTs=1753989573498834794 duration=125969441260 proposeTs=1753989447529393534 sn=49
03:19:33.566 INF Statistics commitTs=1753989573497543573 duration=125968150039 proposeTs=1753989447529393534 sn=51
03:19:33.566 INF Median commit time commit=125968155438 segID=1
03:19:33.642 INF fuck! epoch=192 epoch time (ms)=126011 leaders=3 viewtimeout=120000
03:19:33.642 INF Epoch finished. Waiting for stable checkpoint. sn=52
03:19:33.642 INF Epoch end confirmed. chkpSn=52
03:19:33.642 INF Advancing watermarks. numEntries=32
03:19:33.685 INF PbftOrderer received a new segment: [53 56 59 62 65 68 71 74 77 80 83 86 89 92 95 98] first leader=0 firstSN=53 lastSN=98 len=16 length=16 segId=3
03:19:34.090 INF Starting new view. segID=3 timeout=120000 view=0
03:19:34.090 INF Advanced timeout advanced=125968155438 initial=1000000000
03:19:34.090 INF Advanced timeout advanced=126968155438 initial=1000000000
03:19:34.090 INF Advanced timeout advanced=127968155438 initial=1000000000
03:19:34.090 INF Advanced timeout advanced=128968155438 initial=1000000000
03:19:34.090 INF Advanced timeout advanced=129968155438 initial=1000000000
03:19:34.090 INF Advanced timeout advanced=130968155438 initial=1000000000
03:19:34.090 INF Advanced timeout advanced=131968155438 initial=1000000000
03:19:34.090 INF Advanced timeout advanced=132968155438 initial=1000000000
03:19:34.090 INF Advanced timeout advanced=133968155438 initial=1000000000
03:19:34.091 INF Advanced timeout advanced=134968155438 initial=1000000000
03:19:34.091 INF Advanced timeout advanced=135968155438 initial=1000000000
03:19:34.091 INF Advanced timeout advanced=136968155438 initial=1000000000
03:19:34.091 INF Advanced timeout advanced=137968155438 initial=1000000000
03:19:34.091 INF Advanced timeout advanced=138968155438 initial=1000000000
03:19:34.091 INF Advanced timeout advanced=139968155438 initial=1000000000
03:19:34.091 INF Advanced timeout advanced=140968155438 initial=1000000000
03:19:34.091 INF Starting PBFT instance. first=53 last=98 segID=3
03:19:34.091 INF Starting serialized message processing. segID=3
03:19:34.091 INF PbftOrderer received a new segment: [54 57 60 63 66 69 72 75 78 81 84 87 90 93 96 99] first leader=1 firstSN=54 lastSN=99 len=16 length=16 segId=4
03:19:34.444 INF Starting new view. segID=4 timeout=120000 view=0
03:19:34.445 INF Advanced timeout advanced=125968155438 initial=1000000000
03:19:34.445 INF Advanced timeout advanced=126968155438 initial=1000000000
03:19:34.445 INF Advanced timeout advanced=127968155438 initial=1000000000
03:19:34.445 INF Advanced timeout advanced=128968155438 initial=1000000000
03:19:34.445 INF Advanced timeout advanced=129968155438 initial=1000000000
03:19:34.445 INF Advanced timeout advanced=130968155438 initial=1000000000
03:19:34.445 INF Advanced timeout advanced=131968155438 initial=1000000000
03:19:34.445 INF Advanced timeout advanced=132968155438 initial=1000000000
03:19:34.445 INF Advanced timeout advanced=133968155438 initial=1000000000
03:19:34.445 INF Advanced timeout advanced=134968155438 initial=1000000000
03:19:34.445 INF Advanced timeout advanced=135968155438 initial=1000000000
03:19:34.445 INF Advanced timeout advanced=136968155438 initial=1000000000
03:19:34.445 INF Advanced timeout advanced=137968155438 initial=1000000000
03:19:34.446 INF Advanced timeout advanced=138968155438 initial=1000000000
03:19:34.446 INF Advanced timeout advanced=139968155438 initial=1000000000
03:19:34.446 INF Advanced timeout advanced=140968155438 initial=1000000000
03:19:34.446 INF Starting PBFT instance. first=54 last=99 segID=4
03:19:34.446 INF Starting serialized message processing. segID=4
03:19:34.446 INF fuck1 epoch change time (ms)=906
==================
WARNING: DATA RACE
Write at 0x000001304398 by goroutine 939:
  github.com/hyperledger-labs/mirbft/manager.(*MirManager).handleLogEntries()
      /opt/gopath/src/github.com/hyperledger-labs/mirbft/manager/mirmanager.go:265 +0x17d3
  github.com/hyperledger-labs/mirbft/manager.(*MirManager).Start.func2()
      /opt/gopath/src/github.com/hyperledger-labs/mirbft/manager/mirmanager.go:112 +0x47

Previous write at 0x000001304398 by goroutine 962:
  github.com/hyperledger-labs/mirbft/request.HandleRequest()
      /opt/gopath/src/github.com/hyperledger-labs/mirbft/request/requesthandler.go:49 +0x1d3
  github.com/hyperledger-labs/mirbft/messenger.(*messengerServer).Request()
      /opt/gopath/src/github.com/hyperledger-labs/mirbft/messenger/clients.go:77 +0x19d
  github.com/hyperledger-labs/mirbft/protobufs._Messenger_Request_Handler()
      /opt/gopath/src/github.com/hyperledger-labs/mirbft/protobufs/messenger.pb.go:1158 +0xc2
  google.golang.org/grpc.(*Server).processStreamingRPC()
      /opt/gopath/src/google.golang.org/grpc/server.go:1673 +0x1e87
  google.golang.org/grpc.(*Server).handleStream()
      /opt/gopath/src/google.golang.org/grpc/server.go:1794 +0x19c6
  google.golang.org/grpc.(*Server).serveStreams.func2.1()
      /opt/gopath/src/google.golang.org/grpc/server.go:1029 +0x125

Goroutine 939 (running) created at:
  github.com/hyperledger-labs/mirbft/manager.(*MirManager).Start()
      /opt/gopath/src/github.com/hyperledger-labs/mirbft/manager/mirmanager.go:112 +0x191
  main.main.func4()
      /opt/gopath/src/github.com/hyperledger-labs/mirbft/cmd/orderingpeer/main.go:185 +0x59

Goroutine 962 (running) created at:
  google.golang.org/grpc.(*Server).serveStreams.func2()
      /opt/gopath/src/google.golang.org/grpc/server.go:1040 +0x224
  google.golang.org/grpc/internal/transport.(*http2Server).operateHeaders()
      /opt/gopath/src/google.golang.org/grpc/internal/transport/http2_server.go:631 +0x389e
  google.golang.org/grpc/internal/transport.(*http2Server).HandleStreams()
      /opt/gopath/src/google.golang.org/grpc/internal/transport/http2_server.go:672 +0x258
  google.golang.org/grpc.(*Server).serveStreams()
      /opt/gopath/src/google.golang.org/grpc/server.go:1023 +0x68b
  google.golang.org/grpc.(*Server).handleRawConn.func1()
      /opt/gopath/src/google.golang.org/grpc/server.go:959 +0x9c
==================
03:19:34.448 INF PbftOrderer received a new segment: [55 58 61 64 67 70 73 76 79 82 85 88 91 94 97 100] first leader=2 firstSN=55 lastSN=100 len=16 length=16 segId=5
03:19:34.600 INF Starting new view. segID=5 timeout=120000 view=0
03:19:34.601 INF Advanced timeout advanced=125968155438 initial=1000000000
03:19:34.601 INF Advanced timeout advanced=126968155438 initial=1000000000
03:19:34.601 INF Advanced timeout advanced=127968155438 initial=1000000000
03:19:34.601 INF Advanced timeout advanced=128968155438 initial=1000000000
03:19:34.601 INF Advanced timeout advanced=129968155438 initial=1000000000
03:19:34.601 INF Advanced timeout advanced=130968155438 initial=1000000000
03:19:34.601 INF Advanced timeout advanced=131968155438 initial=1000000000
03:19:34.601 INF Advanced timeout advanced=132968155438 initial=1000000000
03:19:34.601 INF Advanced timeout advanced=133968155438 initial=1000000000
03:19:34.601 INF Advanced timeout advanced=134968155438 initial=1000000000
03:19:34.601 INF Advanced timeout advanced=135968155438 initial=1000000000
03:19:34.601 INF Advanced timeout advanced=136968155438 initial=1000000000
03:19:34.601 INF Advanced timeout advanced=137968155438 initial=1000000000
03:19:34.601 INF Advanced timeout advanced=138968155438 initial=1000000000
03:19:34.601 INF Advanced timeout advanced=139968155438 initial=1000000000
03:19:34.601 INF Advanced timeout advanced=140968155438 initial=1000000000
03:19:34.601 INF Starting PBFT instance. first=55 last=100 segID=5
03:19:34.601 INF Starting serialized message processing. segID=5
03:19:35.263 INF Handling PREPREPARE. nReq=1028 senderID=0 sn=53
03:19:35.294 INF Committed entry. latency=0 nReq=1028 sn=53
03:19:35.294 INF Delivered batch. nReq=1028 sn=53
03:19:35.324 INF Sending PREPREPARE. nReq=4096 senderID=1 sn=54 view=0
03:19:35.502 INF Committed entry. latency=0 nReq=4096 sn=54
03:19:35.503 INF Delivered batch. nReq=4096 sn=54
03:19:35.698 INF Handling PREPREPARE. nReq=1118 senderID=2 sn=55
03:19:35.903 INF Committed entry. latency=0 nReq=1118 sn=55
03:19:35.903 INF Delivered batch. nReq=1118 sn=55
03:19:36.221 INF Handling PREPREPARE. nReq=317 senderID=0 sn=56
03:19:36.238 INF Committed entry. latency=0 nReq=317 sn=56
03:19:36.239 INF Delivered batch. nReq=317 sn=56
03:19:36.324 INF Sending PREPREPARE. nReq=1105 senderID=1 sn=57 view=0
03:19:36.410 INF Committed entry. latency=0 nReq=1105 sn=57
03:19:36.410 INF Delivered batch. nReq=1105 sn=57
03:19:36.600 INF Handling PREPREPARE. nReq=440 senderID=2 sn=58
03:19:36.622 INF Committed entry. latency=0 nReq=440 sn=58
03:19:36.623 INF Delivered batch. nReq=440 sn=58
03:19:37.217 INF Handling PREPREPARE. nReq=308 senderID=0 sn=59
03:19:37.237 INF Committed entry. latency=0 nReq=308 sn=59
03:19:37.237 INF Delivered batch. nReq=308 sn=59
03:19:37.325 INF Sending PREPREPARE. nReq=1293 senderID=1 sn=60 view=0
03:19:37.433 INF Committed entry. latency=0 nReq=1293 sn=60
03:19:37.433 INF Delivered batch. nReq=1293 sn=60
03:19:37.627 INF Handling PREPREPARE. nReq=860 senderID=2 sn=61
03:19:37.654 INF Committed entry. latency=0 nReq=860 sn=61
03:19:37.654 INF Delivered batch. nReq=860 sn=61
03:19:38.225 INF Handling PREPREPARE. nReq=286 senderID=0 sn=62
03:19:38.243 INF Committed entry. latency=0 nReq=286 sn=62
03:19:38.243 INF Delivered batch. nReq=286 sn=62
03:19:38.326 INF Sending PREPREPARE. nReq=1246 senderID=1 sn=63 view=0
03:19:38.412 INF Committed entry. latency=0 nReq=1246 sn=63
03:19:38.412 INF Delivered batch. nReq=1246 sn=63
03:19:38.650 INF Handling PREPREPARE. nReq=1769 senderID=2 sn=64
03:19:38.688 INF Committed entry. latency=0 nReq=1769 sn=64
03:19:38.688 INF Delivered batch. nReq=1769 sn=64
03:19:39.234 INF Handling PREPREPARE. nReq=485 senderID=0 sn=65
03:19:39.253 INF Committed entry. latency=0 nReq=485 sn=65
03:19:39.253 INF Delivered batch. nReq=485 sn=65
03:19:39.327 INF Sending PREPREPARE. nReq=1718 senderID=1 sn=66 view=0
03:19:39.442 INF Committed entry. latency=0 nReq=1718 sn=66
03:19:39.442 INF Delivered batch. nReq=1718 sn=66
03:19:39.671 INF Handling PREPREPARE. nReq=2040 senderID=2 sn=67
03:19:39.713 INF Committed entry. latency=0 nReq=2040 sn=67
03:19:39.713 INF Delivered batch. nReq=2040 sn=67
03:19:40.242 INF Handling PREPREPARE. nReq=474 senderID=0 sn=68
03:19:40.263 INF Committed entry. latency=0 nReq=474 sn=68
03:19:40.264 INF Delivered batch. nReq=474 sn=68
03:19:40.328 INF Sending PREPREPARE. nReq=1620 senderID=1 sn=69 view=0
03:19:40.431 INF Committed entry. latency=0 nReq=1620 sn=69
03:19:40.431 INF Delivered batch. nReq=1620 sn=69
03:19:40.641 INF Handling PREPREPARE. nReq=1264 senderID=2 sn=70
03:19:40.674 INF Committed entry. latency=0 nReq=1264 sn=70
03:19:40.674 INF Delivered batch. nReq=1264 sn=70
03:19:41.223 INF Handling PREPREPARE. nReq=279 senderID=0 sn=71
03:19:41.246 INF Committed entry. latency=0 nReq=279 sn=71
03:19:41.246 INF Delivered batch. nReq=279 sn=71
03:19:41.331 INF Sending PREPREPARE. nReq=1285 senderID=1 sn=72 view=0
03:19:41.411 INF Committed entry. latency=0 nReq=1285 sn=72
03:19:41.411 INF Delivered batch. nReq=1285 sn=72
03:19:41.670 INF Handling PREPREPARE. nReq=1472 senderID=2 sn=73
03:19:41.704 INF Committed entry. latency=0 nReq=1472 sn=73
03:19:41.705 INF Delivered batch. nReq=1472 sn=73
03:19:42.228 INF Handling PREPREPARE. nReq=382 senderID=0 sn=74
03:19:42.245 INF Committed entry. latency=0 nReq=382 sn=74
03:19:42.245 INF Delivered batch. nReq=382 sn=74
03:19:42.337 INF Sending PREPREPARE. nReq=1612 senderID=1 sn=75 view=0
03:19:42.461 INF Committed entry. latency=0 nReq=1612 sn=75
03:19:42.461 INF Delivered batch. nReq=1612 sn=75
03:19:42.683 INF Handling PREPREPARE. nReq=2422 senderID=2 sn=76
03:19:42.738 INF Committed entry. latency=0 nReq=2422 sn=76
03:19:42.738 INF Delivered batch. nReq=2422 sn=76
03:19:43.246 INF Handling PREPREPARE. nReq=518 senderID=0 sn=77
03:19:43.273 INF Committed entry. latency=0 nReq=518 sn=77
03:19:43.274 INF Delivered batch. nReq=518 sn=77
03:19:43.335 INF Sending PREPREPARE. nReq=1629 senderID=1 sn=78 view=0
03:19:43.455 INF Committed entry. latency=0 nReq=1629 sn=78
03:19:43.455 INF Delivered batch. nReq=1629 sn=78
03:19:43.653 INF Handling PREPREPARE. nReq=1319 senderID=2 sn=79
03:19:43.690 INF Committed entry. latency=0 nReq=1319 sn=79
03:19:43.690 INF Delivered batch. nReq=1319 sn=79
03:19:44.223 INF Handling PREPREPARE. nReq=305 senderID=0 sn=80
03:19:44.243 INF Committed entry. latency=0 nReq=305 sn=80
03:19:44.243 INF Delivered batch. nReq=305 sn=80
03:19:44.334 INF Sending PREPREPARE. nReq=838 senderID=1 sn=81 view=0
03:19:44.394 INF Committed entry. latency=0 nReq=838 sn=81
03:19:44.394 INF Delivered batch. nReq=838 sn=81
03:19:44.653 INF Handling PREPREPARE. nReq=1444 senderID=2 sn=82
03:19:44.686 INF Committed entry. latency=0 nReq=1444 sn=82
03:19:44.686 INF Delivered batch. nReq=1444 sn=82
03:19:45.292 INF Handling PREPREPARE. nReq=1166 senderID=0 sn=83
03:19:45.326 INF Committed entry. latency=0 nReq=1166 sn=83
03:19:45.326 INF Delivered batch. nReq=1166 sn=83
03:19:45.335 INF Sending PREPREPARE. nReq=761 senderID=1 sn=84 view=0
03:19:45.372 INF Committed entry. latency=0 nReq=761 sn=84
03:19:45.372 INF Delivered batch. nReq=761 sn=84
03:19:45.676 INF Handling PREPREPARE. nReq=1866 senderID=2 sn=85
03:19:45.725 INF Committed entry. latency=0 nReq=1866 sn=85
03:19:45.726 INF Delivered batch. nReq=1866 sn=85
03:19:46.223 INF Handling PREPREPARE. nReq=529 senderID=0 sn=86
03:19:46.244 INF Committed entry. latency=0 nReq=529 sn=86
03:19:46.245 INF Delivered batch. nReq=529 sn=86
03:19:46.335 INF Sending PREPREPARE. nReq=0 senderID=1 sn=87 view=0
03:19:46.340 INF Committed entry. latency=0 nReq=0 sn=87
03:19:46.341 INF Delivered batch. nReq=0 sn=87
03:19:46.595 INF Handling PREPREPARE. nReq=0 senderID=2 sn=88
03:19:46.599 INF Committed entry. latency=0 nReq=0 sn=88
03:19:46.599 INF Delivered batch. nReq=0 sn=88
03:19:47.280 INF Handling PREPREPARE. nReq=764 senderID=0 sn=89
03:19:47.309 INF Committed entry. latency=0 nReq=764 sn=89
03:19:47.309 INF Delivered batch. nReq=764 sn=89
03:19:47.336 INF Sending PREPREPARE. nReq=0 senderID=1 sn=90 view=0
03:19:47.341 INF Committed entry. latency=0 nReq=0 sn=90
03:19:47.342 INF Delivered batch. nReq=0 sn=90
03:19:47.596 INF Handling PREPREPARE. nReq=0 senderID=2 sn=91
03:19:47.603 INF Committed entry. latency=0 nReq=0 sn=91
03:19:47.603 INF Delivered batch. nReq=0 sn=91
03:19:48.337 INF Sending PREPREPARE. nReq=0 senderID=1 sn=93 view=0
03:19:48.337 INF Handling PREPREPARE. nReq=2645 senderID=0 sn=92
03:19:48.344 INF Committed entry. latency=0 nReq=0 sn=93
03:19:48.431 INF Committed entry. latency=0 nReq=2645 sn=92
03:19:48.432 INF Delivered batch. nReq=2645 sn=92
03:19:48.509 INF Delivered batch. nReq=0 sn=93
03:19:48.596 INF Handling PREPREPARE. nReq=0 senderID=2 sn=94
03:19:48.602 INF Committed entry. latency=0 nReq=0 sn=94
03:19:48.602 INF Delivered batch. nReq=0 sn=94
03:19:49.288 INF Handling PREPREPARE. nReq=877 senderID=0 sn=95
03:19:49.326 INF Committed entry. latency=0 nReq=877 sn=95
03:19:49.326 INF Delivered batch. nReq=877 sn=95
03:19:49.341 INF Sending PREPREPARE. nReq=0 senderID=1 sn=96 view=0
03:19:49.355 INF Committed entry. latency=0 nReq=0 sn=96
03:19:49.357 INF Delivered batch. nReq=0 sn=96
03:19:49.598 INF Handling PREPREPARE. nReq=0 senderID=2 sn=97
03:19:49.603 INF Committed entry. latency=0 nReq=0 sn=97
03:19:49.604 INF Delivered batch. nReq=0 sn=97
03:19:50.306 INF Handling PREPREPARE. nReq=1420 senderID=0 sn=98
03:19:50.342 INF Sending PREPREPARE. nReq=0 senderID=1 sn=99 view=0
03:19:50.350 INF Committed entry. latency=0 nReq=0 sn=99
03:19:50.350 INF Sending segment checkpoint. lastSn=99 segID=4
03:19:50.353 INF PBFT checkpoint ready. Scheduling catchup. lastSn=99 segID=4
03:19:50.356 INF Committed entry. latency=0 nReq=1420 sn=98
03:19:50.356 INF Delivered batch. nReq=1420 sn=98
03:19:50.378 INF Delivered batch. nReq=0 sn=99
03:19:50.379 INF Sending segment checkpoint. lastSn=98 segID=3
03:19:50.379 INF PBFT checkpoint ready. Scheduling catchup. lastSn=98 segID=3
03:19:50.598 INF Handling PREPREPARE. nReq=0 senderID=2 sn=100
03:19:50.603 INF Committed entry. latency=0 nReq=0 sn=100
03:19:50.604 INF Delivered batch. nReq=0 sn=100
03:19:50.604 INF Sending segment checkpoint. lastSn=100 segID=5
03:19:50.611 INF PBFT checkpoint ready. Scheduling catchup. lastSn=100 segID=5
03:19:50.643 INF fuck! epoch=192 epoch time (ms)=16157 leaders=4 viewtimeout=99000
03:19:50.643 INF Epoch finished. Waiting for stable checkpoint. sn=100
03:19:50.643 INF New stable checkpoint. sn=100
03:19:50.644 INF Received stable checkpoint notification. sn=100
03:19:50.644 INF Closing message serializers. segID=4
03:19:50.644 INF Closing message serializers. segID=3
03:19:50.644 INF Closing message serializers. segID=5
03:19:50.644 INF Statistics commitTs=1753989575492685321 duration=145616891 proposeTs=1753989575347068430 sn=54
03:19:50.644 INF Statistics commitTs=1753989575902755356 duration=203813351 proposeTs=1753989575698942005 sn=55
03:19:50.644 INF Epoch end confirmed. chkpSn=100
03:19:50.644 INF Statistics commitTs=1753989576408061871 duration=70994382 proposeTs=1753989576337067489 sn=57
03:19:50.644 INF Advancing watermarks. numEntries=48
03:19:50.644 INF Statistics commitTs=1753989576622039716 duration=21952381 proposeTs=1753989576600087335 sn=58
03:19:50.645 INF Statistics commitTs=1753989577431069738 duration=82616675 proposeTs=1753989577348453063 sn=60
03:19:50.645 INF Statistics commitTs=1753989577652669164 duration=24781884 proposeTs=1753989577627887280 sn=61
03:19:50.644 INF Statistics commitTs=1753989575291330074 duration=28029652 proposeTs=1753989575263300422 sn=53
03:19:50.645 INF Statistics commitTs=1753989578684518528 duration=34179772 proposeTs=1753989578650338756 sn=64
03:19:50.645 INF Statistics commitTs=1753989578409703707 duration=65308475 proposeTs=1753989578344395232 sn=63
03:19:50.645 INF Statistics commitTs=1753989576237548754 duration=16367679 proposeTs=1753989576221181075 sn=56
03:19:50.645 INF Statistics commitTs=1753989579707384999 duration=36109546 proposeTs=1753989579671275453 sn=67
03:19:50.645 INF Statistics commitTs=1753989579438570040 duration=94087299 proposeTs=1753989579344482741 sn=66
03:19:50.645 INF Statistics commitTs=1753989577236489159 duration=19075906 proposeTs=1753989577217413253 sn=59
03:19:50.645 INF Statistics commitTs=1753989580671336751 duration=29737544 proposeTs=1753989580641599207 sn=70
03:19:50.646 INF Statistics commitTs=1753989578241784429 duration=16656589 proposeTs=1753989578225127840 sn=62
03:19:50.646 INF Statistics commitTs=1753989580428253875 duration=86690069 proposeTs=1753989580341563806 sn=69
03:19:50.646 INF Statistics commitTs=1753989581700507801 duration=29965519 proposeTs=1753989581670542282 sn=73
03:19:50.646 INF Statistics commitTs=1753989579252101485 duration=17287830 proposeTs=1753989579234813655 sn=65
03:19:50.646 INF Statistics commitTs=1753989582733325875 duration=50089116 proposeTs=1753989582683236759 sn=76
03:19:50.646 INF Statistics commitTs=1753989580262339597 duration=19424424 proposeTs=1753989580242915173 sn=68
03:19:50.646 INF Statistics commitTs=1753989583683490266 duration=30040179 proposeTs=1753989583653450087 sn=79
03:19:50.646 INF Statistics commitTs=1753989581245225303 duration=21416324 proposeTs=1753989581223808979 sn=71
03:19:50.646 INF Statistics commitTs=1753989584683463892 duration=30362033 proposeTs=1753989584653101859 sn=82
03:19:50.647 INF Statistics commitTs=1753989582243870054 duration=15227672 proposeTs=1753989582228642382 sn=74
03:19:50.647 INF Statistics commitTs=1753989585714664825 duration=37919847 proposeTs=1753989585676744978 sn=85
03:19:50.647 INF Statistics commitTs=1753989583272242462 duration=26152446 proposeTs=1753989583246090016 sn=77
03:19:50.647 INF Statistics commitTs=1753989586599517261 duration=4138735 proposeTs=1753989586595378526 sn=88
03:19:50.647 INF Statistics commitTs=1753989584241482565 duration=18127460 proposeTs=1753989584223355105 sn=80
03:19:50.647 INF Statistics commitTs=1753989587602979324 duration=6505187 proposeTs=1753989587596474137 sn=91
03:19:50.647 INF Statistics commitTs=1753989585319069291 duration=26879509 proposeTs=1753989585292189782 sn=83
03:19:50.647 INF Statistics commitTs=1753989586242583677 duration=19538136 proposeTs=1753989586223045541 sn=86
03:19:50.648 INF Statistics commitTs=1753989587307399740 duration=27184706 proposeTs=1753989587280215034 sn=89
03:19:50.647 INF Statistics commitTs=1753989588602002767 duration=5107575 proposeTs=1753989588596895192 sn=94
03:19:50.648 INF Statistics commitTs=1753989588413932597 duration=76570194 proposeTs=1753989588337362403 sn=92
03:19:50.648 INF Statistics commitTs=1753989589324237130 duration=36007581 proposeTs=1753989589288229549 sn=95
03:19:50.648 INF Statistics commitTs=1753989589603778568 duration=5505011 proposeTs=1753989589598273557 sn=97
03:19:50.648 INF Statistics commitTs=1753989590347305468 duration=41125291 proposeTs=1753989590306180177 sn=98
03:19:50.648 INF Median commit time commit=21416324 segID=3
03:19:50.648 INF Statistics commitTs=1753989590603776878 duration=4982481 proposeTs=1753989590598794397 sn=100
03:19:50.649 INF Median commit time commit=29965519 segID=5
03:19:50.646 INF Statistics commitTs=1753989581409045245 duration=62410645 proposeTs=1753989581346634600 sn=72
03:19:50.649 INF Statistics commitTs=1753989582448664888 duration=75895965 proposeTs=1753989582372768923 sn=75
03:19:50.650 INF Statistics commitTs=1753989583450269605 duration=96114735 proposeTs=1753989583354154870 sn=78
03:19:50.650 INF Statistics commitTs=1753989584391318940 duration=49620939 proposeTs=1753989584341698001 sn=81
03:19:50.650 INF Statistics commitTs=1753989585370700399 duration=31443696 proposeTs=1753989585339256703 sn=84
03:19:50.650 INF Statistics commitTs=1753989586340929234 duration=5434544 proposeTs=1753989586335494690 sn=87
03:19:50.650 INF Statistics commitTs=1753989587341694393 duration=5219207 proposeTs=1753989587336475186 sn=90
03:19:50.651 INF Statistics commitTs=1753989588344118573 duration=6587926 proposeTs=1753989588337530647 sn=93
03:19:50.651 INF Statistics commitTs=1753989589355393850 duration=13173682 proposeTs=1753989589342220168 sn=96
03:19:50.651 INF Statistics commitTs=1753989590350739621 duration=7458324 proposeTs=1753989590343281297 sn=99
03:19:50.651 INF Median commit time commit=65308475 segID=4
03:19:50.873 INF PbftOrderer received a new segment: [101 105 109 113 117 121 125 129 133 137 141 145 149 153 157 161] first leader=0 firstSN=101 lastSN=161 len=16 length=16 segId=6
03:19:51.730 INF Starting new view. segID=6 timeout=99000 view=0
03:19:51.730 INF Advanced timeout advanced=65308475 initial=1000000000
03:19:51.730 INF Advanced timeout advanced=1065308475 initial=1000000000
03:19:51.730 INF Advanced timeout advanced=2065308475 initial=1000000000
03:19:51.730 INF Advanced timeout advanced=3065308475 initial=1000000000
03:19:51.730 INF Advanced timeout advanced=4065308475 initial=1000000000
03:19:51.730 INF Advanced timeout advanced=5065308475 initial=1000000000
03:19:51.730 INF Advanced timeout advanced=6065308475 initial=1000000000
03:19:51.731 INF Advanced timeout advanced=7065308475 initial=1000000000
03:19:51.731 INF Advanced timeout advanced=8065308475 initial=1000000000
03:19:51.731 INF Advanced timeout advanced=9065308475 initial=1000000000
03:19:51.731 INF Advanced timeout advanced=10065308475 initial=1000000000
03:19:51.731 INF Advanced timeout advanced=11065308475 initial=1000000000
03:19:51.731 INF Advanced timeout advanced=12065308475 initial=1000000000
03:19:51.731 INF Advanced timeout advanced=13065308475 initial=1000000000
03:19:51.731 INF Advanced timeout advanced=14065308475 initial=1000000000
03:19:51.731 INF Advanced timeout advanced=15065308475 initial=1000000000
03:19:51.731 INF Starting PBFT instance. first=101 last=161 segID=6
03:19:51.732 INF PbftOrderer received a new segment: [102 106 110 114 118 122 126 130 134 138 142 146 150 154 158 162] first leader=1 firstSN=102 lastSN=162 len=16 length=16 segId=7
03:19:51.749 INF Starting serialized message processing. segID=6
03:19:52.558 INF Starting new view. segID=7 timeout=99000 view=0
03:19:52.558 INF Advanced timeout advanced=65308475 initial=1000000000
03:19:52.558 INF Advanced timeout advanced=1065308475 initial=1000000000
03:19:52.558 INF Advanced timeout advanced=2065308475 initial=1000000000
03:19:52.558 INF Advanced timeout advanced=3065308475 initial=1000000000
03:19:52.558 INF Advanced timeout advanced=4065308475 initial=1000000000
03:19:52.558 INF Advanced timeout advanced=5065308475 initial=1000000000
03:19:52.558 INF Advanced timeout advanced=6065308475 initial=1000000000
03:19:52.558 INF Advanced timeout advanced=7065308475 initial=1000000000
03:19:52.558 INF Advanced timeout advanced=8065308475 initial=1000000000
03:19:52.558 INF Advanced timeout advanced=9065308475 initial=1000000000
03:19:52.559 INF Advanced timeout advanced=10065308475 initial=1000000000
03:19:52.559 INF Advanced timeout advanced=11065308475 initial=1000000000
03:19:52.559 INF Advanced timeout advanced=12065308475 initial=1000000000
03:19:52.559 INF Advanced timeout advanced=13065308475 initial=1000000000
03:19:52.559 INF Advanced timeout advanced=14065308475 initial=1000000000
03:19:52.559 INF Advanced timeout advanced=15065308475 initial=1000000000
03:19:52.559 INF Starting PBFT instance. first=102 last=162 segID=7
03:19:52.559 INF PbftOrderer received a new segment: [103 107 111 115 119 123 127 131 135 139 143 147 151 155 159 163] first leader=2 firstSN=103 lastSN=163 len=16 length=16 segId=8
03:19:52.582 INF Starting serialized message processing. segID=7
03:19:52.918 INF Handling PREPREPARE. nReq=471 senderID=0 sn=101
03:19:52.958 INF Committed entry. latency=0 nReq=471 sn=101
03:19:52.958 INF Delivered batch. nReq=471 sn=101
03:19:53.341 INF Starting new view. segID=8 timeout=99000 view=0
03:19:53.342 INF Advanced timeout advanced=65308475 initial=1000000000
03:19:53.342 INF Advanced timeout advanced=1065308475 initial=1000000000
03:19:53.342 INF Advanced timeout advanced=2065308475 initial=1000000000
03:19:53.342 INF Advanced timeout advanced=3065308475 initial=1000000000
03:19:53.342 INF Advanced timeout advanced=4065308475 initial=1000000000
03:19:53.342 INF Advanced timeout advanced=5065308475 initial=1000000000
03:19:53.342 INF Advanced timeout advanced=6065308475 initial=1000000000
03:19:53.342 INF Advanced timeout advanced=7065308475 initial=1000000000
03:19:53.342 INF Advanced timeout advanced=8065308475 initial=1000000000
03:19:53.342 INF Advanced timeout advanced=9065308475 initial=1000000000
03:19:53.342 INF Advanced timeout advanced=10065308475 initial=1000000000
03:19:53.342 INF Advanced timeout advanced=11065308475 initial=1000000000
03:19:53.342 INF Advanced timeout advanced=12065308475 initial=1000000000
03:19:53.342 INF Advanced timeout advanced=13065308475 initial=1000000000
03:19:53.342 INF Advanced timeout advanced=14065308475 initial=1000000000
03:19:53.342 INF Advanced timeout advanced=15065308475 initial=1000000000
03:19:53.343 INF Starting PBFT instance. first=103 last=163 segID=8
03:19:53.343 INF PbftOrderer received a new segment: [104 108 112 116 120 124 128 132 136 140 144 148 152 156 160 164] first leader=3 firstSN=104 lastSN=164 len=16 length=16 segId=9
03:19:53.352 INF fuck1 epoch change time (ms)=2748
==================
WARNING: DATA RACE
Write at 0x000001304380 by goroutine 939:
  github.com/hyperledger-labs/mirbft/manager.(*MirManager).handleLogEntries()
      /opt/gopath/src/github.com/hyperledger-labs/mirbft/manager/mirmanager.go:266 +0x17ea
  github.com/hyperledger-labs/mirbft/manager.(*MirManager).Start.func2()
      /opt/gopath/src/github.com/hyperledger-labs/mirbft/manager/mirmanager.go:112 +0x47

Previous write at 0x000001304380 by goroutine 115429:
  github.com/hyperledger-labs/mirbft/log.publishEntries()
      /opt/gopath/src/github.com/hyperledger-labs/mirbft/log/log.go:281 +0x2e4
  github.com/hyperledger-labs/mirbft/log.CommitEntry()
      /opt/gopath/src/github.com/hyperledger-labs/mirbft/log/log.go:108 +0x284
  github.com/hyperledger-labs/mirbft/announcer.Announce()
      /opt/gopath/src/github.com/hyperledger-labs/mirbft/announcer/announcer.go:26 +0x370
  github.com/hyperledger-labs/mirbft/orderer.(*pbftInstance).announce()
      /opt/gopath/src/github.com/hyperledger-labs/mirbft/orderer/pbftinstance.go:726 +0x36b
  github.com/hyperledger-labs/mirbft/orderer.(*pbftInstance).handleCommit()
      /opt/gopath/src/github.com/hyperledger-labs/mirbft/orderer/pbftinstance.go:664 +0x7bd
  github.com/hyperledger-labs/mirbft/orderer.(*pbftInstance).handleMessage()
      /opt/gopath/src/github.com/hyperledger-labs/mirbft/orderer/pbftinstance.go:1810 +0x2e5
  github.com/hyperledger-labs/mirbft/orderer.(*pbftInstance).processSerializedMessages()
      /opt/gopath/src/github.com/hyperledger-labs/mirbft/orderer/pbftinstance.go:1764 +0xdd
  github.com/hyperledger-labs/mirbft/orderer.(*PbftOrderer).runSegment.func2()
      /opt/gopath/src/github.com/hyperledger-labs/mirbft/orderer/pbftorderer.go:199 +0x39

Goroutine 939 (running) created at:
  github.com/hyperledger-labs/mirbft/manager.(*MirManager).Start()
      /opt/gopath/src/github.com/hyperledger-labs/mirbft/manager/mirmanager.go:112 +0x191
  main.main.func4()
      /opt/gopath/src/github.com/hyperledger-labs/mirbft/cmd/orderingpeer/main.go:185 +0x59

Goroutine 115429 (running) created at:
  github.com/hyperledger-labs/mirbft/orderer.(*PbftOrderer).runSegment()
      /opt/gopath/src/github.com/hyperledger-labs/mirbft/orderer/pbftorderer.go:199 +0x3f6
  github.com/hyperledger-labs/mirbft/orderer.(*PbftOrderer).Start()
      /opt/gopath/src/github.com/hyperledger-labs/mirbft/orderer/pbftorderer.go:176 +0x344
  main.main.func5()
      /opt/gopath/src/github.com/hyperledger-labs/mirbft/cmd/orderingpeer/main.go:186 +0x59
==================
==================
WARNING: DATA RACE
Write at 0x000001304390 by goroutine 939:
  github.com/hyperledger-labs/mirbft/manager.(*MirManager).handleLogEntries()
      /opt/gopath/src/github.com/hyperledger-labs/mirbft/manager/mirmanager.go:267 +0x1804
  github.com/hyperledger-labs/mirbft/manager.(*MirManager).Start.func2()
      /opt/gopath/src/github.com/hyperledger-labs/mirbft/manager/mirmanager.go:112 +0x47

Previous write at 0x000001304390 by goroutine 115429:
  github.com/hyperledger-labs/mirbft/log.publishEntries()
      /opt/gopath/src/github.com/hyperledger-labs/mirbft/log/log.go:286 +0x6e4
  github.com/hyperledger-labs/mirbft/log.CommitEntry()
      /opt/gopath/src/github.com/hyperledger-labs/mirbft/log/log.go:108 +0x284
  github.com/hyperledger-labs/mirbft/announcer.Announce()
      /opt/gopath/src/github.com/hyperledger-labs/mirbft/announcer/announcer.go:26 +0x370
  github.com/hyperledger-labs/mirbft/orderer.(*pbftInstance).announce()
      /opt/gopath/src/github.com/hyperledger-labs/mirbft/orderer/pbftinstance.go:726 +0x36b
  github.com/hyperledger-labs/mirbft/orderer.(*pbftInstance).handleCommit()
      /opt/gopath/src/github.com/hyperledger-labs/mirbft/orderer/pbftinstance.go:664 +0x7bd
  github.com/hyperledger-labs/mirbft/orderer.(*pbftInstance).handleMessage()
      /opt/gopath/src/github.com/hyperledger-labs/mirbft/orderer/pbftinstance.go:1810 +0x2e5
  github.com/hyperledger-labs/mirbft/orderer.(*pbftInstance).processSerializedMessages()
      /opt/gopath/src/github.com/hyperledger-labs/mirbft/orderer/pbftinstance.go:1764 +0xdd
  github.com/hyperledger-labs/mirbft/orderer.(*PbftOrderer).runSegment.func2()
      /opt/gopath/src/github.com/hyperledger-labs/mirbft/orderer/pbftorderer.go:199 +0x39

Goroutine 939 (running) created at:
  github.com/hyperledger-labs/mirbft/manager.(*MirManager).Start()
      /opt/gopath/src/github.com/hyperledger-labs/mirbft/manager/mirmanager.go:112 +0x191
  main.main.func4()
      /opt/gopath/src/github.com/hyperledger-labs/mirbft/cmd/orderingpeer/main.go:185 +0x59

Goroutine 115429 (running) created at:
  github.com/hyperledger-labs/mirbft/orderer.(*PbftOrderer).runSegment()
      /opt/gopath/src/github.com/hyperledger-labs/mirbft/orderer/pbftorderer.go:199 +0x3f6
  github.com/hyperledger-labs/mirbft/orderer.(*PbftOrderer).Start()
      /opt/gopath/src/github.com/hyperledger-labs/mirbft/orderer/pbftorderer.go:176 +0x344
  main.main.func5()
      /opt/gopath/src/github.com/hyperledger-labs/mirbft/cmd/orderingpeer/main.go:186 +0x59
==================
03:19:53.355 INF Starting serialized message processing. segID=8
03:19:53.355 INF Handling PREPREPARE. nReq=1293 senderID=2 sn=103
03:19:53.463 INF Committed entry. latency=0 nReq=1293 sn=103
03:19:53.600 INF Sending PREPREPARE. nReq=2190 senderID=1 sn=102 view=0
03:19:53.682 INF Handling PREPREPARE. nReq=0 senderID=2 sn=107
03:19:53.700 INF Committed entry. latency=0 nReq=0 sn=107
03:19:53.802 INF Committed entry. latency=0 nReq=2190 sn=102
03:19:53.802 INF Delivered batch. nReq=2190 sn=102
03:19:53.809 INF Handling PREPREPARE. nReq=247 senderID=0 sn=105
03:19:53.826 INF Starting new view. segID=9 timeout=99000 view=0
03:19:53.826 INF Advanced timeout advanced=65308475 initial=1000000000
03:19:53.826 INF Advanced timeout advanced=1065308475 initial=1000000000
03:19:53.840 INF Advanced timeout advanced=2065308475 initial=1000000000
03:19:53.840 INF Advanced timeout advanced=3065308475 initial=1000000000
03:19:53.840 INF Advanced timeout advanced=4065308475 initial=1000000000
03:19:53.840 INF Advanced timeout advanced=5065308475 initial=1000000000
03:19:53.840 INF Advanced timeout advanced=6065308475 initial=1000000000
03:19:53.840 INF Advanced timeout advanced=7065308475 initial=1000000000
03:19:53.843 INF Advanced timeout advanced=8065308475 initial=1000000000
03:19:53.843 INF Advanced timeout advanced=9065308475 initial=1000000000
03:19:53.843 INF Advanced timeout advanced=10065308475 initial=1000000000
03:19:53.843 INF Advanced timeout advanced=11065308475 initial=1000000000
03:19:53.843 INF Advanced timeout advanced=12065308475 initial=1000000000
03:19:53.843 INF Advanced timeout advanced=13065308475 initial=1000000000
03:19:53.843 INF Advanced timeout advanced=14065308475 initial=1000000000
03:19:53.843 INF Advanced timeout advanced=15065308475 initial=1000000000
03:19:53.844 INF Starting PBFT instance. first=104 last=164 segID=9
03:19:53.864 INF Starting serialized message processing. segID=9
03:19:53.950 INF Committed entry. latency=0 nReq=247 sn=105
03:19:53.960 INF Delivered batch. nReq=1293 sn=103
03:19:54.591 INF Sending PREPREPARE. nReq=0 senderID=1 sn=106 view=0
03:19:54.598 INF Committed entry. latency=0 nReq=0 sn=106
03:19:54.670 INF Handling PREPREPARE. nReq=0 senderID=3 sn=104
03:19:54.675 INF Committed entry. latency=0 nReq=0 sn=104
03:19:54.675 INF Delivered batch. nReq=0 sn=104
03:19:54.675 INF Delivered batch. nReq=247 sn=105
03:19:54.686 INF Handling PREPREPARE. nReq=0 senderID=2 sn=111
03:19:54.689 INF Delivered batch. nReq=0 sn=106
03:19:54.689 INF Delivered batch. nReq=0 sn=107
03:19:54.689 INF Committed entry. latency=0 nReq=0 sn=111
03:19:54.788 INF Handling PREPREPARE. nReq=95 senderID=0 sn=109
03:19:54.797 INF Committed entry. latency=0 nReq=95 sn=109
03:19:55.591 INF Sending PREPREPARE. nReq=0 senderID=1 sn=110 view=0
03:19:55.598 INF Committed entry. latency=0 nReq=0 sn=110
03:19:55.672 INF Handling PREPREPARE. nReq=0 senderID=3 sn=108
03:19:55.676 INF Committed entry. latency=0 nReq=0 sn=108
03:19:55.677 INF Delivered batch. nReq=0 sn=108
03:19:55.677 INF Delivered batch. nReq=95 sn=109
03:19:55.704 INF Delivered batch. nReq=0 sn=110
03:19:55.704 INF Handling PREPREPARE. nReq=0 senderID=2 sn=115
03:19:55.705 INF Delivered batch. nReq=0 sn=111
03:19:55.705 INF Committed entry. latency=0 nReq=0 sn=115
03:19:55.816 INF Handling PREPREPARE. nReq=479 senderID=0 sn=113
03:19:55.840 INF Committed entry. latency=0 nReq=479 sn=113
03:19:56.592 INF Sending PREPREPARE. nReq=0 senderID=1 sn=114 view=0
03:19:56.598 INF Committed entry. latency=0 nReq=0 sn=114
03:19:56.673 INF Handling PREPREPARE. nReq=0 senderID=3 sn=112
03:19:56.680 INF Committed entry. latency=0 nReq=0 sn=112
03:19:56.681 INF Delivered batch. nReq=0 sn=112
03:19:56.681 INF Delivered batch. nReq=479 sn=113
03:19:56.712 INF Delivered batch. nReq=0 sn=114
03:19:56.712 INF Delivered batch. nReq=0 sn=115
03:19:56.712 INF Handling PREPREPARE. nReq=0 senderID=2 sn=119
03:19:56.717 INF Committed entry. latency=0 nReq=0 sn=119
03:19:56.785 INF Handling PREPREPARE. nReq=0 senderID=0 sn=117
03:19:56.790 INF Committed entry. latency=0 nReq=0 sn=117
03:19:57.593 INF Sending PREPREPARE. nReq=0 senderID=1 sn=118 view=0
03:19:57.600 INF Committed entry. latency=0 nReq=0 sn=118
03:19:57.674 INF Handling PREPREPARE. nReq=0 senderID=3 sn=116
03:19:57.679 INF Committed entry. latency=0 nReq=0 sn=116
03:19:57.680 INF Delivered batch. nReq=0 sn=116
03:19:57.680 INF Delivered batch. nReq=0 sn=117
03:19:57.680 INF Delivered batch. nReq=0 sn=118
03:19:57.680 INF Delivered batch. nReq=0 sn=119
03:19:57.706 INF Handling PREPREPARE. nReq=0 senderID=2 sn=123
03:19:57.712 INF Committed entry. latency=0 nReq=0 sn=123
03:19:57.787 INF Handling PREPREPARE. nReq=0 senderID=0 sn=121
03:19:57.793 INF Committed entry. latency=0 nReq=0 sn=121
03:19:57.863 INF Connection terminated. error="rpc error: code = Canceled desc = context canceled" address=127.0.0.1:44672
03:19:57.863 INF Finished sending bucket assignments to client. clId=0
03:19:58.385 INF Stopping profiler.
03:19:58.385 INF Stopping Tracer. events=1096 fileName=experiment-output/0000/slave-005/peer.trc
==================
WARNING: DATA RACE
Read at 0x00c0008aab18 by goroutine 109:
  github.com/hyperledger-labs/mirbft/tracing.(*BufferedTrace).Stop()
      /opt/gopath/src/github.com/hyperledger-labs/mirbft/tracing/bufferedtrace.go:237 +0x30e
  github.com/hyperledger-labs/mirbft/tracing.(*BufferedTrace).StopOnSignal.func1()
      /opt/gopath/src/github.com/hyperledger-labs/mirbft/tracing/bufferedtrace.go:298 +0x4e

Previous write at 0x00c0008aab18 by goroutine 108:
  github.com/hyperledger-labs/mirbft/tracing.(*BufferedTrace).Event()
      /opt/gopath/src/github.com/hyperledger-labs/mirbft/tracing/bufferedtrace.go:105 +0x2cd
  github.com/hyperledger-labs/mirbft/profiling.StartCPUTracing.func1()
      /opt/gopath/src/github.com/hyperledger-labs/mirbft/profiling/cpuusage.go:33 +0x95

Goroutine 109 (running) created at:
  github.com/hyperledger-labs/mirbft/tracing.(*BufferedTrace).StopOnSignal()
      /opt/gopath/src/github.com/hyperledger-labs/mirbft/tracing/bufferedtrace.go:292 +0x178
  main.setUpTracing()
      /opt/gopath/src/github.com/hyperledger-labs/mirbft/cmd/orderingpeer/main.go:408 +0xf5
  main.main()
      /opt/gopath/src/github.com/hyperledger-labs/mirbft/cmd/orderingpeer/main.go:110 +0x9e4
  runtime.deferreturn()
      /home/ubuntu/go/src/runtime/panic.go:476 +0x32
  main.main()
      /opt/gopath/src/github.com/hyperledger-labs/mirbft/cmd/orderingpeer/main.go:78 +0x56c

Goroutine 108 (running) created at:
  github.com/hyperledger-labs/mirbft/profiling.StartCPUTracing()
      /opt/gopath/src/github.com/hyperledger-labs/mirbft/profiling/cpuusage.go:30 +0xb9
  main.setUpTracing()
      /opt/gopath/src/github.com/hyperledger-labs/mirbft/cmd/orderingpeer/main.go:400 +0x85
  main.main()
      /opt/gopath/src/github.com/hyperledger-labs/mirbft/cmd/orderingpeer/main.go:110 +0x9e4
  runtime.deferreturn()
      /home/ubuntu/go/src/runtime/panic.go:476 +0x32
  main.main()
      /opt/gopath/src/github.com/hyperledger-labs/mirbft/cmd/orderingpeer/main.go:78 +0x56c
==================
03:19:58.390 INF Trace data written.
03:19:58.420 INF Profile data written. filename=experiment-output/0000/slave-005/prof.cpu name=cpu
03:19:58.456 INF Profile data written. filename=experiment-output/0000/slave-005/prof.block name=block
03:19:58.465 INF Profile data written. filename=experiment-output/0000/slave-005/prof.mutex name=mutex
