{"level":"debug","Logging":"info","time":"2025-08-01T03:14:29+08:00","message":"Config"}
{"level":"debug","UseTLS":false,"time":"2025-08-01T03:14:29+08:00","message":"Config"}
{"level":"debug","CACertFile":"tls-data/ca.pem","time":"2025-08-01T03:14:29+08:00","message":"Config"}
{"level":"debug","KeyFile":"tls-data/auth.key","time":"2025-08-01T03:14:29+08:00","message":"Config"}
{"level":"debug","CertFile":"tls-data/auth.pem","time":"2025-08-01T03:14:29+08:00","message":"Config"}
{"level":"debug","PriorityConnections":2,"time":"2025-08-01T03:14:29+08:00","message":"Config"}
{"level":"debug","BasicConnections":2,"time":"2025-08-01T03:14:29+08:00","message":"Config"}
{"level":"debug","TestConnections":false,"time":"2025-08-01T03:14:29+08:00","message":"Config"}
{"level":"debug","ExcessConnections":1,"time":"2025-08-01T03:14:29+08:00","message":"Config"}
{"level":"debug","ConnectionTestMsgs":4,"time":"2025-08-01T03:14:29+08:00","message":"Config"}
{"level":"debug","ConnectionTestPayload":131072,"time":"2025-08-01T03:14:29+08:00","message":"Config"}
{"level":"debug","OutMessageBufsize":1024,"time":"2025-08-01T03:14:29+08:00","message":"Config"}
{"level":"debug","OutMessageBufsize":2,"time":"2025-08-01T03:14:29+08:00","message":"Config"}
{"level":"debug","ThroughputCap":131072000,"time":"2025-08-01T03:14:29+08:00","message":"Config"}
{"level":"debug","StragglerTolerance":1000,"time":"2025-08-01T03:14:29+08:00","message":"Config"}
{"level":"debug","BatchSizeIncrement":256,"time":"2025-08-01T03:14:29+08:00","message":"Config"}
{"level":"debug","Orderer":"Pbft","time":"2025-08-01T03:14:29+08:00","message":"Config"}
{"level":"debug","Manager":"Mir","time":"2025-08-01T03:14:29+08:00","message":"Config"}
{"level":"debug","Failures":0,"time":"2025-08-01T03:14:29+08:00","message":"Config"}
{"level":"debug","CrashTiming":"EpochStart","time":"2025-08-01T03:14:29+08:00","message":"Config"}
{"level":"debug","CheckpointInterval":256,"time":"2025-08-01T03:14:29+08:00","message":"Config"}
{"level":"debug","WatermarkWindowSize":256,"time":"2025-08-01T03:14:29+08:00","message":"Config"}
{"level":"debug","EpochLength":256,"time":"2025-08-01T03:14:29+08:00","message":"Config"}
{"level":"debug","SegmentLength":32,"time":"2025-08-01T03:14:29+08:00","message":"Config"}
{"level":"debug","WaitForCheckpoints":true,"time":"2025-08-01T03:14:29+08:00","message":"Config"}
{"level":"debug","ClientWatermarkWindowSize":4194304,"time":"2025-08-01T03:14:29+08:00","message":"Config"}
{"level":"debug","ClientRequestBacklogSize":4194304,"time":"2025-08-01T03:14:29+08:00","message":"Config"}
{"level":"debug","RandomSeed":17594,"time":"2025-08-01T03:14:29+08:00","message":"Config"}
{"level":"debug","NodeToLeaderRatio":1,"time":"2025-08-01T03:14:29+08:00","message":"Config"}
{"level":"debug","LeaderPolicy":"Simple","time":"2025-08-01T03:14:29+08:00","message":"Config"}
{"level":"debug","DefaultLeaderBan":2,"time":"2025-08-01T03:14:29+08:00","message":"Config"}
{"level":"debug","NumBuckets":128,"time":"2025-08-01T03:14:29+08:00","message":"Config"}
{"level":"debug","BatchSize":4096,"time":"2025-08-01T03:14:29+08:00","message":"Config"}
{"level":"debug","BatchTimeoutMs":1000,"time":"2025-08-01T03:14:29+08:00","message":"Config"}
{"level":"debug","DisabledViewChange":false,"time":"2025-08-01T03:14:29+08:00","message":"Config"}
{"level":"debug","ViewChangeTimeout":60000,"time":"2025-08-01T03:14:29+08:00","message":"Config"}
{"level":"debug","ClientTraceSampling":10,"time":"2025-08-01T03:14:29+08:00","message":"Config"}
{"level":"debug","EventBufferSize":2097152,"time":"2025-08-01T03:14:29+08:00","message":"Config"}
{"level":"debug","TraceSampling":1,"time":"2025-08-01T03:14:29+08:00","message":"Config"}
{"level":"debug","ClientsPerProcess":1,"time":"2025-08-01T03:14:29+08:00","message":"Config"}
{"level":"debug","RequestsPerClient":7200000,"time":"2025-08-01T03:14:29+08:00","message":"Config"}
{"level":"debug","ClientRunTime":60000,"time":"2025-08-01T03:14:29+08:00","message":"Config"}
{"level":"debug","RequestRate":60000,"time":"2025-08-01T03:14:29+08:00","message":"Config"}
{"level":"debug","HardRequestRateLimit":false,"time":"2025-08-01T03:14:29+08:00","message":"Config"}
{"level":"debug","RequestPayloadSize":500,"time":"2025-08-01T03:14:29+08:00","message":"Config"}
{"level":"debug","SignRequests":true,"time":"2025-08-01T03:14:29+08:00","message":"Config"}
{"level":"debug","ClientPrivKeyFile":"tls-data/client-ecdsa-256.key","time":"2025-08-01T03:14:29+08:00","message":"Config"}
{"level":"debug","ClientPubKeyFile":"tls-data/client-ecdsa-256.pem","time":"2025-08-01T03:14:29+08:00","message":"Config"}
{"level":"debug","PrecomputeRequests":false,"time":"2025-08-01T03:14:29+08:00","message":"Config"}
{"level":"debug","RequestHandlerThreads":32,"time":"2025-08-01T03:14:29+08:00","message":"Config"}
{"level":"debug","RequestInputChannelBuffer":8192,"time":"2025-08-01T03:14:29+08:00","message":"Config"}
{"level":"debug","BatchVerifier":"external","time":"2025-08-01T03:14:29+08:00","message":"Config"}
03:14:29.578 INF Started Profiler: CPU
03:14:29.578 INF Started Profiler: BLOCK
03:14:29.578 INF Started Profiler: MUTEX
03:14:29.578 INF Starting clients. numClients=1 numRequests=7200000
03:14:29.578 INF Initilizing clients.
03:14:29.637 INF Registared with discovery server. numOrderers=8 ownClientId=0
03:14:29.637 INF Clients initialized.
03:14:29.637 INF Launching clients.
03:14:29.637 INF Waiting for clients.
03:15:33.659 INF Stopping Tracer. events=83034 fileName=experiment-output/0000/slave-000/client-000.trc
zerolog: could not write event: write experiment-output/0000/slave-000/client-000.log: file already closed
zerolog: could not write event: write experiment-output/0000/slave-000/client-000.log: file already closed
zerolog: could not write event: write experiment-output/0000/slave-000/client-000.log: file already closed
zerolog: could not write event: write experiment-output/0000/slave-000/client-000.log: file already closed
zerolog: could not write event: write experiment-output/0000/slave-000/client-000.log: file already closed
zerolog: could not write event: write experiment-output/0000/slave-000/client-000.log: file already closed
zerolog: could not write event: write experiment-output/0000/slave-000/client-000.log: file already closed
zerolog: could not write event: write experiment-output/0000/slave-000/client-000.log: file already closed
03:15:33.919 INF Trace data written.
03:15:33.919 INF Done.
03:15:33.919 INF Stopping profiler.
03:15:34.135 INF Profile data written. filename=experiment-output/0000/slave-000/prof-client.cpu name=cpu
03:15:34.163 INF Profile data written. filename=experiment-output/0000/slave-000/prof-client.block name=block
03:15:34.171 INF Profile data written. filename=experiment-output/0000/slave-000/prof-client.mutex name=mutex
