{"level":"debug","Logging":"info","time":"2025-08-01T03:17:04+08:00","message":"Config"}
{"level":"debug","UseTLS":false,"time":"2025-08-01T03:17:04+08:00","message":"Config"}
{"level":"debug","CACertFile":"tls-data/ca.pem","time":"2025-08-01T03:17:04+08:00","message":"Config"}
{"level":"debug","KeyFile":"tls-data/auth.key","time":"2025-08-01T03:17:04+08:00","message":"Config"}
{"level":"debug","CertFile":"tls-data/auth.pem","time":"2025-08-01T03:17:04+08:00","message":"Config"}
{"level":"debug","PriorityConnections":2,"time":"2025-08-01T03:17:04+08:00","message":"Config"}
{"level":"debug","BasicConnections":2,"time":"2025-08-01T03:17:04+08:00","message":"Config"}
{"level":"debug","TestConnections":false,"time":"2025-08-01T03:17:04+08:00","message":"Config"}
{"level":"debug","ExcessConnections":1,"time":"2025-08-01T03:17:04+08:00","message":"Config"}
{"level":"debug","ConnectionTestMsgs":4,"time":"2025-08-01T03:17:04+08:00","message":"Config"}
{"level":"debug","ConnectionTestPayload":131072,"time":"2025-08-01T03:17:04+08:00","message":"Config"}
{"level":"debug","OutMessageBufsize":1024,"time":"2025-08-01T03:17:04+08:00","message":"Config"}
{"level":"debug","OutMessageBufsize":3,"time":"2025-08-01T03:17:04+08:00","message":"Config"}
{"level":"debug","ThroughputCap":131072000,"time":"2025-08-01T03:17:04+08:00","message":"Config"}
{"level":"debug","StragglerTolerance":1000,"time":"2025-08-01T03:17:04+08:00","message":"Config"}
{"level":"debug","BatchSizeIncrement":256,"time":"2025-08-01T03:17:04+08:00","message":"Config"}
{"level":"debug","Orderer":"Pbft","time":"2025-08-01T03:17:04+08:00","message":"Config"}
{"level":"debug","Manager":"Mir","time":"2025-08-01T03:17:04+08:00","message":"Config"}
{"level":"debug","Failures":0,"time":"2025-08-01T03:17:04+08:00","message":"Config"}
{"level":"debug","CrashTiming":"EpochStart","time":"2025-08-01T03:17:04+08:00","message":"Config"}
{"level":"debug","CheckpointInterval":256,"time":"2025-08-01T03:17:04+08:00","message":"Config"}
{"level":"debug","WatermarkWindowSize":256,"time":"2025-08-01T03:17:04+08:00","message":"Config"}
{"level":"debug","EpochLength":256,"time":"2025-08-01T03:17:04+08:00","message":"Config"}
{"level":"debug","SegmentLength":21,"time":"2025-08-01T03:17:04+08:00","message":"Config"}
{"level":"debug","WaitForCheckpoints":true,"time":"2025-08-01T03:17:04+08:00","message":"Config"}
{"level":"debug","ClientWatermarkWindowSize":4194304,"time":"2025-08-01T03:17:04+08:00","message":"Config"}
{"level":"debug","ClientRequestBacklogSize":4194304,"time":"2025-08-01T03:17:04+08:00","message":"Config"}
{"level":"debug","RandomSeed":7086,"time":"2025-08-01T03:17:04+08:00","message":"Config"}
{"level":"debug","NodeToLeaderRatio":1,"time":"2025-08-01T03:17:04+08:00","message":"Config"}
{"level":"debug","LeaderPolicy":"Simple","time":"2025-08-01T03:17:04+08:00","message":"Config"}
{"level":"debug","DefaultLeaderBan":2,"time":"2025-08-01T03:17:04+08:00","message":"Config"}
{"level":"debug","NumBuckets":192,"time":"2025-08-01T03:17:04+08:00","message":"Config"}
{"level":"debug","BatchSize":4096,"time":"2025-08-01T03:17:04+08:00","message":"Config"}
{"level":"debug","BatchTimeoutMs":1000,"time":"2025-08-01T03:17:04+08:00","message":"Config"}
{"level":"debug","DisabledViewChange":false,"time":"2025-08-01T03:17:04+08:00","message":"Config"}
{"level":"debug","ViewChangeTimeout":60000,"time":"2025-08-01T03:17:04+08:00","message":"Config"}
{"level":"debug","ClientTraceSampling":10,"time":"2025-08-01T03:17:04+08:00","message":"Config"}
{"level":"debug","EventBufferSize":2097152,"time":"2025-08-01T03:17:04+08:00","message":"Config"}
{"level":"debug","TraceSampling":1,"time":"2025-08-01T03:17:04+08:00","message":"Config"}
{"level":"debug","ClientsPerProcess":1,"time":"2025-08-01T03:17:04+08:00","message":"Config"}
{"level":"debug","RequestsPerClient":7200000,"time":"2025-08-01T03:17:04+08:00","message":"Config"}
{"level":"debug","ClientRunTime":60000,"time":"2025-08-01T03:17:04+08:00","message":"Config"}
{"level":"debug","RequestRate":60000,"time":"2025-08-01T03:17:04+08:00","message":"Config"}
{"level":"debug","HardRequestRateLimit":false,"time":"2025-08-01T03:17:04+08:00","message":"Config"}
{"level":"debug","RequestPayloadSize":500,"time":"2025-08-01T03:17:04+08:00","message":"Config"}
{"level":"debug","SignRequests":true,"time":"2025-08-01T03:17:04+08:00","message":"Config"}
{"level":"debug","ClientPrivKeyFile":"tls-data/client-ecdsa-256.key","time":"2025-08-01T03:17:04+08:00","message":"Config"}
{"level":"debug","ClientPubKeyFile":"tls-data/client-ecdsa-256.pem","time":"2025-08-01T03:17:04+08:00","message":"Config"}
{"level":"debug","PrecomputeRequests":false,"time":"2025-08-01T03:17:04+08:00","message":"Config"}
{"level":"debug","RequestHandlerThreads":32,"time":"2025-08-01T03:17:04+08:00","message":"Config"}
{"level":"debug","RequestInputChannelBuffer":8192,"time":"2025-08-01T03:17:04+08:00","message":"Config"}
{"level":"debug","BatchVerifier":"external","time":"2025-08-01T03:17:04+08:00","message":"Config"}
03:17:04.609 INF Registered with discovery server. numPeers=12 ownID=3
03:17:04.609 INF Profiling enabled.
03:17:04.609 INF Setting up profiling.
03:17:04.610 INF Started Profiler: CPU
03:17:04.610 INF Started Profiler: BLOCK
03:17:04.610 INF Started Profiler: MUTEX
03:17:04.610 INF Profiler will stop on signal. exit=true
03:17:04.611 INF Tracing will stop on signal. exit=false
03:17:04.611 INF Started tracing. traceFile=experiment-output/0000/slave-008/peer.trc
03:17:04.613 INF Connecting to peer. addr=127.0.0.1:10011 basicConns=2 priorityConns=2
03:17:04.613 INF Listening for connections. port=10033 useTLS=false
03:17:04.613 INF Connecting to peer. addr=127.0.0.1:10044 basicConns=2 priorityConns=2
03:17:04.613 INF Connecting to peer. addr=127.0.0.1:10066 basicConns=2 priorityConns=2
03:17:04.614 INF Connecting to peer. addr=127.0.0.1:10033 basicConns=2 priorityConns=2
03:17:04.614 INF Connecting to peer. addr=127.0.0.1:10055 basicConns=2 priorityConns=2
03:17:04.616 INF Connecting to peer. addr=127.0.0.1:10077 basicConns=2 priorityConns=2
03:17:04.616 INF Connecting to peer. addr=127.0.0.1:10088 basicConns=2 priorityConns=2
03:17:04.617 INF Connecting to peer. addr=127.0.0.1:10110 basicConns=2 priorityConns=2
03:17:04.617 INF Connecting to peer. addr=127.0.0.1:10099 basicConns=2 priorityConns=2
03:17:04.618 INF Connecting to peer. addr=127.0.0.1:10000 basicConns=2 priorityConns=2
03:17:04.618 INF Connecting to peer. addr=127.0.0.1:10121 basicConns=2 priorityConns=2
03:17:04.618 INF Connecting to peer. addr=127.0.0.1:10022 basicConns=2 priorityConns=2
03:17:04.635 INF Incoming connection for protocol messages. addr=127.0.0.1:45504
03:17:04.628 INF Incoming connection for protocol messages. addr=127.0.0.1:45496
03:17:04.652 INF Incoming connection for protocol messages. addr=127.0.0.1:45512
03:17:04.664 INF Incoming connection for protocol messages. addr=127.0.0.1:45582
03:17:04.665 INF Incoming connection for protocol messages. addr=127.0.0.1:45626
03:17:04.665 INF Incoming connection for protocol messages. addr=127.0.0.1:45544
03:17:04.666 INF Incoming connection for protocol messages. addr=127.0.0.1:45642
03:17:04.667 INF Incoming connection for protocol messages. addr=127.0.0.1:45568
03:17:04.669 INF Incoming connection for protocol messages. addr=127.0.0.1:45640
03:17:04.670 INF Incoming connection for protocol messages. addr=127.0.0.1:45666
03:17:04.670 INF Incoming connection for protocol messages. addr=127.0.0.1:45570
03:17:04.670 INF Incoming connection for protocol messages. addr=127.0.0.1:45528
03:17:04.670 INF Incoming connection for protocol messages. addr=127.0.0.1:45650
03:17:04.670 INF Incoming connection for protocol messages. addr=127.0.0.1:45604
03:17:04.671 INF Incoming connection for protocol messages. addr=127.0.0.1:45508
03:17:04.674 INF Incoming connection for protocol messages. addr=127.0.0.1:45560
03:17:04.676 INF Incoming connection for protocol messages. addr=127.0.0.1:45676
03:17:04.677 INF Incoming connection for protocol messages. addr=127.0.0.1:45608
03:17:04.678 INF Incoming connection for protocol messages. addr=127.0.0.1:45594
03:17:04.678 INF Incoming connection for protocol messages. addr=127.0.0.1:45652
03:17:04.678 INF Incoming connection for protocol messages. addr=127.0.0.1:45720
03:17:04.678 INF Incoming connection for protocol messages. addr=127.0.0.1:45614
03:17:04.687 INF Incoming connection for protocol messages. addr=127.0.0.1:45748
03:17:04.687 INF Incoming connection for protocol messages. addr=127.0.0.1:45716
03:17:04.693 INF Incoming connection for protocol messages. addr=127.0.0.1:45722
03:17:04.694 INF Incoming connection for protocol messages. addr=127.0.0.1:45760
03:17:04.694 INF Incoming connection for protocol messages. addr=127.0.0.1:45776
03:17:04.695 INF Incoming connection for protocol messages. addr=127.0.0.1:45690
03:17:04.695 INF Incoming connection for protocol messages. addr=127.0.0.1:45780
03:17:04.696 INF Incoming connection for protocol messages. addr=127.0.0.1:45772
03:17:04.698 INF Incoming connection for protocol messages. addr=127.0.0.1:45710
03:17:04.698 INF Incoming connection for protocol messages. addr=127.0.0.1:45728
03:17:04.701 INF Incoming connection for protocol messages. addr=127.0.0.1:45830
03:17:04.701 INF Incoming connection for protocol messages. addr=127.0.0.1:45846
03:17:04.701 INF Incoming connection for protocol messages. addr=127.0.0.1:45834
03:17:04.701 INF Incoming connection for protocol messages. addr=127.0.0.1:45848
03:17:04.701 INF Incoming connection for protocol messages. addr=127.0.0.1:45764
03:17:04.701 INF Incoming connection for protocol messages. addr=127.0.0.1:45700
03:17:04.701 INF Incoming connection for protocol messages. addr=127.0.0.1:45798
03:17:04.702 INF Incoming connection for protocol messages. addr=127.0.0.1:45858
03:17:04.702 INF Incoming connection for protocol messages. addr=127.0.0.1:45770
03:17:04.702 INF Incoming connection for protocol messages. addr=127.0.0.1:45806
03:17:04.702 INF Incoming connection for protocol messages. addr=127.0.0.1:45808
03:17:04.702 INF Incoming connection for protocol messages. addr=127.0.0.1:45824
03:17:04.702 INF Incoming connection for protocol messages. addr=127.0.0.1:45788
03:17:04.703 INF Connected to all peers.
03:17:04.703 INF Incoming connection for protocol messages. addr=127.0.0.1:45742
03:17:04.704 INF Incoming connection for protocol messages. addr=127.0.0.1:45786
03:17:04.707 INF Incoming connection for protocol messages. addr=127.0.0.1:45872
03:17:04.709 INF All peers finished connecting. Starting ISS.
03:17:04.710 INF PbftOrderer received a new segment: [0 1 2 3 4 5 6 7 8 9 10 11 12 13 14 15 16 17 18 19 20] first leader=0 firstSN=0 lastSN=20 len=21 length=21 segId=0
03:17:04.754 INF Starting new view. segID=0 timeout=60000 view=0
03:17:04.754 INF Starting PBFT instance. first=0 last=20 segID=0
03:17:04.754 INF Starting serialized message processing. segID=0
03:17:05.760 INF Handling PREPREPARE. nReq=0 senderID=0 sn=0
03:17:05.767 INF Committed entry. latency=0 nReq=0 sn=0
03:17:05.767 INF Delivered batch. nReq=0 sn=0
03:17:06.761 INF Handling PREPREPARE. nReq=0 senderID=0 sn=1
03:17:06.770 INF Committed entry. latency=0 nReq=0 sn=1
03:17:06.771 INF Delivered batch. nReq=0 sn=1
03:17:06.781 INF Incoming connection for requests. addr=127.0.0.1:58956
03:17:07.311 INF Handling PREPREPARE. nReq=4096 senderID=0 sn=2
03:17:07.400 INF Committed entry. latency=0 nReq=4096 sn=2
03:17:07.400 INF Delivered batch. nReq=4096 sn=2
03:17:08.322 INF Handling PREPREPARE. nReq=2472 senderID=0 sn=3
03:17:08.388 INF Committed entry. latency=0 nReq=2472 sn=3
03:17:08.388 INF Delivered batch. nReq=2472 sn=3
03:17:09.239 INF Handling PREPREPARE. nReq=802 senderID=0 sn=4
03:17:09.258 INF Committed entry. latency=0 nReq=802 sn=4
03:17:09.258 INF Delivered batch. nReq=802 sn=4
03:17:09.904 INF Handling PREPREPARE. nReq=4096 senderID=0 sn=5
03:17:09.998 INF Committed entry. latency=0 nReq=4096 sn=5
03:17:09.999 INF Delivered batch. nReq=4096 sn=5
03:17:10.870 INF Handling PREPREPARE. nReq=2550 senderID=0 sn=6
03:17:10.927 INF Committed entry. latency=0 nReq=2550 sn=6
03:17:10.927 INF Delivered batch. nReq=2550 sn=6
03:17:11.869 INF Handling PREPREPARE. nReq=945 senderID=0 sn=7
03:17:11.899 INF Committed entry. latency=0 nReq=945 sn=7
03:17:11.899 INF Delivered batch. nReq=945 sn=7
03:17:12.877 INF Handling PREPREPARE. nReq=4096 senderID=0 sn=8
03:17:12.964 INF Committed entry. latency=0 nReq=4096 sn=8
03:17:12.964 INF Delivered batch. nReq=4096 sn=8
03:17:13.886 INF Handling PREPREPARE. nReq=2794 senderID=0 sn=9
03:17:13.940 INF Committed entry. latency=0 nReq=2794 sn=9
03:17:13.940 INF Delivered batch. nReq=2794 sn=9
03:17:14.799 INF Handling PREPREPARE. nReq=987 senderID=0 sn=10
03:17:14.827 INF Committed entry. latency=0 nReq=987 sn=10
03:17:14.827 INF Delivered batch. nReq=987 sn=10
03:17:15.464 INF Handling PREPREPARE. nReq=4096 senderID=0 sn=11
03:17:15.536 INF Committed entry. latency=0 nReq=4096 sn=11
03:17:15.537 INF Delivered batch. nReq=4096 sn=11
03:17:16.429 INF Handling PREPREPARE. nReq=2951 senderID=0 sn=12
03:17:16.485 INF Committed entry. latency=0 nReq=2951 sn=12
03:17:16.485 INF Delivered batch. nReq=2951 sn=12
03:17:17.410 INF Handling PREPREPARE. nReq=850 senderID=0 sn=13
03:17:17.433 INF Committed entry. latency=0 nReq=850 sn=13
03:17:17.434 INF Delivered batch. nReq=850 sn=13
03:17:18.389 INF Handling PREPREPARE. nReq=4096 senderID=0 sn=14
03:17:18.472 INF Committed entry. latency=0 nReq=4096 sn=14
03:17:18.472 INF Delivered batch. nReq=4096 sn=14
03:17:19.381 INF Handling PREPREPARE. nReq=2803 senderID=0 sn=15
03:17:19.435 INF Committed entry. latency=0 nReq=2803 sn=15
03:17:19.435 INF Delivered batch. nReq=2803 sn=15
03:17:20.354 INF Handling PREPREPARE. nReq=778 senderID=0 sn=16
03:17:20.378 INF Committed entry. latency=0 nReq=778 sn=16
03:17:20.378 INF Delivered batch. nReq=778 sn=16
03:17:21.383 INF Handling PREPREPARE. nReq=4096 senderID=0 sn=17
03:17:21.465 INF Committed entry. latency=0 nReq=4096 sn=17
03:17:21.465 INF Delivered batch. nReq=4096 sn=17
03:17:25.006 INF Handling PREPREPARE. nReq=4096 senderID=0 sn=18
03:17:25.092 INF Committed entry. latency=0 nReq=4096 sn=18
03:17:25.092 INF Delivered batch. nReq=4096 sn=18
03:17:26.009 INF Handling PREPREPARE. nReq=3967 senderID=0 sn=19
03:17:26.140 INF Committed entry. latency=0 nReq=3967 sn=19
03:17:26.140 INF Delivered batch. nReq=3967 sn=19
03:17:26.971 INF Handling PREPREPARE. nReq=845 senderID=0 sn=20
03:17:26.995 INF Committed entry. latency=0 nReq=845 sn=20
03:17:26.995 INF Delivered batch. nReq=845 sn=20
03:17:26.995 INF Sending segment checkpoint. lastSn=20 segID=0
==================
WARNING: DATA RACE
Read at 0x000001304380 by goroutine 946:
  github.com/hyperledger-labs/mirbft/manager.(*MirManager).handleLogEntries()
      /opt/gopath/src/github.com/hyperledger-labs/mirbft/manager/mirmanager.go:171 +0x854
  github.com/hyperledger-labs/mirbft/manager.(*MirManager).Start.func2()
      /opt/gopath/src/github.com/hyperledger-labs/mirbft/manager/mirmanager.go:112 +0x47

Previous write at 0x000001304380 by goroutine 952:
  github.com/hyperledger-labs/mirbft/log.publishEntries()
      /opt/gopath/src/github.com/hyperledger-labs/mirbft/log/log.go:281 +0x2e4
  github.com/hyperledger-labs/mirbft/log.CommitEntry()
      /opt/gopath/src/github.com/hyperledger-labs/mirbft/log/log.go:108 +0x284
  github.com/hyperledger-labs/mirbft/announcer.Announce()
      /opt/gopath/src/github.com/hyperledger-labs/mirbft/announcer/announcer.go:26 +0x370
  github.com/hyperledger-labs/mirbft/orderer.(*pbftInstance).announce()
      /opt/gopath/src/github.com/hyperledger-labs/mirbft/orderer/pbftinstance.go:726 +0x36b
  github.com/hyperledger-labs/mirbft/orderer.(*pbftInstance).handleCommit()
      /opt/gopath/src/github.com/hyperledger-labs/mirbft/orderer/pbftinstance.go:664 +0x7bd
  github.com/hyperledger-labs/mirbft/orderer.(*pbftInstance).handleMessage()
      /opt/gopath/src/github.com/hyperledger-labs/mirbft/orderer/pbftinstance.go:1810 +0x2e5
  github.com/hyperledger-labs/mirbft/orderer.(*pbftInstance).processSerializedMessages()
      /opt/gopath/src/github.com/hyperledger-labs/mirbft/orderer/pbftinstance.go:1764 +0xdd
  github.com/hyperledger-labs/mirbft/orderer.(*PbftOrderer).runSegment.func2()
      /opt/gopath/src/github.com/hyperledger-labs/mirbft/orderer/pbftorderer.go:199 +0x39

Goroutine 946 (running) created at:
  github.com/hyperledger-labs/mirbft/manager.(*MirManager).Start()
      /opt/gopath/src/github.com/hyperledger-labs/mirbft/manager/mirmanager.go:112 +0x191
  main.main.func4()
      /opt/gopath/src/github.com/hyperledger-labs/mirbft/cmd/orderingpeer/main.go:185 +0x59

Goroutine 952 (running) created at:
  github.com/hyperledger-labs/mirbft/orderer.(*PbftOrderer).runSegment()
      /opt/gopath/src/github.com/hyperledger-labs/mirbft/orderer/pbftorderer.go:199 +0x3f6
  github.com/hyperledger-labs/mirbft/orderer.(*PbftOrderer).Start()
      /opt/gopath/src/github.com/hyperledger-labs/mirbft/orderer/pbftorderer.go:176 +0x344
  main.main.func5()
      /opt/gopath/src/github.com/hyperledger-labs/mirbft/cmd/orderingpeer/main.go:186 +0x59
==================
03:17:27.007 INF PBFT checkpoint ready. Scheduling catchup. lastSn=20 segID=0
03:17:27.024 INF fuck! epoch=192 epoch time (ms)=22286 leaders=2 viewtimeout=104000
03:17:27.024 INF Epoch finished. Waiting for stable checkpoint. sn=20
03:17:27.028 INF New stable checkpoint. sn=20
03:17:27.029 INF Closing message serializers. segID=0
03:17:27.029 INF Epoch end confirmed. chkpSn=20
03:17:27.029 INF Received stable checkpoint notification. sn=20
03:17:27.029 INF Advancing watermarks. numEntries=21
03:17:27.029 INF Statistics commitTs=1753989425767402162 duration=6510015 proposeTs=1753989425760892147 sn=0
03:17:27.029 INF Statistics commitTs=1753989426770892478 duration=9414275 proposeTs=1753989426761478203 sn=1
03:17:27.029 INF Statistics commitTs=1753989427395737897 duration=84076982 proposeTs=1753989427311660915 sn=2
03:17:27.029 INF Statistics commitTs=1753989428381889522 duration=59176263 proposeTs=1753989428322713259 sn=3
03:17:27.029 INF Statistics commitTs=1753989429257134292 duration=17992791 proposeTs=1753989429239141501 sn=4
03:17:27.029 INF Statistics commitTs=1753989429990935551 duration=86274868 proposeTs=1753989429904660683 sn=5
03:17:27.029 INF Statistics commitTs=1753989430923123489 duration=52527235 proposeTs=1753989430870596254 sn=6
03:17:27.029 INF Statistics commitTs=1753989431896707729 duration=27672774 proposeTs=1753989431869034955 sn=7
03:17:27.029 INF Statistics commitTs=1753989432960589009 duration=83663953 proposeTs=1753989432876925056 sn=8
03:17:27.030 INF Statistics commitTs=1753989433937076218 duration=50294222 proposeTs=1753989433886781996 sn=9
03:17:27.030 INF Statistics commitTs=1753989434826278847 duration=26539898 proposeTs=1753989434799738949 sn=10
03:17:27.030 INF Statistics commitTs=1753989435533194169 duration=68316197 proposeTs=1753989435464877972 sn=11
03:17:27.030 INF Statistics commitTs=1753989436482768503 duration=53106813 proposeTs=1753989436429661690 sn=12
03:17:27.030 INF Statistics commitTs=1753989437432280304 duration=21677044 proposeTs=1753989437410603260 sn=13
03:17:27.030 INF Statistics commitTs=1753989438468749886 duration=79042862 proposeTs=1753989438389707024 sn=14
03:17:27.030 INF Statistics commitTs=1753989439433293716 duration=52342810 proposeTs=1753989439380950906 sn=15
03:17:27.030 INF Statistics commitTs=1753989440377978055 duration=23260809 proposeTs=1753989440354717246 sn=16
03:17:27.030 INF Statistics commitTs=1753989441461381368 duration=78290374 proposeTs=1753989441383090994 sn=17
03:17:27.030 INF Statistics commitTs=1753989445088847373 duration=82026338 proposeTs=1753989445006821035 sn=18
03:17:27.031 INF Statistics commitTs=1753989446133194814 duration=124256586 proposeTs=1753989446008938228 sn=19
03:17:27.031 INF Statistics commitTs=1753989446994509331 duration=23532939 proposeTs=1753989446970976392 sn=20
03:17:27.031 INF Median commit time commit=52527235 segID=0
03:17:27.207 INF PbftOrderer received a new segment: [22 24 26 28 30 32 34 36 38 40 42 44 46 48 50 52] first leader=1 firstSN=22 lastSN=52 len=16 length=16 segId=2
03:17:27.539 INF Starting new view. segID=2 timeout=104000 view=0
03:17:27.539 INF Advanced timeout advanced=52527235 initial=1000000000
03:17:27.539 INF Advanced timeout advanced=1052527235 initial=1000000000
03:17:27.539 INF Advanced timeout advanced=2052527235 initial=1000000000
03:17:27.539 INF Advanced timeout advanced=3052527235 initial=1000000000
03:17:27.539 INF Advanced timeout advanced=4052527235 initial=1000000000
03:17:27.539 INF Advanced timeout advanced=5052527235 initial=1000000000
03:17:27.539 INF Advanced timeout advanced=6052527235 initial=1000000000
03:17:27.539 INF Advanced timeout advanced=7052527235 initial=1000000000
03:17:27.539 INF Advanced timeout advanced=8052527235 initial=1000000000
03:17:27.539 INF Advanced timeout advanced=9052527235 initial=1000000000
03:17:27.539 INF Advanced timeout advanced=10052527235 initial=1000000000
03:17:27.539 INF Advanced timeout advanced=11052527235 initial=1000000000
03:17:27.539 INF Advanced timeout advanced=12052527235 initial=1000000000
03:17:27.539 INF Advanced timeout advanced=13052527235 initial=1000000000
03:17:27.539 INF Advanced timeout advanced=14052527235 initial=1000000000
03:17:27.539 INF Advanced timeout advanced=15052527235 initial=1000000000
03:17:27.540 INF Starting PBFT instance. first=22 last=52 segID=2
03:17:27.540 INF PbftOrderer received a new segment: [21 23 25 27 29 31 33 35 37 39 41 43 45 47 49 51] first leader=0 firstSN=21 lastSN=51 len=16 length=16 segId=1
03:17:27.540 INF Starting serialized message processing. segID=2
03:17:27.540 INF fuck1 epoch change time (ms)=545
03:17:27.756 INF Starting new view. segID=1 timeout=104000 view=0
03:17:27.756 INF Advanced timeout advanced=52527235 initial=1000000000
03:17:27.756 INF Advanced timeout advanced=1052527235 initial=1000000000
03:17:27.756 INF Advanced timeout advanced=2052527235 initial=1000000000
03:17:27.756 INF Advanced timeout advanced=3052527235 initial=1000000000
03:17:27.756 INF Advanced timeout advanced=4052527235 initial=1000000000
03:17:27.756 INF Advanced timeout advanced=5052527235 initial=1000000000
03:17:27.756 INF Advanced timeout advanced=6052527235 initial=1000000000
03:17:27.756 INF Advanced timeout advanced=7052527235 initial=1000000000
03:17:27.756 INF Advanced timeout advanced=8052527235 initial=1000000000
03:17:27.756 INF Advanced timeout advanced=9052527235 initial=1000000000
03:17:27.756 INF Advanced timeout advanced=10052527235 initial=1000000000
03:17:27.756 INF Advanced timeout advanced=11052527235 initial=1000000000
03:17:27.756 INF Advanced timeout advanced=12052527235 initial=1000000000
03:17:27.756 INF Advanced timeout advanced=13052527235 initial=1000000000
03:17:27.756 INF Advanced timeout advanced=14052527235 initial=1000000000
03:17:27.757 INF Advanced timeout advanced=15052527235 initial=1000000000
03:17:27.757 INF Starting PBFT instance. first=21 last=51 segID=1
03:17:27.757 INF Starting serialized message processing. segID=1
03:17:28.726 INF Handling PREPREPARE. nReq=505 senderID=0 sn=21
03:17:28.747 INF Committed entry. latency=0 nReq=505 sn=21
03:17:28.748 INF Delivered batch. nReq=505 sn=21
03:17:28.781 INF Handling PREPREPARE. nReq=1371 senderID=1 sn=22
03:17:28.816 INF Committed entry. latency=0 nReq=1371 sn=22
03:17:28.817 INF Delivered batch. nReq=1371 sn=22
03:17:29.767 INF Handling PREPREPARE. nReq=1531 senderID=0 sn=23
03:17:29.816 INF Committed entry. latency=0 nReq=1531 sn=23
03:17:29.817 INF Delivered batch. nReq=1531 sn=23
03:17:29.885 INF Handling PREPREPARE. nReq=4096 senderID=1 sn=24
03:17:29.957 INF Committed entry. latency=0 nReq=4096 sn=24
03:19:13.809 WRN Timeout segId=1 sn=25 view=0
03:19:33.140 INF Delivered batch. nReq=4096 sn=24
03:19:33.140 INF Starting new view. segID=1 timeout=208000 view=1
03:19:33.141 INF Advanced timeout advanced=52527235 initial=1000000000
03:19:33.141 INF Advanced timeout advanced=1052527235 initial=1000000000
03:19:33.142 INF Advanced timeout advanced=2052527235 initial=1000000000
03:19:33.142 INF Advanced timeout advanced=3052527235 initial=1000000000
03:19:33.142 INF Advanced timeout advanced=4052527235 initial=1000000000
03:19:33.142 WRN Timeout segId=2 sn=26 view=0
03:19:33.142 INF Advanced timeout advanced=5052527235 initial=1000000000
03:19:33.142 INF Starting new view. segID=2 timeout=208000 view=1
03:19:33.142 INF Advanced timeout advanced=6052527235 initial=1000000000
03:19:33.143 INF Advanced timeout advanced=52527235 initial=1000000000
03:19:33.143 INF Advanced timeout advanced=7052527235 initial=1000000000
03:19:33.143 INF Advanced timeout advanced=1052527235 initial=1000000000
03:19:33.143 INF Advanced timeout advanced=8052527235 initial=1000000000
03:19:33.143 INF Advanced timeout advanced=2052527235 initial=1000000000
03:19:33.143 INF Advanced timeout advanced=9052527235 initial=1000000000
03:19:33.143 INF Advanced timeout advanced=3052527235 initial=1000000000
03:19:33.143 INF Advanced timeout advanced=10052527235 initial=1000000000
03:19:33.143 INF Advanced timeout advanced=11052527235 initial=1000000000
03:19:33.144 INF Advanced timeout advanced=12052527235 initial=1000000000
03:19:33.144 INF Advanced timeout advanced=13052527235 initial=1000000000
03:19:33.144 INF Advanced timeout advanced=14052527235 initial=1000000000
03:19:33.144 INF Advanced timeout advanced=15052527235 initial=1000000000
03:19:33.145 INF Requesting VIEWCHANGE. receiverID=1 segID=1 senderID=3 view=1
03:19:33.143 INF Advanced timeout advanced=4052527235 initial=1000000000
03:19:33.149 INF Advanced timeout advanced=5052527235 initial=1000000000
03:19:33.149 INF Advanced timeout advanced=6052527235 initial=1000000000
03:19:33.149 INF Advanced timeout advanced=7052527235 initial=1000000000
03:19:33.149 INF Advanced timeout advanced=8052527235 initial=1000000000
03:19:33.149 INF Advanced timeout advanced=9052527235 initial=1000000000
03:19:33.149 INF Advanced timeout advanced=10052527235 initial=1000000000
03:19:33.149 INF Advanced timeout advanced=11052527235 initial=1000000000
03:19:33.149 INF Advanced timeout advanced=12052527235 initial=1000000000
03:19:33.149 INF Advanced timeout advanced=13052527235 initial=1000000000
03:19:33.149 INF Advanced timeout advanced=14052527235 initial=1000000000
03:19:33.149 INF Advanced timeout advanced=15052527235 initial=1000000000
03:19:33.150 INF Requesting VIEWCHANGE. receiverID=2 segID=2 senderID=3 view=1
03:19:33.192 INF Handling PREPREPARE. nReq=0 senderID=0 sn=27
03:19:33.198 INF Handling PREPREPARE. nReq=406 senderID=0 sn=25
03:19:33.328 INF Handling NEWVIEW. currentView=1 msgView=1 segID=2 senderID=2
03:19:33.438 INF Handling NEWVIEW. currentView=1 msgView=1 segID=1 senderID=1
03:19:33.467 INF Handling PREPREPARE. nReq=1043 senderID=1 sn=26
03:19:33.499 INF Committed entry. latency=0 nReq=0 sn=33
03:19:33.499 INF Committed entry. latency=0 nReq=0 sn=35
03:19:33.499 INF Committed entry. latency=0 nReq=0 sn=41
03:19:33.499 INF Committed entry. latency=0 nReq=0 sn=27
03:19:33.499 INF Committed entry. latency=0 nReq=0 sn=49
03:19:33.500 INF Committed entry. latency=0 nReq=0 sn=51
03:19:33.500 INF Committed entry. latency=0 nReq=0 sn=25
03:19:33.501 INF Delivered batch. nReq=0 sn=25
03:19:33.501 INF Committed entry. latency=0 nReq=0 sn=29
03:19:33.501 INF Committed entry. latency=0 nReq=0 sn=31
03:19:33.501 INF Committed entry. latency=0 nReq=0 sn=37
03:19:33.501 INF Committed entry. latency=0 nReq=0 sn=45
03:19:33.501 INF Committed entry. latency=0 nReq=0 sn=47
03:19:33.501 INF Committed entry. latency=0 nReq=0 sn=39
03:19:33.501 INF Committed entry. latency=0 nReq=0 sn=43
03:19:33.501 INF Sending segment checkpoint. lastSn=51 segID=1
03:19:33.510 INF PBFT checkpoint ready. Scheduling catchup. lastSn=51 segID=1
03:19:33.518 INF Committed entry. latency=0 nReq=0 sn=46
03:19:33.518 INF Committed entry. latency=0 nReq=0 sn=50
03:19:33.518 INF Committed entry. latency=0 nReq=0 sn=32
03:19:33.519 INF Committed entry. latency=0 nReq=0 sn=34
03:19:33.519 INF Committed entry. latency=0 nReq=0 sn=38
03:19:33.519 INF Committed entry. latency=0 nReq=0 sn=42
03:19:33.519 INF Committed entry. latency=0 nReq=0 sn=28
03:19:33.519 INF Committed entry. latency=0 nReq=0 sn=52
03:19:33.519 INF Committed entry. latency=0 nReq=0 sn=40
03:19:33.519 INF Committed entry. latency=0 nReq=0 sn=36
03:19:33.519 INF Committed entry. latency=0 nReq=0 sn=44
03:19:33.520 INF Committed entry. latency=0 nReq=0 sn=48
03:19:33.521 INF Committed entry. latency=0 nReq=0 sn=26
03:19:33.521 INF Delivered batch. nReq=0 sn=26
03:19:33.521 INF Delivered batch. nReq=0 sn=27
03:19:33.521 INF Delivered batch. nReq=0 sn=28
03:19:33.521 INF Delivered batch. nReq=0 sn=29
03:19:33.522 INF Committed entry. latency=0 nReq=0 sn=30
03:19:33.522 INF Delivered batch. nReq=0 sn=30
03:19:33.522 INF Delivered batch. nReq=0 sn=31
03:19:33.522 INF Delivered batch. nReq=0 sn=32
03:19:33.522 INF Delivered batch. nReq=0 sn=33
03:19:33.522 INF Delivered batch. nReq=0 sn=34
03:19:33.522 INF Delivered batch. nReq=0 sn=35
03:19:33.522 INF Delivered batch. nReq=0 sn=36
03:19:33.522 INF Delivered batch. nReq=0 sn=37
03:19:33.522 INF Delivered batch. nReq=0 sn=38
03:19:33.522 INF Delivered batch. nReq=0 sn=39
03:19:33.522 INF Delivered batch. nReq=0 sn=40
03:19:33.522 INF Delivered batch. nReq=0 sn=41
03:19:33.522 INF Delivered batch. nReq=0 sn=42
03:19:33.523 INF Delivered batch. nReq=0 sn=43
03:19:33.523 INF Delivered batch. nReq=0 sn=44
03:19:33.523 INF Delivered batch. nReq=0 sn=45
03:19:33.523 INF Delivered batch. nReq=0 sn=46
03:19:33.523 INF Delivered batch. nReq=0 sn=47
03:19:33.523 INF Delivered batch. nReq=0 sn=48
03:19:33.523 INF Delivered batch. nReq=0 sn=49
03:19:33.523 INF Delivered batch. nReq=0 sn=50
03:19:33.523 INF Delivered batch. nReq=0 sn=51
03:19:33.523 INF Delivered batch. nReq=0 sn=52
03:19:33.523 INF Sending segment checkpoint. lastSn=52 segID=2
03:19:33.532 INF PBFT checkpoint ready. Scheduling catchup. lastSn=52 segID=2
03:19:33.550 INF fuck! epoch=192 epoch time (ms)=125980 leaders=3 viewtimeout=120000
03:19:33.550 INF Epoch finished. Waiting for stable checkpoint. sn=52
03:19:33.564 INF New stable checkpoint. sn=52
03:19:33.564 INF Closing message serializers. segID=2
03:19:33.564 INF Statistics commitTs=1753989448815540749 duration=34520064 proposeTs=1753989448781020685 sn=22
03:19:33.565 INF Statistics commitTs=1753989449951612151 duration=66110826 proposeTs=1753989449885501325 sn=24
03:19:33.565 INF Statistics commitTs=1753989573521321528 duration=125981114462 proposeTs=1753989447540207066 sn=26
03:19:33.565 INF Statistics commitTs=1753989573519372123 duration=125979165057 proposeTs=1753989447540207066 sn=28
03:19:33.565 INF Statistics commitTs=1753989573522095381 duration=125981888315 proposeTs=1753989447540207066 sn=30
03:19:33.565 INF Statistics commitTs=1753989573518576176 duration=125978369110 proposeTs=1753989447540207066 sn=32
03:19:33.565 INF Statistics commitTs=1753989573518702216 duration=125978495150 proposeTs=1753989447540207066 sn=34
03:19:33.565 INF Statistics commitTs=1753989573519375566 duration=125979168500 proposeTs=1753989447540207066 sn=36
03:19:33.565 INF Statistics commitTs=1753989573519362525 duration=125979155459 proposeTs=1753989447540207066 sn=38
03:19:33.565 INF Statistics commitTs=1753989573519374155 duration=125979167089 proposeTs=1753989447540207066 sn=40
03:19:33.565 INF Statistics commitTs=1753989573519369212 duration=125979162146 proposeTs=1753989447540207066 sn=42
03:19:33.565 INF Statistics commitTs=1753989573519376181 duration=125979169115 proposeTs=1753989447540207066 sn=44
03:19:33.565 INF Statistics commitTs=1753989573518566484 duration=125978359418 proposeTs=1753989447540207066 sn=46
03:19:33.566 INF Statistics commitTs=1753989573519376914 duration=125979169848 proposeTs=1753989447540207066 sn=48
03:19:33.566 INF Statistics commitTs=1753989573518569917 duration=125978362851 proposeTs=1753989447540207066 sn=50
03:19:33.566 INF Statistics commitTs=1753989573519373336 duration=125979166270 proposeTs=1753989447540207066 sn=52
03:19:33.566 INF Median commit time commit=125979165057 segID=2
03:19:33.566 INF Received stable checkpoint notification. sn=52
03:19:33.566 INF Epoch end confirmed. chkpSn=52
03:19:33.566 INF Advancing watermarks. numEntries=32
03:19:33.566 INF Closing message serializers. segID=1
03:19:33.566 INF Statistics commitTs=1753989448745721470 duration=18942360 proposeTs=1753989448726779110 sn=21
03:19:33.566 INF Statistics commitTs=1753989449815284502 duration=48077795 proposeTs=1753989449767206707 sn=23
03:19:33.566 INF Statistics commitTs=1753989573499023784 duration=125741802296 proposeTs=1753989447757221488 sn=25
03:19:33.566 INF Statistics commitTs=1753989573499017735 duration=125741796247 proposeTs=1753989447757221488 sn=27
03:19:33.567 INF Statistics commitTs=1753989573499026824 duration=125741805336 proposeTs=1753989447757221488 sn=29
03:19:33.567 INF Statistics commitTs=1753989573499029989 duration=125741808501 proposeTs=1753989447757221488 sn=31
03:19:33.567 INF Statistics commitTs=1753989573498999400 duration=125741777912 proposeTs=1753989447757221488 sn=33
03:19:33.567 INF Statistics commitTs=1753989573499004296 duration=125741782808 proposeTs=1753989447757221488 sn=35
03:19:33.567 INF Statistics commitTs=1753989573499032488 duration=125741811000 proposeTs=1753989447757221488 sn=37
03:19:33.567 INF Statistics commitTs=1753989573499037192 duration=125741815704 proposeTs=1753989447757221488 sn=39
03:19:33.567 INF Statistics commitTs=1753989573499006576 duration=125741785088 proposeTs=1753989447757221488 sn=41
03:19:33.567 INF Statistics commitTs=1753989573499188436 duration=125741966948 proposeTs=1753989447757221488 sn=43
03:19:33.567 INF Statistics commitTs=1753989573499035111 duration=125741813623 proposeTs=1753989447757221488 sn=45
03:19:33.567 INF Statistics commitTs=1753989573499035932 duration=125741814444 proposeTs=1753989447757221488 sn=47
03:19:33.567 INF Statistics commitTs=1753989573499018564 duration=125741797076 proposeTs=1753989447757221488 sn=49
03:19:33.568 INF Statistics commitTs=1753989573499021424 duration=125741799936 proposeTs=1753989447757221488 sn=51
03:19:33.568 INF Median commit time commit=125741802296 segID=1
03:19:33.574 INF PbftOrderer received a new segment: [53 56 59 62 65 68 71 74 77 80 83 86 89 92 95 98] first leader=0 firstSN=53 lastSN=98 len=16 length=16 segId=3
03:19:33.916 INF Starting new view. segID=3 timeout=120000 view=0
03:19:33.916 INF Advanced timeout advanced=125741802296 initial=1000000000
03:19:33.916 INF Advanced timeout advanced=126741802296 initial=1000000000
03:19:33.916 INF Advanced timeout advanced=127741802296 initial=1000000000
03:19:33.916 INF Advanced timeout advanced=128741802296 initial=1000000000
03:19:33.916 INF Advanced timeout advanced=129741802296 initial=1000000000
03:19:33.916 INF Advanced timeout advanced=130741802296 initial=1000000000
03:19:33.916 INF Advanced timeout advanced=131741802296 initial=1000000000
03:19:33.916 INF Advanced timeout advanced=132741802296 initial=1000000000
03:19:33.916 INF Advanced timeout advanced=133741802296 initial=1000000000
03:19:33.916 INF Advanced timeout advanced=134741802296 initial=1000000000
03:19:33.916 INF Advanced timeout advanced=135741802296 initial=1000000000
03:19:33.917 INF Advanced timeout advanced=136741802296 initial=1000000000
03:19:33.917 INF Advanced timeout advanced=137741802296 initial=1000000000
03:19:33.917 INF Advanced timeout advanced=138741802296 initial=1000000000
03:19:33.917 INF Advanced timeout advanced=139741802296 initial=1000000000
03:19:33.917 INF Advanced timeout advanced=140741802296 initial=1000000000
03:19:33.917 INF Starting PBFT instance. first=53 last=98 segID=3
03:19:33.917 INF PbftOrderer received a new segment: [54 57 60 63 66 69 72 75 78 81 84 87 90 93 96 99] first leader=1 firstSN=54 lastSN=99 len=16 length=16 segId=4
03:19:33.941 INF Starting serialized message processing. segID=3
03:19:34.208 INF Starting new view. segID=4 timeout=120000 view=0
03:19:34.208 INF Advanced timeout advanced=125741802296 initial=1000000000
03:19:34.208 INF Advanced timeout advanced=126741802296 initial=1000000000
03:19:34.208 INF Advanced timeout advanced=127741802296 initial=1000000000
03:19:34.208 INF Advanced timeout advanced=128741802296 initial=1000000000
03:19:34.208 INF Advanced timeout advanced=129741802296 initial=1000000000
03:19:34.208 INF Advanced timeout advanced=130741802296 initial=1000000000
03:19:34.208 INF Advanced timeout advanced=131741802296 initial=1000000000
03:19:34.208 INF Advanced timeout advanced=132741802296 initial=1000000000
03:19:34.208 INF Advanced timeout advanced=133741802296 initial=1000000000
03:19:34.208 INF Advanced timeout advanced=134741802296 initial=1000000000
03:19:34.208 INF Advanced timeout advanced=135741802296 initial=1000000000
03:19:34.208 INF Advanced timeout advanced=136741802296 initial=1000000000
03:19:34.208 INF Advanced timeout advanced=137741802296 initial=1000000000
03:19:34.208 INF Advanced timeout advanced=138741802296 initial=1000000000
03:19:34.209 INF Advanced timeout advanced=139741802296 initial=1000000000
03:19:34.209 INF Advanced timeout advanced=140741802296 initial=1000000000
03:19:34.209 INF Starting PBFT instance. first=54 last=99 segID=4
03:19:34.209 INF PbftOrderer received a new segment: [55 58 61 64 67 70 73 76 79 82 85 88 91 94 97 100] first leader=2 firstSN=55 lastSN=100 len=16 length=16 segId=5
03:19:34.242 INF fuck1 epoch change time (ms)=718
03:19:34.242 INF Starting serialized message processing. segID=4
03:19:34.534 INF Starting new view. segID=5 timeout=120000 view=0
03:19:34.534 INF Advanced timeout advanced=125741802296 initial=1000000000
03:19:34.535 INF Advanced timeout advanced=126741802296 initial=1000000000
03:19:34.535 INF Advanced timeout advanced=127741802296 initial=1000000000
03:19:34.535 INF Advanced timeout advanced=128741802296 initial=1000000000
03:19:34.535 INF Advanced timeout advanced=129741802296 initial=1000000000
03:19:34.535 INF Advanced timeout advanced=130741802296 initial=1000000000
03:19:34.535 INF Advanced timeout advanced=131741802296 initial=1000000000
03:19:34.535 INF Advanced timeout advanced=132741802296 initial=1000000000
03:19:34.535 INF Advanced timeout advanced=133741802296 initial=1000000000
03:19:34.535 INF Advanced timeout advanced=134741802296 initial=1000000000
03:19:34.535 INF Advanced timeout advanced=135741802296 initial=1000000000
03:19:34.535 INF Advanced timeout advanced=136741802296 initial=1000000000
03:19:34.535 INF Advanced timeout advanced=137741802296 initial=1000000000
03:19:34.535 INF Advanced timeout advanced=138741802296 initial=1000000000
03:19:34.535 INF Advanced timeout advanced=139741802296 initial=1000000000
03:19:34.535 INF Advanced timeout advanced=140741802296 initial=1000000000
03:19:34.535 INF Starting PBFT instance. first=55 last=100 segID=5
03:19:34.536 INF Starting serialized message processing. segID=5
03:19:35.262 INF Handling PREPREPARE. nReq=1028 senderID=0 sn=53
03:19:35.292 INF Committed entry. latency=0 nReq=1028 sn=53
03:19:35.292 INF Delivered batch. nReq=1028 sn=53
03:19:35.424 INF Handling PREPREPARE. nReq=4096 senderID=1 sn=54
03:19:35.496 INF Committed entry. latency=0 nReq=4096 sn=54
03:19:35.496 INF Delivered batch. nReq=4096 sn=54
03:19:35.609 INF Handling PREPREPARE. nReq=1118 senderID=2 sn=55
03:19:35.638 INF Committed entry. latency=0 nReq=1118 sn=55
03:19:35.638 INF Delivered batch. nReq=1118 sn=55
03:19:36.219 INF Handling PREPREPARE. nReq=317 senderID=0 sn=56
03:19:36.240 INF Committed entry. latency=0 nReq=317 sn=56
03:19:36.240 INF Delivered batch. nReq=317 sn=56
03:19:36.381 INF Handling PREPREPARE. nReq=1105 senderID=1 sn=57
03:19:36.409 INF Committed entry. latency=0 nReq=1105 sn=57
03:19:36.409 INF Delivered batch. nReq=1105 sn=57
03:19:36.598 INF Handling PREPREPARE. nReq=440 senderID=2 sn=58
03:19:36.669 INF Committed entry. latency=0 nReq=440 sn=58
03:19:36.670 INF Delivered batch. nReq=440 sn=58
03:19:37.217 INF Handling PREPREPARE. nReq=308 senderID=0 sn=59
03:19:37.237 INF Committed entry. latency=0 nReq=308 sn=59
03:19:37.237 INF Delivered batch. nReq=308 sn=59
03:19:37.402 INF Handling PREPREPARE. nReq=1293 senderID=1 sn=60
03:19:37.433 INF Committed entry. latency=0 nReq=1293 sn=60
03:19:37.433 INF Delivered batch. nReq=1293 sn=60
03:19:37.631 INF Handling PREPREPARE. nReq=860 senderID=2 sn=61
03:19:37.656 INF Committed entry. latency=0 nReq=860 sn=61
03:19:37.656 INF Delivered batch. nReq=860 sn=61
03:19:38.226 INF Handling PREPREPARE. nReq=286 senderID=0 sn=62
03:19:38.247 INF Committed entry. latency=0 nReq=286 sn=62
03:19:38.247 INF Delivered batch. nReq=286 sn=62
03:19:38.377 INF Handling PREPREPARE. nReq=1246 senderID=1 sn=63
03:19:38.411 INF Committed entry. latency=0 nReq=1246 sn=63
03:19:38.412 INF Delivered batch. nReq=1246 sn=63
03:19:38.646 INF Handling PREPREPARE. nReq=1769 senderID=2 sn=64
03:19:38.683 INF Committed entry. latency=0 nReq=1769 sn=64
03:19:38.684 INF Delivered batch. nReq=1769 sn=64
03:19:39.232 INF Handling PREPREPARE. nReq=485 senderID=0 sn=65
03:19:39.252 INF Committed entry. latency=0 nReq=485 sn=65
03:19:39.252 INF Delivered batch. nReq=485 sn=65
03:19:39.402 INF Handling PREPREPARE. nReq=1718 senderID=1 sn=66
03:19:39.443 INF Committed entry. latency=0 nReq=1718 sn=66
03:19:39.443 INF Delivered batch. nReq=1718 sn=66
03:19:39.658 INF Handling PREPREPARE. nReq=2040 senderID=2 sn=67
03:19:39.710 INF Committed entry. latency=0 nReq=2040 sn=67
03:19:39.710 INF Delivered batch. nReq=2040 sn=67
03:19:40.241 INF Handling PREPREPARE. nReq=474 senderID=0 sn=68
03:19:40.263 INF Committed entry. latency=0 nReq=474 sn=68
03:19:40.264 INF Delivered batch. nReq=474 sn=68
03:19:40.393 INF Handling PREPREPARE. nReq=1620 senderID=1 sn=69
03:19:40.429 INF Committed entry. latency=0 nReq=1620 sn=69
03:19:40.429 INF Delivered batch. nReq=1620 sn=69
03:19:40.645 INF Handling PREPREPARE. nReq=1264 senderID=2 sn=70
03:19:40.672 INF Committed entry. latency=0 nReq=1264 sn=70
03:19:40.672 INF Delivered batch. nReq=1264 sn=70
03:19:41.224 INF Handling PREPREPARE. nReq=279 senderID=0 sn=71
03:19:41.244 INF Committed entry. latency=0 nReq=279 sn=71
03:19:41.244 INF Delivered batch. nReq=279 sn=71
03:19:41.386 INF Handling PREPREPARE. nReq=1285 senderID=1 sn=72
03:19:41.409 INF Committed entry. latency=0 nReq=1285 sn=72
03:19:41.410 INF Delivered batch. nReq=1285 sn=72
03:19:41.675 INF Handling PREPREPARE. nReq=1472 senderID=2 sn=73
03:19:41.706 INF Committed entry. latency=0 nReq=1472 sn=73
03:19:41.706 INF Delivered batch. nReq=1472 sn=73
03:19:42.228 INF Handling PREPREPARE. nReq=382 senderID=0 sn=74
03:19:42.245 INF Committed entry. latency=0 nReq=382 sn=74
03:19:42.245 INF Delivered batch. nReq=382 sn=74
03:19:42.417 INF Handling PREPREPARE. nReq=1612 senderID=1 sn=75
03:19:42.457 INF Committed entry. latency=0 nReq=1612 sn=75
03:19:42.457 INF Delivered batch. nReq=1612 sn=75
03:19:42.685 INF Handling PREPREPARE. nReq=2422 senderID=2 sn=76
03:19:42.735 INF Committed entry. latency=0 nReq=2422 sn=76
03:19:42.735 INF Delivered batch. nReq=2422 sn=76
03:19:43.250 INF Handling PREPREPARE. nReq=518 senderID=0 sn=77
03:19:43.274 INF Committed entry. latency=0 nReq=518 sn=77
03:19:43.274 INF Delivered batch. nReq=518 sn=77
03:19:43.407 INF Handling PREPREPARE. nReq=1629 senderID=1 sn=78
03:19:43.452 INF Committed entry. latency=0 nReq=1629 sn=78
03:19:43.452 INF Delivered batch. nReq=1629 sn=78
03:19:43.651 INF Handling PREPREPARE. nReq=1319 senderID=2 sn=79
03:19:43.684 INF Committed entry. latency=0 nReq=1319 sn=79
03:19:43.685 INF Delivered batch. nReq=1319 sn=79
03:19:44.224 INF Handling PREPREPARE. nReq=305 senderID=0 sn=80
03:19:44.241 INF Committed entry. latency=0 nReq=305 sn=80
03:19:44.242 INF Delivered batch. nReq=305 sn=80
03:19:44.366 INF Handling PREPREPARE. nReq=838 senderID=1 sn=81
03:19:44.392 INF Committed entry. latency=0 nReq=838 sn=81
03:19:44.393 INF Delivered batch. nReq=838 sn=81
03:19:44.657 INF Handling PREPREPARE. nReq=1444 senderID=2 sn=82
03:19:44.693 INF Committed entry. latency=0 nReq=1444 sn=82
03:19:44.693 INF Delivered batch. nReq=1444 sn=82
03:19:45.292 INF Handling PREPREPARE. nReq=1166 senderID=0 sn=83
03:19:45.318 INF Committed entry. latency=0 nReq=1166 sn=83
03:19:45.318 INF Delivered batch. nReq=1166 sn=83
03:19:45.353 INF Handling PREPREPARE. nReq=761 senderID=1 sn=84
03:19:45.370 INF Committed entry. latency=0 nReq=761 sn=84
03:19:45.370 INF Delivered batch. nReq=761 sn=84
03:19:45.678 INF Handling PREPREPARE. nReq=1866 senderID=2 sn=85
03:19:45.716 INF Committed entry. latency=0 nReq=1866 sn=85
03:19:45.716 INF Delivered batch. nReq=1866 sn=85
03:19:46.224 INF Handling PREPREPARE. nReq=529 senderID=0 sn=86
03:19:46.239 INF Committed entry. latency=0 nReq=529 sn=86
03:19:46.239 INF Delivered batch. nReq=529 sn=86
03:19:46.335 INF Handling PREPREPARE. nReq=0 senderID=1 sn=87
03:19:46.342 INF Committed entry. latency=0 nReq=0 sn=87
03:19:46.342 INF Delivered batch. nReq=0 sn=87
03:19:46.595 INF Handling PREPREPARE. nReq=0 senderID=2 sn=88
03:19:46.600 INF Committed entry. latency=0 nReq=0 sn=88
03:19:46.600 INF Delivered batch. nReq=0 sn=88
03:19:47.274 INF Handling PREPREPARE. nReq=764 senderID=0 sn=89
03:19:47.308 INF Committed entry. latency=0 nReq=764 sn=89
03:19:47.308 INF Delivered batch. nReq=764 sn=89
03:19:47.336 INF Handling PREPREPARE. nReq=0 senderID=1 sn=90
03:19:47.341 INF Committed entry. latency=0 nReq=0 sn=90
03:19:47.342 INF Delivered batch. nReq=0 sn=90
03:19:47.596 INF Handling PREPREPARE. nReq=0 senderID=2 sn=91
03:19:47.604 INF Committed entry. latency=0 nReq=0 sn=91
03:19:47.604 INF Delivered batch. nReq=0 sn=91
03:19:48.339 INF Handling PREPREPARE. nReq=0 senderID=1 sn=93
03:19:48.344 INF Committed entry. latency=0 nReq=0 sn=93
03:19:48.350 INF Handling PREPREPARE. nReq=2645 senderID=0 sn=92
03:19:48.416 INF Committed entry. latency=0 nReq=2645 sn=92
03:19:48.416 INF Delivered batch. nReq=2645 sn=92
03:19:48.417 INF Delivered batch. nReq=0 sn=93
03:19:48.596 INF Handling PREPREPARE. nReq=0 senderID=2 sn=94
03:19:48.601 INF Committed entry. latency=0 nReq=0 sn=94
03:19:48.601 INF Delivered batch. nReq=0 sn=94
03:19:49.292 INF Handling PREPREPARE. nReq=877 senderID=0 sn=95
03:19:49.323 INF Committed entry. latency=0 nReq=877 sn=95
03:19:49.323 INF Delivered batch. nReq=877 sn=95
03:19:49.343 INF Handling PREPREPARE. nReq=0 senderID=1 sn=96
03:19:49.350 INF Committed entry. latency=0 nReq=0 sn=96
03:19:49.350 INF Delivered batch. nReq=0 sn=96
03:19:49.598 INF Handling PREPREPARE. nReq=0 senderID=2 sn=97
03:19:49.604 INF Committed entry. latency=0 nReq=0 sn=97
03:19:49.604 INF Delivered batch. nReq=0 sn=97
03:19:50.305 INF Handling PREPREPARE. nReq=1420 senderID=0 sn=98
03:19:50.344 INF Handling PREPREPARE. nReq=0 senderID=1 sn=99
03:19:50.350 INF Committed entry. latency=0 nReq=1420 sn=98
03:19:50.350 INF Committed entry. latency=0 nReq=0 sn=99
03:19:50.350 INF Delivered batch. nReq=1420 sn=98
03:19:50.350 INF Delivered batch. nReq=0 sn=99
03:19:50.350 INF Sending segment checkpoint. lastSn=98 segID=3
03:19:50.350 INF Sending segment checkpoint. lastSn=99 segID=4
03:19:50.354 INF PBFT checkpoint ready. Scheduling catchup. lastSn=99 segID=4
03:19:50.359 INF PBFT checkpoint ready. Scheduling catchup. lastSn=98 segID=3
03:19:50.598 INF Handling PREPREPARE. nReq=0 senderID=2 sn=100
03:19:50.604 INF Committed entry. latency=0 nReq=0 sn=100
03:19:50.604 INF Delivered batch. nReq=0 sn=100
03:19:50.604 INF Sending segment checkpoint. lastSn=100 segID=5
03:19:50.610 INF PBFT checkpoint ready. Scheduling catchup. lastSn=100 segID=5
03:19:50.641 INF fuck! epoch=192 epoch time (ms)=16362 leaders=4 viewtimeout=120000
03:19:50.642 INF Epoch finished. Waiting for stable checkpoint. sn=100
03:19:50.643 INF New stable checkpoint. sn=100
03:19:50.644 INF Closing message serializers. segID=4
03:19:50.644 INF Epoch end confirmed. chkpSn=100
03:19:50.644 INF Statistics commitTs=1753989575493583311 duration=69351111 proposeTs=1753989575424232200 sn=54
03:19:50.644 INF Received stable checkpoint notification. sn=100
03:19:50.644 INF Advancing watermarks. numEntries=48
03:19:50.644 INF Statistics commitTs=1753989576407653820 duration=26127501 proposeTs=1753989576381526319 sn=57
03:19:50.644 INF Statistics commitTs=1753989577431880665 duration=29156268 proposeTs=1753989577402724397 sn=60
03:19:50.645 INF Statistics commitTs=1753989578410463219 duration=33507627 proposeTs=1753989578376955592 sn=63
03:19:50.645 INF Statistics commitTs=1753989579442176708 duration=39628969 proposeTs=1753989579402547739 sn=66
03:19:50.645 INF Statistics commitTs=1753989580427997708 duration=34778211 proposeTs=1753989580393219497 sn=69
03:19:50.645 INF Statistics commitTs=1753989581408976861 duration=22225493 proposeTs=1753989581386751368 sn=72
03:19:50.645 INF Statistics commitTs=1753989582452842343 duration=35629730 proposeTs=1753989582417212613 sn=75
03:19:50.646 INF Statistics commitTs=1753989583450675169 duration=42953255 proposeTs=1753989583407721914 sn=78
03:19:50.646 INF Statistics commitTs=1753989584391352133 duration=24679666 proposeTs=1753989584366672467 sn=81
03:19:50.646 INF Statistics commitTs=1753989585369838789 duration=16183851 proposeTs=1753989585353654938 sn=84
03:19:50.646 INF Statistics commitTs=1753989586342282836 duration=6488725 proposeTs=1753989586335794111 sn=87
03:19:50.646 INF Statistics commitTs=1753989587341722107 duration=4975655 proposeTs=1753989587336746452 sn=90
03:19:50.647 INF Statistics commitTs=1753989588344049233 duration=4168902 proposeTs=1753989588339880331 sn=93
03:19:50.647 INF Closing message serializers. segID=3
03:19:50.647 INF Statistics commitTs=1753989589350020416 duration=6130573 proposeTs=1753989589343889843 sn=96
03:19:50.647 INF Statistics commitTs=1753989575290896369 duration=28231816 proposeTs=1753989575262664553 sn=53
03:19:50.647 INF Statistics commitTs=1753989590349778284 duration=5796596 proposeTs=1753989590343981688 sn=99
03:19:50.647 INF Statistics commitTs=1753989576239282413 duration=19530693 proposeTs=1753989576219751720 sn=56
03:19:50.647 INF Median commit time commit=26127501 segID=4
03:19:50.647 INF Closing message serializers. segID=5
03:19:50.647 INF Statistics commitTs=1753989577236553805 duration=19378900 proposeTs=1753989577217174905 sn=59
03:19:50.647 INF Statistics commitTs=1753989575636913067 duration=27329957 proposeTs=1753989575609583110 sn=55
03:19:50.648 INF Statistics commitTs=1753989578246688994 duration=20197139 proposeTs=1753989578226491855 sn=62
03:19:50.648 INF Statistics commitTs=1753989576669652227 duration=71443795 proposeTs=1753989576598208432 sn=58
03:19:50.648 INF Statistics commitTs=1753989579252134658 duration=19546456 proposeTs=1753989579232588202 sn=65
03:19:50.648 INF Statistics commitTs=1753989577654995727 duration=24002361 proposeTs=1753989577630993366 sn=61
03:19:50.648 INF Statistics commitTs=1753989580263338873 duration=21602837 proposeTs=1753989580241736036 sn=68
03:19:50.648 INF Statistics commitTs=1753989578682607463 duration=36273605 proposeTs=1753989578646333858 sn=64
03:19:50.648 INF Statistics commitTs=1753989581243084156 duration=18807630 proposeTs=1753989581224276526 sn=71
03:19:50.648 INF Statistics commitTs=1753989579707075844 duration=48640110 proposeTs=1753989579658435734 sn=67
03:19:50.648 INF Statistics commitTs=1753989582244751717 duration=16329278 proposeTs=1753989582228422439 sn=74
03:19:50.648 INF Statistics commitTs=1753989580671394735 duration=25928824 proposeTs=1753989580645465911 sn=70
03:19:50.649 INF Statistics commitTs=1753989581702932644 duration=27378939 proposeTs=1753989581675553705 sn=73
03:19:50.648 INF Statistics commitTs=1753989583273022388 duration=22919087 proposeTs=1753989583250103301 sn=77
03:19:50.649 INF Statistics commitTs=1753989582733703670 duration=48552227 proposeTs=1753989582685151443 sn=76
03:19:50.649 INF Statistics commitTs=1753989584241198693 duration=17244827 proposeTs=1753989584223953866 sn=80
03:19:50.649 INF Statistics commitTs=1753989583683804303 duration=31910515 proposeTs=1753989583651893788 sn=79
03:19:50.649 INF Statistics commitTs=1753989585317543430 duration=24892587 proposeTs=1753989585292650843 sn=83
03:19:50.649 INF Statistics commitTs=1753989584691753987 duration=34211342 proposeTs=1753989584657542645 sn=82
03:19:50.649 INF Statistics commitTs=1753989586238728402 duration=13967163 proposeTs=1753989586224761239 sn=86
03:19:50.649 INF Statistics commitTs=1753989587307306931 duration=32885810 proposeTs=1753989587274421121 sn=89
03:19:50.650 INF Statistics commitTs=1753989588413489328 duration=63174931 proposeTs=1753989588350314397 sn=92
03:19:50.649 INF Statistics commitTs=1753989585714916255 duration=36888613 proposeTs=1753989585678027642 sn=85
03:19:50.650 INF Statistics commitTs=1753989589322440626 duration=30156532 proposeTs=1753989589292284094 sn=95
03:19:50.650 INF Statistics commitTs=1753989586600768315 duration=5407568 proposeTs=1753989586595360747 sn=88
03:19:50.650 INF Statistics commitTs=1753989587603979358 duration=7549803 proposeTs=1753989587596429555 sn=91
03:19:50.650 INF Statistics commitTs=1753989590348659270 duration=43315541 proposeTs=1753989590305343729 sn=98
03:19:50.650 INF Statistics commitTs=1753989588601524303 duration=4633885 proposeTs=1753989588596890418 sn=94
03:19:50.650 INF Median commit time commit=21602837 segID=3
03:19:50.651 INF Statistics commitTs=1753989589604239410 duration=6143800 proposeTs=1753989589598095610 sn=97
03:19:50.651 INF Statistics commitTs=1753989590603906818 duration=5179164 proposeTs=1753989590598727654 sn=100
03:19:50.651 INF Median commit time commit=27378939 segID=5
03:19:51.017 INF PbftOrderer received a new segment: [101 105 109 113 117 121 125 129 133 137 141 145 149 153 157 161] first leader=0 firstSN=101 lastSN=161 len=16 length=16 segId=6
03:19:51.647 INF Starting new view. segID=6 timeout=120000 view=0
03:19:51.647 INF Advanced timeout advanced=27378939 initial=1000000000
03:19:51.647 INF Advanced timeout advanced=1027378939 initial=1000000000
03:19:51.647 INF Advanced timeout advanced=2027378939 initial=1000000000
03:19:51.655 INF Advanced timeout advanced=3027378939 initial=1000000000
03:19:51.655 INF Advanced timeout advanced=4027378939 initial=1000000000
03:19:51.655 INF Advanced timeout advanced=5027378939 initial=1000000000
03:19:51.655 INF Advanced timeout advanced=6027378939 initial=1000000000
03:19:51.655 INF Advanced timeout advanced=7027378939 initial=1000000000
03:19:51.655 INF Advanced timeout advanced=8027378939 initial=1000000000
03:19:51.655 INF Advanced timeout advanced=9027378939 initial=1000000000
03:19:51.655 INF Advanced timeout advanced=10027378939 initial=1000000000
03:19:51.655 INF Advanced timeout advanced=11027378939 initial=1000000000
03:19:51.655 INF Advanced timeout advanced=12027378939 initial=1000000000
03:19:51.655 INF Advanced timeout advanced=13027378939 initial=1000000000
03:19:51.655 INF Advanced timeout advanced=14027378939 initial=1000000000
03:19:51.656 INF Advanced timeout advanced=15027378939 initial=1000000000
03:19:51.656 INF Starting PBFT instance. first=101 last=161 segID=6
03:19:51.657 INF PbftOrderer received a new segment: [102 106 110 114 118 122 126 130 134 138 142 146 150 154 158 162] first leader=1 firstSN=102 lastSN=162 len=16 length=16 segId=7
03:19:51.657 INF Starting serialized message processing. segID=6
03:19:52.372 INF Starting new view. segID=7 timeout=120000 view=0
03:19:52.373 INF Advanced timeout advanced=27378939 initial=1000000000
03:19:52.373 INF Advanced timeout advanced=1027378939 initial=1000000000
03:19:52.373 INF Advanced timeout advanced=2027378939 initial=1000000000
03:19:52.373 INF Advanced timeout advanced=3027378939 initial=1000000000
03:19:52.373 INF Advanced timeout advanced=4027378939 initial=1000000000
03:19:52.373 INF Advanced timeout advanced=5027378939 initial=1000000000
03:19:52.373 INF Advanced timeout advanced=6027378939 initial=1000000000
03:19:52.373 INF Advanced timeout advanced=7027378939 initial=1000000000
03:19:52.373 INF Advanced timeout advanced=8027378939 initial=1000000000
03:19:52.373 INF Advanced timeout advanced=9027378939 initial=1000000000
03:19:52.373 INF Advanced timeout advanced=10027378939 initial=1000000000
03:19:52.373 INF Advanced timeout advanced=11027378939 initial=1000000000
03:19:52.373 INF Advanced timeout advanced=12027378939 initial=1000000000
03:19:52.373 INF Advanced timeout advanced=13027378939 initial=1000000000
03:19:52.373 INF Advanced timeout advanced=14027378939 initial=1000000000
03:19:52.373 INF Advanced timeout advanced=15027378939 initial=1000000000
03:19:52.374 INF Starting PBFT instance. first=102 last=162 segID=7
03:19:52.374 INF PbftOrderer received a new segment: [103 107 111 115 119 123 127 131 135 139 143 147 151 155 159 163] first leader=2 firstSN=103 lastSN=163 len=16 length=16 segId=8
03:19:52.374 INF Starting serialized message processing. segID=7
03:19:52.858 INF Handling PREPREPARE. nReq=471 senderID=0 sn=101
03:19:52.954 INF Committed entry. latency=0 nReq=471 sn=101
03:19:52.954 INF Delivered batch. nReq=471 sn=101
03:19:53.089 INF Starting new view. segID=8 timeout=120000 view=0
03:19:53.090 INF Advanced timeout advanced=27378939 initial=1000000000
03:19:53.090 INF Advanced timeout advanced=1027378939 initial=1000000000
03:19:53.090 INF Advanced timeout advanced=2027378939 initial=1000000000
03:19:53.090 INF Advanced timeout advanced=3027378939 initial=1000000000
03:19:53.090 INF Advanced timeout advanced=4027378939 initial=1000000000
03:19:53.090 INF Advanced timeout advanced=5027378939 initial=1000000000
03:19:53.090 INF Advanced timeout advanced=6027378939 initial=1000000000
03:19:53.090 INF Advanced timeout advanced=7027378939 initial=1000000000
03:19:53.090 INF Advanced timeout advanced=8027378939 initial=1000000000
03:19:53.090 INF Advanced timeout advanced=9027378939 initial=1000000000
03:19:53.090 INF Advanced timeout advanced=10027378939 initial=1000000000
03:19:53.090 INF Advanced timeout advanced=11027378939 initial=1000000000
03:19:53.090 INF Advanced timeout advanced=12027378939 initial=1000000000
03:19:53.090 INF Advanced timeout advanced=13027378939 initial=1000000000
03:19:53.090 INF Advanced timeout advanced=14027378939 initial=1000000000
03:19:53.090 INF Advanced timeout advanced=15027378939 initial=1000000000
03:19:53.091 INF Starting PBFT instance. first=103 last=163 segID=8
03:19:53.091 INF PbftOrderer received a new segment: [104 108 112 116 120 124 128 132 136 140 144 148 152 156 160 164] first leader=3 firstSN=104 lastSN=164 len=16 length=16 segId=9
03:19:53.091 INF Starting serialized message processing. segID=8
03:19:53.091 INF Handling PREPREPARE. nReq=1293 senderID=2 sn=103
03:19:53.121 INF fuck1 epoch change time (ms)=2517
==================
WARNING: DATA RACE
Write at 0x000001304380 by goroutine 946:
  github.com/hyperledger-labs/mirbft/manager.(*MirManager).handleLogEntries()
      /opt/gopath/src/github.com/hyperledger-labs/mirbft/manager/mirmanager.go:266 +0x17ea
  github.com/hyperledger-labs/mirbft/manager.(*MirManager).Start.func2()
      /opt/gopath/src/github.com/hyperledger-labs/mirbft/manager/mirmanager.go:112 +0x47

Previous write at 0x000001304380 by goroutine 114364:
  github.com/hyperledger-labs/mirbft/log.publishEntries()
      /opt/gopath/src/github.com/hyperledger-labs/mirbft/log/log.go:281 +0x2e4
  github.com/hyperledger-labs/mirbft/log.CommitEntry()
      /opt/gopath/src/github.com/hyperledger-labs/mirbft/log/log.go:108 +0x284
  github.com/hyperledger-labs/mirbft/announcer.Announce()
      /opt/gopath/src/github.com/hyperledger-labs/mirbft/announcer/announcer.go:26 +0x370
  github.com/hyperledger-labs/mirbft/orderer.(*pbftInstance).announce()
      /opt/gopath/src/github.com/hyperledger-labs/mirbft/orderer/pbftinstance.go:726 +0x36b
  github.com/hyperledger-labs/mirbft/orderer.(*pbftInstance).handleCommit()
      /opt/gopath/src/github.com/hyperledger-labs/mirbft/orderer/pbftinstance.go:664 +0x7bd
  github.com/hyperledger-labs/mirbft/orderer.(*pbftInstance).handleMessage()
      /opt/gopath/src/github.com/hyperledger-labs/mirbft/orderer/pbftinstance.go:1810 +0x2e5
  github.com/hyperledger-labs/mirbft/orderer.(*pbftInstance).processSerializedMessages()
      /opt/gopath/src/github.com/hyperledger-labs/mirbft/orderer/pbftinstance.go:1764 +0xdd
  github.com/hyperledger-labs/mirbft/orderer.(*PbftOrderer).runSegment.func2()
      /opt/gopath/src/github.com/hyperledger-labs/mirbft/orderer/pbftorderer.go:199 +0x39

Goroutine 946 (running) created at:
  github.com/hyperledger-labs/mirbft/manager.(*MirManager).Start()
      /opt/gopath/src/github.com/hyperledger-labs/mirbft/manager/mirmanager.go:112 +0x191
  main.main.func4()
      /opt/gopath/src/github.com/hyperledger-labs/mirbft/cmd/orderingpeer/main.go:185 +0x59

Goroutine 114364 (running) created at:
  github.com/hyperledger-labs/mirbft/orderer.(*PbftOrderer).runSegment()
      /opt/gopath/src/github.com/hyperledger-labs/mirbft/orderer/pbftorderer.go:199 +0x3f6
  github.com/hyperledger-labs/mirbft/orderer.(*PbftOrderer).Start()
      /opt/gopath/src/github.com/hyperledger-labs/mirbft/orderer/pbftorderer.go:176 +0x344
  main.main.func5()
      /opt/gopath/src/github.com/hyperledger-labs/mirbft/cmd/orderingpeer/main.go:186 +0x59
==================
==================
WARNING: DATA RACE
Write at 0x000001304390 by goroutine 946:
  github.com/hyperledger-labs/mirbft/manager.(*MirManager).handleLogEntries()
      /opt/gopath/src/github.com/hyperledger-labs/mirbft/manager/mirmanager.go:267 +0x1804
  github.com/hyperledger-labs/mirbft/manager.(*MirManager).Start.func2()
      /opt/gopath/src/github.com/hyperledger-labs/mirbft/manager/mirmanager.go:112 +0x47

Previous write at 0x000001304390 by goroutine 114364:
  github.com/hyperledger-labs/mirbft/log.publishEntries()
      /opt/gopath/src/github.com/hyperledger-labs/mirbft/log/log.go:286 +0x6e4
  github.com/hyperledger-labs/mirbft/log.CommitEntry()
      /opt/gopath/src/github.com/hyperledger-labs/mirbft/log/log.go:108 +0x284
  github.com/hyperledger-labs/mirbft/announcer.Announce()
      /opt/gopath/src/github.com/hyperledger-labs/mirbft/announcer/announcer.go:26 +0x370
  github.com/hyperledger-labs/mirbft/orderer.(*pbftInstance).announce()
      /opt/gopath/src/github.com/hyperledger-labs/mirbft/orderer/pbftinstance.go:726 +0x36b
  github.com/hyperledger-labs/mirbft/orderer.(*pbftInstance).handleCommit()
      /opt/gopath/src/github.com/hyperledger-labs/mirbft/orderer/pbftinstance.go:664 +0x7bd
  github.com/hyperledger-labs/mirbft/orderer.(*pbftInstance).handleMessage()
      /opt/gopath/src/github.com/hyperledger-labs/mirbft/orderer/pbftinstance.go:1810 +0x2e5
  github.com/hyperledger-labs/mirbft/orderer.(*pbftInstance).processSerializedMessages()
      /opt/gopath/src/github.com/hyperledger-labs/mirbft/orderer/pbftinstance.go:1764 +0xdd
  github.com/hyperledger-labs/mirbft/orderer.(*PbftOrderer).runSegment.func2()
      /opt/gopath/src/github.com/hyperledger-labs/mirbft/orderer/pbftorderer.go:199 +0x39

Goroutine 946 (running) created at:
  github.com/hyperledger-labs/mirbft/manager.(*MirManager).Start()
      /opt/gopath/src/github.com/hyperledger-labs/mirbft/manager/mirmanager.go:112 +0x191
  main.main.func4()
      /opt/gopath/src/github.com/hyperledger-labs/mirbft/cmd/orderingpeer/main.go:185 +0x59

Goroutine 114364 (running) created at:
  github.com/hyperledger-labs/mirbft/orderer.(*PbftOrderer).runSegment()
      /opt/gopath/src/github.com/hyperledger-labs/mirbft/orderer/pbftorderer.go:199 +0x3f6
  github.com/hyperledger-labs/mirbft/orderer.(*PbftOrderer).Start()
      /opt/gopath/src/github.com/hyperledger-labs/mirbft/orderer/pbftorderer.go:176 +0x344
  main.main.func5()
      /opt/gopath/src/github.com/hyperledger-labs/mirbft/cmd/orderingpeer/main.go:186 +0x59
==================
03:19:53.252 INF Committed entry. latency=0 nReq=1293 sn=103
03:19:53.663 INF Starting new view. segID=9 timeout=120000 view=0
03:19:53.664 INF Advanced timeout advanced=27378939 initial=1000000000
03:19:53.664 INF Advanced timeout advanced=1027378939 initial=1000000000
03:19:53.664 INF Advanced timeout advanced=2027378939 initial=1000000000
03:19:53.664 INF Advanced timeout advanced=3027378939 initial=1000000000
03:19:53.664 INF Advanced timeout advanced=4027378939 initial=1000000000
03:19:53.664 INF Advanced timeout advanced=5027378939 initial=1000000000
03:19:53.664 INF Advanced timeout advanced=6027378939 initial=1000000000
03:19:53.664 INF Advanced timeout advanced=7027378939 initial=1000000000
03:19:53.664 INF Advanced timeout advanced=8027378939 initial=1000000000
03:19:53.664 INF Advanced timeout advanced=9027378939 initial=1000000000
03:19:53.668 INF Advanced timeout advanced=10027378939 initial=1000000000
03:19:53.668 INF Advanced timeout advanced=11027378939 initial=1000000000
03:19:53.668 INF Advanced timeout advanced=12027378939 initial=1000000000
03:19:53.668 INF Advanced timeout advanced=13027378939 initial=1000000000
03:19:53.669 INF Advanced timeout advanced=14027378939 initial=1000000000
03:19:53.669 INF Advanced timeout advanced=15027378939 initial=1000000000
03:19:53.669 INF Starting PBFT instance. first=104 last=164 segID=9
03:19:53.669 INF Starting serialized message processing. segID=9
03:19:53.684 INF Handling PREPREPARE. nReq=0 senderID=2 sn=107
03:19:53.689 INF Committed entry. latency=0 nReq=0 sn=107
03:19:53.732 INF Handling PREPREPARE. nReq=2190 senderID=1 sn=102
03:19:53.801 INF Committed entry. latency=0 nReq=2190 sn=102
03:19:53.801 INF Delivered batch. nReq=2190 sn=102
03:19:53.801 INF Handling PREPREPARE. nReq=247 senderID=0 sn=105
03:19:53.807 INF Delivered batch. nReq=1293 sn=103
03:19:53.836 INF Committed entry. latency=0 nReq=247 sn=105
03:19:54.591 INF Handling PREPREPARE. nReq=0 senderID=1 sn=106
03:19:54.597 INF Committed entry. latency=0 nReq=0 sn=106
03:19:54.670 INF Sending PREPREPARE. nReq=0 senderID=3 sn=104 view=0
03:19:54.674 INF Committed entry. latency=0 nReq=0 sn=104
03:19:54.674 INF Delivered batch. nReq=0 sn=104
03:19:54.674 INF Delivered batch. nReq=247 sn=105
03:19:54.675 INF Delivered batch. nReq=0 sn=106
03:19:54.675 INF Delivered batch. nReq=0 sn=107
03:19:54.683 INF Handling PREPREPARE. nReq=0 senderID=2 sn=111
03:19:54.687 INF Committed entry. latency=0 nReq=0 sn=111
03:19:54.789 INF Handling PREPREPARE. nReq=95 senderID=0 sn=109
03:19:54.797 INF Committed entry. latency=0 nReq=95 sn=109
03:19:55.592 INF Handling PREPREPARE. nReq=0 senderID=1 sn=110
03:19:55.597 INF Committed entry. latency=0 nReq=0 sn=110
03:19:55.670 INF Sending PREPREPARE. nReq=0 senderID=3 sn=108 view=0
03:19:55.677 INF Committed entry. latency=0 nReq=0 sn=108
03:19:55.677 INF Delivered batch. nReq=0 sn=108
03:19:55.677 INF Delivered batch. nReq=95 sn=109
03:19:55.677 INF Delivered batch. nReq=0 sn=110
03:19:55.677 INF Delivered batch. nReq=0 sn=111
03:19:55.690 INF Handling PREPREPARE. nReq=0 senderID=2 sn=115
03:19:55.697 INF Committed entry. latency=0 nReq=0 sn=115
03:19:55.814 INF Handling PREPREPARE. nReq=479 senderID=0 sn=113
03:19:55.840 INF Committed entry. latency=0 nReq=479 sn=113
03:19:56.593 INF Handling PREPREPARE. nReq=0 senderID=1 sn=114
03:19:56.598 INF Committed entry. latency=0 nReq=0 sn=114
03:19:56.672 INF Sending PREPREPARE. nReq=0 senderID=3 sn=112 view=0
03:19:56.679 INF Committed entry. latency=0 nReq=0 sn=112
03:19:56.679 INF Delivered batch. nReq=0 sn=112
03:19:56.679 INF Delivered batch. nReq=479 sn=113
03:19:56.680 INF Delivered batch. nReq=0 sn=114
03:19:56.680 INF Delivered batch. nReq=0 sn=115
03:19:56.711 INF Handling PREPREPARE. nReq=0 senderID=2 sn=119
03:19:56.717 INF Committed entry. latency=0 nReq=0 sn=119
03:19:56.785 INF Handling PREPREPARE. nReq=0 senderID=0 sn=117
03:19:56.790 INF Committed entry. latency=0 nReq=0 sn=117
03:19:57.594 INF Handling PREPREPARE. nReq=0 senderID=1 sn=118
03:19:57.601 INF Committed entry. latency=0 nReq=0 sn=118
03:19:57.672 INF Sending PREPREPARE. nReq=0 senderID=3 sn=116 view=0
03:19:57.679 INF Committed entry. latency=0 nReq=0 sn=116
03:19:57.679 INF Delivered batch. nReq=0 sn=116
03:19:57.679 INF Delivered batch. nReq=0 sn=117
03:19:57.679 INF Delivered batch. nReq=0 sn=118
03:19:57.680 INF Delivered batch. nReq=0 sn=119
03:19:57.706 INF Handling PREPREPARE. nReq=0 senderID=2 sn=123
03:19:57.710 INF Committed entry. latency=0 nReq=0 sn=123
03:19:57.787 INF Handling PREPREPARE. nReq=0 senderID=0 sn=121
03:19:57.793 INF Committed entry. latency=0 nReq=0 sn=121
03:19:57.858 INF Connection terminated. error="rpc error: code = Canceled desc = context canceled" address=127.0.0.1:58956
03:19:57.863 INF Finished sending bucket assignments to client. clId=0
03:19:58.385 INF Stopping profiler.
03:19:58.385 INF Stopping Tracer. events=1075 fileName=experiment-output/0000/slave-008/peer.trc
==================
WARNING: DATA RACE
Read at 0x00c000a2a7d0 by goroutine 109:
  github.com/hyperledger-labs/mirbft/tracing.(*BufferedTrace).Stop()
      /opt/gopath/src/github.com/hyperledger-labs/mirbft/tracing/bufferedtrace.go:237 +0x30e
  github.com/hyperledger-labs/mirbft/tracing.(*BufferedTrace).StopOnSignal.func1()
      /opt/gopath/src/github.com/hyperledger-labs/mirbft/tracing/bufferedtrace.go:298 +0x4e

Previous write at 0x00c000a2a7d0 by goroutine 108:
  github.com/hyperledger-labs/mirbft/tracing.(*BufferedTrace).Event()
      /opt/gopath/src/github.com/hyperledger-labs/mirbft/tracing/bufferedtrace.go:105 +0x2cd
  github.com/hyperledger-labs/mirbft/profiling.StartCPUTracing.func1()
      /opt/gopath/src/github.com/hyperledger-labs/mirbft/profiling/cpuusage.go:33 +0x95

Goroutine 109 (running) created at:
  github.com/hyperledger-labs/mirbft/tracing.(*BufferedTrace).StopOnSignal()
      /opt/gopath/src/github.com/hyperledger-labs/mirbft/tracing/bufferedtrace.go:292 +0x178
  main.setUpTracing()
      /opt/gopath/src/github.com/hyperledger-labs/mirbft/cmd/orderingpeer/main.go:408 +0xf5
  main.main()
      /opt/gopath/src/github.com/hyperledger-labs/mirbft/cmd/orderingpeer/main.go:110 +0x9e4
  runtime.deferreturn()
      /home/ubuntu/go/src/runtime/panic.go:476 +0x32
  main.main()
      /opt/gopath/src/github.com/hyperledger-labs/mirbft/cmd/orderingpeer/main.go:78 +0x56c

Goroutine 108 (running) created at:
  github.com/hyperledger-labs/mirbft/profiling.StartCPUTracing()
      /opt/gopath/src/github.com/hyperledger-labs/mirbft/profiling/cpuusage.go:30 +0xb9
  main.setUpTracing()
      /opt/gopath/src/github.com/hyperledger-labs/mirbft/cmd/orderingpeer/main.go:400 +0x85
  main.main()
      /opt/gopath/src/github.com/hyperledger-labs/mirbft/cmd/orderingpeer/main.go:110 +0x9e4
  runtime.deferreturn()
      /home/ubuntu/go/src/runtime/panic.go:476 +0x32
  main.main()
      /opt/gopath/src/github.com/hyperledger-labs/mirbft/cmd/orderingpeer/main.go:78 +0x56c
==================
03:19:58.389 INF Trace data written.
03:19:58.519 INF Profile data written. filename=experiment-output/0000/slave-008/prof.cpu name=cpu
03:19:58.533 INF Connection terminated. error="rpc error: code = Canceled desc = context canceled" address=127.0.0.1:45798
03:19:58.533 INF Connection terminated. error="rpc error: code = Canceled desc = context canceled" address=127.0.0.1:45858
03:19:58.535 INF Connection terminated. error="rpc error: code = Canceled desc = context canceled" address=127.0.0.1:45780
03:19:58.535 INF Connection terminated. error="rpc error: code = Canceled desc = context canceled" address=127.0.0.1:45788
03:19:58.535 INF Connection terminated. error="rpc error: code = Canceled desc = context canceled" address=127.0.0.1:45808
03:19:58.535 INF Connection terminated. error="rpc error: code = Canceled desc = context canceled" address=127.0.0.1:45608
03:19:58.535 INF Connection terminated. error="rpc error: code = Canceled desc = context canceled" address=127.0.0.1:45772
03:19:58.536 INF Connection terminated. error="rpc error: code = Canceled desc = context canceled" address=127.0.0.1:45786
03:19:58.550 INF Profile data written. filename=experiment-output/0000/slave-008/prof.block name=block
03:19:58.550 INF Connection terminated. error="rpc error: code = Canceled desc = context canceled" address=127.0.0.1:45824
03:19:58.550 INF Connection terminated. error="rpc error: code = Canceled desc = context canceled" address=127.0.0.1:45806
03:19:58.550 INF Connection terminated. error="rpc error: code = Canceled desc = context canceled" address=127.0.0.1:45748
03:19:58.550 INF Connection terminated. error="rpc error: code = Canceled desc = context canceled" address=127.0.0.1:45700
03:19:58.551 INF Connection terminated. error="rpc error: code = Canceled desc = context canceled" address=127.0.0.1:45690
03:19:58.551 INF Connection terminated. error="rpc error: code = Canceled desc = context canceled" address=127.0.0.1:45742
03:19:58.551 INF Connection terminated. error="rpc error: code = Canceled desc = context canceled" address=127.0.0.1:45614
03:19:58.551 INF Connection terminated. error="rpc error: code = Canceled desc = context canceled" address=127.0.0.1:45528
03:19:58.552 INF Connection terminated. error="rpc error: code = Canceled desc = context canceled" address=127.0.0.1:45848
03:19:58.552 INF Connection terminated. error="rpc error: code = Canceled desc = context canceled" address=127.0.0.1:45846
03:19:58.553 INF Connection terminated. error="rpc error: code = Canceled desc = context canceled" address=127.0.0.1:45834
03:19:58.553 INF Connection terminated. error="rpc error: code = Canceled desc = context canceled" address=127.0.0.1:45830
03:19:58.553 INF Connection terminated. error="rpc error: code = Canceled desc = context canceled" address=127.0.0.1:45872
03:19:58.553 INF Connection terminated. error="rpc error: code = Canceled desc = context canceled" address=127.0.0.1:45764
03:19:58.553 INF Connection terminated. error="rpc error: code = Canceled desc = context canceled" address=127.0.0.1:45722
03:19:58.553 INF Connection terminated. error="rpc error: code = Canceled desc = context canceled" address=127.0.0.1:45716
03:19:58.559 INF Profile data written. filename=experiment-output/0000/slave-008/prof.mutex name=mutex
