3:14AM INF Received own slave ID. ownSlaveId=4
3:14AM INF OK status=0
3:14AM INF Received command. cmdId=3
3:14AM INF Received an ExecStart command args="[-p experiment-output/0000/slave-__id__/config]" cmd=mkdir outFile=/dev/null
3:14AM INF OK status=0
3:14AM INF Received command. cmdId=4
3:14AM INF Received command. cmdType=ExecWait
3:14AM INF OK status=0
3:14AM INF Received command. cmdId=7
3:14AM INF Received an ExecStart command args="[config/config-0000.yml experiment-output/0000/slave-__id__/config/config.yml]" cmd=cp outFile=/dev/null
3:14AM INF OK status=0
3:14AM INF Received command. cmdId=8
3:14AM INF Received command. cmdType=ExecWait
3:14AM INF OK status=0
3:14AM INF Received command. cmdId=10
3:14AM INF Received command. cmdType=Noop
3:14AM INF Noop. Doing nothing. status=033:14AM INF Received command. cmdId=15
3:14AM INF Received an ExecStart command args="[experiment-output/0000/slave-__id__/config/config.yml 127.0.0.1:9999 experiment-output/0000/slave-__id__/client experiment-output/0000/slave-__id__/prof-client]" cmd=orderingclient outFile=experiment-output/0000/slave-__id__/clients.log
3:14AM INF OK status=0
3:14AM IN3:15AM INF Received command. cmdId=18
3:15AM INF Received command. cmdType=ExecSignal
3:15AM INF OK status=0
3:15AM INF Received command. cmdId=23
3:15AM INF Received command. cmdType=Stop
Noop. Doing nothing. status=0
3:15AM INF Received command. cmdId=23
3:15AM INF Received command. cmdType=Stop
