{"level":"debug","Logging":"info","time":"2025-08-01T03:14:26+08:00","message":"Config"}
{"level":"debug","UseTLS":false,"time":"2025-08-01T03:14:26+08:00","message":"Config"}
{"level":"debug","CACertFile":"tls-data/ca.pem","time":"2025-08-01T03:14:26+08:00","message":"Config"}
{"level":"debug","KeyFile":"tls-data/auth.key","time":"2025-08-01T03:14:26+08:00","message":"Config"}
{"level":"debug","CertFile":"tls-data/auth.pem","time":"2025-08-01T03:14:26+08:00","message":"Config"}
{"level":"debug","PriorityConnections":2,"time":"2025-08-01T03:14:26+08:00","message":"Config"}
{"level":"debug","BasicConnections":2,"time":"2025-08-01T03:14:26+08:00","message":"Config"}
{"level":"debug","TestConnections":false,"time":"2025-08-01T03:14:26+08:00","message":"Config"}
{"level":"debug","ExcessConnections":1,"time":"2025-08-01T03:14:26+08:00","message":"Config"}
{"level":"debug","ConnectionTestMsgs":4,"time":"2025-08-01T03:14:26+08:00","message":"Config"}
{"level":"debug","ConnectionTestPayload":131072,"time":"2025-08-01T03:14:26+08:00","message":"Config"}
{"level":"debug","OutMessageBufsize":1024,"time":"2025-08-01T03:14:26+08:00","message":"Config"}
{"level":"debug","OutMessageBufsize":2,"time":"2025-08-01T03:14:26+08:00","message":"Config"}
{"level":"debug","ThroughputCap":131072000,"time":"2025-08-01T03:14:26+08:00","message":"Config"}
{"level":"debug","StragglerTolerance":1000,"time":"2025-08-01T03:14:26+08:00","message":"Config"}
{"level":"debug","BatchSizeIncrement":256,"time":"2025-08-01T03:14:26+08:00","message":"Config"}
{"level":"debug","Orderer":"Pbft","time":"2025-08-01T03:14:26+08:00","message":"Config"}
{"level":"debug","Manager":"Mir","time":"2025-08-01T03:14:26+08:00","message":"Config"}
{"level":"debug","Failures":0,"time":"2025-08-01T03:14:26+08:00","message":"Config"}
{"level":"debug","CrashTiming":"EpochStart","time":"2025-08-01T03:14:26+08:00","message":"Config"}
{"level":"debug","CheckpointInterval":256,"time":"2025-08-01T03:14:26+08:00","message":"Config"}
{"level":"debug","WatermarkWindowSize":256,"time":"2025-08-01T03:14:26+08:00","message":"Config"}
{"level":"debug","EpochLength":256,"time":"2025-08-01T03:14:26+08:00","message":"Config"}
{"level":"debug","SegmentLength":32,"time":"2025-08-01T03:14:26+08:00","message":"Config"}
{"level":"debug","WaitForCheckpoints":true,"time":"2025-08-01T03:14:26+08:00","message":"Config"}
{"level":"debug","ClientWatermarkWindowSize":4194304,"time":"2025-08-01T03:14:26+08:00","message":"Config"}
{"level":"debug","ClientRequestBacklogSize":4194304,"time":"2025-08-01T03:14:26+08:00","message":"Config"}
{"level":"debug","RandomSeed":17594,"time":"2025-08-01T03:14:26+08:00","message":"Config"}
{"level":"debug","NodeToLeaderRatio":1,"time":"2025-08-01T03:14:26+08:00","message":"Config"}
{"level":"debug","LeaderPolicy":"Simple","time":"2025-08-01T03:14:26+08:00","message":"Config"}
{"level":"debug","DefaultLeaderBan":2,"time":"2025-08-01T03:14:26+08:00","message":"Config"}
{"level":"debug","NumBuckets":128,"time":"2025-08-01T03:14:26+08:00","message":"Config"}
{"level":"debug","BatchSize":4096,"time":"2025-08-01T03:14:26+08:00","message":"Config"}
{"level":"debug","BatchTimeoutMs":1000,"time":"2025-08-01T03:14:26+08:00","message":"Config"}
{"level":"debug","DisabledViewChange":false,"time":"2025-08-01T03:14:26+08:00","message":"Config"}
{"level":"debug","ViewChangeTimeout":60000,"time":"2025-08-01T03:14:26+08:00","message":"Config"}
{"level":"debug","ClientTraceSampling":10,"time":"2025-08-01T03:14:26+08:00","message":"Config"}
{"level":"debug","EventBufferSize":2097152,"time":"2025-08-01T03:14:26+08:00","message":"Config"}
{"level":"debug","TraceSampling":1,"time":"2025-08-01T03:14:26+08:00","message":"Config"}
{"level":"debug","ClientsPerProcess":1,"time":"2025-08-01T03:14:26+08:00","message":"Config"}
{"level":"debug","RequestsPerClient":7200000,"time":"2025-08-01T03:14:26+08:00","message":"Config"}
{"level":"debug","ClientRunTime":60000,"time":"2025-08-01T03:14:26+08:00","message":"Config"}
{"level":"debug","RequestRate":60000,"time":"2025-08-01T03:14:26+08:00","message":"Config"}
{"level":"debug","HardRequestRateLimit":false,"time":"2025-08-01T03:14:26+08:00","message":"Config"}
{"level":"debug","RequestPayloadSize":500,"time":"2025-08-01T03:14:26+08:00","message":"Config"}
{"level":"debug","SignRequests":true,"time":"2025-08-01T03:14:26+08:00","message":"Config"}
{"level":"debug","ClientPrivKeyFile":"tls-data/client-ecdsa-256.key","time":"2025-08-01T03:14:26+08:00","message":"Config"}
{"level":"debug","ClientPubKeyFile":"tls-data/client-ecdsa-256.pem","time":"2025-08-01T03:14:26+08:00","message":"Config"}
{"level":"debug","PrecomputeRequests":false,"time":"2025-08-01T03:14:26+08:00","message":"Config"}
{"level":"debug","RequestHandlerThreads":32,"time":"2025-08-01T03:14:26+08:00","message":"Config"}
{"level":"debug","RequestInputChannelBuffer":8192,"time":"2025-08-01T03:14:26+08:00","message":"Config"}
{"level":"debug","BatchVerifier":"external","time":"2025-08-01T03:14:26+08:00","message":"Config"}
03:14:26.537 INF Registered with discovery server. numPeers=8 ownID=4
03:14:26.538 INF Profiling enabled.
03:14:26.538 INF Setting up profiling.
03:14:26.538 INF Started Profiler: CPU
03:14:26.538 INF Started Profiler: BLOCK
03:14:26.538 INF Started Profiler: MUTEX
03:14:26.538 INF Profiler will stop on signal. exit=true
03:14:26.540 INF Tracing will stop on signal. exit=false
03:14:26.540 INF Started tracing. traceFile=experiment-output/0000/slave-007/peer.trc
03:14:26.540 INF Connecting to peer. addr=127.0.0.1:10033 basicConns=2 priorityConns=2
03:14:26.540 INF Listening for connections. port=10044 useTLS=false
03:14:26.540 INF Connecting to peer. addr=127.0.0.1:10044 basicConns=2 priorityConns=2
03:14:26.541 INF Connecting to peer. addr=127.0.0.1:10066 basicConns=2 priorityConns=2
03:14:26.541 INF Connecting to peer. addr=127.0.0.1:10055 basicConns=2 priorityConns=2
03:14:26.541 INF Connecting to peer. addr=127.0.0.1:10077 basicConns=2 priorityConns=2
03:14:26.542 INF Connecting to peer. addr=127.0.0.1:10022 basicConns=2 priorityConns=2
03:14:26.541 INF Connecting to peer. addr=127.0.0.1:10011 basicConns=2 priorityConns=2
03:14:26.542 INF Connecting to peer. addr=127.0.0.1:10000 basicConns=2 priorityConns=2
03:14:26.557 INF Incoming connection for protocol messages. addr=127.0.0.1:41420
03:14:26.559 INF Incoming connection for protocol messages. addr=127.0.0.1:41396
03:14:26.564 INF Incoming connection for protocol messages. addr=127.0.0.1:41400
03:14:26.565 INF Incoming connection for protocol messages. addr=127.0.0.1:41440
03:14:26.561 INF Incoming connection for protocol messages. addr=127.0.0.1:41432
03:14:26.574 INF Incoming connection for protocol messages. addr=127.0.0.1:41476
03:14:26.574 INF Incoming connection for protocol messages. addr=127.0.0.1:41488
03:14:26.575 INF Incoming connection for protocol messages. addr=127.0.0.1:41450
03:14:26.577 INF Incoming connection for protocol messages. addr=127.0.0.1:41444
03:14:26.578 INF Incoming connection for protocol messages. addr=127.0.0.1:41426
03:14:26.578 INF Incoming connection for protocol messages. addr=127.0.0.1:41472
03:14:26.568 INF Incoming connection for protocol messages. addr=127.0.0.1:41414
03:14:26.577 INF Incoming connection for protocol messages. addr=127.0.0.1:41468
03:14:26.566 INF Incoming connection for protocol messages. addr=127.0.0.1:41438
03:14:26.581 INF Incoming connection for protocol messages. addr=127.0.0.1:41454
03:14:26.581 INF Incoming connection for protocol messages. addr=127.0.0.1:41542
03:14:26.581 INF Incoming connection for protocol messages. addr=127.0.0.1:41500
03:14:26.581 INF Incoming connection for protocol messages. addr=127.0.0.1:41502
03:14:26.582 INF Incoming connection for protocol messages. addr=127.0.0.1:41508
03:14:26.582 INF Incoming connection for protocol messages. addr=127.0.0.1:41514
03:14:26.583 INF Incoming connection for protocol messages. addr=127.0.0.1:41590
03:14:26.583 INF Incoming connection for protocol messages. addr=127.0.0.1:41530
03:14:26.583 INF Incoming connection for protocol messages. addr=127.0.0.1:41580
03:14:26.583 INF Incoming connection for protocol messages. addr=127.0.0.1:41598
03:14:26.583 INF Incoming connection for protocol messages. addr=127.0.0.1:41558
03:14:26.583 INF Incoming connection for protocol messages. addr=127.0.0.1:41622
03:14:26.583 INF Incoming connection for protocol messages. addr=127.0.0.1:41608
03:14:26.583 INF Incoming connection for protocol messages. addr=127.0.0.1:41634
03:14:26.584 INF Incoming connection for protocol messages. addr=127.0.0.1:41564
03:14:26.584 INF Incoming connection for protocol messages. addr=127.0.0.1:41600
03:14:26.584 INF Incoming connection for protocol messages. addr=127.0.0.1:41612
03:14:26.584 INF Incoming connection for protocol messages. addr=127.0.0.1:41648
03:14:27.548 INF Connected to all peers.
03:14:27.553 INF All peers finished connecting. Starting ISS.
03:14:27.554 INF PbftOrderer received a new segment: [0 1 2 3 4 5 6 7 8 9 10 11 12 13 14 15 16 17 18 19 20 21 22 23 24 25 26 27 28 29 30 31] first leader=0 firstSN=0 lastSN=31 len=32 length=32 segId=0
03:14:27.608 INF Starting new view. segID=0 timeout=60000 view=0
03:14:27.609 INF Starting PBFT instance. first=0 last=31 segID=0
03:14:27.609 INF Starting serialized message processing. segID=0
03:14:28.619 INF Handling PREPREPARE. nReq=0 senderID=0 sn=0
03:14:28.624 INF Committed entry. latency=0 nReq=0 sn=0
03:14:28.624 INF Delivered batch. nReq=0 sn=0
03:14:29.614 INF Handling PREPREPARE. nReq=0 senderID=0 sn=1
03:14:29.617 INF Committed entry. latency=0 nReq=0 sn=1
03:14:29.617 INF Delivered batch. nReq=0 sn=1
03:14:29.640 INF Incoming connection for requests. addr=127.0.0.1:41660
03:14:30.058 INF Handling PREPREPARE. nReq=4096 senderID=0 sn=2
03:14:30.112 INF Committed entry. latency=0 nReq=4096 sn=2
03:14:30.112 INF Delivered batch. nReq=4096 sn=2
03:14:31.076 INF Handling PREPREPARE. nReq=2335 senderID=0 sn=3
03:14:31.115 INF Committed entry. latency=0 nReq=2335 sn=3
03:14:31.116 INF Delivered batch. nReq=2335 sn=3
03:14:32.004 INF Handling PREPREPARE. nReq=894 senderID=0 sn=4
03:14:32.026 INF Committed entry. latency=0 nReq=894 sn=4
03:14:32.027 INF Delivered batch. nReq=894 sn=4
03:14:32.683 INF Handling PREPREPARE. nReq=4096 senderID=0 sn=5
03:14:32.740 INF Committed entry. latency=0 nReq=4096 sn=5
03:14:32.740 INF Delivered batch. nReq=4096 sn=5
03:14:33.674 INF Handling PREPREPARE. nReq=2560 senderID=0 sn=6
03:14:33.710 INF Committed entry. latency=0 nReq=2560 sn=6
03:14:33.710 INF Delivered batch. nReq=2560 sn=6
03:14:34.643 INF Handling PREPREPARE. nReq=1740 senderID=0 sn=7
03:14:34.672 INF Committed entry. latency=0 nReq=1740 sn=7
03:14:34.672 INF Delivered batch. nReq=1740 sn=7
03:14:35.413 INF Handling PREPREPARE. nReq=4096 senderID=0 sn=8
03:14:35.472 INF Committed entry. latency=0 nReq=4096 sn=8
03:14:35.473 INF Delivered batch. nReq=4096 sn=8
03:14:36.451 INF Handling PREPREPARE. nReq=2403 senderID=0 sn=9
03:14:36.487 INF Committed entry. latency=0 nReq=2403 sn=9
03:14:36.487 INF Delivered batch. nReq=2403 sn=9
03:14:37.394 INF Handling PREPREPARE. nReq=4096 senderID=0 sn=10
03:14:37.448 INF Committed entry. latency=0 nReq=4096 sn=10
03:14:37.448 INF Delivered batch. nReq=4096 sn=10
03:14:38.377 INF Handling PREPREPARE. nReq=2871 senderID=0 sn=11
03:14:38.423 INF Committed entry. latency=0 nReq=2871 sn=11
03:14:38.423 INF Delivered batch. nReq=2871 sn=11
03:14:39.347 INF Handling PREPREPARE. nReq=782 senderID=0 sn=12
03:14:39.381 INF Committed entry. latency=0 nReq=782 sn=12
03:14:39.381 INF Delivered batch. nReq=782 sn=12
03:14:40.145 INF Handling PREPREPARE. nReq=4096 senderID=0 sn=13
03:14:40.205 INF Committed entry. latency=0 nReq=4096 sn=13
03:14:40.206 INF Delivered batch. nReq=4096 sn=13
03:14:41.122 INF Handling PREPREPARE. nReq=2602 senderID=0 sn=14
03:14:41.158 INF Committed entry. latency=0 nReq=2602 sn=14
03:14:41.158 INF Delivered batch. nReq=2602 sn=14
03:14:42.074 INF Handling PREPREPARE. nReq=809 senderID=0 sn=15
03:14:42.096 INF Committed entry. latency=0 nReq=809 sn=15
03:14:42.096 INF Delivered batch. nReq=809 sn=15
03:14:42.660 INF Handling PREPREPARE. nReq=4096 senderID=0 sn=16
03:14:42.728 INF Committed entry. latency=0 nReq=4096 sn=16
03:14:42.728 INF Delivered batch. nReq=4096 sn=16
03:14:43.695 INF Handling PREPREPARE. nReq=2678 senderID=0 sn=17
03:14:43.733 INF Committed entry. latency=0 nReq=2678 sn=17
03:14:43.733 INF Delivered batch. nReq=2678 sn=17
03:14:44.640 INF Handling PREPREPARE. nReq=911 senderID=0 sn=18
03:14:44.670 INF Committed entry. latency=0 nReq=911 sn=18
03:14:44.670 INF Delivered batch. nReq=911 sn=18
03:14:45.137 INF Handling PREPREPARE. nReq=4096 senderID=0 sn=19
03:14:45.199 INF Committed entry. latency=0 nReq=4096 sn=19
03:14:45.199 INF Delivered batch. nReq=4096 sn=19
03:14:46.171 INF Handling PREPREPARE. nReq=2566 senderID=0 sn=20
03:14:46.203 INF Committed entry. latency=0 nReq=2566 sn=20
03:14:46.203 INF Delivered batch. nReq=2566 sn=20
03:14:47.110 INF Handling PREPREPARE. nReq=851 senderID=0 sn=21
03:14:47.138 INF Committed entry. latency=0 nReq=851 sn=21
03:14:47.139 INF Delivered batch. nReq=851 sn=21
03:14:47.888 INF Handling PREPREPARE. nReq=4096 senderID=0 sn=22
03:14:47.948 INF Committed entry. latency=0 nReq=4096 sn=22
03:14:47.948 INF Delivered batch. nReq=4096 sn=22
03:14:48.871 INF Handling PREPREPARE. nReq=2554 senderID=0 sn=23
03:14:48.909 INF Committed entry. latency=0 nReq=2554 sn=23
03:14:48.909 INF Delivered batch. nReq=2554 sn=23
03:14:49.856 INF Handling PREPREPARE. nReq=733 senderID=0 sn=24
03:14:49.887 INF Committed entry. latency=0 nReq=733 sn=24
03:14:49.887 INF Delivered batch. nReq=733 sn=24
03:14:50.542 INF Handling PREPREPARE. nReq=4096 senderID=0 sn=25
03:14:50.598 INF Committed entry. latency=0 nReq=4096 sn=25
03:14:50.598 INF Delivered batch. nReq=4096 sn=25
03:14:51.528 INF Handling PREPREPARE. nReq=2402 senderID=0 sn=26
03:14:51.564 INF Committed entry. latency=0 nReq=2402 sn=26
03:14:51.564 INF Delivered batch. nReq=2402 sn=26
03:14:52.510 INF Handling PREPREPARE. nReq=859 senderID=0 sn=27
03:14:52.535 INF Committed entry. latency=0 nReq=859 sn=27
03:14:52.535 INF Delivered batch. nReq=859 sn=27
03:14:53.072 INF Handling PREPREPARE. nReq=4096 senderID=0 sn=28
03:14:53.125 INF Committed entry. latency=0 nReq=4096 sn=28
03:14:53.125 INF Delivered batch. nReq=4096 sn=28
03:14:54.075 INF Handling PREPREPARE. nReq=2547 senderID=0 sn=29
03:14:54.115 INF Committed entry. latency=0 nReq=2547 sn=29
03:14:54.115 INF Delivered batch. nReq=2547 sn=29
03:14:55.064 INF Handling PREPREPARE. nReq=860 senderID=0 sn=30
03:14:55.080 INF Committed entry. latency=0 nReq=860 sn=30
03:14:55.080 INF Delivered batch. nReq=860 sn=30
03:14:55.500 INF Handling PREPREPARE. nReq=4096 senderID=0 sn=31
03:14:55.558 INF Committed entry. latency=0 nReq=4096 sn=31
03:14:55.558 INF Delivered batch. nReq=4096 sn=31
==================
WARNING: DATA RACE
Read at 0x000001304380 by goroutine 672:
  github.com/hyperledger-labs/mirbft/manager.(*MirManager).handleLogEntries()
      /opt/gopath/src/github.com/hyperledger-labs/mirbft/manager/mirmanager.go:171 +0x854
  github.com/hyperledger-labs/mirbft/manager.(*MirManager).Start.func2()
      /opt/gopath/src/github.com/hyperledger-labs/mirbft/manager/mirmanager.go:112 +0x47

Previous write at 0x000001304380 by goroutine 679:
  github.com/hyperledger-labs/mirbft/log.publishEntries()
      /opt/gopath/src/github.com/hyperledger-labs/mirbft/log/log.go:281 +0x2e4
  github.com/hyperledger-labs/mirbft/log.CommitEntry()
      /opt/gopath/src/github.com/hyperledger-labs/mirbft/log/log.go:108 +0x284
  github.com/hyperledger-labs/mirbft/announcer.Announce()
      /opt/gopath/src/github.com/hyperledger-labs/mirbft/announcer/announcer.go:26 +0x370
  github.com/hyperledger-labs/mirbft/orderer.(*pbftInstance).announce()
      /opt/gopath/src/github.com/hyperledger-labs/mirbft/orderer/pbftinstance.go:726 +0x36b
  github.com/hyperledger-labs/mirbft/orderer.(*pbftInstance).handleCommit()
      /opt/gopath/src/github.com/hyperledger-labs/mirbft/orderer/pbftinstance.go:664 +0x7bd
  github.com/hyperledger-labs/mirbft/orderer.(*pbftInstance).handleMessage()
      /opt/gopath/src/github.com/hyperledger-labs/mirbft/orderer/pbftinstance.go:1810 +0x2e5
  github.com/hyperledger-labs/mirbft/orderer.(*pbftInstance).processSerializedMessages()
      /opt/gopath/src/github.com/hyperledger-labs/mirbft/orderer/pbftinstance.go:1764 +0xdd
  github.com/hyperledger-labs/mirbft/orderer.(*PbftOrderer).runSegment.func2()
      /opt/gopath/src/github.com/hyperledger-labs/mirbft/orderer/pbftorderer.go:199 +0x39

Goroutine 672 (running) created at:
  github.com/hyperledger-labs/mirbft/manager.(*MirManager).Start()
      /opt/gopath/src/github.com/hyperledger-labs/mirbft/manager/mirmanager.go:112 +0x191
  main.main.func4()
      /opt/gopath/src/github.com/hyperledger-labs/mirbft/cmd/orderingpeer/main.go:185 +0x59

Goroutine 679 (running) created at:
  github.com/hyperledger-labs/mirbft/orderer.(*PbftOrderer).runSegment()
      /opt/gopath/src/github.com/hyperledger-labs/mirbft/orderer/pbftorderer.go:199 +0x3f6
  github.com/hyperledger-labs/mirbft/orderer.(*PbftOrderer).Start()
      /opt/gopath/src/github.com/hyperledger-labs/mirbft/orderer/pbftorderer.go:176 +0x344
  main.main.func5()
      /opt/gopath/src/github.com/hyperledger-labs/mirbft/cmd/orderingpeer/main.go:186 +0x59
==================
03:14:55.560 INF Sending segment checkpoint. lastSn=31 segID=0
03:14:55.561 INF PBFT checkpoint ready. Scheduling catchup. lastSn=31 segID=0
03:14:55.579 INF New stable checkpoint. sn=31
03:14:55.579 INF Received stable checkpoint notification. sn=31
03:14:55.579 INF Closing message serializers. segID=0
03:14:55.579 INF Statistics commitTs=1753989268624022420 duration=4439699 proposeTs=1753989268619582721 sn=0
03:14:55.579 INF Statistics commitTs=1753989269617589177 duration=3351586 proposeTs=1753989269614237591 sn=1
03:14:55.579 INF Statistics commitTs=1753989270110008967 duration=51326455 proposeTs=1753989270058682512 sn=2
03:14:55.579 INF Statistics commitTs=1753989271114354062 duration=37867288 proposeTs=1753989271076486774 sn=3
03:14:55.579 INF Statistics commitTs=1753989272026239102 duration=21334607 proposeTs=1753989272004904495 sn=4
03:14:55.580 INF Statistics commitTs=1753989272737453125 duration=54294079 proposeTs=1753989272683159046 sn=5
03:14:55.580 INF Statistics commitTs=1753989273709511168 duration=34564668 proposeTs=1753989273674946500 sn=6
03:14:55.580 INF Statistics commitTs=1753989274671053753 duration=27620079 proposeTs=1753989274643433674 sn=7
03:14:55.580 INF Statistics commitTs=1753989275469633826 duration=55695721 proposeTs=1753989275413938105 sn=8
03:14:55.580 INF Statistics commitTs=1753989276486376718 duration=34684341 proposeTs=1753989276451692377 sn=9
03:14:55.580 INF Statistics commitTs=1753989277443723030 duration=48770849 proposeTs=1753989277394952181 sn=10
03:14:55.580 INF Statistics commitTs=1753989278422406063 duration=44899995 proposeTs=1753989278377506068 sn=11
03:14:55.580 INF Statistics commitTs=1753989279380431261 duration=33207205 proposeTs=1753989279347224056 sn=12
03:14:55.580 INF Statistics commitTs=1753989280202262169 duration=56945617 proposeTs=1753989280145316552 sn=13
03:14:55.580 INF Statistics commitTs=1753989281156964096 duration=34291254 proposeTs=1753989281122672842 sn=14
03:14:55.580 INF Statistics commitTs=1753989282095312400 duration=20538988 proposeTs=1753989282074773412 sn=15
03:14:55.580 INF Statistics commitTs=1753989282724225588 duration=63945158 proposeTs=1753989282660280430 sn=16
03:14:55.580 INF Statistics commitTs=1753989283732440651 duration=36953503 proposeTs=1753989283695487148 sn=17
03:14:55.580 INF Statistics commitTs=1753989284669868583 duration=29612847 proposeTs=1753989284640255736 sn=18
03:14:55.581 INF Statistics commitTs=1753989285197403976 duration=59634183 proposeTs=1753989285137769793 sn=19
03:14:55.581 INF Statistics commitTs=1753989286202153411 duration=31127633 proposeTs=1753989286171025778 sn=20
03:14:55.581 INF Statistics commitTs=1753989287137561247 duration=27191444 proposeTs=1753989287110369803 sn=21
03:14:55.581 INF Statistics commitTs=1753989287945666601 duration=57619336 proposeTs=1753989287888047265 sn=22
03:14:55.581 INF Statistics commitTs=1753989288907816386 duration=36669281 proposeTs=1753989288871147105 sn=23
03:14:55.581 INF Statistics commitTs=1753989289885664168 duration=29592963 proposeTs=1753989289856071205 sn=24
03:14:55.581 INF Statistics commitTs=1753989290592625417 duration=50027844 proposeTs=1753989290542597573 sn=25
03:14:55.581 INF Statistics commitTs=1753989291561150408 duration=33069154 proposeTs=1753989291528081254 sn=26
03:14:55.581 INF Statistics commitTs=1753989292534713667 duration=24637339 proposeTs=1753989292510076328 sn=27
03:14:55.581 INF Statistics commitTs=1753989293122898548 duration=50790319 proposeTs=1753989293072108229 sn=28
03:14:55.581 INF Statistics commitTs=1753989294112790640 duration=37552782 proposeTs=1753989294075237858 sn=29
03:14:55.581 INF Statistics commitTs=1753989295079369018 duration=14753900 proposeTs=1753989295064615118 sn=30
03:14:55.581 INF Statistics commitTs=1753989295555669202 duration=55003777 proposeTs=1753989295500665425 sn=31
03:14:55.581 INF Median commit time commit=36669281 segID=0
03:14:55.594 INF fuck! epoch=128 epoch time (ms)=28006 leaders=2 viewtimeout=104000
03:14:55.594 INF Epoch finished. Waiting for stable checkpoint. sn=31
03:14:55.594 INF Epoch end confirmed. chkpSn=31
03:14:55.594 INF Advancing watermarks. numEntries=32
03:14:55.741 INF PbftOrderer received a new segment: [32 34 36 38 40 42 44 46 48 50 52 54 56 58 60 62] first leader=0 firstSN=32 lastSN=62 len=16 length=16 segId=1
03:14:56.094 INF Starting new view. segID=1 timeout=104000 view=0
03:14:56.094 INF Advanced timeout advanced=36669281 initial=1000000000
03:14:56.094 INF Advanced timeout advanced=1036669281 initial=1000000000
03:14:56.094 INF Advanced timeout advanced=2036669281 initial=1000000000
03:14:56.094 INF Advanced timeout advanced=3036669281 initial=1000000000
03:14:56.095 INF Advanced timeout advanced=4036669281 initial=1000000000
03:14:56.095 INF Advanced timeout advanced=5036669281 initial=1000000000
03:14:56.095 INF Advanced timeout advanced=6036669281 initial=1000000000
03:14:56.095 INF Advanced timeout advanced=7036669281 initial=1000000000
03:14:56.095 INF Advanced timeout advanced=8036669281 initial=1000000000
03:14:56.095 INF Advanced timeout advanced=9036669281 initial=1000000000
03:14:56.095 INF Advanced timeout advanced=10036669281 initial=1000000000
03:14:56.095 INF Advanced timeout advanced=11036669281 initial=1000000000
03:14:56.095 INF Advanced timeout advanced=12036669281 initial=1000000000
03:14:56.095 INF Advanced timeout advanced=13036669281 initial=1000000000
03:14:56.095 INF Advanced timeout advanced=14036669281 initial=1000000000
03:14:56.095 INF Advanced timeout advanced=15036669281 initial=1000000000
03:14:56.095 INF Starting PBFT instance. first=32 last=62 segID=1
03:14:56.096 INF PbftOrderer received a new segment: [33 35 37 39 41 43 45 47 49 51 53 55 57 59 61 63] first leader=1 firstSN=33 lastSN=63 len=16 length=16 segId=2
03:14:56.096 INF Starting serialized message processing. segID=1
03:14:56.101 INF fuck1 epoch change time (ms)=542
03:14:56.336 INF Starting new view. segID=2 timeout=104000 view=0
03:14:56.336 INF Advanced timeout advanced=36669281 initial=1000000000
03:14:56.336 INF Advanced timeout advanced=1036669281 initial=1000000000
03:14:56.336 INF Advanced timeout advanced=2036669281 initial=1000000000
03:14:56.336 INF Advanced timeout advanced=3036669281 initial=1000000000
03:14:56.336 INF Advanced timeout advanced=4036669281 initial=1000000000
03:14:56.336 INF Advanced timeout advanced=5036669281 initial=1000000000
03:14:56.336 INF Advanced timeout advanced=6036669281 initial=1000000000
03:14:56.336 INF Advanced timeout advanced=7036669281 initial=1000000000
03:14:56.336 INF Advanced timeout advanced=8036669281 initial=1000000000
03:14:56.336 INF Advanced timeout advanced=9036669281 initial=1000000000
03:14:56.336 INF Advanced timeout advanced=10036669281 initial=1000000000
03:14:56.336 INF Advanced timeout advanced=11036669281 initial=1000000000
03:14:56.336 INF Advanced timeout advanced=12036669281 initial=1000000000
03:14:56.336 INF Advanced timeout advanced=13036669281 initial=1000000000
03:14:56.336 INF Advanced timeout advanced=14036669281 initial=1000000000
03:14:56.337 INF Advanced timeout advanced=15036669281 initial=1000000000
03:14:56.337 INF Starting PBFT instance. first=33 last=63 segID=2
03:14:56.337 INF Starting serialized message processing. segID=2
03:14:57.431 INF Handling PREPREPARE. nReq=3214 senderID=1 sn=33
03:14:57.490 INF Committed entry. latency=0 nReq=3214 sn=33
03:14:57.524 INF Handling PREPREPARE. nReq=3525 senderID=0 sn=32
03:14:57.577 INF Committed entry. latency=0 nReq=3525 sn=32
03:14:57.577 INF Delivered batch. nReq=3525 sn=32
03:14:57.578 INF Delivered batch. nReq=3214 sn=33
03:14:58.427 INF Handling PREPREPARE. nReq=1758 senderID=1 sn=35
03:14:58.468 INF Committed entry. latency=0 nReq=1758 sn=35
03:14:58.469 INF Handling PREPREPARE. nReq=1481 senderID=0 sn=34
03:14:58.495 INF Committed entry. latency=0 nReq=1481 sn=34
03:14:58.495 INF Delivered batch. nReq=1481 sn=34
03:14:58.495 INF Delivered batch. nReq=1758 sn=35
03:14:59.373 INF Handling PREPREPARE. nReq=503 senderID=1 sn=37
03:14:59.382 INF Committed entry. latency=0 nReq=503 sn=37
03:14:59.433 INF Handling PREPREPARE. nReq=474 senderID=0 sn=36
03:14:59.443 INF Committed entry. latency=0 nReq=474 sn=36
03:14:59.443 INF Delivered batch. nReq=474 sn=36
03:14:59.443 INF Delivered batch. nReq=503 sn=37
03:15:00.391 INF Handling PREPREPARE. nReq=471 senderID=1 sn=39
03:15:00.412 INF Committed entry. latency=0 nReq=471 sn=39
03:15:00.448 INF Handling PREPREPARE. nReq=502 senderID=0 sn=38
03:15:00.469 INF Committed entry. latency=0 nReq=502 sn=38
03:15:00.470 INF Delivered batch. nReq=502 sn=38
03:15:00.470 INF Delivered batch. nReq=471 sn=39
03:15:01.460 INF Handling PREPREPARE. nReq=2321 senderID=1 sn=41
03:15:01.507 INF Committed entry. latency=0 nReq=2321 sn=41
03:15:01.516 INF Handling PREPREPARE. nReq=2487 senderID=0 sn=40
03:15:01.551 INF Committed entry. latency=0 nReq=2487 sn=40
03:15:01.551 INF Delivered batch. nReq=2487 sn=40
03:15:01.552 INF Delivered batch. nReq=2321 sn=41
03:15:02.423 INF Handling PREPREPARE. nReq=1336 senderID=1 sn=43
03:15:02.458 INF Committed entry. latency=0 nReq=1336 sn=43
03:15:02.468 INF Handling PREPREPARE. nReq=1169 senderID=0 sn=42
03:15:02.490 INF Committed entry. latency=0 nReq=1169 sn=42
03:15:02.490 INF Delivered batch. nReq=1169 sn=42
03:15:02.490 INF Delivered batch. nReq=1336 sn=43
03:15:03.402 INF Handling PREPREPARE. nReq=599 senderID=1 sn=45
03:15:03.429 INF Committed entry. latency=0 nReq=599 sn=45
03:15:03.450 INF Handling PREPREPARE. nReq=592 senderID=0 sn=44
03:15:03.463 INF Committed entry. latency=0 nReq=592 sn=44
03:15:03.463 INF Delivered batch. nReq=592 sn=44
03:15:03.464 INF Delivered batch. nReq=599 sn=45
03:15:04.436 INF Handling PREPREPARE. nReq=2301 senderID=1 sn=47
03:15:04.480 INF Committed entry. latency=0 nReq=2301 sn=47
03:15:04.501 INF Handling PREPREPARE. nReq=2572 senderID=0 sn=46
03:15:04.538 INF Committed entry. latency=0 nReq=2572 sn=46
03:15:04.538 INF Delivered batch. nReq=2572 sn=46
03:15:04.538 INF Delivered batch. nReq=2301 sn=47
03:15:05.441 INF Handling PREPREPARE. nReq=1336 senderID=1 sn=49
03:15:05.481 INF Handling PREPREPARE. nReq=1065 senderID=0 sn=48
03:15:05.484 INF Committed entry. latency=0 nReq=1336 sn=49
03:15:05.500 INF Committed entry. latency=0 nReq=1065 sn=48
03:15:05.500 INF Delivered batch. nReq=1065 sn=48
03:15:05.500 INF Delivered batch. nReq=1336 sn=49
03:15:06.384 INF Handling PREPREPARE. nReq=474 senderID=1 sn=51
03:15:06.396 INF Committed entry. latency=0 nReq=474 sn=51
03:15:06.466 INF Handling PREPREPARE. nReq=531 senderID=0 sn=50
03:15:06.489 INF Committed entry. latency=0 nReq=531 sn=50
03:15:06.490 INF Delivered batch. nReq=531 sn=50
03:15:06.490 INF Delivered batch. nReq=474 sn=51
03:15:07.427 INF Handling PREPREPARE. nReq=2462 senderID=1 sn=53
03:15:07.468 INF Committed entry. latency=0 nReq=2462 sn=53
03:15:07.512 INF Handling PREPREPARE. nReq=2807 senderID=0 sn=52
03:15:07.556 INF Committed entry. latency=0 nReq=2807 sn=52
03:15:07.556 INF Delivered batch. nReq=2807 sn=52
03:15:07.557 INF Delivered batch. nReq=2462 sn=53
03:15:08.435 INF Handling PREPREPARE. nReq=1663 senderID=1 sn=55
03:15:08.461 INF Committed entry. latency=0 nReq=1663 sn=55
03:15:08.475 INF Handling PREPREPARE. nReq=1274 senderID=0 sn=54
03:15:08.495 INF Committed entry. latency=0 nReq=1274 sn=54
03:15:08.495 INF Delivered batch. nReq=1274 sn=54
03:15:08.496 INF Delivered batch. nReq=1663 sn=55
03:15:09.409 INF Handling PREPREPARE. nReq=553 senderID=1 sn=57
03:15:09.435 INF Committed entry. latency=0 nReq=553 sn=57
03:15:09.469 INF Handling PREPREPARE. nReq=548 senderID=0 sn=56
03:15:09.490 INF Committed entry. latency=0 nReq=548 sn=56
03:15:09.490 INF Delivered batch. nReq=548 sn=56
03:15:09.490 INF Delivered batch. nReq=553 sn=57
03:15:10.419 INF Handling PREPREPARE. nReq=1191 senderID=1 sn=59
03:15:10.444 INF Committed entry. latency=0 nReq=1191 sn=59
03:15:10.473 INF Handling PREPREPARE. nReq=1445 senderID=0 sn=58
03:15:10.497 INF Committed entry. latency=0 nReq=1445 sn=58
03:15:10.497 INF Delivered batch. nReq=1445 sn=58
03:15:10.497 INF Delivered batch. nReq=1191 sn=59
03:15:11.452 INF Handling PREPREPARE. nReq=2385 senderID=1 sn=61
03:15:11.494 INF Committed entry. latency=0 nReq=2385 sn=61
03:15:11.516 INF Handling PREPREPARE. nReq=2354 senderID=0 sn=60
03:15:11.554 INF Committed entry. latency=0 nReq=2354 sn=60
03:15:11.554 INF Delivered batch. nReq=2354 sn=60
03:15:11.555 INF Delivered batch. nReq=2385 sn=61
03:15:12.421 INF Handling PREPREPARE. nReq=1267 senderID=1 sn=63
03:15:12.452 INF Committed entry. latency=0 nReq=1267 sn=63
03:15:12.452 INF Sending segment checkpoint. lastSn=63 segID=2
03:15:12.453 INF PBFT checkpoint ready. Scheduling catchup. lastSn=63 segID=2
03:15:12.478 INF Handling PREPREPARE. nReq=1069 senderID=0 sn=62
03:15:12.497 INF Committed entry. latency=0 nReq=1069 sn=62
03:15:12.497 INF Delivered batch. nReq=1069 sn=62
03:15:12.497 INF Delivered batch. nReq=1267 sn=63
03:15:12.500 INF Sending segment checkpoint. lastSn=62 segID=1
03:15:12.504 INF PBFT checkpoint ready. Scheduling catchup. lastSn=62 segID=1
03:15:12.521 INF New stable checkpoint. sn=63
03:15:12.522 INF Received stable checkpoint notification. sn=63
03:15:12.522 INF Closing message serializers. segID=1
03:15:12.522 INF Statistics commitTs=1753989297575511542 duration=50953493 proposeTs=1753989297524558049 sn=32
03:15:12.522 INF Statistics commitTs=1753989298494324120 duration=24805987 proposeTs=1753989298469518133 sn=34
03:15:12.522 INF Statistics commitTs=1753989299442798364 duration=9631406 proposeTs=1753989299433166958 sn=36
03:15:12.522 INF Statistics commitTs=1753989300469056890 duration=21096029 proposeTs=1753989300447960861 sn=38
03:15:12.522 INF Statistics commitTs=1753989301550424309 duration=33944216 proposeTs=1753989301516480093 sn=40
03:15:12.522 INF Statistics commitTs=1753989302489429393 duration=20479917 proposeTs=1753989302468949476 sn=42
03:15:12.522 INF Statistics commitTs=1753989303462907907 duration=11969322 proposeTs=1753989303450938585 sn=44
03:15:12.523 INF Statistics commitTs=1753989304536737348 duration=34889419 proposeTs=1753989304501847929 sn=46
03:15:12.523 INF Statistics commitTs=1753989305499480908 duration=18288690 proposeTs=1753989305481192218 sn=48
03:15:12.523 INF fuck! epoch=128 epoch time (ms)=16396 leaders=3 viewtimeout=120000
03:15:12.523 INF Statistics commitTs=1753989306488964482 duration=22471376 proposeTs=1753989306466493106 sn=50
03:15:12.523 INF Epoch finished. Waiting for stable checkpoint. sn=63
03:15:12.523 INF Statistics commitTs=1753989307553678894 duration=41310402 proposeTs=1753989307512368492 sn=52
03:15:12.523 INF Epoch end confirmed. chkpSn=63
03:15:12.523 INF Statistics commitTs=1753989308494448777 duration=19353713 proposeTs=1753989308475095064 sn=54
03:15:12.523 INF Statistics commitTs=1753989309489387765 duration=20362770 proposeTs=1753989309469024995 sn=56
03:15:12.523 INF Statistics commitTs=1753989310495458842 duration=21545814 proposeTs=1753989310473913028 sn=58
03:15:12.523 INF Statistics commitTs=1753989311551799318 duration=35010834 proposeTs=1753989311516788484 sn=60
03:15:12.523 INF Statistics commitTs=1753989312496223884 duration=17370470 proposeTs=1753989312478853414 sn=62
03:15:12.523 INF Median commit time commit=21545814 segID=1
03:15:12.524 INF Closing message serializers. segID=2
03:15:12.524 INF Statistics commitTs=1753989297488268903 duration=57254368 proposeTs=1753989297431014535 sn=33
03:15:12.524 INF Statistics commitTs=1753989298465545438 duration=37688147 proposeTs=1753989298427857291 sn=35
03:15:12.524 INF Statistics commitTs=1753989299381567251 duration=8453157 proposeTs=1753989299373114094 sn=37
03:15:12.524 INF Statistics commitTs=1753989300411588341 duration=20494026 proposeTs=1753989300391094315 sn=39
03:15:12.524 INF Statistics commitTs=1753989301505129977 duration=44577451 proposeTs=1753989301460552526 sn=41
03:15:12.524 INF Statistics commitTs=1753989302457636339 duration=34299992 proposeTs=1753989302423336347 sn=43
03:15:12.524 INF Statistics commitTs=1753989303428460671 duration=25792320 proposeTs=1753989303402668351 sn=45
03:15:12.524 INF Advancing watermarks. numEntries=32
03:15:12.524 INF Statistics commitTs=1753989304478468881 duration=41821198 proposeTs=1753989304436647683 sn=47
03:15:12.524 INF Statistics commitTs=1753989305483297211 duration=41386096 proposeTs=1753989305441911115 sn=49
03:15:12.525 INF Statistics commitTs=1753989306396374839 duration=11908190 proposeTs=1753989306384466649 sn=51
03:15:12.525 INF Statistics commitTs=1753989307467177064 duration=40044408 proposeTs=1753989307427132656 sn=53
03:15:12.525 INF Statistics commitTs=1753989308460710160 duration=25169993 proposeTs=1753989308435540167 sn=55
03:15:12.525 INF Statistics commitTs=1753989309434598839 duration=25102267 proposeTs=1753989309409496572 sn=57
03:15:12.525 INF Statistics commitTs=1753989310443443808 duration=23770972 proposeTs=1753989310419672836 sn=59
03:15:12.525 INF Statistics commitTs=1753989311493317612 duration=41138529 proposeTs=1753989311452179083 sn=61
03:15:12.525 INF Statistics commitTs=1753989312451343310 duration=29781090 proposeTs=1753989312421562220 sn=63
03:15:12.525 INF Median commit time commit=34299992 segID=2
03:15:12.734 INF PbftOrderer received a new segment: [65 68 71 74 77 80 83 86 89 92 95 98 101 104 107 110] first leader=1 firstSN=65 lastSN=110 len=16 length=16 segId=4
03:15:13.027 INF Starting new view. segID=4 timeout=120000 view=0
03:15:13.027 INF Advanced timeout advanced=34299992 initial=1000000000
03:15:13.027 INF Advanced timeout advanced=1034299992 initial=1000000000
03:15:13.027 INF Advanced timeout advanced=2034299992 initial=1000000000
03:15:13.027 INF Advanced timeout advanced=3034299992 initial=1000000000
03:15:13.027 INF Advanced timeout advanced=4034299992 initial=1000000000
03:15:13.027 INF Advanced timeout advanced=5034299992 initial=1000000000
03:15:13.027 INF Advanced timeout advanced=6034299992 initial=1000000000
03:15:13.027 INF Advanced timeout advanced=7034299992 initial=1000000000
03:15:13.027 INF Advanced timeout advanced=8034299992 initial=1000000000
03:15:13.027 INF Advanced timeout advanced=9034299992 initial=1000000000
03:15:13.027 INF Advanced timeout advanced=10034299992 initial=1000000000
03:15:13.027 INF Advanced timeout advanced=11034299992 initial=1000000000
03:15:13.028 INF Advanced timeout advanced=12034299992 initial=1000000000
03:15:13.028 INF Advanced timeout advanced=13034299992 initial=1000000000
03:15:13.028 INF Advanced timeout advanced=14034299992 initial=1000000000
03:15:13.028 INF Advanced timeout advanced=15034299992 initial=1000000000
03:15:13.028 INF Starting PBFT instance. first=65 last=110 segID=4
03:15:13.028 INF Starting serialized message processing. segID=4
03:15:13.028 INF PbftOrderer received a new segment: [66 69 72 75 78 81 84 87 90 93 96 99 102 105 108 111] first leader=2 firstSN=66 lastSN=111 len=16 length=16 segId=5
03:15:13.309 INF Starting new view. segID=5 timeout=120000 view=0
03:15:13.309 INF Advanced timeout advanced=34299992 initial=1000000000
03:15:13.309 INF Advanced timeout advanced=1034299992 initial=1000000000
03:15:13.309 INF Advanced timeout advanced=2034299992 initial=1000000000
03:15:13.309 INF Advanced timeout advanced=3034299992 initial=1000000000
03:15:13.309 INF Advanced timeout advanced=4034299992 initial=1000000000
03:15:13.309 INF Advanced timeout advanced=5034299992 initial=1000000000
03:15:13.309 INF Advanced timeout advanced=6034299992 initial=1000000000
03:15:13.309 INF Advanced timeout advanced=7034299992 initial=1000000000
03:15:13.309 INF Advanced timeout advanced=8034299992 initial=1000000000
03:15:13.309 INF Advanced timeout advanced=9034299992 initial=1000000000
03:15:13.309 INF Advanced timeout advanced=10034299992 initial=1000000000
03:15:13.309 INF Advanced timeout advanced=11034299992 initial=1000000000
03:15:13.310 INF Advanced timeout advanced=12034299992 initial=1000000000
03:15:13.310 INF Advanced timeout advanced=13034299992 initial=1000000000
03:15:13.310 INF Advanced timeout advanced=14034299992 initial=1000000000
03:15:13.310 INF Advanced timeout advanced=15034299992 initial=1000000000
03:15:13.310 INF Starting PBFT instance. first=66 last=111 segID=5
03:15:13.310 INF PbftOrderer received a new segment: [64 67 70 73 76 79 82 85 88 91 94 97 100 103 106 109] first leader=0 firstSN=64 lastSN=109 len=16 length=16 segId=3
03:15:13.318 INF Starting serialized message processing. segID=5
03:15:13.318 INF fuck1 epoch change time (ms)=821
03:15:13.622 INF Starting new view. segID=3 timeout=120000 view=0
03:15:13.622 INF Advanced timeout advanced=34299992 initial=1000000000
03:15:13.622 INF Advanced timeout advanced=1034299992 initial=1000000000
03:15:13.622 INF Advanced timeout advanced=2034299992 initial=1000000000
03:15:13.622 INF Advanced timeout advanced=3034299992 initial=1000000000
03:15:13.622 INF Advanced timeout advanced=4034299992 initial=1000000000
03:15:13.622 INF Advanced timeout advanced=5034299992 initial=1000000000
03:15:13.622 INF Advanced timeout advanced=6034299992 initial=1000000000
03:15:13.622 INF Advanced timeout advanced=7034299992 initial=1000000000
03:15:13.622 INF Advanced timeout advanced=8034299992 initial=1000000000
03:15:13.622 INF Advanced timeout advanced=9034299992 initial=1000000000
03:15:13.622 INF Advanced timeout advanced=10034299992 initial=1000000000
03:15:13.622 INF Advanced timeout advanced=11034299992 initial=1000000000
03:15:13.622 INF Advanced timeout advanced=12034299992 initial=1000000000
03:15:13.622 INF Advanced timeout advanced=13034299992 initial=1000000000
03:15:13.622 INF Advanced timeout advanced=14034299992 initial=1000000000
03:15:13.622 INF Advanced timeout advanced=15034299992 initial=1000000000
03:15:13.623 INF Starting PBFT instance. first=64 last=109 segID=3
03:15:13.623 INF Starting serialized message processing. segID=3
03:15:14.128 INF Handling PREPREPARE. nReq=1136 senderID=0 sn=64
03:15:14.198 INF Committed entry. latency=0 nReq=1136 sn=64
03:15:14.198 INF Delivered batch. nReq=1136 sn=64
03:15:14.757 INF Handling PREPREPARE. nReq=2378 senderID=2 sn=66
03:15:14.805 INF Committed entry. latency=0 nReq=2378 sn=66
03:15:14.840 INF Handling PREPREPARE. nReq=2577 senderID=1 sn=65
03:15:14.882 INF Committed entry. latency=0 nReq=2577 sn=65
03:15:14.882 INF Delivered batch. nReq=2577 sn=65
03:15:14.882 INF Delivered batch. nReq=2378 sn=66
03:15:15.141 INF Handling PREPREPARE. nReq=1993 senderID=0 sn=67
03:15:15.178 INF Committed entry. latency=0 nReq=1993 sn=67
03:15:15.178 INF Delivered batch. nReq=1993 sn=67
03:15:15.729 INF Handling PREPREPARE. nReq=1030 senderID=2 sn=69
03:15:15.764 INF Committed entry. latency=0 nReq=1030 sn=69
03:15:15.800 INF Handling PREPREPARE. nReq=766 senderID=1 sn=68
03:15:15.825 INF Committed entry. latency=0 nReq=766 sn=68
03:15:15.825 INF Delivered batch. nReq=766 sn=68
03:15:15.825 INF Delivered batch. nReq=1030 sn=69
03:15:16.073 INF Handling PREPREPARE. nReq=457 senderID=0 sn=70
03:15:16.095 INF Committed entry. latency=0 nReq=457 sn=70
03:15:16.095 INF Delivered batch. nReq=457 sn=70
03:15:16.707 INF Handling PREPREPARE. nReq=393 senderID=2 sn=72
03:15:16.725 INF Committed entry. latency=0 nReq=393 sn=72
03:15:16.794 INF Handling PREPREPARE. nReq=375 senderID=1 sn=71
03:15:16.811 INF Committed entry. latency=0 nReq=375 sn=71
03:15:16.811 INF Delivered batch. nReq=375 sn=71
03:15:16.812 INF Delivered batch. nReq=393 sn=72
03:15:17.067 INF Handling PREPREPARE. nReq=299 senderID=0 sn=73
03:15:17.082 INF Committed entry. latency=0 nReq=299 sn=73
03:15:17.082 INF Delivered batch. nReq=299 sn=73
03:15:17.687 INF Handling PREPREPARE. nReq=276 senderID=2 sn=75
03:15:17.698 INF Committed entry. latency=0 nReq=276 sn=75
03:15:17.799 INF Handling PREPREPARE. nReq=292 senderID=1 sn=74
03:15:17.812 INF Committed entry. latency=0 nReq=292 sn=74
03:15:17.812 INF Delivered batch. nReq=292 sn=74
03:15:17.813 INF Delivered batch. nReq=276 sn=75
03:15:18.065 INF Handling PREPREPARE. nReq=315 senderID=0 sn=76
03:15:18.081 INF Committed entry. latency=0 nReq=315 sn=76
03:15:18.081 INF Delivered batch. nReq=315 sn=76
03:15:18.711 INF Handling PREPREPARE. nReq=1280 senderID=2 sn=78
03:15:18.740 INF Committed entry. latency=0 nReq=1280 sn=78
03:15:18.816 INF Handling PREPREPARE. nReq=1552 senderID=1 sn=77
03:15:18.849 INF Committed entry. latency=0 nReq=1552 sn=77
03:15:18.849 INF Delivered batch. nReq=1552 sn=77
03:15:18.849 INF Delivered batch. nReq=1280 sn=78
03:15:19.143 INF Handling PREPREPARE. nReq=1844 senderID=0 sn=79
03:15:19.177 INF Committed entry. latency=0 nReq=1844 sn=79
03:15:19.177 INF Delivered batch. nReq=1844 sn=79
03:15:19.738 INF Handling PREPREPARE. nReq=990 senderID=2 sn=81
03:15:19.763 INF Committed entry. latency=0 nReq=990 sn=81
03:15:19.806 INF Handling PREPREPARE. nReq=667 senderID=1 sn=80
03:15:19.829 INF Committed entry. latency=0 nReq=667 sn=80
03:15:19.829 INF Delivered batch. nReq=667 sn=80
03:15:19.830 INF Delivered batch. nReq=990 sn=81
03:15:20.078 INF Handling PREPREPARE. nReq=411 senderID=0 sn=82
03:15:20.099 INF Committed entry. latency=0 nReq=411 sn=82
03:15:20.099 INF Delivered batch. nReq=411 sn=82
03:15:20.711 INF Handling PREPREPARE. nReq=517 senderID=2 sn=84
03:15:20.728 INF Committed entry. latency=0 nReq=517 sn=84
03:15:20.801 INF Handling PREPREPARE. nReq=761 senderID=1 sn=83
03:15:20.817 INF Committed entry. latency=0 nReq=761 sn=83
03:15:20.817 INF Delivered batch. nReq=761 sn=83
03:15:20.817 INF Delivered batch. nReq=517 sn=84
03:15:21.108 INF Handling PREPREPARE. nReq=933 senderID=0 sn=85
03:15:21.144 INF Committed entry. latency=0 nReq=933 sn=85
03:15:21.144 INF Delivered batch. nReq=933 sn=85
03:15:21.734 INF Handling PREPREPARE. nReq=1131 senderID=2 sn=87
03:15:21.752 INF Committed entry. latency=0 nReq=1131 sn=87
03:15:21.811 INF Handling PREPREPARE. nReq=1115 senderID=1 sn=86
03:15:21.831 INF Committed entry. latency=0 nReq=1115 sn=86
03:15:21.831 INF Delivered batch. nReq=1115 sn=86
03:15:21.831 INF Delivered batch. nReq=1131 sn=87
03:15:22.123 INF Handling PREPREPARE. nReq=1204 senderID=0 sn=88
03:15:22.158 INF Committed entry. latency=0 nReq=1204 sn=88
03:15:22.158 INF Delivered batch. nReq=1204 sn=88
03:15:22.715 INF Handling PREPREPARE. nReq=800 senderID=2 sn=90
03:15:22.734 INF Committed entry. latency=0 nReq=800 sn=90
03:15:22.815 INF Handling PREPREPARE. nReq=566 senderID=1 sn=89
03:15:22.835 INF Committed entry. latency=0 nReq=566 sn=89
03:15:22.835 INF Delivered batch. nReq=566 sn=89
03:15:22.835 INF Delivered batch. nReq=800 sn=90
03:15:23.086 INF Handling PREPREPARE. nReq=467 senderID=0 sn=91
03:15:23.106 INF Committed entry. latency=0 nReq=467 sn=91
03:15:23.106 INF Delivered batch. nReq=467 sn=91
03:15:23.720 INF Handling PREPREPARE. nReq=1275 senderID=2 sn=93
03:15:23.741 INF Committed entry. latency=0 nReq=1275 sn=93
03:15:23.827 INF Handling PREPREPARE. nReq=1476 senderID=1 sn=92
03:15:23.850 INF Committed entry. latency=0 nReq=1476 sn=92
03:15:23.851 INF Delivered batch. nReq=1476 sn=92
03:15:23.851 INF Delivered batch. nReq=1275 sn=93
03:15:24.143 INF Handling PREPREPARE. nReq=1692 senderID=0 sn=94
03:15:24.175 INF Committed entry. latency=0 nReq=1692 sn=94
03:15:24.175 INF Delivered batch. nReq=1692 sn=94
03:15:24.746 INF Handling PREPREPARE. nReq=891 senderID=2 sn=96
03:15:24.767 INF Committed entry. latency=0 nReq=891 sn=96
03:15:24.803 INF Handling PREPREPARE. nReq=586 senderID=1 sn=95
03:15:24.825 INF Committed entry. latency=0 nReq=586 sn=95
03:15:24.826 INF Delivered batch. nReq=586 sn=95
03:15:24.826 INF Delivered batch. nReq=891 sn=96
03:15:25.078 INF Handling PREPREPARE. nReq=366 senderID=0 sn=97
03:15:25.097 INF Committed entry. latency=0 nReq=366 sn=97
03:15:25.097 INF Delivered batch. nReq=366 sn=97
03:15:25.715 INF Handling PREPREPARE. nReq=321 senderID=2 sn=99
03:15:25.731 INF Committed entry. latency=0 nReq=321 sn=99
03:15:25.811 INF Handling PREPREPARE. nReq=371 senderID=1 sn=98
03:15:25.827 INF Committed entry. latency=0 nReq=371 sn=98
03:15:25.827 INF Delivered batch. nReq=371 sn=98
03:15:25.828 INF Delivered batch. nReq=321 sn=99
03:15:26.099 INF Handling PREPREPARE. nReq=596 senderID=0 sn=100
03:15:26.114 INF Committed entry. latency=0 nReq=596 sn=100
03:15:26.114 INF Delivered batch. nReq=596 sn=100
03:15:26.758 INF Handling PREPREPARE. nReq=2303 senderID=2 sn=102
03:15:26.797 INF Committed entry. latency=0 nReq=2303 sn=102
03:15:26.845 INF Handling PREPREPARE. nReq=2441 senderID=1 sn=101
03:15:26.885 INF Committed entry. latency=0 nReq=2441 sn=101
03:15:26.885 INF Delivered batch. nReq=2441 sn=101
03:15:26.886 INF Delivered batch. nReq=2303 sn=102
03:15:27.153 INF Handling PREPREPARE. nReq=2717 senderID=0 sn=103
03:15:27.194 INF Committed entry. latency=0 nReq=2717 sn=103
03:15:27.194 INF Delivered batch. nReq=2717 sn=103
03:15:27.774 INF Handling PREPREPARE. nReq=1050 senderID=2 sn=105
03:15:27.794 INF Committed entry. latency=0 nReq=1050 sn=105
03:15:27.811 INF Handling PREPREPARE. nReq=786 senderID=1 sn=104
03:15:27.835 INF Committed entry. latency=0 nReq=786 sn=104
03:15:27.835 INF Delivered batch. nReq=786 sn=104
03:15:27.835 INF Delivered batch. nReq=1050 sn=105
03:15:28.091 INF Handling PREPREPARE. nReq=356 senderID=0 sn=106
03:15:28.115 INF Committed entry. latency=0 nReq=356 sn=106
03:15:28.116 INF Delivered batch. nReq=356 sn=106
03:15:28.727 INF Handling PREPREPARE. nReq=426 senderID=2 sn=108
03:15:28.745 INF Committed entry. latency=0 nReq=426 sn=108
03:15:28.802 INF Handling PREPREPARE. nReq=363 senderID=1 sn=107
03:15:28.818 INF Committed entry. latency=0 nReq=363 sn=107
03:15:28.818 INF Delivered batch. nReq=363 sn=107
03:15:28.818 INF Delivered batch. nReq=426 sn=108
03:15:29.087 INF Handling PREPREPARE. nReq=324 senderID=0 sn=109
03:15:29.104 INF Committed entry. latency=0 nReq=324 sn=109
03:15:29.104 INF Delivered batch. nReq=324 sn=109
03:15:29.105 INF Sending segment checkpoint. lastSn=109 segID=3
03:15:29.110 INF PBFT checkpoint ready. Scheduling catchup. lastSn=109 segID=3
03:15:29.510 INF PBFT catching up. lastSn=109 missingSns=0 segID=3
03:15:29.719 INF Handling PREPREPARE. nReq=201 senderID=2 sn=111
03:15:29.732 INF Committed entry. latency=0 nReq=201 sn=111
03:15:29.733 INF Sending segment checkpoint. lastSn=111 segID=5
03:15:29.735 INF PBFT checkpoint ready. Scheduling catchup. lastSn=111 segID=5
03:15:29.808 INF Handling PREPREPARE. nReq=196 senderID=1 sn=110
03:15:29.819 INF Committed entry. latency=0 nReq=196 sn=110
03:15:29.819 INF Delivered batch. nReq=196 sn=110
03:15:29.819 INF Delivered batch. nReq=201 sn=111
03:15:29.820 INF Sending segment checkpoint. lastSn=110 segID=4
03:15:29.825 INF PBFT checkpoint ready. Scheduling catchup. lastSn=110 segID=4
03:15:29.844 INF fuck! epoch=128 epoch time (ms)=16502 leaders=4 viewtimeout=120000
03:15:29.844 INF Epoch finished. Waiting for stable checkpoint. sn=111
03:15:29.846 INF New stable checkpoint. sn=111
03:15:29.846 INF Received stable checkpoint notification. sn=111
03:15:29.846 INF Closing message serializers. segID=3
03:15:29.846 INF Epoch end confirmed. chkpSn=111
03:15:29.846 INF Advancing watermarks. numEntries=48
03:15:29.846 INF Statistics commitTs=1753989314197752251 duration=69653497 proposeTs=1753989314128098754 sn=64
03:15:29.846 INF Statistics commitTs=1753989315176154207 duration=34356178 proposeTs=1753989315141798029 sn=67
03:15:29.846 INF Statistics commitTs=1753989316094196864 duration=20472712 proposeTs=1753989316073724152 sn=70
03:15:29.847 INF Statistics commitTs=1753989317081656147 duration=13773703 proposeTs=1753989317067882444 sn=73
03:15:29.847 INF Statistics commitTs=1753989318081060489 duration=15755390 proposeTs=1753989318065305099 sn=76
03:15:29.847 INF Statistics commitTs=1753989319175407188 duration=31926554 proposeTs=1753989319143480634 sn=79
03:15:29.847 INF Statistics commitTs=1753989320098178682 duration=19295956 proposeTs=1753989320078882726 sn=82
03:15:29.848 INF Statistics commitTs=1753989321142998986 duration=34982191 proposeTs=1753989321108016795 sn=85
03:15:29.848 INF Statistics commitTs=1753989322157507381 duration=33760845 proposeTs=1753989322123746536 sn=88
03:15:29.848 INF Statistics commitTs=1753989323105406302 duration=19416956 proposeTs=1753989323085989346 sn=91
03:15:29.848 INF Statistics commitTs=1753989324173416509 duration=30132659 proposeTs=1753989324143283850 sn=94
03:15:29.848 INF Statistics commitTs=1753989325096827799 duration=18123386 proposeTs=1753989325078704413 sn=97
03:15:29.849 INF Statistics commitTs=1753989326114362310 duration=14639366 proposeTs=1753989326099722944 sn=100
03:15:29.849 INF Statistics commitTs=1753989327193625849 duration=40606641 proposeTs=1753989327153019208 sn=103
03:15:29.849 INF Statistics commitTs=1753989328115236837 duration=23721751 proposeTs=1753989328091515086 sn=106
03:15:29.849 INF Statistics commitTs=1753989329103945390 duration=16268996 proposeTs=1753989329087676394 sn=109
03:15:29.850 INF Median commit time commit=23721751 segID=3
03:15:29.850 INF Closing message serializers. segID=5
03:15:29.850 INF Statistics commitTs=1753989314804722445 duration=47135311 proposeTs=1753989314757587134 sn=66
03:15:29.850 INF Statistics commitTs=1753989315763945331 duration=34673379 proposeTs=1753989315729271952 sn=69
03:15:29.850 INF Statistics commitTs=1753989316724871871 duration=17701760 proposeTs=1753989316707170111 sn=72
03:15:29.850 INF Statistics commitTs=1753989317698193779 duration=10428318 proposeTs=1753989317687765461 sn=75
03:15:29.851 INF Statistics commitTs=1753989318739528033 duration=27888754 proposeTs=1753989318711639279 sn=78
03:15:29.851 INF Statistics commitTs=1753989319762619007 duration=24328162 proposeTs=1753989319738290845 sn=81
03:15:29.851 INF Closing message serializers. segID=4
03:15:29.851 INF Statistics commitTs=1753989320728193369 duration=16963506 proposeTs=1753989320711229863 sn=84
03:15:29.851 INF Statistics commitTs=1753989321751611788 duration=17554704 proposeTs=1753989321734057084 sn=87
03:15:29.851 INF Statistics commitTs=1753989314880507145 duration=40511273 proposeTs=1753989314839995872 sn=65
03:15:29.851 INF Statistics commitTs=1753989322734236107 duration=18325448 proposeTs=1753989322715910659 sn=90
03:15:29.851 INF Statistics commitTs=1753989323741066840 duration=21053101 proposeTs=1753989323720013739 sn=93
03:15:29.851 INF Statistics commitTs=1753989315824431150 duration=24417112 proposeTs=1753989315800014038 sn=68
03:15:29.852 INF Statistics commitTs=1753989316810951824 duration=16346770 proposeTs=1753989316794605054 sn=71
03:15:29.851 INF Statistics commitTs=1753989324766820336 duration=20693627 proposeTs=1753989324746126709 sn=96
03:15:29.852 INF Statistics commitTs=1753989325730999341 duration=15424146 proposeTs=1753989325715575195 sn=99
03:15:29.852 INF Statistics commitTs=1753989317811782335 duration=12504521 proposeTs=1753989317799277814 sn=74
03:15:29.852 INF Statistics commitTs=1753989326795881236 duration=37466005 proposeTs=1753989326758415231 sn=102
03:15:29.852 INF Statistics commitTs=1753989327793990808 duration=19964880 proposeTs=1753989327774025928 sn=105
03:15:29.852 INF Statistics commitTs=1753989318847644000 duration=30893386 proposeTs=1753989318816750614 sn=77
03:15:29.852 INF Statistics commitTs=1753989328745001929 duration=17273233 proposeTs=1753989328727728696 sn=108
03:15:29.852 INF Statistics commitTs=1753989329732021502 duration=13023298 proposeTs=1753989329718998204 sn=111
03:15:29.852 INF Statistics commitTs=1753989319828662991 duration=22419664 proposeTs=1753989319806243327 sn=80
03:15:29.852 INF Median commit time commit=19964880 segID=5
03:15:29.852 INF Statistics commitTs=1753989320816751680 duration=15108198 proposeTs=1753989320801643482 sn=83
03:15:29.853 INF Statistics commitTs=1753989321830822699 duration=19655589 proposeTs=1753989321811167110 sn=86
03:15:29.853 INF Statistics commitTs=1753989322834353051 duration=19032719 proposeTs=1753989322815320332 sn=89
03:15:29.853 INF Statistics commitTs=1753989323850042564 duration=22875069 proposeTs=1753989323827167495 sn=92
03:15:29.853 INF Statistics commitTs=1753989324825148376 duration=21267251 proposeTs=1753989324803881125 sn=95
03:15:29.853 INF Statistics commitTs=1753989325827175039 duration=16199586 proposeTs=1753989325810975453 sn=98
03:15:29.854 INF Statistics commitTs=1753989326884272169 duration=39176298 proposeTs=1753989326845095871 sn=101
03:15:29.854 INF Statistics commitTs=1753989327834581051 duration=22824071 proposeTs=1753989327811756980 sn=104
03:15:29.854 INF Statistics commitTs=1753989328818274671 duration=15817597 proposeTs=1753989328802457074 sn=107
03:15:29.854 INF Statistics commitTs=1753989329818690623 duration=10386935 proposeTs=1753989329808303688 sn=110
03:15:29.854 INF Median commit time commit=21267251 segID=4
03:15:29.953 INF PbftOrderer received a new segment: [112 116 120 124 128 132 136 140 144 148 152 156 160 164 168 172] first leader=0 firstSN=112 lastSN=172 len=16 length=16 segId=6
03:15:30.533 INF Starting new view. segID=6 timeout=120000 view=0
03:15:30.533 INF Advanced timeout advanced=21267251 initial=1000000000
03:15:30.533 INF Advanced timeout advanced=1021267251 initial=1000000000
03:15:30.533 INF Advanced timeout advanced=2021267251 initial=1000000000
03:15:30.533 INF Advanced timeout advanced=3021267251 initial=1000000000
03:15:30.533 INF Advanced timeout advanced=4021267251 initial=1000000000
03:15:30.533 INF Advanced timeout advanced=5021267251 initial=1000000000
03:15:30.533 INF Advanced timeout advanced=6021267251 initial=1000000000
03:15:30.533 INF Advanced timeout advanced=7021267251 initial=1000000000
03:15:30.533 INF Advanced timeout advanced=8021267251 initial=1000000000
03:15:30.533 INF Advanced timeout advanced=9021267251 initial=1000000000
03:15:30.533 INF Advanced timeout advanced=10021267251 initial=1000000000
03:15:30.534 INF Advanced timeout advanced=11021267251 initial=1000000000
03:15:30.534 INF Advanced timeout advanced=12021267251 initial=1000000000
03:15:30.534 INF Advanced timeout advanced=13021267251 initial=1000000000
03:15:30.534 INF Advanced timeout advanced=14021267251 initial=1000000000
03:15:30.534 INF Advanced timeout advanced=15021267251 initial=1000000000
03:15:30.534 INF Starting PBFT instance. first=112 last=172 segID=6
03:15:30.534 INF PbftOrderer received a new segment: [113 117 121 125 129 133 137 141 145 149 153 157 161 165 169 173] first leader=1 firstSN=113 lastSN=173 len=16 length=16 segId=7
03:15:30.534 INF Starting serialized message processing. segID=6
03:15:31.040 INF Starting new view. segID=7 timeout=120000 view=0
03:15:31.041 INF Advanced timeout advanced=21267251 initial=1000000000
03:15:31.041 INF Advanced timeout advanced=1021267251 initial=1000000000
03:15:31.041 INF Advanced timeout advanced=2021267251 initial=1000000000
03:15:31.041 INF Advanced timeout advanced=3021267251 initial=1000000000
03:15:31.041 INF Advanced timeout advanced=4021267251 initial=1000000000
03:15:31.041 INF Advanced timeout advanced=5021267251 initial=1000000000
03:15:31.041 INF Advanced timeout advanced=6021267251 initial=1000000000
03:15:31.041 INF Advanced timeout advanced=7021267251 initial=1000000000
03:15:31.041 INF Advanced timeout advanced=8021267251 initial=1000000000
03:15:31.041 INF Advanced timeout advanced=9021267251 initial=1000000000
03:15:31.041 INF Advanced timeout advanced=10021267251 initial=1000000000
03:15:31.041 INF Advanced timeout advanced=11021267251 initial=1000000000
03:15:31.041 INF Advanced timeout advanced=12021267251 initial=1000000000
03:15:31.041 INF Advanced timeout advanced=13021267251 initial=1000000000
03:15:31.041 INF Advanced timeout advanced=14021267251 initial=1000000000
03:15:31.041 INF Advanced timeout advanced=15021267251 initial=1000000000
03:15:31.042 INF Starting PBFT instance. first=113 last=173 segID=7
03:15:31.042 INF PbftOrderer received a new segment: [114 118 122 126 130 134 138 142 146 150 154 158 162 166 170 174] first leader=2 firstSN=114 lastSN=174 len=16 length=16 segId=8
03:15:31.042 INF Starting serialized message processing. segID=7
03:15:31.573 INF Starting new view. segID=8 timeout=120000 view=0
03:15:31.574 INF Advanced timeout advanced=21267251 initial=1000000000
03:15:31.574 INF Advanced timeout advanced=1021267251 initial=1000000000
03:15:31.574 INF Advanced timeout advanced=2021267251 initial=1000000000
03:15:31.574 INF Advanced timeout advanced=3021267251 initial=1000000000
03:15:31.574 INF Advanced timeout advanced=4021267251 initial=1000000000
03:15:31.574 INF Advanced timeout advanced=5021267251 initial=1000000000
03:15:31.574 INF Advanced timeout advanced=6021267251 initial=1000000000
03:15:31.574 INF Advanced timeout advanced=7021267251 initial=1000000000
03:15:31.574 INF Advanced timeout advanced=8021267251 initial=1000000000
03:15:31.574 INF Advanced timeout advanced=9021267251 initial=1000000000
03:15:31.574 INF Advanced timeout advanced=10021267251 initial=1000000000
03:15:31.574 INF Advanced timeout advanced=11021267251 initial=1000000000
03:15:31.574 INF Advanced timeout advanced=12021267251 initial=1000000000
03:15:31.574 INF Advanced timeout advanced=13021267251 initial=1000000000
03:15:31.574 INF Advanced timeout advanced=14021267251 initial=1000000000
03:15:31.574 INF Advanced timeout advanced=15021267251 initial=1000000000
03:15:31.575 INF Starting PBFT instance. first=114 last=174 segID=8
03:15:31.575 INF PbftOrderer received a new segment: [115 119 123 127 131 135 139 143 147 151 155 159 163 167 171 175] first leader=3 firstSN=115 lastSN=175 len=16 length=16 segId=9
03:15:31.595 INF fuck1 epoch change time (ms)=1775
03:15:31.595 INF Starting serialized message processing. segID=8
03:15:31.640 INF Handling PREPREPARE. nReq=55 senderID=1 sn=113
03:15:31.659 INF Committed entry. latency=0 nReq=55 sn=113
03:15:31.987 INF Starting new view. segID=9 timeout=120000 view=0
03:15:31.987 INF Advanced timeout advanced=21267251 initial=1000000000
03:15:31.987 INF Advanced timeout advanced=1021267251 initial=1000000000
03:15:31.987 INF Advanced timeout advanced=2021267251 initial=1000000000
03:15:31.987 INF Advanced timeout advanced=3021267251 initial=1000000000
03:15:31.987 INF Advanced timeout advanced=4021267251 initial=1000000000
03:15:31.987 INF Advanced timeout advanced=5021267251 initial=1000000000
03:15:31.987 INF Advanced timeout advanced=6021267251 initial=1000000000
03:15:31.987 INF Advanced timeout advanced=7021267251 initial=1000000000
03:15:31.987 INF Advanced timeout advanced=8021267251 initial=1000000000
03:15:31.987 INF Advanced timeout advanced=9021267251 initial=1000000000
03:15:31.988 INF Advanced timeout advanced=10021267251 initial=1000000000
03:15:31.988 INF Advanced timeout advanced=11021267251 initial=1000000000
03:15:31.988 INF Advanced timeout advanced=12021267251 initial=1000000000
03:15:31.988 INF Advanced timeout advanced=13021267251 initial=1000000000
03:15:31.988 INF Advanced timeout advanced=14021267251 initial=1000000000
03:15:31.988 INF Advanced timeout advanced=15021267251 initial=1000000000
03:15:31.988 INF Starting PBFT instance. first=115 last=175 segID=9
03:15:31.988 INF Starting serialized message processing. segID=9
03:15:32.631 INF Handling PREPREPARE. nReq=0 senderID=1 sn=117
03:15:32.636 INF Committed entry. latency=0 nReq=0 sn=117
03:15:32.713 INF Handling PREPREPARE. nReq=38 senderID=2 sn=114
03:15:32.719 INF Committed entry. latency=0 nReq=38 sn=114
03:15:32.964 INF Handling PREPREPARE. nReq=36 senderID=3 sn=115
03:15:32.970 INF Committed entry. latency=0 nReq=36 sn=115
03:15:33.243 INF Handling PREPREPARE. nReq=21 senderID=0 sn=112
03:15:33.248 INF Committed entry. latency=0 nReq=21 sn=112
03:15:33.249 INF Delivered batch. nReq=21 sn=112
03:15:33.249 INF Delivered batch. nReq=55 sn=113
03:15:33.249 INF Delivered batch. nReq=38 sn=114
03:15:33.249 INF Delivered batch. nReq=36 sn=115
03:15:33.632 INF Handling PREPREPARE. nReq=0 senderID=1 sn=121
03:15:33.636 INF Committed entry. latency=0 nReq=0 sn=121
03:15:33.659 INF Finished sending bucket assignments to client. clId=0
03:15:33.659 INF Connection terminated. error="rpc error: code = Canceled desc = context canceled" address=127.0.0.1:41660
03:15:33.710 INF Handling PREPREPARE. nReq=0 senderID=2 sn=118
03:15:33.714 INF Committed entry. latency=0 nReq=0 sn=118
03:15:33.962 INF Handling PREPREPARE. nReq=0 senderID=3 sn=119
03:15:33.967 INF Committed entry. latency=0 nReq=0 sn=119
03:15:34.240 INF Handling PREPREPARE. nReq=0 senderID=0 sn=116
03:15:34.244 INF Committed entry. latency=0 nReq=0 sn=116
03:15:34.244 INF Delivered batch. nReq=0 sn=116
03:15:34.244 INF Delivered batch. nReq=0 sn=117
03:15:34.244 INF Delivered batch. nReq=0 sn=118
03:15:34.244 INF Delivered batch. nReq=0 sn=119
03:15:34.301 INF Stopping profiler.
03:15:34.301 INF Stopping Tracer. events=657 fileName=experiment-output/0000/slave-007/peer.trc
==================
WARNING: DATA RACE
Read at 0x00c000932630 by goroutine 109:
  github.com/hyperledger-labs/mirbft/tracing.(*BufferedTrace).Stop()
      /opt/gopath/src/github.com/hyperledger-labs/mirbft/tracing/bufferedtrace.go:237 +0x30e
  github.com/hyperledger-labs/mirbft/tracing.(*BufferedTrace).StopOnSignal.func1()
      /opt/gopath/src/github.com/hyperledger-labs/mirbft/tracing/bufferedtrace.go:298 +0x4e

Previous write at 0x00c000932630 by goroutine 108:
  github.com/hyperledger-labs/mirbft/tracing.(*BufferedTrace).Event()
      /opt/gopath/src/github.com/hyperledger-labs/mirbft/tracing/bufferedtrace.go:105 +0x2cd
  github.com/hyperledger-labs/mirbft/profiling.StartCPUTracing.func1()
      /opt/gopath/src/github.com/hyperledger-labs/mirbft/profiling/cpuusage.go:33 +0x95

Goroutine 109 (running) created at:
  github.com/hyperledger-labs/mirbft/tracing.(*BufferedTrace).StopOnSignal()
      /opt/gopath/src/github.com/hyperledger-labs/mirbft/tracing/bufferedtrace.go:292 +0x178
  main.setUpTracing()
      /opt/gopath/src/github.com/hyperledger-labs/mirbft/cmd/orderingpeer/main.go:408 +0xf5
  main.main()
      /opt/gopath/src/github.com/hyperledger-labs/mirbft/cmd/orderingpeer/main.go:110 +0x9e4
  runtime.deferreturn()
      /home/ubuntu/go/src/runtime/panic.go:476 +0x32
  main.main()
      /opt/gopath/src/github.com/hyperledger-labs/mirbft/cmd/orderingpeer/main.go:78 +0x56c

Goroutine 108 (running) created at:
  github.com/hyperledger-labs/mirbft/profiling.StartCPUTracing()
      /opt/gopath/src/github.com/hyperledger-labs/mirbft/profiling/cpuusage.go:30 +0xb9
  main.setUpTracing()
      /opt/gopath/src/github.com/hyperledger-labs/mirbft/cmd/orderingpeer/main.go:400 +0x85
  main.main()
      /opt/gopath/src/github.com/hyperledger-labs/mirbft/cmd/orderingpeer/main.go:110 +0x9e4
  runtime.deferreturn()
      /home/ubuntu/go/src/runtime/panic.go:476 +0x32
  main.main()
      /opt/gopath/src/github.com/hyperledger-labs/mirbft/cmd/orderingpeer/main.go:78 +0x56c
==================
03:15:34.304 INF Trace data written.
03:15:34.319 INF Profile data written. filename=experiment-output/0000/slave-007/prof.cpu name=cpu
03:15:34.333 INF Profile data written. filename=experiment-output/0000/slave-007/prof.block name=block
03:15:34.339 INF Profile data written. filename=experiment-output/0000/slave-007/prof.mutex name=mutex
