{"level":"debug","Logging":"info","time":"2025-08-01T03:17:04+08:00","message":"Config"}
{"level":"debug","UseTLS":false,"time":"2025-08-01T03:17:04+08:00","message":"Config"}
{"level":"debug","CACertFile":"tls-data/ca.pem","time":"2025-08-01T03:17:04+08:00","message":"Config"}
{"level":"debug","KeyFile":"tls-data/auth.key","time":"2025-08-01T03:17:04+08:00","message":"Config"}
{"level":"debug","CertFile":"tls-data/auth.pem","time":"2025-08-01T03:17:04+08:00","message":"Config"}
{"level":"debug","PriorityConnections":2,"time":"2025-08-01T03:17:04+08:00","message":"Config"}
{"level":"debug","BasicConnections":2,"time":"2025-08-01T03:17:04+08:00","message":"Config"}
{"level":"debug","TestConnections":false,"time":"2025-08-01T03:17:04+08:00","message":"Config"}
{"level":"debug","ExcessConnections":1,"time":"2025-08-01T03:17:04+08:00","message":"Config"}
{"level":"debug","ConnectionTestMsgs":4,"time":"2025-08-01T03:17:04+08:00","message":"Config"}
{"level":"debug","ConnectionTestPayload":131072,"time":"2025-08-01T03:17:04+08:00","message":"Config"}
{"level":"debug","OutMessageBufsize":1024,"time":"2025-08-01T03:17:04+08:00","message":"Config"}
{"level":"debug","OutMessageBufsize":3,"time":"2025-08-01T03:17:04+08:00","message":"Config"}
{"level":"debug","ThroughputCap":131072000,"time":"2025-08-01T03:17:04+08:00","message":"Config"}
{"level":"debug","StragglerTolerance":1000,"time":"2025-08-01T03:17:04+08:00","message":"Config"}
{"level":"debug","BatchSizeIncrement":256,"time":"2025-08-01T03:17:04+08:00","message":"Config"}
{"level":"debug","Orderer":"Pbft","time":"2025-08-01T03:17:04+08:00","message":"Config"}
{"level":"debug","Manager":"Mir","time":"2025-08-01T03:17:04+08:00","message":"Config"}
{"level":"debug","Failures":0,"time":"2025-08-01T03:17:04+08:00","message":"Config"}
{"level":"debug","CrashTiming":"EpochStart","time":"2025-08-01T03:17:04+08:00","message":"Config"}
{"level":"debug","CheckpointInterval":256,"time":"2025-08-01T03:17:04+08:00","message":"Config"}
{"level":"debug","WatermarkWindowSize":256,"time":"2025-08-01T03:17:04+08:00","message":"Config"}
{"level":"debug","EpochLength":256,"time":"2025-08-01T03:17:04+08:00","message":"Config"}
{"level":"debug","SegmentLength":21,"time":"2025-08-01T03:17:04+08:00","message":"Config"}
{"level":"debug","WaitForCheckpoints":true,"time":"2025-08-01T03:17:04+08:00","message":"Config"}
{"level":"debug","ClientWatermarkWindowSize":4194304,"time":"2025-08-01T03:17:04+08:00","message":"Config"}
{"level":"debug","ClientRequestBacklogSize":4194304,"time":"2025-08-01T03:17:04+08:00","message":"Config"}
{"level":"debug","RandomSeed":7086,"time":"2025-08-01T03:17:04+08:00","message":"Config"}
{"level":"debug","NodeToLeaderRatio":1,"time":"2025-08-01T03:17:04+08:00","message":"Config"}
{"level":"debug","LeaderPolicy":"Simple","time":"2025-08-01T03:17:04+08:00","message":"Config"}
{"level":"debug","DefaultLeaderBan":2,"time":"2025-08-01T03:17:04+08:00","message":"Config"}
{"level":"debug","NumBuckets":192,"time":"2025-08-01T03:17:04+08:00","message":"Config"}
{"level":"debug","BatchSize":4096,"time":"2025-08-01T03:17:04+08:00","message":"Config"}
{"level":"debug","BatchTimeoutMs":1000,"time":"2025-08-01T03:17:04+08:00","message":"Config"}
{"level":"debug","DisabledViewChange":false,"time":"2025-08-01T03:17:04+08:00","message":"Config"}
{"level":"debug","ViewChangeTimeout":60000,"time":"2025-08-01T03:17:04+08:00","message":"Config"}
{"level":"debug","ClientTraceSampling":10,"time":"2025-08-01T03:17:04+08:00","message":"Config"}
{"level":"debug","EventBufferSize":2097152,"time":"2025-08-01T03:17:04+08:00","message":"Config"}
{"level":"debug","TraceSampling":1,"time":"2025-08-01T03:17:04+08:00","message":"Config"}
{"level":"debug","ClientsPerProcess":1,"time":"2025-08-01T03:17:04+08:00","message":"Config"}
{"level":"debug","RequestsPerClient":7200000,"time":"2025-08-01T03:17:04+08:00","message":"Config"}
{"level":"debug","ClientRunTime":60000,"time":"2025-08-01T03:17:04+08:00","message":"Config"}
{"level":"debug","RequestRate":60000,"time":"2025-08-01T03:17:04+08:00","message":"Config"}
{"level":"debug","HardRequestRateLimit":false,"time":"2025-08-01T03:17:04+08:00","message":"Config"}
{"level":"debug","RequestPayloadSize":500,"time":"2025-08-01T03:17:04+08:00","message":"Config"}
{"level":"debug","SignRequests":true,"time":"2025-08-01T03:17:04+08:00","message":"Config"}
{"level":"debug","ClientPrivKeyFile":"tls-data/client-ecdsa-256.key","time":"2025-08-01T03:17:04+08:00","message":"Config"}
{"level":"debug","ClientPubKeyFile":"tls-data/client-ecdsa-256.pem","time":"2025-08-01T03:17:04+08:00","message":"Config"}
{"level":"debug","PrecomputeRequests":false,"time":"2025-08-01T03:17:04+08:00","message":"Config"}
{"level":"debug","RequestHandlerThreads":32,"time":"2025-08-01T03:17:04+08:00","message":"Config"}
{"level":"debug","RequestInputChannelBuffer":8192,"time":"2025-08-01T03:17:04+08:00","message":"Config"}
{"level":"debug","BatchVerifier":"external","time":"2025-08-01T03:17:04+08:00","message":"Config"}
03:17:04.609 INF Registered with discovery server. numPeers=12 ownID=5
03:17:04.609 INF Profiling enabled.
03:17:04.609 INF Setting up profiling.
03:17:04.609 INF Started Profiler: CPU
03:17:04.609 INF Started Profiler: BLOCK
03:17:04.609 INF Started Profiler: MUTEX
03:17:04.609 INF Profiler will stop on signal. exit=true
03:17:04.611 INF Tracing will stop on signal. exit=false
03:17:04.611 INF Started tracing. traceFile=experiment-output/0000/slave-006/peer.trc
03:17:04.612 INF Connecting to peer. addr=127.0.0.1:10033 basicConns=2 priorityConns=2
03:17:04.613 INF Listening for connections. port=10055 useTLS=false
03:17:04.613 INF Connecting to peer. addr=127.0.0.1:10099 basicConns=2 priorityConns=2
03:17:04.613 INF Connecting to peer. addr=127.0.0.1:10066 basicConns=2 priorityConns=2
03:17:04.613 INF Connecting to peer. addr=127.0.0.1:10055 basicConns=2 priorityConns=2
03:17:04.616 INF Connecting to peer. addr=127.0.0.1:10121 basicConns=2 priorityConns=2
03:17:04.617 INF Connecting to peer. addr=127.0.0.1:10000 basicConns=2 priorityConns=2
03:17:04.617 INF Connecting to peer. addr=127.0.0.1:10011 basicConns=2 priorityConns=2
03:17:04.613 INF Connecting to peer. addr=127.0.0.1:10077 basicConns=2 priorityConns=2
03:17:04.618 INF Connecting to peer. addr=127.0.0.1:10022 basicConns=2 priorityConns=2
03:17:04.613 INF Connecting to peer. addr=127.0.0.1:10088 basicConns=2 priorityConns=2
03:17:04.618 INF Connecting to peer. addr=127.0.0.1:10044 basicConns=2 priorityConns=2
03:17:04.619 INF Connecting to peer. addr=127.0.0.1:10110 basicConns=2 priorityConns=2
03:17:04.628 INF Incoming connection for protocol messages. addr=127.0.0.1:38174
03:17:04.627 INF Incoming connection for protocol messages. addr=127.0.0.1:38190
03:17:04.639 INF Incoming connection for protocol messages. addr=127.0.0.1:38250
03:17:04.639 INF Incoming connection for protocol messages. addr=127.0.0.1:38214
03:17:04.639 INF Incoming connection for protocol messages. addr=127.0.0.1:38208
03:17:04.641 INF Incoming connection for protocol messages. addr=127.0.0.1:38280
03:17:04.648 INF Incoming connection for protocol messages. addr=127.0.0.1:38234
03:17:04.650 INF Incoming connection for protocol messages. addr=127.0.0.1:38200
03:17:04.654 INF Incoming connection for protocol messages. addr=127.0.0.1:38314
03:17:04.656 INF Incoming connection for protocol messages. addr=127.0.0.1:38264
03:17:04.657 INF Incoming connection for protocol messages. addr=127.0.0.1:38304
03:17:04.657 INF Incoming connection for protocol messages. addr=127.0.0.1:38362
03:17:04.657 INF Incoming connection for protocol messages. addr=127.0.0.1:38414
03:17:04.653 INF Incoming connection for protocol messages. addr=127.0.0.1:38252
03:17:04.658 INF Incoming connection for protocol messages. addr=127.0.0.1:38322
03:17:04.659 INF Incoming connection for protocol messages. addr=127.0.0.1:38364
03:17:04.663 INF Incoming connection for protocol messages. addr=127.0.0.1:38338
03:17:04.664 INF Incoming connection for protocol messages. addr=127.0.0.1:38222
03:17:04.664 INF Incoming connection for protocol messages. addr=127.0.0.1:38350
03:17:04.663 INF Incoming connection for protocol messages. addr=127.0.0.1:38272
03:17:04.665 INF Incoming connection for protocol messages. addr=127.0.0.1:38444
03:17:04.665 INF Incoming connection for protocol messages. addr=127.0.0.1:38266
03:17:04.668 INF Incoming connection for protocol messages. addr=127.0.0.1:38472
03:17:04.674 INF Incoming connection for protocol messages. addr=127.0.0.1:38160
03:17:04.677 INF Incoming connection for protocol messages. addr=127.0.0.1:38386
03:17:04.676 INF Incoming connection for protocol messages. addr=127.0.0.1:38504
03:17:04.679 INF Incoming connection for protocol messages. addr=127.0.0.1:38240
03:17:04.679 INF Incoming connection for protocol messages. addr=127.0.0.1:38376
03:17:04.680 INF Incoming connection for protocol messages. addr=127.0.0.1:38480
03:17:04.680 INF Incoming connection for protocol messages. addr=127.0.0.1:38404
03:17:04.684 INF Incoming connection for protocol messages. addr=127.0.0.1:38460
03:17:04.685 INF Incoming connection for protocol messages. addr=127.0.0.1:38492
03:17:04.685 INF Incoming connection for protocol messages. addr=127.0.0.1:38308
03:17:04.685 INF Incoming connection for protocol messages. addr=127.0.0.1:38514
03:17:04.686 INF Incoming connection for protocol messages. addr=127.0.0.1:38528
03:17:04.689 INF Incoming connection for protocol messages. addr=127.0.0.1:38546
03:17:04.689 INF Incoming connection for protocol messages. addr=127.0.0.1:38478
03:17:04.690 INF Incoming connection for protocol messages. addr=127.0.0.1:38396
03:17:04.695 INF Incoming connection for protocol messages. addr=127.0.0.1:38526
03:17:04.695 INF Incoming connection for protocol messages. addr=127.0.0.1:38534
03:17:04.696 INF Incoming connection for protocol messages. addr=127.0.0.1:38554
03:17:04.696 INF Incoming connection for protocol messages. addr=127.0.0.1:38566
03:17:04.696 INF Incoming connection for protocol messages. addr=127.0.0.1:38572
03:17:04.700 INF Incoming connection for protocol messages. addr=127.0.0.1:38584
03:17:04.702 INF Incoming connection for protocol messages. addr=127.0.0.1:38458
03:17:04.702 INF Connected to all peers.
03:17:04.703 INF Incoming connection for protocol messages. addr=127.0.0.1:38294
03:17:04.704 INF Incoming connection for protocol messages. addr=127.0.0.1:38592
03:17:04.704 INF Incoming connection for protocol messages. addr=127.0.0.1:38428
03:17:04.709 INF All peers finished connecting. Starting ISS.
03:17:04.710 INF PbftOrderer received a new segment: [0 1 2 3 4 5 6 7 8 9 10 11 12 13 14 15 16 17 18 19 20] first leader=0 firstSN=0 lastSN=20 len=21 length=21 segId=0
03:17:04.750 INF Starting new view. segID=0 timeout=60000 view=0
03:17:04.750 INF Starting PBFT instance. first=0 last=20 segID=0
03:17:04.750 INF Starting serialized message processing. segID=0
03:17:05.760 INF Handling PREPREPARE. nReq=0 senderID=0 sn=0
03:17:05.766 INF Committed entry. latency=0 nReq=0 sn=0
03:17:05.766 INF Delivered batch. nReq=0 sn=0
03:17:06.767 INF Handling PREPREPARE. nReq=0 senderID=0 sn=1
03:17:06.770 INF Committed entry. latency=0 nReq=0 sn=1
03:17:06.770 INF Delivered batch. nReq=0 sn=1
03:17:06.782 INF Incoming connection for requests. addr=127.0.0.1:47190
03:17:07.336 INF Handling PREPREPARE. nReq=4096 senderID=0 sn=2
03:17:07.411 INF Committed entry. latency=0 nReq=4096 sn=2
03:17:07.412 INF Delivered batch. nReq=4096 sn=2
03:17:08.308 INF Handling PREPREPARE. nReq=2472 senderID=0 sn=3
03:17:08.381 INF Committed entry. latency=0 nReq=2472 sn=3
03:17:08.381 INF Delivered batch. nReq=2472 sn=3
03:17:09.239 INF Handling PREPREPARE. nReq=802 senderID=0 sn=4
03:17:09.258 INF Committed entry. latency=0 nReq=802 sn=4
03:17:09.258 INF Delivered batch. nReq=802 sn=4
03:17:09.894 INF Handling PREPREPARE. nReq=4096 senderID=0 sn=5
03:17:09.975 INF Committed entry. latency=0 nReq=4096 sn=5
03:17:09.975 INF Delivered batch. nReq=4096 sn=5
03:17:10.887 INF Handling PREPREPARE. nReq=2550 senderID=0 sn=6
03:17:10.934 INF Committed entry. latency=0 nReq=2550 sn=6
03:17:10.934 INF Delivered batch. nReq=2550 sn=6
03:17:11.871 INF Handling PREPREPARE. nReq=945 senderID=0 sn=7
03:17:11.896 INF Committed entry. latency=0 nReq=945 sn=7
03:17:11.897 INF Delivered batch. nReq=945 sn=7
03:17:12.899 INF Handling PREPREPARE. nReq=4096 senderID=0 sn=8
03:17:12.986 INF Committed entry. latency=0 nReq=4096 sn=8
03:17:12.986 INF Delivered batch. nReq=4096 sn=8
03:17:13.889 INF Handling PREPREPARE. nReq=2794 senderID=0 sn=9
03:17:13.938 INF Committed entry. latency=0 nReq=2794 sn=9
03:17:13.939 INF Delivered batch. nReq=2794 sn=9
03:17:14.796 INF Handling PREPREPARE. nReq=987 senderID=0 sn=10
03:17:14.822 INF Committed entry. latency=0 nReq=987 sn=10
03:17:14.822 INF Delivered batch. nReq=987 sn=10
03:17:15.462 INF Handling PREPREPARE. nReq=4096 senderID=0 sn=11
03:17:15.556 INF Committed entry. latency=0 nReq=4096 sn=11
03:17:15.556 INF Delivered batch. nReq=4096 sn=11
03:17:16.432 INF Handling PREPREPARE. nReq=2951 senderID=0 sn=12
03:17:16.488 INF Committed entry. latency=0 nReq=2951 sn=12
03:17:16.489 INF Delivered batch. nReq=2951 sn=12
03:17:17.405 INF Handling PREPREPARE. nReq=850 senderID=0 sn=13
03:17:17.434 INF Committed entry. latency=0 nReq=850 sn=13
03:17:17.434 INF Delivered batch. nReq=850 sn=13
03:17:18.377 INF Handling PREPREPARE. nReq=4096 senderID=0 sn=14
03:17:18.473 INF Committed entry. latency=0 nReq=4096 sn=14
03:17:18.473 INF Delivered batch. nReq=4096 sn=14
03:17:19.396 INF Handling PREPREPARE. nReq=2803 senderID=0 sn=15
03:17:19.443 INF Committed entry. latency=0 nReq=2803 sn=15
03:17:19.443 INF Delivered batch. nReq=2803 sn=15
03:17:20.353 INF Handling PREPREPARE. nReq=778 senderID=0 sn=16
03:17:20.380 INF Committed entry. latency=0 nReq=778 sn=16
03:17:20.380 INF Delivered batch. nReq=778 sn=16
03:17:21.385 INF Handling PREPREPARE. nReq=4096 senderID=0 sn=17
03:17:21.464 INF Committed entry. latency=0 nReq=4096 sn=17
03:17:21.464 INF Delivered batch. nReq=4096 sn=17
03:17:24.995 INF Handling PREPREPARE. nReq=4096 senderID=0 sn=18
03:17:25.081 INF Committed entry. latency=0 nReq=4096 sn=18
03:17:25.082 INF Delivered batch. nReq=4096 sn=18
03:17:25.998 INF Handling PREPREPARE. nReq=3967 senderID=0 sn=19
03:17:26.135 INF Committed entry. latency=0 nReq=3967 sn=19
03:17:26.136 INF Delivered batch. nReq=3967 sn=19
03:17:26.968 INF Handling PREPREPARE. nReq=845 senderID=0 sn=20
03:17:26.994 INF Committed entry. latency=0 nReq=845 sn=20
03:17:26.994 INF Delivered batch. nReq=845 sn=20
03:17:26.995 INF Sending segment checkpoint. lastSn=20 segID=0
==================
WARNING: DATA RACE
Read at 0x000001304380 by goroutine 941:
  github.com/hyperledger-labs/mirbft/manager.(*MirManager).handleLogEntries()
      /opt/gopath/src/github.com/hyperledger-labs/mirbft/manager/mirmanager.go:171 +0x854
  github.com/hyperledger-labs/mirbft/manager.(*MirManager).Start.func2()
      /opt/gopath/src/github.com/hyperledger-labs/mirbft/manager/mirmanager.go:112 +0x47

Previous write at 0x000001304380 by goroutine 950:
  github.com/hyperledger-labs/mirbft/log.publishEntries()
      /opt/gopath/src/github.com/hyperledger-labs/mirbft/log/log.go:281 +0x2e4
  github.com/hyperledger-labs/mirbft/log.CommitEntry()
      /opt/gopath/src/github.com/hyperledger-labs/mirbft/log/log.go:108 +0x284
  github.com/hyperledger-labs/mirbft/announcer.Announce()
      /opt/gopath/src/github.com/hyperledger-labs/mirbft/announcer/announcer.go:26 +0x370
  github.com/hyperledger-labs/mirbft/orderer.(*pbftInstance).announce()
      /opt/gopath/src/github.com/hyperledger-labs/mirbft/orderer/pbftinstance.go:726 +0x36b
  github.com/hyperledger-labs/mirbft/orderer.(*pbftInstance).handleCommit()
      /opt/gopath/src/github.com/hyperledger-labs/mirbft/orderer/pbftinstance.go:664 +0x7bd
  github.com/hyperledger-labs/mirbft/orderer.(*pbftInstance).handleMessage()
      /opt/gopath/src/github.com/hyperledger-labs/mirbft/orderer/pbftinstance.go:1810 +0x2e5
  github.com/hyperledger-labs/mirbft/orderer.(*pbftInstance).processSerializedMessages()
      /opt/gopath/src/github.com/hyperledger-labs/mirbft/orderer/pbftinstance.go:1764 +0xdd
  github.com/hyperledger-labs/mirbft/orderer.(*PbftOrderer).runSegment.func2()
      /opt/gopath/src/github.com/hyperledger-labs/mirbft/orderer/pbftorderer.go:199 +0x39

Goroutine 941 (running) created at:
  github.com/hyperledger-labs/mirbft/manager.(*MirManager).Start()
      /opt/gopath/src/github.com/hyperledger-labs/mirbft/manager/mirmanager.go:112 +0x191
  main.main.func4()
      /opt/gopath/src/github.com/hyperledger-labs/mirbft/cmd/orderingpeer/main.go:185 +0x59

Goroutine 950 (running) created at:
  github.com/hyperledger-labs/mirbft/orderer.(*PbftOrderer).runSegment()
      /opt/gopath/src/github.com/hyperledger-labs/mirbft/orderer/pbftorderer.go:199 +0x3f6
  github.com/hyperledger-labs/mirbft/orderer.(*PbftOrderer).Start()
      /opt/gopath/src/github.com/hyperledger-labs/mirbft/orderer/pbftorderer.go:176 +0x344
  main.main.func5()
      /opt/gopath/src/github.com/hyperledger-labs/mirbft/cmd/orderingpeer/main.go:186 +0x59
==================
03:17:27.013 INF PBFT checkpoint ready. Scheduling catchup. lastSn=20 segID=0
03:17:27.029 INF New stable checkpoint. sn=20
03:17:27.029 INF Received stable checkpoint notification. sn=20
03:17:27.029 INF Closing message serializers. segID=0
03:17:27.029 INF Statistics commitTs=1753989425766188431 duration=5793093 proposeTs=1753989425760395338 sn=0
03:17:27.029 INF Statistics commitTs=1753989426770031734 duration=2714697 proposeTs=1753989426767317037 sn=1
03:17:27.029 INF Statistics commitTs=1753989427403417401 duration=66726098 proposeTs=1753989427336691303 sn=2
03:17:27.029 INF Statistics commitTs=1753989428379235085 duration=70729344 proposeTs=1753989428308505741 sn=3
03:17:27.029 INF Statistics commitTs=1753989429257127448 duration=17193961 proposeTs=1753989429239933487 sn=4
03:17:27.030 INF Statistics commitTs=1753989429972159964 duration=78048229 proposeTs=1753989429894111735 sn=5
03:17:27.030 INF Statistics commitTs=1753989430928982903 duration=41512709 proposeTs=1753989430887470194 sn=6
03:17:27.030 INF Statistics commitTs=1753989431895641958 duration=24493356 proposeTs=1753989431871148602 sn=7
03:17:27.030 INF Statistics commitTs=1753989432981891598 duration=82738205 proposeTs=1753989432899153393 sn=8
03:17:27.030 INF Statistics commitTs=1753989433936615897 duration=46886973 proposeTs=1753989433889728924 sn=9
03:17:27.030 INF Statistics commitTs=1753989434820474592 duration=24498610 proposeTs=1753989434795975982 sn=10
03:17:27.030 INF Statistics commitTs=1753989435552596601 duration=89684197 proposeTs=1753989435462912404 sn=11
03:17:27.030 INF Statistics commitTs=1753989436486127668 duration=53343059 proposeTs=1753989436432784609 sn=12
03:17:27.030 INF Statistics commitTs=1753989437432570507 duration=26868187 proposeTs=1753989437405702320 sn=13
03:17:27.030 INF Statistics commitTs=1753989438469567050 duration=92437444 proposeTs=1753989438377129606 sn=14
03:17:27.031 INF Statistics commitTs=1753989439440846365 duration=44876591 proposeTs=1753989439395969774 sn=15
03:17:27.031 INF Statistics commitTs=1753989440378888543 duration=25753819 proposeTs=1753989440353134724 sn=16
03:17:27.031 INF Statistics commitTs=1753989441460752456 duration=74869602 proposeTs=1753989441385882854 sn=17
03:17:27.031 INF Statistics commitTs=1753989445076564713 duration=81411747 proposeTs=1753989444995152966 sn=18
03:17:27.031 INF Statistics commitTs=1753989446128784020 duration=130695538 proposeTs=1753989445998088482 sn=19
03:17:27.031 INF Statistics commitTs=1753989446994016218 duration=25946676 proposeTs=1753989446968069542 sn=20
03:17:27.031 INF Median commit time commit=46886973 segID=0
03:17:27.042 INF fuck! epoch=192 epoch time (ms)=22285 leaders=2 viewtimeout=104000
03:17:27.042 INF Epoch finished. Waiting for stable checkpoint. sn=20
03:17:27.042 INF Epoch end confirmed. chkpSn=20
03:17:27.042 INF Advancing watermarks. numEntries=21
03:17:27.226 INF PbftOrderer received a new segment: [21 23 25 27 29 31 33 35 37 39 41 43 45 47 49 51] first leader=0 firstSN=21 lastSN=51 len=16 length=16 segId=1
03:17:27.533 INF Starting new view. segID=1 timeout=104000 view=0
03:17:27.533 INF Advanced timeout advanced=46886973 initial=1000000000
03:17:27.533 INF Advanced timeout advanced=1046886973 initial=1000000000
03:17:27.533 INF Advanced timeout advanced=2046886973 initial=1000000000
03:17:27.533 INF Advanced timeout advanced=3046886973 initial=1000000000
03:17:27.533 INF Advanced timeout advanced=4046886973 initial=1000000000
03:17:27.533 INF Advanced timeout advanced=5046886973 initial=1000000000
03:17:27.533 INF Advanced timeout advanced=6046886973 initial=1000000000
03:17:27.533 INF Advanced timeout advanced=7046886973 initial=1000000000
03:17:27.533 INF Advanced timeout advanced=8046886973 initial=1000000000
03:17:27.533 INF Advanced timeout advanced=9046886973 initial=1000000000
03:17:27.534 INF Advanced timeout advanced=10046886973 initial=1000000000
03:17:27.534 INF Advanced timeout advanced=11046886973 initial=1000000000
03:17:27.534 INF Advanced timeout advanced=12046886973 initial=1000000000
03:17:27.534 INF Advanced timeout advanced=13046886973 initial=1000000000
03:17:27.534 INF Advanced timeout advanced=14046886973 initial=1000000000
03:17:27.534 INF Advanced timeout advanced=15046886973 initial=1000000000
03:17:27.534 INF Starting PBFT instance. first=21 last=51 segID=1
03:17:27.534 INF PbftOrderer received a new segment: [22 24 26 28 30 32 34 36 38 40 42 44 46 48 50 52] first leader=1 firstSN=22 lastSN=52 len=16 length=16 segId=2
03:17:27.544 INF fuck1 epoch change time (ms)=549
03:17:27.544 INF Starting serialized message processing. segID=1
03:17:27.759 INF Starting new view. segID=2 timeout=104000 view=0
03:17:27.759 INF Advanced timeout advanced=46886973 initial=1000000000
03:17:27.760 INF Advanced timeout advanced=1046886973 initial=1000000000
03:17:27.760 INF Advanced timeout advanced=2046886973 initial=1000000000
03:17:27.760 INF Advanced timeout advanced=3046886973 initial=1000000000
03:17:27.760 INF Advanced timeout advanced=4046886973 initial=1000000000
03:17:27.760 INF Advanced timeout advanced=5046886973 initial=1000000000
03:17:27.760 INF Advanced timeout advanced=6046886973 initial=1000000000
03:17:27.760 INF Advanced timeout advanced=7046886973 initial=1000000000
03:17:27.760 INF Advanced timeout advanced=8046886973 initial=1000000000
03:17:27.760 INF Advanced timeout advanced=9046886973 initial=1000000000
03:17:27.760 INF Advanced timeout advanced=10046886973 initial=1000000000
03:17:27.760 INF Advanced timeout advanced=11046886973 initial=1000000000
03:17:27.760 INF Advanced timeout advanced=12046886973 initial=1000000000
03:17:27.760 INF Advanced timeout advanced=13046886973 initial=1000000000
03:17:27.760 INF Advanced timeout advanced=14046886973 initial=1000000000
03:17:27.760 INF Advanced timeout advanced=15046886973 initial=1000000000
03:17:27.760 INF Starting PBFT instance. first=22 last=52 segID=2
03:17:27.761 INF Starting serialized message processing. segID=2
03:17:28.729 INF Handling PREPREPARE. nReq=505 senderID=0 sn=21
03:17:28.745 INF Committed entry. latency=0 nReq=505 sn=21
03:17:28.745 INF Delivered batch. nReq=505 sn=21
03:17:28.784 INF Handling PREPREPARE. nReq=1371 senderID=1 sn=22
03:17:28.817 INF Committed entry. latency=0 nReq=1371 sn=22
03:17:28.818 INF Delivered batch. nReq=1371 sn=22
03:17:29.769 INF Handling PREPREPARE. nReq=1531 senderID=0 sn=23
03:17:29.817 INF Committed entry. latency=0 nReq=1531 sn=23
03:17:29.817 INF Delivered batch. nReq=1531 sn=23
03:17:29.878 INF Handling PREPREPARE. nReq=4096 senderID=1 sn=24
03:17:29.962 INF Committed entry. latency=0 nReq=4096 sn=24
03:19:13.580 WRN Timeout segId=1 sn=25 view=0
03:19:33.141 INF Starting new view. segID=1 timeout=208000 view=1
03:19:33.142 INF Advanced timeout advanced=46886973 initial=1000000000
03:19:33.142 INF Advanced timeout advanced=1046886973 initial=1000000000
03:19:33.142 INF Advanced timeout advanced=2046886973 initial=1000000000
03:19:33.140 INF Delivered batch. nReq=4096 sn=24
03:19:33.142 INF Advanced timeout advanced=3046886973 initial=1000000000
03:19:33.142 INF Advanced timeout advanced=4046886973 initial=1000000000
03:19:33.143 INF Advanced timeout advanced=5046886973 initial=1000000000
03:19:33.143 INF Advanced timeout advanced=6046886973 initial=1000000000
03:19:33.143 INF Advanced timeout advanced=7046886973 initial=1000000000
03:19:33.143 INF Advanced timeout advanced=8046886973 initial=1000000000
03:19:33.143 WRN Timeout segId=2 sn=26 view=0
03:19:33.143 INF Advanced timeout advanced=9046886973 initial=1000000000
03:19:33.144 INF Advanced timeout advanced=10046886973 initial=1000000000
03:19:33.144 INF Starting new view. segID=2 timeout=208000 view=1
03:19:33.144 INF Advanced timeout advanced=11046886973 initial=1000000000
03:19:33.144 INF Advanced timeout advanced=46886973 initial=1000000000
03:19:33.144 INF Advanced timeout advanced=12046886973 initial=1000000000
03:19:33.144 INF Advanced timeout advanced=1046886973 initial=1000000000
03:19:33.144 INF Advanced timeout advanced=13046886973 initial=1000000000
03:19:33.145 INF Advanced timeout advanced=2046886973 initial=1000000000
03:19:33.145 INF Advanced timeout advanced=3046886973 initial=1000000000
03:19:33.145 INF Advanced timeout advanced=14046886973 initial=1000000000
03:19:33.145 INF Advanced timeout advanced=4046886973 initial=1000000000
03:19:33.145 INF Advanced timeout advanced=15046886973 initial=1000000000
03:19:33.145 INF Advanced timeout advanced=5046886973 initial=1000000000
03:19:33.146 INF Advanced timeout advanced=6046886973 initial=1000000000
03:19:33.146 INF Advanced timeout advanced=7046886973 initial=1000000000
03:19:33.146 INF Advanced timeout advanced=8046886973 initial=1000000000
03:19:33.146 INF Advanced timeout advanced=9046886973 initial=1000000000
03:19:33.146 INF Advanced timeout advanced=10046886973 initial=1000000000
03:19:33.146 INF Requesting VIEWCHANGE. receiverID=1 segID=1 senderID=5 view=1
03:19:33.146 INF Advanced timeout advanced=11046886973 initial=1000000000
03:19:33.146 INF Advanced timeout advanced=12046886973 initial=1000000000
03:19:33.146 INF Advanced timeout advanced=13046886973 initial=1000000000
03:19:33.146 INF Advanced timeout advanced=14046886973 initial=1000000000
03:19:33.146 INF Advanced timeout advanced=15046886973 initial=1000000000
03:19:33.146 INF Requesting VIEWCHANGE. receiverID=2 segID=2 senderID=5 view=1
03:19:33.195 INF Handling PREPREPARE. nReq=0 senderID=0 sn=27
03:19:33.200 INF Handling PREPREPARE. nReq=406 senderID=0 sn=25
03:19:33.352 INF Handling NEWVIEW. currentView=1 msgView=1 segID=2 senderID=2
03:19:33.444 INF Handling NEWVIEW. currentView=1 msgView=1 segID=1 senderID=1
03:19:33.498 INF Committed entry. latency=0 nReq=0 sn=33
03:19:33.498 INF Committed entry. latency=0 nReq=0 sn=35
03:19:33.498 INF Committed entry. latency=0 nReq=0 sn=41
03:19:33.498 INF Committed entry. latency=0 nReq=0 sn=27
03:19:33.498 INF Committed entry. latency=0 nReq=0 sn=49
03:19:33.499 INF Committed entry. latency=0 nReq=0 sn=51
03:19:33.499 INF Committed entry. latency=0 nReq=0 sn=25
03:19:33.499 INF Delivered batch. nReq=0 sn=25
03:19:33.499 INF Committed entry. latency=0 nReq=0 sn=29
03:19:33.499 INF Committed entry. latency=0 nReq=0 sn=31
03:19:33.499 INF Committed entry. latency=0 nReq=0 sn=37
03:19:33.499 INF Committed entry. latency=0 nReq=0 sn=45
03:19:33.499 INF Committed entry. latency=0 nReq=0 sn=47
03:19:33.499 INF Committed entry. latency=0 nReq=0 sn=39
03:19:33.501 INF Committed entry. latency=0 nReq=0 sn=43
03:19:33.501 INF Sending segment checkpoint. lastSn=51 segID=1
03:19:33.508 INF Handling PREPREPARE. nReq=1043 senderID=1 sn=26
03:19:33.508 INF PBFT checkpoint ready. Scheduling catchup. lastSn=51 segID=1
03:19:33.518 INF Committed entry. latency=0 nReq=0 sn=32
03:19:33.518 INF Committed entry. latency=0 nReq=0 sn=50
03:19:33.518 INF Committed entry. latency=0 nReq=0 sn=46
03:19:33.518 INF Committed entry. latency=0 nReq=0 sn=38
03:19:33.518 INF Committed entry. latency=0 nReq=0 sn=42
03:19:33.518 INF Committed entry. latency=0 nReq=0 sn=28
03:19:33.518 INF Committed entry. latency=0 nReq=0 sn=34
03:19:33.518 INF Committed entry. latency=0 nReq=0 sn=52
03:19:33.518 INF Committed entry. latency=0 nReq=0 sn=40
03:19:33.518 INF Committed entry. latency=0 nReq=0 sn=36
03:19:33.519 INF Committed entry. latency=0 nReq=0 sn=44
03:19:33.519 INF Committed entry. latency=0 nReq=0 sn=48
03:19:33.519 INF Committed entry. latency=0 nReq=0 sn=26
03:19:33.519 INF Delivered batch. nReq=0 sn=26
03:19:33.519 INF Delivered batch. nReq=0 sn=27
03:19:33.519 INF Delivered batch. nReq=0 sn=28
03:19:33.519 INF Delivered batch. nReq=0 sn=29
03:19:33.521 INF Committed entry. latency=0 nReq=0 sn=30
03:19:33.521 INF Delivered batch. nReq=0 sn=30
03:19:33.521 INF Delivered batch. nReq=0 sn=31
03:19:33.522 INF Delivered batch. nReq=0 sn=32
03:19:33.522 INF Delivered batch. nReq=0 sn=33
03:19:33.522 INF Delivered batch. nReq=0 sn=34
03:19:33.522 INF Delivered batch. nReq=0 sn=35
03:19:33.522 INF Delivered batch. nReq=0 sn=36
03:19:33.522 INF Delivered batch. nReq=0 sn=37
03:19:33.522 INF Delivered batch. nReq=0 sn=38
03:19:33.522 INF Delivered batch. nReq=0 sn=39
03:19:33.522 INF Delivered batch. nReq=0 sn=40
03:19:33.522 INF Delivered batch. nReq=0 sn=41
03:19:33.522 INF Delivered batch. nReq=0 sn=42
03:19:33.522 INF Delivered batch. nReq=0 sn=43
03:19:33.523 INF Delivered batch. nReq=0 sn=44
03:19:33.523 INF Delivered batch. nReq=0 sn=45
03:19:33.523 INF Delivered batch. nReq=0 sn=46
03:19:33.523 INF Delivered batch. nReq=0 sn=47
03:19:33.523 INF Delivered batch. nReq=0 sn=48
03:19:33.523 INF Delivered batch. nReq=0 sn=49
03:19:33.523 INF Delivered batch. nReq=0 sn=50
03:19:33.523 INF Delivered batch. nReq=0 sn=51
03:19:33.523 INF Delivered batch. nReq=0 sn=52
03:19:33.523 INF Sending segment checkpoint. lastSn=52 segID=2
03:19:33.534 INF PBFT checkpoint ready. Scheduling catchup. lastSn=52 segID=2
03:19:33.564 INF New stable checkpoint. sn=52
03:19:33.564 INF Received stable checkpoint notification. sn=52
03:19:33.564 INF Closing message serializers. segID=1
03:19:33.565 INF Statistics commitTs=1753989448744481318 duration=14815630 proposeTs=1753989448729665688 sn=21
03:19:33.565 INF Statistics commitTs=1753989449815794134 duration=45958882 proposeTs=1753989449769835252 sn=23
03:19:33.565 INF Statistics commitTs=1753989573497031633 duration=125962467706 proposeTs=1753989447534563927 sn=25
03:19:33.565 INF Statistics commitTs=1753989573497027040 duration=125962463113 proposeTs=1753989447534563927 sn=27
03:19:33.565 INF Statistics commitTs=1753989573497032758 duration=125962468831 proposeTs=1753989447534563927 sn=29
03:19:33.565 INF Statistics commitTs=1753989573497036014 duration=125962472087 proposeTs=1753989447534563927 sn=31
03:19:33.565 INF Statistics commitTs=1753989573497015707 duration=125962451780 proposeTs=1753989447534563927 sn=33
03:19:33.565 INF Statistics commitTs=1753989573497017726 duration=125962453799 proposeTs=1753989447534563927 sn=35
03:19:33.565 INF Statistics commitTs=1753989573497040248 duration=125962476321 proposeTs=1753989447534563927 sn=37
03:19:33.565 INF Statistics commitTs=1753989573497044435 duration=125962480508 proposeTs=1753989447534563927 sn=39
03:19:33.565 INF Statistics commitTs=1753989573497020562 duration=125962456635 proposeTs=1753989447534563927 sn=41
03:19:33.565 INF Statistics commitTs=1753989573501089581 duration=125966525654 proposeTs=1753989447534563927 sn=43
03:19:33.565 INF Statistics commitTs=1753989573497041583 duration=125962477656 proposeTs=1753989447534563927 sn=45
03:19:33.566 INF Statistics commitTs=1753989573497042795 duration=125962478868 proposeTs=1753989447534563927 sn=47
03:19:33.566 INF Statistics commitTs=1753989573497029515 duration=125962465588 proposeTs=1753989447534563927 sn=49
03:19:33.566 INF Statistics commitTs=1753989573497030756 duration=125962466829 proposeTs=1753989447534563927 sn=51
03:19:33.566 INF Median commit time commit=125962467706 segID=1
03:19:33.566 INF Closing message serializers. segID=2
03:19:33.566 INF Statistics commitTs=1753989448815532575 duration=30835980 proposeTs=1753989448784696595 sn=22
03:19:33.566 INF Statistics commitTs=1753989449959816824 duration=80902694 proposeTs=1753989449878914130 sn=24
03:19:33.566 INF Statistics commitTs=1753989573518403326 duration=125757492390 proposeTs=1753989447760910936 sn=26
03:19:33.566 INF Statistics commitTs=1753989573518003399 duration=125757092463 proposeTs=1753989447760910936 sn=28
03:19:33.566 INF Statistics commitTs=1753989573521450215 duration=125760539279 proposeTs=1753989447760910936 sn=30
03:19:33.566 INF Statistics commitTs=1753989573517986876 duration=125757075940 proposeTs=1753989447760910936 sn=32
03:19:33.566 INF Statistics commitTs=1753989573518004997 duration=125757094061 proposeTs=1753989447760910936 sn=34
03:19:33.567 INF Statistics commitTs=1753989573518011949 duration=125757101013 proposeTs=1753989447760910936 sn=36
03:19:33.567 INF Statistics commitTs=1753989573517997030 duration=125757086094 proposeTs=1753989447760910936 sn=38
03:19:33.567 INF Statistics commitTs=1753989573518009897 duration=125757098961 proposeTs=1753989447760910936 sn=40
03:19:33.567 INF Statistics commitTs=1753989573518000109 duration=125757089173 proposeTs=1753989447760910936 sn=42
03:19:33.567 INF Statistics commitTs=1753989573518014210 duration=125757103274 proposeTs=1753989447760910936 sn=44
03:19:33.567 INF fuck! epoch=192 epoch time (ms)=125982 leaders=3 viewtimeout=120000
03:19:33.567 INF Statistics commitTs=1753989573517994000 duration=125757083064 proposeTs=1753989447760910936 sn=46
03:19:33.567 INF Epoch finished. Waiting for stable checkpoint. sn=52
03:19:33.567 INF Statistics commitTs=1753989573518015287 duration=125757104351 proposeTs=1753989447760910936 sn=48
03:19:33.567 INF Epoch end confirmed. chkpSn=52
03:19:33.567 INF Statistics commitTs=1753989573517991635 duration=125757080699 proposeTs=1753989447760910936 sn=50
03:19:33.567 INF Statistics commitTs=1753989573518006101 duration=125757095165 proposeTs=1753989447760910936 sn=52
03:19:33.567 INF Median commit time commit=125757094061 segID=2
03:19:33.567 INF Advancing watermarks. numEntries=32
03:19:33.580 INF PbftOrderer received a new segment: [54 57 60 63 66 69 72 75 78 81 84 87 90 93 96 99] first leader=1 firstSN=54 lastSN=99 len=16 length=16 segId=4
03:19:33.884 INF Starting new view. segID=4 timeout=120000 view=0
03:19:33.884 INF Advanced timeout advanced=125757094061 initial=1000000000
03:19:33.884 INF Advanced timeout advanced=126757094061 initial=1000000000
03:19:33.884 INF Advanced timeout advanced=127757094061 initial=1000000000
03:19:33.884 INF Advanced timeout advanced=128757094061 initial=1000000000
03:19:33.884 INF Advanced timeout advanced=129757094061 initial=1000000000
03:19:33.884 INF Advanced timeout advanced=130757094061 initial=1000000000
03:19:33.884 INF Advanced timeout advanced=131757094061 initial=1000000000
03:19:33.884 INF Advanced timeout advanced=132757094061 initial=1000000000
03:19:33.884 INF Advanced timeout advanced=133757094061 initial=1000000000
03:19:33.884 INF Advanced timeout advanced=134757094061 initial=1000000000
03:19:33.884 INF Advanced timeout advanced=135757094061 initial=1000000000
03:19:33.885 INF Advanced timeout advanced=136757094061 initial=1000000000
03:19:33.885 INF Advanced timeout advanced=137757094061 initial=1000000000
03:19:33.885 INF Advanced timeout advanced=138757094061 initial=1000000000
03:19:33.885 INF Advanced timeout advanced=139757094061 initial=1000000000
03:19:33.885 INF Advanced timeout advanced=140757094061 initial=1000000000
03:19:33.885 INF Starting PBFT instance. first=54 last=99 segID=4
03:19:33.885 INF PbftOrderer received a new segment: [55 58 61 64 67 70 73 76 79 82 85 88 91 94 97 100] first leader=2 firstSN=55 lastSN=100 len=16 length=16 segId=5
03:19:33.893 INF Starting serialized message processing. segID=4
03:19:34.223 INF Starting new view. segID=5 timeout=120000 view=0
03:19:34.223 INF Advanced timeout advanced=125757094061 initial=1000000000
03:19:34.223 INF Advanced timeout advanced=126757094061 initial=1000000000
03:19:34.223 INF Advanced timeout advanced=127757094061 initial=1000000000
03:19:34.223 INF Advanced timeout advanced=128757094061 initial=1000000000
03:19:34.223 INF Advanced timeout advanced=129757094061 initial=1000000000
03:19:34.223 INF Advanced timeout advanced=130757094061 initial=1000000000
03:19:34.223 INF Advanced timeout advanced=131757094061 initial=1000000000
03:19:34.223 INF Advanced timeout advanced=132757094061 initial=1000000000
03:19:34.224 INF Advanced timeout advanced=133757094061 initial=1000000000
03:19:34.224 INF Advanced timeout advanced=134757094061 initial=1000000000
03:19:34.224 INF Advanced timeout advanced=135757094061 initial=1000000000
03:19:34.224 INF Advanced timeout advanced=136757094061 initial=1000000000
03:19:34.224 INF Advanced timeout advanced=137757094061 initial=1000000000
03:19:34.224 INF Advanced timeout advanced=138757094061 initial=1000000000
03:19:34.224 INF Advanced timeout advanced=139757094061 initial=1000000000
03:19:34.224 INF Advanced timeout advanced=140757094061 initial=1000000000
03:19:34.224 INF Starting PBFT instance. first=55 last=100 segID=5
03:19:34.224 INF PbftOrderer received a new segment: [53 56 59 62 65 68 71 74 77 80 83 86 89 92 95 98] first leader=0 firstSN=53 lastSN=98 len=16 length=16 segId=3
03:19:34.248 INF fuck1 epoch change time (ms)=722
03:19:34.248 INF Starting serialized message processing. segID=5
03:19:34.557 INF Starting new view. segID=3 timeout=120000 view=0
03:19:34.557 INF Advanced timeout advanced=125757094061 initial=1000000000
03:19:34.557 INF Advanced timeout advanced=126757094061 initial=1000000000
03:19:34.557 INF Advanced timeout advanced=127757094061 initial=1000000000
03:19:34.557 INF Advanced timeout advanced=128757094061 initial=1000000000
03:19:34.557 INF Advanced timeout advanced=129757094061 initial=1000000000
03:19:34.557 INF Advanced timeout advanced=130757094061 initial=1000000000
03:19:34.557 INF Advanced timeout advanced=131757094061 initial=1000000000
03:19:34.557 INF Advanced timeout advanced=132757094061 initial=1000000000
03:19:34.557 INF Advanced timeout advanced=133757094061 initial=1000000000
03:19:34.557 INF Advanced timeout advanced=134757094061 initial=1000000000
03:19:34.558 INF Advanced timeout advanced=135757094061 initial=1000000000
03:19:34.558 INF Advanced timeout advanced=136757094061 initial=1000000000
03:19:34.558 INF Advanced timeout advanced=137757094061 initial=1000000000
03:19:34.558 INF Advanced timeout advanced=138757094061 initial=1000000000
03:19:34.558 INF Advanced timeout advanced=139757094061 initial=1000000000
03:19:34.558 INF Advanced timeout advanced=140757094061 initial=1000000000
03:19:34.558 INF Starting PBFT instance. first=53 last=98 segID=3
03:19:34.558 INF Starting serialized message processing. segID=3
03:19:35.260 INF Handling PREPREPARE. nReq=1028 senderID=0 sn=53
03:19:35.293 INF Committed entry. latency=0 nReq=1028 sn=53
03:19:35.293 INF Delivered batch. nReq=1028 sn=53
03:19:35.417 INF Handling PREPREPARE. nReq=4096 senderID=1 sn=54
03:19:35.499 INF Committed entry. latency=0 nReq=4096 sn=54
03:19:35.499 INF Delivered batch. nReq=4096 sn=54
03:19:35.610 INF Handling PREPREPARE. nReq=1118 senderID=2 sn=55
03:19:35.638 INF Committed entry. latency=0 nReq=1118 sn=55
03:19:35.638 INF Delivered batch. nReq=1118 sn=55
03:19:36.219 INF Handling PREPREPARE. nReq=317 senderID=0 sn=56
03:19:36.238 INF Committed entry. latency=0 nReq=317 sn=56
03:19:36.238 INF Delivered batch. nReq=317 sn=56
03:19:36.378 INF Handling PREPREPARE. nReq=1105 senderID=1 sn=57
03:19:36.409 INF Committed entry. latency=0 nReq=1105 sn=57
03:19:36.409 INF Delivered batch. nReq=1105 sn=57
03:19:36.600 INF Handling PREPREPARE. nReq=440 senderID=2 sn=58
03:19:36.663 INF Committed entry. latency=0 nReq=440 sn=58
03:19:36.663 INF Delivered batch. nReq=440 sn=58
03:19:37.219 INF Handling PREPREPARE. nReq=308 senderID=0 sn=59
03:19:37.236 INF Committed entry. latency=0 nReq=308 sn=59
03:19:37.237 INF Delivered batch. nReq=308 sn=59
03:19:37.403 INF Handling PREPREPARE. nReq=1293 senderID=1 sn=60
03:19:37.434 INF Committed entry. latency=0 nReq=1293 sn=60
03:19:37.434 INF Delivered batch. nReq=1293 sn=60
03:19:37.631 INF Handling PREPREPARE. nReq=860 senderID=2 sn=61
03:19:37.653 INF Committed entry. latency=0 nReq=860 sn=61
03:19:37.653 INF Delivered batch. nReq=860 sn=61
03:19:38.229 INF Handling PREPREPARE. nReq=286 senderID=0 sn=62
03:19:38.242 INF Committed entry. latency=0 nReq=286 sn=62
03:19:38.242 INF Delivered batch. nReq=286 sn=62
03:19:38.375 INF Handling PREPREPARE. nReq=1246 senderID=1 sn=63
03:19:38.416 INF Committed entry. latency=0 nReq=1246 sn=63
03:19:38.419 INF Delivered batch. nReq=1246 sn=63
03:19:38.643 INF Handling PREPREPARE. nReq=1769 senderID=2 sn=64
03:19:38.683 INF Committed entry. latency=0 nReq=1769 sn=64
03:19:38.684 INF Delivered batch. nReq=1769 sn=64
03:19:39.233 INF Handling PREPREPARE. nReq=485 senderID=0 sn=65
03:19:39.253 INF Committed entry. latency=0 nReq=485 sn=65
03:19:39.253 INF Delivered batch. nReq=485 sn=65
03:19:39.407 INF Handling PREPREPARE. nReq=1718 senderID=1 sn=66
03:19:39.442 INF Committed entry. latency=0 nReq=1718 sn=66
03:19:39.442 INF Delivered batch. nReq=1718 sn=66
03:19:39.657 INF Handling PREPREPARE. nReq=2040 senderID=2 sn=67
03:19:39.708 INF Committed entry. latency=0 nReq=2040 sn=67
03:19:39.708 INF Delivered batch. nReq=2040 sn=67
03:19:40.242 INF Handling PREPREPARE. nReq=474 senderID=0 sn=68
03:19:40.262 INF Committed entry. latency=0 nReq=474 sn=68
03:19:40.263 INF Delivered batch. nReq=474 sn=68
03:19:40.396 INF Handling PREPREPARE. nReq=1620 senderID=1 sn=69
03:19:40.429 INF Committed entry. latency=0 nReq=1620 sn=69
03:19:40.429 INF Delivered batch. nReq=1620 sn=69
03:19:40.646 INF Handling PREPREPARE. nReq=1264 senderID=2 sn=70
03:19:40.672 INF Committed entry. latency=0 nReq=1264 sn=70
03:19:40.672 INF Delivered batch. nReq=1264 sn=70
03:19:41.225 INF Handling PREPREPARE. nReq=279 senderID=0 sn=71
03:19:41.243 INF Committed entry. latency=0 nReq=279 sn=71
03:19:41.243 INF Delivered batch. nReq=279 sn=71
03:19:41.378 INF Handling PREPREPARE. nReq=1285 senderID=1 sn=72
03:19:41.409 INF Committed entry. latency=0 nReq=1285 sn=72
03:19:41.409 INF Delivered batch. nReq=1285 sn=72
03:19:41.669 INF Handling PREPREPARE. nReq=1472 senderID=2 sn=73
03:19:41.701 INF Committed entry. latency=0 nReq=1472 sn=73
03:19:41.701 INF Delivered batch. nReq=1472 sn=73
03:19:42.229 INF Handling PREPREPARE. nReq=382 senderID=0 sn=74
03:19:42.245 INF Committed entry. latency=0 nReq=382 sn=74
03:19:42.245 INF Delivered batch. nReq=382 sn=74
03:19:42.411 INF Handling PREPREPARE. nReq=1612 senderID=1 sn=75
03:19:42.454 INF Committed entry. latency=0 nReq=1612 sn=75
03:19:42.454 INF Delivered batch. nReq=1612 sn=75
03:19:42.701 INF Handling PREPREPARE. nReq=2422 senderID=2 sn=76
03:19:42.757 INF Committed entry. latency=0 nReq=2422 sn=76
03:19:42.757 INF Delivered batch. nReq=2422 sn=76
03:19:43.245 INF Handling PREPREPARE. nReq=518 senderID=0 sn=77
03:19:43.273 INF Committed entry. latency=0 nReq=518 sn=77
03:19:43.273 INF Delivered batch. nReq=518 sn=77
03:19:43.410 INF Handling PREPREPARE. nReq=1629 senderID=1 sn=78
03:19:43.455 INF Committed entry. latency=0 nReq=1629 sn=78
03:19:43.456 INF Delivered batch. nReq=1629 sn=78
03:19:43.654 INF Handling PREPREPARE. nReq=1319 senderID=2 sn=79
03:19:43.684 INF Committed entry. latency=0 nReq=1319 sn=79
03:19:43.684 INF Delivered batch. nReq=1319 sn=79
03:19:44.222 INF Handling PREPREPARE. nReq=305 senderID=0 sn=80
03:19:44.241 INF Committed entry. latency=0 nReq=305 sn=80
03:19:44.241 INF Delivered batch. nReq=305 sn=80
03:19:44.365 INF Handling PREPREPARE. nReq=838 senderID=1 sn=81
03:19:44.394 INF Committed entry. latency=0 nReq=838 sn=81
03:19:44.394 INF Delivered batch. nReq=838 sn=81
03:19:44.657 INF Handling PREPREPARE. nReq=1444 senderID=2 sn=82
03:19:44.684 INF Committed entry. latency=0 nReq=1444 sn=82
03:19:44.684 INF Delivered batch. nReq=1444 sn=82
03:19:45.296 INF Handling PREPREPARE. nReq=1166 senderID=0 sn=83
03:19:45.319 INF Committed entry. latency=0 nReq=1166 sn=83
03:19:45.320 INF Delivered batch. nReq=1166 sn=83
03:19:45.355 INF Handling PREPREPARE. nReq=761 senderID=1 sn=84
03:19:45.371 INF Committed entry. latency=0 nReq=761 sn=84
03:19:45.371 INF Delivered batch. nReq=761 sn=84
03:19:45.684 INF Handling PREPREPARE. nReq=1866 senderID=2 sn=85
03:19:45.726 INF Committed entry. latency=0 nReq=1866 sn=85
03:19:45.726 INF Delivered batch. nReq=1866 sn=85
03:19:46.220 INF Handling PREPREPARE. nReq=529 senderID=0 sn=86
03:19:46.240 INF Committed entry. latency=0 nReq=529 sn=86
03:19:46.240 INF Delivered batch. nReq=529 sn=86
03:19:46.335 INF Handling PREPREPARE. nReq=0 senderID=1 sn=87
03:19:46.342 INF Committed entry. latency=0 nReq=0 sn=87
03:19:46.342 INF Delivered batch. nReq=0 sn=87
03:19:46.595 INF Handling PREPREPARE. nReq=0 senderID=2 sn=88
03:19:46.599 INF Committed entry. latency=0 nReq=0 sn=88
03:19:46.599 INF Delivered batch. nReq=0 sn=88
03:19:47.276 INF Handling PREPREPARE. nReq=764 senderID=0 sn=89
03:19:47.307 INF Committed entry. latency=0 nReq=764 sn=89
03:19:47.308 INF Delivered batch. nReq=764 sn=89
03:19:47.336 INF Handling PREPREPARE. nReq=0 senderID=1 sn=90
03:19:47.343 INF Committed entry. latency=0 nReq=0 sn=90
03:19:47.343 INF Delivered batch. nReq=0 sn=90
03:19:47.596 INF Handling PREPREPARE. nReq=0 senderID=2 sn=91
03:19:47.604 INF Committed entry. latency=0 nReq=0 sn=91
03:19:47.604 INF Delivered batch. nReq=0 sn=91
03:19:48.338 INF Handling PREPREPARE. nReq=0 senderID=1 sn=93
03:19:48.339 INF Handling PREPREPARE. nReq=2645 senderID=0 sn=92
03:19:48.344 INF Committed entry. latency=0 nReq=0 sn=93
03:19:48.416 INF Committed entry. latency=0 nReq=2645 sn=92
03:19:48.416 INF Delivered batch. nReq=2645 sn=92
03:19:48.417 INF Delivered batch. nReq=0 sn=93
03:19:48.596 INF Handling PREPREPARE. nReq=0 senderID=2 sn=94
03:19:48.602 INF Committed entry. latency=0 nReq=0 sn=94
03:19:48.603 INF Delivered batch. nReq=0 sn=94
03:19:49.286 INF Handling PREPREPARE. nReq=877 senderID=0 sn=95
03:19:49.323 INF Committed entry. latency=0 nReq=877 sn=95
03:19:49.323 INF Delivered batch. nReq=877 sn=95
03:19:49.343 INF Handling PREPREPARE. nReq=0 senderID=1 sn=96
03:19:49.349 INF Committed entry. latency=0 nReq=0 sn=96
03:19:49.350 INF Delivered batch. nReq=0 sn=96
03:19:49.598 INF Handling PREPREPARE. nReq=0 senderID=2 sn=97
03:19:49.604 INF Committed entry. latency=0 nReq=0 sn=97
03:19:49.604 INF Delivered batch. nReq=0 sn=97
03:19:50.312 INF Handling PREPREPARE. nReq=1420 senderID=0 sn=98
03:19:50.344 INF Handling PREPREPARE. nReq=0 senderID=1 sn=99
03:19:50.348 INF Committed entry. latency=0 nReq=0 sn=99
03:19:50.349 INF Sending segment checkpoint. lastSn=99 segID=4
03:19:50.349 INF Committed entry. latency=0 nReq=1420 sn=98
03:19:50.349 INF Delivered batch. nReq=1420 sn=98
03:19:50.350 INF Delivered batch. nReq=0 sn=99
03:19:50.350 INF Sending segment checkpoint. lastSn=98 segID=3
03:19:50.354 INF PBFT checkpoint ready. Scheduling catchup. lastSn=99 segID=4
03:19:50.360 INF PBFT checkpoint ready. Scheduling catchup. lastSn=98 segID=3
03:19:50.598 INF Handling PREPREPARE. nReq=0 senderID=2 sn=100
03:19:50.605 INF Committed entry. latency=0 nReq=0 sn=100
03:19:50.605 INF Delivered batch. nReq=0 sn=100
03:19:50.605 INF Sending segment checkpoint. lastSn=100 segID=5
03:19:50.611 INF PBFT checkpoint ready. Scheduling catchup. lastSn=100 segID=5
03:19:50.643 INF New stable checkpoint. sn=100
03:19:50.644 INF Closing message serializers. segID=5
03:19:50.644 INF Statistics commitTs=1753989575637020017 duration=26499190 proposeTs=1753989575610520827 sn=55
03:19:50.644 INF Statistics commitTs=1753989576663227694 duration=62877938 proposeTs=1753989576600349756 sn=58
03:19:50.644 INF Statistics commitTs=1753989577652647460 duration=21637895 proposeTs=1753989577631009565 sn=61
03:19:50.645 INF Statistics commitTs=1753989578682658504 duration=38911532 proposeTs=1753989578643746972 sn=64
03:19:50.645 INF Statistics commitTs=1753989579707025356 duration=49507502 proposeTs=1753989579657517854 sn=67
03:19:50.645 INF Statistics commitTs=1753989580671233496 duration=24437353 proposeTs=1753989580646796143 sn=70
03:19:50.645 INF Statistics commitTs=1753989581700440330 duration=30952369 proposeTs=1753989581669487961 sn=73
03:19:50.646 INF Statistics commitTs=1753989582754466360 duration=52820168 proposeTs=1753989582701646192 sn=76
03:19:50.646 INF Statistics commitTs=1753989583683527859 duration=28840405 proposeTs=1753989583654687454 sn=79
03:19:50.646 INF Statistics commitTs=1753989584682929377 duration=25239791 proposeTs=1753989584657689586 sn=82
03:19:50.647 INF Received stable checkpoint notification. sn=100
03:19:50.646 INF Statistics commitTs=1753989585723700637 duration=39469294 proposeTs=1753989585684231343 sn=85
03:19:50.647 INF Closing message serializers. segID=4
03:19:50.647 INF Statistics commitTs=1753989575492502426 duration=75298172 proposeTs=1753989575417204254 sn=54
03:19:50.647 INF Closing message serializers. segID=3
03:19:50.647 INF Statistics commitTs=1753989586599302089 duration=3918051 proposeTs=1753989586595384038 sn=88
03:19:50.647 INF Statistics commitTs=1753989576408106565 duration=29439894 proposeTs=1753989576378666671 sn=57
03:19:50.648 INF Statistics commitTs=1753989575291212875 duration=30489096 proposeTs=1753989575260723779 sn=53
03:19:50.648 INF Statistics commitTs=1753989577433220339 duration=29856204 proposeTs=1753989577403364135 sn=60
03:19:50.648 INF Statistics commitTs=1753989576237877908 duration=18661896 proposeTs=1753989576219216012 sn=56
03:19:50.648 INF Statistics commitTs=1753989578413180291 duration=37649509 proposeTs=1753989578375530782 sn=63
03:19:50.648 INF Statistics commitTs=1753989577236320699 duration=17186317 proposeTs=1753989577219134382 sn=59
03:19:50.648 INF Statistics commitTs=1753989579440643031 duration=33688738 proposeTs=1753989579406954293 sn=66
03:19:50.648 INF Statistics commitTs=1753989580428372005 duration=32297453 proposeTs=1753989580396074552 sn=69
03:19:50.648 INF Statistics commitTs=1753989578242394142 duration=13154014 proposeTs=1753989578229240128 sn=62
03:19:50.648 INF Statistics commitTs=1753989581408789941 duration=30083764 proposeTs=1753989581378706177 sn=72
03:19:50.648 INF Statistics commitTs=1753989579252643291 duration=19407592 proposeTs=1753989579233235699 sn=65
03:19:50.649 INF Statistics commitTs=1753989582448377558 duration=37080352 proposeTs=1753989582411297206 sn=75
03:19:50.649 INF Statistics commitTs=1753989583451507705 duration=41137114 proposeTs=1753989583410370591 sn=78
03:19:50.649 INF Statistics commitTs=1753989584392379229 duration=27287510 proposeTs=1753989584365091719 sn=81
03:19:50.649 INF Statistics commitTs=1753989585370878015 duration=15775952 proposeTs=1753989585355102063 sn=84
03:19:50.648 INF Statistics commitTs=1753989587604110053 duration=7655209 proposeTs=1753989587596454844 sn=91
03:19:50.649 INF Statistics commitTs=1753989586342197572 duration=6410468 proposeTs=1753989586335787104 sn=87
03:19:50.649 INF Statistics commitTs=1753989587342894144 duration=6091093 proposeTs=1753989587336803051 sn=90
03:19:50.650 INF Statistics commitTs=1753989588344443621 duration=6015540 proposeTs=1753989588338428081 sn=93
03:19:50.650 INF Statistics commitTs=1753989588602061737 duration=5084855 proposeTs=1753989588596976882 sn=94
03:19:50.650 INF Statistics commitTs=1753989589349942449 duration=5975320 proposeTs=1753989589343967129 sn=96
03:19:50.650 INF Statistics commitTs=1753989589604263139 duration=6136109 proposeTs=1753989589598127030 sn=97
03:19:50.650 INF Statistics commitTs=1753989590605161194 duration=6395749 proposeTs=1753989590598765445 sn=100
03:19:50.651 INF Median commit time commit=26499190 segID=5
03:19:50.650 INF Statistics commitTs=1753989590348690915 duration=4516193 proposeTs=1753989590344174722 sn=99
03:19:50.651 INF Median commit time commit=29856204 segID=4
03:19:50.651 INF Statistics commitTs=1753989580262255235 duration=19396422 proposeTs=1753989580242858813 sn=68
03:19:50.652 INF Statistics commitTs=1753989581242443258 duration=17207711 proposeTs=1753989581225235547 sn=71
03:19:50.652 INF Statistics commitTs=1753989582244780517 duration=15797895 proposeTs=1753989582228982622 sn=74
03:19:50.652 INF Statistics commitTs=1753989583272723683 duration=27034364 proposeTs=1753989583245689319 sn=77
03:19:50.652 INF Statistics commitTs=1753989584241073637 duration=18623390 proposeTs=1753989584222450247 sn=80
03:19:50.652 INF Statistics commitTs=1753989585318995604 duration=22873656 proposeTs=1753989585296121948 sn=83
03:19:50.653 INF Statistics commitTs=1753989586239130721 duration=18186661 proposeTs=1753989586220944060 sn=86
03:19:50.653 INF Statistics commitTs=1753989587307214199 duration=30784018 proposeTs=1753989587276430181 sn=89
03:19:50.653 INF Statistics commitTs=1753989588413085042 duration=73506158 proposeTs=1753989588339578884 sn=92
03:19:50.653 INF Statistics commitTs=1753989589322294950 duration=35527762 proposeTs=1753989589286767188 sn=95
03:19:50.653 INF Statistics commitTs=1753989590347528899 duration=35211745 proposeTs=1753989590312317154 sn=98
03:19:50.654 INF Median commit time commit=19407592 segID=3
03:19:50.669 INF fuck! epoch=192 epoch time (ms)=16358 leaders=4 viewtimeout=120000
03:19:50.670 INF Epoch finished. Waiting for stable checkpoint. sn=100
03:19:50.670 INF Epoch end confirmed. chkpSn=100
03:19:50.670 INF Advancing watermarks. numEntries=48
03:19:50.870 INF PbftOrderer received a new segment: [101 105 109 113 117 121 125 129 133 137 141 145 149 153 157 161] first leader=0 firstSN=101 lastSN=161 len=16 length=16 segId=6
03:19:51.591 INF Starting new view. segID=6 timeout=120000 view=0
03:19:51.592 INF Advanced timeout advanced=19407592 initial=1000000000
03:19:51.592 INF Advanced timeout advanced=1019407592 initial=1000000000
03:19:51.592 INF Advanced timeout advanced=2019407592 initial=1000000000
03:19:51.592 INF Advanced timeout advanced=3019407592 initial=1000000000
03:19:51.592 INF Advanced timeout advanced=4019407592 initial=1000000000
03:19:51.592 INF Advanced timeout advanced=5019407592 initial=1000000000
03:19:51.592 INF Advanced timeout advanced=6019407592 initial=1000000000
03:19:51.592 INF Advanced timeout advanced=7019407592 initial=1000000000
03:19:51.592 INF Advanced timeout advanced=8019407592 initial=1000000000
03:19:51.592 INF Advanced timeout advanced=9019407592 initial=1000000000
03:19:51.592 INF Advanced timeout advanced=10019407592 initial=1000000000
03:19:51.592 INF Advanced timeout advanced=11019407592 initial=1000000000
03:19:51.592 INF Advanced timeout advanced=12019407592 initial=1000000000
03:19:51.592 INF Advanced timeout advanced=13019407592 initial=1000000000
03:19:51.593 INF Advanced timeout advanced=14019407592 initial=1000000000
03:19:51.593 INF Advanced timeout advanced=15019407592 initial=1000000000
03:19:51.593 INF Starting PBFT instance. first=101 last=161 segID=6
03:19:51.593 INF PbftOrderer received a new segment: [102 106 110 114 118 122 126 130 134 138 142 146 150 154 158 162] first leader=1 firstSN=102 lastSN=162 len=16 length=16 segId=7
03:19:51.593 INF Starting serialized message processing. segID=6
03:19:52.239 INF Starting new view. segID=7 timeout=120000 view=0
03:19:52.239 INF Advanced timeout advanced=19407592 initial=1000000000
03:19:52.239 INF Advanced timeout advanced=1019407592 initial=1000000000
03:19:52.239 INF Advanced timeout advanced=2019407592 initial=1000000000
03:19:52.239 INF Advanced timeout advanced=3019407592 initial=1000000000
03:19:52.239 INF Advanced timeout advanced=4019407592 initial=1000000000
03:19:52.239 INF Advanced timeout advanced=5019407592 initial=1000000000
03:19:52.239 INF Advanced timeout advanced=6019407592 initial=1000000000
03:19:52.239 INF Advanced timeout advanced=7019407592 initial=1000000000
03:19:52.239 INF Advanced timeout advanced=8019407592 initial=1000000000
03:19:52.239 INF Advanced timeout advanced=9019407592 initial=1000000000
03:19:52.239 INF Advanced timeout advanced=10019407592 initial=1000000000
03:19:52.240 INF Advanced timeout advanced=11019407592 initial=1000000000
03:19:52.240 INF Advanced timeout advanced=12019407592 initial=1000000000
03:19:52.240 INF Advanced timeout advanced=13019407592 initial=1000000000
03:19:52.240 INF Advanced timeout advanced=14019407592 initial=1000000000
03:19:52.240 INF Advanced timeout advanced=15019407592 initial=1000000000
03:19:52.240 INF Starting PBFT instance. first=102 last=162 segID=7
03:19:52.240 INF PbftOrderer received a new segment: [103 107 111 115 119 123 127 131 135 139 143 147 151 155 159 163] first leader=2 firstSN=103 lastSN=163 len=16 length=16 segId=8
03:19:52.262 INF Starting serialized message processing. segID=7
03:19:52.850 INF Handling PREPREPARE. nReq=471 senderID=0 sn=101
03:19:52.942 INF Starting new view. segID=8 timeout=120000 view=0
03:19:52.942 INF Advanced timeout advanced=19407592 initial=1000000000
03:19:52.942 INF Advanced timeout advanced=1019407592 initial=1000000000
03:19:52.942 INF Advanced timeout advanced=2019407592 initial=1000000000
03:19:52.942 INF Advanced timeout advanced=3019407592 initial=1000000000
03:19:52.942 INF Advanced timeout advanced=4019407592 initial=1000000000
03:19:52.942 INF Advanced timeout advanced=5019407592 initial=1000000000
03:19:52.942 INF Advanced timeout advanced=6019407592 initial=1000000000
03:19:52.942 INF Advanced timeout advanced=7019407592 initial=1000000000
03:19:52.942 INF Advanced timeout advanced=8019407592 initial=1000000000
03:19:52.942 INF Advanced timeout advanced=9019407592 initial=1000000000
03:19:52.942 INF Advanced timeout advanced=10019407592 initial=1000000000
03:19:52.942 INF Advanced timeout advanced=11019407592 initial=1000000000
03:19:52.942 INF Advanced timeout advanced=12019407592 initial=1000000000
03:19:52.942 INF Advanced timeout advanced=13019407592 initial=1000000000
03:19:52.943 INF Advanced timeout advanced=14019407592 initial=1000000000
03:19:52.943 INF Advanced timeout advanced=15019407592 initial=1000000000
03:19:52.943 INF Starting PBFT instance. first=103 last=163 segID=8
03:19:52.943 INF PbftOrderer received a new segment: [104 108 112 116 120 124 128 132 136 140 144 148 152 156 160 164] first leader=3 firstSN=104 lastSN=164 len=16 length=16 segId=9
03:19:52.959 INF fuck1 epoch change time (ms)=2353
03:19:52.960 INF Starting serialized message processing. segID=8
03:19:52.960 INF Handling PREPREPARE. nReq=1293 senderID=2 sn=103
03:19:52.971 INF Committed entry. latency=0 nReq=471 sn=101
03:19:52.971 INF Delivered batch. nReq=471 sn=101
==================
WARNING: DATA RACE
Read at 0x000001304380 by goroutine 114364:
  github.com/hyperledger-labs/mirbft/log.publishEntries()
      /opt/gopath/src/github.com/hyperledger-labs/mirbft/log/log.go:281 +0x2c4
  github.com/hyperledger-labs/mirbft/log.CommitEntry()
      /opt/gopath/src/github.com/hyperledger-labs/mirbft/log/log.go:108 +0x284
  github.com/hyperledger-labs/mirbft/announcer.Announce()
      /opt/gopath/src/github.com/hyperledger-labs/mirbft/announcer/announcer.go:26 +0x370
  github.com/hyperledger-labs/mirbft/orderer.(*pbftInstance).announce()
      /opt/gopath/src/github.com/hyperledger-labs/mirbft/orderer/pbftinstance.go:726 +0x36b
  github.com/hyperledger-labs/mirbft/orderer.(*pbftInstance).handleCommit()
      /opt/gopath/src/github.com/hyperledger-labs/mirbft/orderer/pbftinstance.go:664 +0x7bd
  github.com/hyperledger-labs/mirbft/orderer.(*pbftInstance).handleMessage()
      /opt/gopath/src/github.com/hyperledger-labs/mirbft/orderer/pbftinstance.go:1810 +0x2e5
  github.com/hyperledger-labs/mirbft/orderer.(*pbftInstance).processSerializedMessages()
      /opt/gopath/src/github.com/hyperledger-labs/mirbft/orderer/pbftinstance.go:1764 +0xdd
  github.com/hyperledger-labs/mirbft/orderer.(*PbftOrderer).runSegment.func2()
      /opt/gopath/src/github.com/hyperledger-labs/mirbft/orderer/pbftorderer.go:199 +0x39

Previous write at 0x000001304380 by goroutine 941:
  github.com/hyperledger-labs/mirbft/manager.(*MirManager).handleLogEntries()
      /opt/gopath/src/github.com/hyperledger-labs/mirbft/manager/mirmanager.go:266 +0x17ea
  github.com/hyperledger-labs/mirbft/manager.(*MirManager).Start.func2()
      /opt/gopath/src/github.com/hyperledger-labs/mirbft/manager/mirmanager.go:112 +0x47

Goroutine 114364 (running) created at:
  github.com/hyperledger-labs/mirbft/orderer.(*PbftOrderer).runSegment()
      /opt/gopath/src/github.com/hyperledger-labs/mirbft/orderer/pbftorderer.go:199 +0x3f6
  github.com/hyperledger-labs/mirbft/orderer.(*PbftOrderer).Start()
      /opt/gopath/src/github.com/hyperledger-labs/mirbft/orderer/pbftorderer.go:176 +0x344
  main.main.func5()
      /opt/gopath/src/github.com/hyperledger-labs/mirbft/cmd/orderingpeer/main.go:186 +0x59

Goroutine 941 (running) created at:
  github.com/hyperledger-labs/mirbft/manager.(*MirManager).Start()
      /opt/gopath/src/github.com/hyperledger-labs/mirbft/manager/mirmanager.go:112 +0x191
  main.main.func4()
      /opt/gopath/src/github.com/hyperledger-labs/mirbft/cmd/orderingpeer/main.go:185 +0x59
==================
03:19:53.237 INF Committed entry. latency=0 nReq=1293 sn=103
03:19:53.610 INF Starting new view. segID=9 timeout=120000 view=0
03:19:53.610 INF Advanced timeout advanced=19407592 initial=1000000000
03:19:53.610 INF Advanced timeout advanced=1019407592 initial=1000000000
03:19:53.610 INF Advanced timeout advanced=2019407592 initial=1000000000
03:19:53.610 INF Advanced timeout advanced=3019407592 initial=1000000000
03:19:53.612 INF Advanced timeout advanced=4019407592 initial=1000000000
03:19:53.612 INF Advanced timeout advanced=5019407592 initial=1000000000
03:19:53.612 INF Advanced timeout advanced=6019407592 initial=1000000000
03:19:53.612 INF Advanced timeout advanced=7019407592 initial=1000000000
03:19:53.612 INF Advanced timeout advanced=8019407592 initial=1000000000
03:19:53.612 INF Advanced timeout advanced=9019407592 initial=1000000000
03:19:53.612 INF Advanced timeout advanced=10019407592 initial=1000000000
03:19:53.612 INF Advanced timeout advanced=11019407592 initial=1000000000
03:19:53.612 INF Advanced timeout advanced=12019407592 initial=1000000000
03:19:53.612 INF Advanced timeout advanced=13019407592 initial=1000000000
03:19:53.612 INF Advanced timeout advanced=14019407592 initial=1000000000
03:19:53.612 INF Advanced timeout advanced=15019407592 initial=1000000000
03:19:53.614 INF Starting PBFT instance. first=104 last=164 segID=9
03:19:53.614 INF Starting serialized message processing. segID=9
03:19:53.682 INF Handling PREPREPARE. nReq=0 senderID=2 sn=107
03:19:53.689 INF Committed entry. latency=0 nReq=0 sn=107
03:19:53.736 INF Handling PREPREPARE. nReq=2190 senderID=1 sn=102
03:19:53.804 INF Committed entry. latency=0 nReq=2190 sn=102
03:19:53.805 INF Delivered batch. nReq=2190 sn=102
03:19:53.809 INF Handling PREPREPARE. nReq=247 senderID=0 sn=105
03:19:53.810 INF Delivered batch. nReq=1293 sn=103
03:19:53.835 INF Committed entry. latency=0 nReq=247 sn=105
03:19:54.591 INF Handling PREPREPARE. nReq=0 senderID=1 sn=106
03:19:54.596 INF Committed entry. latency=0 nReq=0 sn=106
03:19:54.670 INF Handling PREPREPARE. nReq=0 senderID=3 sn=104
03:19:54.674 INF Committed entry. latency=0 nReq=0 sn=104
03:19:54.674 INF Delivered batch. nReq=0 sn=104
03:19:54.675 INF Delivered batch. nReq=247 sn=105
03:19:54.675 INF Delivered batch. nReq=0 sn=106
03:19:54.675 INF Delivered batch. nReq=0 sn=107
03:19:54.683 INF Handling PREPREPARE. nReq=0 senderID=2 sn=111
03:19:54.687 INF Committed entry. latency=0 nReq=0 sn=111
03:19:54.788 INF Handling PREPREPARE. nReq=95 senderID=0 sn=109
03:19:54.798 INF Committed entry. latency=0 nReq=95 sn=109
03:19:55.592 INF Handling PREPREPARE. nReq=0 senderID=1 sn=110
03:19:55.597 INF Committed entry. latency=0 nReq=0 sn=110
03:19:55.672 INF Handling PREPREPARE. nReq=0 senderID=3 sn=108
03:19:55.677 INF Committed entry. latency=0 nReq=0 sn=108
03:19:55.677 INF Delivered batch. nReq=0 sn=108
03:19:55.678 INF Delivered batch. nReq=95 sn=109
03:19:55.678 INF Delivered batch. nReq=0 sn=110
03:19:55.678 INF Delivered batch. nReq=0 sn=111
03:19:55.691 INF Handling PREPREPARE. nReq=0 senderID=2 sn=115
03:19:55.697 INF Committed entry. latency=0 nReq=0 sn=115
03:19:55.816 INF Handling PREPREPARE. nReq=479 senderID=0 sn=113
03:19:55.840 INF Committed entry. latency=0 nReq=479 sn=113
03:19:56.593 INF Handling PREPREPARE. nReq=0 senderID=1 sn=114
03:19:56.598 INF Committed entry. latency=0 nReq=0 sn=114
03:19:56.673 INF Handling PREPREPARE. nReq=0 senderID=3 sn=112
03:19:56.678 INF Committed entry. latency=0 nReq=0 sn=112
03:19:56.679 INF Delivered batch. nReq=0 sn=112
03:19:56.679 INF Delivered batch. nReq=479 sn=113
03:19:56.679 INF Delivered batch. nReq=0 sn=114
03:19:56.679 INF Delivered batch. nReq=0 sn=115
03:19:56.711 INF Handling PREPREPARE. nReq=0 senderID=2 sn=119
03:19:56.717 INF Committed entry. latency=0 nReq=0 sn=119
03:19:56.785 INF Handling PREPREPARE. nReq=0 senderID=0 sn=117
03:19:56.790 INF Committed entry. latency=0 nReq=0 sn=117
03:19:57.594 INF Handling PREPREPARE. nReq=0 senderID=1 sn=118
03:19:57.601 INF Committed entry. latency=0 nReq=0 sn=118
03:19:57.673 INF Handling PREPREPARE. nReq=0 senderID=3 sn=116
03:19:57.679 INF Committed entry. latency=0 nReq=0 sn=116
03:19:57.680 INF Delivered batch. nReq=0 sn=116
03:19:57.680 INF Delivered batch. nReq=0 sn=117
03:19:57.680 INF Delivered batch. nReq=0 sn=118
03:19:57.680 INF Delivered batch. nReq=0 sn=119
03:19:57.706 INF Handling PREPREPARE. nReq=0 senderID=2 sn=123
03:19:57.711 INF Committed entry. latency=0 nReq=0 sn=123
03:19:57.787 INF Handling PREPREPARE. nReq=0 senderID=0 sn=121
03:19:57.793 INF Committed entry. latency=0 nReq=0 sn=121
03:19:57.860 INF Connection terminated. error="rpc error: code = Canceled desc = context canceled" address=127.0.0.1:47190
03:19:57.864 INF Finished sending bucket assignments to client. clId=0
03:19:58.385 INF Stopping profiler.
03:19:58.385 INF Stopping Tracer. events=1072 fileName=experiment-output/0000/slave-006/peer.trc
==================
WARNING: DATA RACE
Read at 0x00c00092a758 by goroutine 109:
  github.com/hyperledger-labs/mirbft/tracing.(*BufferedTrace).Stop()
      /opt/gopath/src/github.com/hyperledger-labs/mirbft/tracing/bufferedtrace.go:237 +0x30e
  github.com/hyperledger-labs/mirbft/tracing.(*BufferedTrace).StopOnSignal.func1()
      /opt/gopath/src/github.com/hyperledger-labs/mirbft/tracing/bufferedtrace.go:298 +0x4e

Previous write at 0x00c00092a758 by goroutine 108:
  github.com/hyperledger-labs/mirbft/tracing.(*BufferedTrace).Event()
      /opt/gopath/src/github.com/hyperledger-labs/mirbft/tracing/bufferedtrace.go:105 +0x2cd
  github.com/hyperledger-labs/mirbft/profiling.StartCPUTracing.func1()
      /opt/gopath/src/github.com/hyperledger-labs/mirbft/profiling/cpuusage.go:33 +0x95

Goroutine 109 (running) created at:
  github.com/hyperledger-labs/mirbft/tracing.(*BufferedTrace).StopOnSignal()
      /opt/gopath/src/github.com/hyperledger-labs/mirbft/tracing/bufferedtrace.go:292 +0x178
  main.setUpTracing()
      /opt/gopath/src/github.com/hyperledger-labs/mirbft/cmd/orderingpeer/main.go:408 +0xf5
  main.main()
      /opt/gopath/src/github.com/hyperledger-labs/mirbft/cmd/orderingpeer/main.go:110 +0x9e4
  runtime.deferreturn()
      /home/ubuntu/go/src/runtime/panic.go:476 +0x32
  main.main()
      /opt/gopath/src/github.com/hyperledger-labs/mirbft/cmd/orderingpeer/main.go:78 +0x56c

Goroutine 108 (running) created at:
  github.com/hyperledger-labs/mirbft/profiling.StartCPUTracing()
      /opt/gopath/src/github.com/hyperledger-labs/mirbft/profiling/cpuusage.go:30 +0xb9
  main.setUpTracing()
      /opt/gopath/src/github.com/hyperledger-labs/mirbft/cmd/orderingpeer/main.go:400 +0x85
  main.main()
      /opt/gopath/src/github.com/hyperledger-labs/mirbft/cmd/orderingpeer/main.go:110 +0x9e4
  runtime.deferreturn()
      /home/ubuntu/go/src/runtime/panic.go:476 +0x32
  main.main()
      /opt/gopath/src/github.com/hyperledger-labs/mirbft/cmd/orderingpeer/main.go:78 +0x56c
==================
03:19:58.389 INF Trace data written.
03:19:58.405 INF Profile data written. filename=experiment-output/0000/slave-006/prof.mutex name=mutex
03:19:58.533 INF Connection terminated. error="rpc error: code = Canceled desc = context canceled" address=127.0.0.1:38528
03:19:58.534 INF Connection terminated. error="rpc error: code = Canceled desc = context canceled" address=127.0.0.1:38396
03:19:58.534 INF Connection terminated. error="rpc error: code = Canceled desc = context canceled" address=127.0.0.1:38314
03:19:58.534 INF Connection terminated. error="rpc error: code = Canceled desc = context canceled" address=127.0.0.1:38304
03:19:58.535 INF Connection terminated. error="rpc error: code = Canceled desc = context canceled" address=127.0.0.1:38592
03:19:58.535 INF Connection terminated. error="rpc error: code = Canceled desc = context canceled" address=127.0.0.1:38526
03:19:58.535 INF Connection terminated. error="rpc error: code = Canceled desc = context canceled" address=127.0.0.1:38584
03:19:58.535 INF Connection terminated. error="rpc error: code = Canceled desc = context canceled" address=127.0.0.1:38480
03:19:58.539 INF Profile data written. filename=experiment-output/0000/slave-006/prof.cpu name=cpu
03:19:58.550 INF Connection terminated. error="rpc error: code = Canceled desc = context canceled" address=127.0.0.1:38572
03:19:58.551 INF Connection terminated. error="rpc error: code = Canceled desc = context canceled" address=127.0.0.1:38492
03:19:58.551 INF Connection terminated. error="rpc error: code = Canceled desc = context canceled" address=127.0.0.1:38478
03:19:58.551 INF Connection terminated. error="rpc error: code = Canceled desc = context canceled" address=127.0.0.1:38428
03:19:58.551 INF Connection terminated. error="rpc error: code = Canceled desc = context canceled" address=127.0.0.1:38514
03:19:58.551 INF Connection terminated. error="rpc error: code = Canceled desc = context canceled" address=127.0.0.1:38534
03:19:58.551 INF Connection terminated. error="rpc error: code = Canceled desc = context canceled" address=127.0.0.1:38308
03:19:58.551 INF Connection terminated. error="rpc error: code = Canceled desc = context canceled" address=127.0.0.1:38234
03:19:58.552 INF Connection terminated. error="rpc error: code = Canceled desc = context canceled" address=127.0.0.1:38566
03:19:58.553 INF Profile data written. filename=experiment-output/0000/slave-006/prof.block name=block
03:19:58.553 INF Connection terminated. error="rpc error: code = Canceled desc = context canceled" address=127.0.0.1:38546
