{"level":"debug","Logging":"info","time":"2025-08-01T03:17:04+08:00","message":"Config"}
{"level":"debug","UseTLS":false,"time":"2025-08-01T03:17:04+08:00","message":"Config"}
{"level":"debug","CACertFile":"tls-data/ca.pem","time":"2025-08-01T03:17:04+08:00","message":"Config"}
{"level":"debug","KeyFile":"tls-data/auth.key","time":"2025-08-01T03:17:04+08:00","message":"Config"}
{"level":"debug","CertFile":"tls-data/auth.pem","time":"2025-08-01T03:17:04+08:00","message":"Config"}
{"level":"debug","PriorityConnections":2,"time":"2025-08-01T03:17:04+08:00","message":"Config"}
{"level":"debug","BasicConnections":2,"time":"2025-08-01T03:17:04+08:00","message":"Config"}
{"level":"debug","TestConnections":false,"time":"2025-08-01T03:17:04+08:00","message":"Config"}
{"level":"debug","ExcessConnections":1,"time":"2025-08-01T03:17:04+08:00","message":"Config"}
{"level":"debug","ConnectionTestMsgs":4,"time":"2025-08-01T03:17:04+08:00","message":"Config"}
{"level":"debug","ConnectionTestPayload":131072,"time":"2025-08-01T03:17:04+08:00","message":"Config"}
{"level":"debug","OutMessageBufsize":1024,"time":"2025-08-01T03:17:04+08:00","message":"Config"}
{"level":"debug","OutMessageBufsize":3,"time":"2025-08-01T03:17:04+08:00","message":"Config"}
{"level":"debug","ThroughputCap":131072000,"time":"2025-08-01T03:17:04+08:00","message":"Config"}
{"level":"debug","StragglerTolerance":1000,"time":"2025-08-01T03:17:04+08:00","message":"Config"}
{"level":"debug","BatchSizeIncrement":256,"time":"2025-08-01T03:17:04+08:00","message":"Config"}
{"level":"debug","Orderer":"Pbft","time":"2025-08-01T03:17:04+08:00","message":"Config"}
{"level":"debug","Manager":"Mir","time":"2025-08-01T03:17:04+08:00","message":"Config"}
{"level":"debug","Failures":0,"time":"2025-08-01T03:17:04+08:00","message":"Config"}
{"level":"debug","CrashTiming":"EpochStart","time":"2025-08-01T03:17:04+08:00","message":"Config"}
{"level":"debug","CheckpointInterval":256,"time":"2025-08-01T03:17:04+08:00","message":"Config"}
{"level":"debug","WatermarkWindowSize":256,"time":"2025-08-01T03:17:04+08:00","message":"Config"}
{"level":"debug","EpochLength":256,"time":"2025-08-01T03:17:04+08:00","message":"Config"}
{"level":"debug","SegmentLength":21,"time":"2025-08-01T03:17:04+08:00","message":"Config"}
{"level":"debug","WaitForCheckpoints":true,"time":"2025-08-01T03:17:04+08:00","message":"Config"}
{"level":"debug","ClientWatermarkWindowSize":4194304,"time":"2025-08-01T03:17:04+08:00","message":"Config"}
{"level":"debug","ClientRequestBacklogSize":4194304,"time":"2025-08-01T03:17:04+08:00","message":"Config"}
{"level":"debug","RandomSeed":7086,"time":"2025-08-01T03:17:04+08:00","message":"Config"}
{"level":"debug","NodeToLeaderRatio":1,"time":"2025-08-01T03:17:04+08:00","message":"Config"}
{"level":"debug","LeaderPolicy":"Simple","time":"2025-08-01T03:17:04+08:00","message":"Config"}
{"level":"debug","DefaultLeaderBan":2,"time":"2025-08-01T03:17:04+08:00","message":"Config"}
{"level":"debug","NumBuckets":192,"time":"2025-08-01T03:17:04+08:00","message":"Config"}
{"level":"debug","BatchSize":4096,"time":"2025-08-01T03:17:04+08:00","message":"Config"}
{"level":"debug","BatchTimeoutMs":1000,"time":"2025-08-01T03:17:04+08:00","message":"Config"}
{"level":"debug","DisabledViewChange":false,"time":"2025-08-01T03:17:04+08:00","message":"Config"}
{"level":"debug","ViewChangeTimeout":60000,"time":"2025-08-01T03:17:04+08:00","message":"Config"}
{"level":"debug","ClientTraceSampling":10,"time":"2025-08-01T03:17:04+08:00","message":"Config"}
{"level":"debug","EventBufferSize":2097152,"time":"2025-08-01T03:17:04+08:00","message":"Config"}
{"level":"debug","TraceSampling":1,"time":"2025-08-01T03:17:04+08:00","message":"Config"}
{"level":"debug","ClientsPerProcess":1,"time":"2025-08-01T03:17:04+08:00","message":"Config"}
{"level":"debug","RequestsPerClient":7200000,"time":"2025-08-01T03:17:04+08:00","message":"Config"}
{"level":"debug","ClientRunTime":60000,"time":"2025-08-01T03:17:04+08:00","message":"Config"}
{"level":"debug","RequestRate":60000,"time":"2025-08-01T03:17:04+08:00","message":"Config"}
{"level":"debug","HardRequestRateLimit":false,"time":"2025-08-01T03:17:04+08:00","message":"Config"}
{"level":"debug","RequestPayloadSize":500,"time":"2025-08-01T03:17:04+08:00","message":"Config"}
{"level":"debug","SignRequests":true,"time":"2025-08-01T03:17:04+08:00","message":"Config"}
{"level":"debug","ClientPrivKeyFile":"tls-data/client-ecdsa-256.key","time":"2025-08-01T03:17:04+08:00","message":"Config"}
{"level":"debug","ClientPubKeyFile":"tls-data/client-ecdsa-256.pem","time":"2025-08-01T03:17:04+08:00","message":"Config"}
{"level":"debug","PrecomputeRequests":false,"time":"2025-08-01T03:17:04+08:00","message":"Config"}
{"level":"debug","RequestHandlerThreads":32,"time":"2025-08-01T03:17:04+08:00","message":"Config"}
{"level":"debug","RequestInputChannelBuffer":8192,"time":"2025-08-01T03:17:04+08:00","message":"Config"}
{"level":"debug","BatchVerifier":"external","time":"2025-08-01T03:17:04+08:00","message":"Config"}
03:17:04.609 INF Registered with discovery server. numPeers=12 ownID=4
03:17:04.609 INF Profiling enabled.
03:17:04.609 INF Setting up profiling.
03:17:04.609 INF Started Profiler: CPU
03:17:04.609 INF Started Profiler: BLOCK
03:17:04.609 INF Started Profiler: MUTEX
03:17:04.609 INF Profiler will stop on signal. exit=true
03:17:04.613 INF Tracing will stop on signal. exit=false
03:17:04.613 INF Started tracing. traceFile=experiment-output/0000/slave-009/peer.trc
03:17:04.613 INF Connecting to peer. addr=127.0.0.1:10000 basicConns=2 priorityConns=2
03:17:04.614 INF Connecting to peer. addr=127.0.0.1:10044 basicConns=2 priorityConns=2
03:17:04.615 INF Connecting to peer. addr=127.0.0.1:10055 basicConns=2 priorityConns=2
03:17:04.615 INF Listening for connections. port=10044 useTLS=false
03:17:04.616 INF Connecting to peer. addr=127.0.0.1:10077 basicConns=2 priorityConns=2
03:17:04.616 INF Connecting to peer. addr=127.0.0.1:10088 basicConns=2 priorityConns=2
03:17:04.617 INF Connecting to peer. addr=127.0.0.1:10066 basicConns=2 priorityConns=2
03:17:04.623 INF Connecting to peer. addr=127.0.0.1:10121 basicConns=2 priorityConns=2
03:17:04.624 INF Connecting to peer. addr=127.0.0.1:10110 basicConns=2 priorityConns=2
03:17:04.625 INF Connecting to peer. addr=127.0.0.1:10011 basicConns=2 priorityConns=2
03:17:04.626 INF Connecting to peer. addr=127.0.0.1:10022 basicConns=2 priorityConns=2
03:17:04.627 INF Connecting to peer. addr=127.0.0.1:10033 basicConns=2 priorityConns=2
03:17:04.630 INF Connecting to peer. addr=127.0.0.1:10099 basicConns=2 priorityConns=2
03:17:04.637 INF Incoming connection for protocol messages. addr=127.0.0.1:56842
03:17:04.654 INF Incoming connection for protocol messages. addr=127.0.0.1:56862
03:17:04.654 INF Incoming connection for protocol messages. addr=127.0.0.1:56858
03:17:04.657 INF Incoming connection for protocol messages. addr=127.0.0.1:57026
03:17:04.661 INF Incoming connection for protocol messages. addr=127.0.0.1:57022
03:17:04.661 INF Incoming connection for protocol messages. addr=127.0.0.1:56830
03:17:04.661 INF Incoming connection for protocol messages. addr=127.0.0.1:56980
03:17:04.672 INF Incoming connection for protocol messages. addr=127.0.0.1:56902
03:17:04.680 INF Incoming connection for protocol messages. addr=127.0.0.1:57012
03:17:04.680 INF Incoming connection for protocol messages. addr=127.0.0.1:56866
03:17:04.680 INF Incoming connection for protocol messages. addr=127.0.0.1:56870
03:17:04.681 INF Incoming connection for protocol messages. addr=127.0.0.1:57054
03:17:04.681 INF Incoming connection for protocol messages. addr=127.0.0.1:56926
03:17:04.681 INF Incoming connection for protocol messages. addr=127.0.0.1:56932
03:17:04.681 INF Incoming connection for protocol messages. addr=127.0.0.1:57028
03:17:04.682 INF Incoming connection for protocol messages. addr=127.0.0.1:57006
03:17:04.682 INF Incoming connection for protocol messages. addr=127.0.0.1:56886
03:17:04.683 INF Incoming connection for protocol messages. addr=127.0.0.1:56914
03:17:04.683 INF Incoming connection for protocol messages. addr=127.0.0.1:56894
03:17:04.683 INF Incoming connection for protocol messages. addr=127.0.0.1:57042
03:17:04.683 INF Incoming connection for protocol messages. addr=127.0.0.1:56948
03:17:04.684 INF Incoming connection for protocol messages. addr=127.0.0.1:56874
03:17:04.684 INF Incoming connection for protocol messages. addr=127.0.0.1:57164
03:17:04.686 INF Incoming connection for protocol messages. addr=127.0.0.1:56964
03:17:04.686 INF Incoming connection for protocol messages. addr=127.0.0.1:57114
03:17:04.686 INF Incoming connection for protocol messages. addr=127.0.0.1:57134
03:17:04.686 INF Incoming connection for protocol messages. addr=127.0.0.1:57118
03:17:04.687 INF Incoming connection for protocol messages. addr=127.0.0.1:57046
03:17:04.688 INF Incoming connection for protocol messages. addr=127.0.0.1:57064
03:17:04.688 INF Incoming connection for protocol messages. addr=127.0.0.1:57084
03:17:04.690 INF Incoming connection for protocol messages. addr=127.0.0.1:56904
03:17:04.692 INF Incoming connection for protocol messages. addr=127.0.0.1:56994
03:17:04.689 INF Incoming connection for protocol messages. addr=127.0.0.1:57160
03:17:04.692 INF Incoming connection for protocol messages. addr=127.0.0.1:57176
03:17:04.693 INF Incoming connection for protocol messages. addr=127.0.0.1:57126
03:17:04.697 INF Incoming connection for protocol messages. addr=127.0.0.1:57076
03:17:04.697 INF Incoming connection for protocol messages. addr=127.0.0.1:57098
03:17:04.698 INF Incoming connection for protocol messages. addr=127.0.0.1:57038
03:17:04.698 INF Incoming connection for protocol messages. addr=127.0.0.1:57150
03:17:04.701 INF Incoming connection for protocol messages. addr=127.0.0.1:57194
03:17:04.701 INF Incoming connection for protocol messages. addr=127.0.0.1:57192
03:17:04.701 INF Incoming connection for protocol messages. addr=127.0.0.1:57154
03:17:04.703 INF Incoming connection for protocol messages. addr=127.0.0.1:57030
03:17:04.703 INF Connected to all peers.
03:17:04.703 INF Incoming connection for protocol messages. addr=127.0.0.1:57120
03:17:04.706 INF Incoming connection for protocol messages. addr=127.0.0.1:57196
03:17:04.706 INF Incoming connection for protocol messages. addr=127.0.0.1:57226
03:17:04.707 INF Incoming connection for protocol messages. addr=127.0.0.1:57214
03:17:04.707 INF Incoming connection for protocol messages. addr=127.0.0.1:57210
03:17:04.709 INF All peers finished connecting. Starting ISS.
03:17:04.709 INF PbftOrderer received a new segment: [0 1 2 3 4 5 6 7 8 9 10 11 12 13 14 15 16 17 18 19 20] first leader=0 firstSN=0 lastSN=20 len=21 length=21 segId=0
03:17:04.755 INF Starting new view. segID=0 timeout=60000 view=0
03:17:04.755 INF Starting PBFT instance. first=0 last=20 segID=0
03:17:04.755 INF Starting serialized message processing. segID=0
03:17:05.760 INF Handling PREPREPARE. nReq=0 senderID=0 sn=0
03:17:05.766 INF Committed entry. latency=0 nReq=0 sn=0
03:17:05.766 INF Delivered batch. nReq=0 sn=0
03:17:06.765 INF Handling PREPREPARE. nReq=0 senderID=0 sn=1
03:17:06.771 INF Committed entry. latency=0 nReq=0 sn=1
03:17:06.771 INF Delivered batch. nReq=0 sn=1
03:17:06.781 INF Incoming connection for requests. addr=127.0.0.1:38908
03:17:07.326 INF Handling PREPREPARE. nReq=4096 senderID=0 sn=2
03:17:07.404 INF Committed entry. latency=0 nReq=4096 sn=2
03:17:07.404 INF Delivered batch. nReq=4096 sn=2
03:17:08.323 INF Handling PREPREPARE. nReq=2472 senderID=0 sn=3
03:17:08.388 INF Committed entry. latency=0 nReq=2472 sn=3
03:17:08.389 INF Delivered batch. nReq=2472 sn=3
03:17:09.238 INF Handling PREPREPARE. nReq=802 senderID=0 sn=4
03:17:09.259 INF Committed entry. latency=0 nReq=802 sn=4
03:17:09.259 INF Delivered batch. nReq=802 sn=4
03:17:09.899 INF Handling PREPREPARE. nReq=4096 senderID=0 sn=5
03:17:09.976 INF Committed entry. latency=0 nReq=4096 sn=5
03:17:09.976 INF Delivered batch. nReq=4096 sn=5
03:17:10.873 INF Handling PREPREPARE. nReq=2550 senderID=0 sn=6
03:17:10.929 INF Committed entry. latency=0 nReq=2550 sn=6
03:17:10.929 INF Delivered batch. nReq=2550 sn=6
03:17:11.876 INF Handling PREPREPARE. nReq=945 senderID=0 sn=7
03:17:11.897 INF Committed entry. latency=0 nReq=945 sn=7
03:17:11.897 INF Delivered batch. nReq=945 sn=7
03:17:12.874 INF Handling PREPREPARE. nReq=4096 senderID=0 sn=8
03:17:12.967 INF Committed entry. latency=0 nReq=4096 sn=8
03:17:12.968 INF Delivered batch. nReq=4096 sn=8
03:17:13.887 INF Handling PREPREPARE. nReq=2794 senderID=0 sn=9
03:17:13.938 INF Committed entry. latency=0 nReq=2794 sn=9
03:17:13.938 INF Delivered batch. nReq=2794 sn=9
03:17:14.797 INF Handling PREPREPARE. nReq=987 senderID=0 sn=10
03:17:14.821 INF Committed entry. latency=0 nReq=987 sn=10
03:17:14.821 INF Delivered batch. nReq=987 sn=10
03:17:15.453 INF Handling PREPREPARE. nReq=4096 senderID=0 sn=11
03:17:15.523 INF Committed entry. latency=0 nReq=4096 sn=11
03:17:15.523 INF Delivered batch. nReq=4096 sn=11
03:17:16.425 INF Handling PREPREPARE. nReq=2951 senderID=0 sn=12
03:17:16.485 INF Committed entry. latency=0 nReq=2951 sn=12
03:17:16.485 INF Delivered batch. nReq=2951 sn=12
03:17:17.403 INF Handling PREPREPARE. nReq=850 senderID=0 sn=13
03:17:17.433 INF Committed entry. latency=0 nReq=850 sn=13
03:17:17.433 INF Delivered batch. nReq=850 sn=13
03:17:18.385 INF Handling PREPREPARE. nReq=4096 senderID=0 sn=14
03:17:18.473 INF Committed entry. latency=0 nReq=4096 sn=14
03:17:18.473 INF Delivered batch. nReq=4096 sn=14
03:17:19.380 INF Handling PREPREPARE. nReq=2803 senderID=0 sn=15
03:17:19.435 INF Committed entry. latency=0 nReq=2803 sn=15
03:17:19.435 INF Delivered batch. nReq=2803 sn=15
03:17:20.354 INF Handling PREPREPARE. nReq=778 senderID=0 sn=16
03:17:20.379 INF Committed entry. latency=0 nReq=778 sn=16
03:17:20.379 INF Delivered batch. nReq=778 sn=16
03:17:21.392 INF Handling PREPREPARE. nReq=4096 senderID=0 sn=17
03:17:21.464 INF Committed entry. latency=0 nReq=4096 sn=17
03:17:21.464 INF Delivered batch. nReq=4096 sn=17
03:17:24.985 INF Handling PREPREPARE. nReq=4096 senderID=0 sn=18
03:17:25.082 INF Committed entry. latency=0 nReq=4096 sn=18
03:17:25.082 INF Delivered batch. nReq=4096 sn=18
03:17:26.003 INF Handling PREPREPARE. nReq=3967 senderID=0 sn=19
03:17:26.140 INF Committed entry. latency=0 nReq=3967 sn=19
03:17:26.140 INF Delivered batch. nReq=3967 sn=19
03:17:26.965 INF Handling PREPREPARE. nReq=845 senderID=0 sn=20
03:17:26.997 INF Committed entry. latency=0 nReq=845 sn=20
03:17:26.997 INF Delivered batch. nReq=845 sn=20
03:17:26.997 INF Sending segment checkpoint. lastSn=20 segID=0
==================
WARNING: DATA RACE
Read at 0x000001304380 by goroutine 941:
  github.com/hyperledger-labs/mirbft/manager.(*MirManager).handleLogEntries()
      /opt/gopath/src/github.com/hyperledger-labs/mirbft/manager/mirmanager.go:171 +0x854
  github.com/hyperledger-labs/mirbft/manager.(*MirManager).Start.func2()
      /opt/gopath/src/github.com/hyperledger-labs/mirbft/manager/mirmanager.go:112 +0x47

Previous write at 0x000001304380 by goroutine 949:
  github.com/hyperledger-labs/mirbft/log.publishEntries()
      /opt/gopath/src/github.com/hyperledger-labs/mirbft/log/log.go:281 +0x2e4
  github.com/hyperledger-labs/mirbft/log.CommitEntry()
      /opt/gopath/src/github.com/hyperledger-labs/mirbft/log/log.go:108 +0x284
  github.com/hyperledger-labs/mirbft/announcer.Announce()
      /opt/gopath/src/github.com/hyperledger-labs/mirbft/announcer/announcer.go:26 +0x370
  github.com/hyperledger-labs/mirbft/orderer.(*pbftInstance).announce()
      /opt/gopath/src/github.com/hyperledger-labs/mirbft/orderer/pbftinstance.go:726 +0x36b
  github.com/hyperledger-labs/mirbft/orderer.(*pbftInstance).handleCommit()
      /opt/gopath/src/github.com/hyperledger-labs/mirbft/orderer/pbftinstance.go:664 +0x7bd
  github.com/hyperledger-labs/mirbft/orderer.(*pbftInstance).handleMessage()
      /opt/gopath/src/github.com/hyperledger-labs/mirbft/orderer/pbftinstance.go:1810 +0x2e5
  github.com/hyperledger-labs/mirbft/orderer.(*pbftInstance).processSerializedMessages()
      /opt/gopath/src/github.com/hyperledger-labs/mirbft/orderer/pbftinstance.go:1764 +0xdd
  github.com/hyperledger-labs/mirbft/orderer.(*PbftOrderer).runSegment.func2()
      /opt/gopath/src/github.com/hyperledger-labs/mirbft/orderer/pbftorderer.go:199 +0x39

Goroutine 941 (running) created at:
  github.com/hyperledger-labs/mirbft/manager.(*MirManager).Start()
      /opt/gopath/src/github.com/hyperledger-labs/mirbft/manager/mirmanager.go:112 +0x191
  main.main.func4()
      /opt/gopath/src/github.com/hyperledger-labs/mirbft/cmd/orderingpeer/main.go:185 +0x59

Goroutine 949 (running) created at:
  github.com/hyperledger-labs/mirbft/orderer.(*PbftOrderer).runSegment()
      /opt/gopath/src/github.com/hyperledger-labs/mirbft/orderer/pbftorderer.go:199 +0x3f6
  github.com/hyperledger-labs/mirbft/orderer.(*PbftOrderer).Start()
      /opt/gopath/src/github.com/hyperledger-labs/mirbft/orderer/pbftorderer.go:176 +0x344
  main.main.func5()
      /opt/gopath/src/github.com/hyperledger-labs/mirbft/cmd/orderingpeer/main.go:186 +0x59
==================
03:17:27.014 INF PBFT checkpoint ready. Scheduling catchup. lastSn=20 segID=0
03:17:27.029 INF New stable checkpoint. sn=20
03:17:27.029 INF Received stable checkpoint notification. sn=20
03:17:27.029 INF Closing message serializers. segID=0
03:17:27.029 INF Statistics commitTs=1753989425766246354 duration=5602402 proposeTs=1753989425760643952 sn=0
03:17:27.029 INF Statistics commitTs=1753989426771359830 duration=6225529 proposeTs=1753989426765134301 sn=1
03:17:27.029 INF Statistics commitTs=1753989427396896039 duration=70551821 proposeTs=1753989427326344218 sn=2
03:17:27.029 INF Statistics commitTs=1753989428383255510 duration=60171037 proposeTs=1753989428323084473 sn=3
03:17:27.029 INF Statistics commitTs=1753989429257755109 duration=19520878 proposeTs=1753989429238234231 sn=4
03:17:27.029 INF Statistics commitTs=1753989429972000266 duration=72647606 proposeTs=1753989429899352660 sn=5
03:17:27.030 INF Statistics commitTs=1753989430924626388 duration=50895045 proposeTs=1753989430873731343 sn=6
03:17:27.030 INF Statistics commitTs=1753989431896231318 duration=19796650 proposeTs=1753989431876434668 sn=7
03:17:27.030 INF Statistics commitTs=1753989432960441153 duration=86413123 proposeTs=1753989432874028030 sn=8
03:17:27.030 INF Statistics commitTs=1753989433936684571 duration=49605802 proposeTs=1753989433887078769 sn=9
03:17:27.030 INF Statistics commitTs=1753989434819937704 duration=22306950 proposeTs=1753989434797630754 sn=10
03:17:27.030 INF Statistics commitTs=1753989435516025513 duration=62540281 proposeTs=1753989435453485232 sn=11
03:17:27.030 INF Statistics commitTs=1753989436482690775 duration=57694090 proposeTs=1753989436424996685 sn=12
03:17:27.030 INF Statistics commitTs=1753989437432311657 duration=28682414 proposeTs=1753989437403629243 sn=13
03:17:27.030 INF Statistics commitTs=1753989438468825835 duration=83814654 proposeTs=1753989438385011181 sn=14
03:17:27.031 INF Statistics commitTs=1753989439433687455 duration=53044107 proposeTs=1753989439380643348 sn=15
03:17:27.031 INF Statistics commitTs=1753989440378951127 duration=24505377 proposeTs=1753989440354445750 sn=16
03:17:27.031 INF Statistics commitTs=1753989441460985311 duration=68990427 proposeTs=1753989441391994884 sn=17
03:17:27.031 INF Statistics commitTs=1753989445076450526 duration=91171350 proposeTs=1753989444985279176 sn=18
03:17:27.031 INF Statistics commitTs=1753989446132115511 duration=128834218 proposeTs=1753989446003281293 sn=19
03:17:27.031 INF Statistics commitTs=1753989446995943761 duration=30061595 proposeTs=1753989446965882166 sn=20
03:17:27.031 INF Median commit time commit=53044107 segID=0
03:17:27.045 INF fuck! epoch=192 epoch time (ms)=22288 leaders=2 viewtimeout=104000
03:17:27.045 INF Epoch finished. Waiting for stable checkpoint. sn=20
03:17:27.045 INF Epoch end confirmed. chkpSn=20
03:17:27.045 INF Advancing watermarks. numEntries=21
03:17:27.230 INF PbftOrderer received a new segment: [22 24 26 28 30 32 34 36 38 40 42 44 46 48 50 52] first leader=1 firstSN=22 lastSN=52 len=16 length=16 segId=2
03:17:27.567 INF Starting new view. segID=2 timeout=104000 view=0
03:17:27.567 INF Advanced timeout advanced=53044107 initial=1000000000
03:17:27.567 INF Advanced timeout advanced=1053044107 initial=1000000000
03:17:27.567 INF Advanced timeout advanced=2053044107 initial=1000000000
03:17:27.567 INF Advanced timeout advanced=3053044107 initial=1000000000
03:17:27.567 INF Advanced timeout advanced=4053044107 initial=1000000000
03:17:27.567 INF Advanced timeout advanced=5053044107 initial=1000000000
03:17:27.567 INF Advanced timeout advanced=6053044107 initial=1000000000
03:17:27.567 INF Advanced timeout advanced=7053044107 initial=1000000000
03:17:27.567 INF Advanced timeout advanced=8053044107 initial=1000000000
03:17:27.567 INF Advanced timeout advanced=9053044107 initial=1000000000
03:17:27.567 INF Advanced timeout advanced=10053044107 initial=1000000000
03:17:27.567 INF Advanced timeout advanced=11053044107 initial=1000000000
03:17:27.567 INF Advanced timeout advanced=12053044107 initial=1000000000
03:17:27.568 INF Advanced timeout advanced=13053044107 initial=1000000000
03:17:27.568 INF Advanced timeout advanced=14053044107 initial=1000000000
03:17:27.568 INF Advanced timeout advanced=15053044107 initial=1000000000
03:17:27.568 INF Starting PBFT instance. first=22 last=52 segID=2
03:17:27.568 INF Starting serialized message processing. segID=2
03:17:27.568 INF fuck1 epoch change time (ms)=571
03:17:27.568 INF PbftOrderer received a new segment: [21 23 25 27 29 31 33 35 37 39 41 43 45 47 49 51] first leader=0 firstSN=21 lastSN=51 len=16 length=16 segId=1
03:17:27.768 INF Starting new view. segID=1 timeout=104000 view=0
03:17:27.768 INF Advanced timeout advanced=53044107 initial=1000000000
03:17:27.768 INF Advanced timeout advanced=1053044107 initial=1000000000
03:17:27.768 INF Advanced timeout advanced=2053044107 initial=1000000000
03:17:27.769 INF Advanced timeout advanced=3053044107 initial=1000000000
03:17:27.769 INF Advanced timeout advanced=4053044107 initial=1000000000
03:17:27.769 INF Advanced timeout advanced=5053044107 initial=1000000000
03:17:27.769 INF Advanced timeout advanced=6053044107 initial=1000000000
03:17:27.769 INF Advanced timeout advanced=7053044107 initial=1000000000
03:17:27.769 INF Advanced timeout advanced=8053044107 initial=1000000000
03:17:27.769 INF Advanced timeout advanced=9053044107 initial=1000000000
03:17:27.769 INF Advanced timeout advanced=10053044107 initial=1000000000
03:17:27.769 INF Advanced timeout advanced=11053044107 initial=1000000000
03:17:27.769 INF Advanced timeout advanced=12053044107 initial=1000000000
03:17:27.769 INF Advanced timeout advanced=13053044107 initial=1000000000
03:17:27.769 INF Advanced timeout advanced=14053044107 initial=1000000000
03:17:27.769 INF Advanced timeout advanced=15053044107 initial=1000000000
03:17:27.769 INF Starting PBFT instance. first=21 last=51 segID=1
03:17:27.770 INF Starting serialized message processing. segID=1
03:17:28.726 INF Handling PREPREPARE. nReq=505 senderID=0 sn=21
03:17:28.749 INF Committed entry. latency=0 nReq=505 sn=21
03:17:28.749 INF Delivered batch. nReq=505 sn=21
03:17:28.792 INF Handling PREPREPARE. nReq=1371 senderID=1 sn=22
03:17:28.816 INF Committed entry. latency=0 nReq=1371 sn=22
03:17:28.817 INF Delivered batch. nReq=1371 sn=22
03:17:29.768 INF Handling PREPREPARE. nReq=1531 senderID=0 sn=23
03:17:29.819 INF Committed entry. latency=0 nReq=1531 sn=23
03:17:29.819 INF Delivered batch. nReq=1531 sn=23
03:17:29.886 INF Handling PREPREPARE. nReq=4096 senderID=1 sn=24
03:17:29.956 INF Committed entry. latency=0 nReq=4096 sn=24
03:19:33.140 INF Delivered batch. nReq=4096 sn=24
03:19:33.142 WRN Timeout segId=2 sn=26 view=0
03:19:33.142 INF Starting new view. segID=2 timeout=208000 view=1
03:19:33.142 INF Advanced timeout advanced=53044107 initial=1000000000
03:19:33.142 INF Advanced timeout advanced=1053044107 initial=1000000000
03:19:33.143 INF Advanced timeout advanced=2053044107 initial=1000000000
03:19:33.143 INF Advanced timeout advanced=3053044107 initial=1000000000
03:19:33.143 INF Advanced timeout advanced=4053044107 initial=1000000000
03:19:33.143 INF Advanced timeout advanced=5053044107 initial=1000000000
03:19:13.822 WRN Timeout segId=1 sn=25 view=0
03:19:33.143 INF Starting new view. segID=1 timeout=208000 view=1
03:19:33.144 INF Advanced timeout advanced=53044107 initial=1000000000
03:19:33.144 INF Advanced timeout advanced=1053044107 initial=1000000000
03:19:33.144 INF Advanced timeout advanced=2053044107 initial=1000000000
03:19:33.144 INF Advanced timeout advanced=3053044107 initial=1000000000
03:19:33.145 INF Advanced timeout advanced=4053044107 initial=1000000000
03:19:33.145 INF Advanced timeout advanced=5053044107 initial=1000000000
03:19:33.145 INF Advanced timeout advanced=6053044107 initial=1000000000
03:19:33.145 INF Advanced timeout advanced=7053044107 initial=1000000000
03:19:33.145 INF Advanced timeout advanced=8053044107 initial=1000000000
03:19:33.146 INF Advanced timeout advanced=9053044107 initial=1000000000
03:19:33.146 INF Advanced timeout advanced=10053044107 initial=1000000000
03:19:33.146 INF Advanced timeout advanced=11053044107 initial=1000000000
03:19:33.146 INF Advanced timeout advanced=12053044107 initial=1000000000
03:19:33.146 INF Advanced timeout advanced=13053044107 initial=1000000000
03:19:33.146 INF Advanced timeout advanced=14053044107 initial=1000000000
03:19:33.146 INF Advanced timeout advanced=15053044107 initial=1000000000
03:19:33.147 INF Requesting VIEWCHANGE. receiverID=1 segID=1 senderID=4 view=1
03:19:33.148 INF Advanced timeout advanced=6053044107 initial=1000000000
03:19:33.148 INF Advanced timeout advanced=7053044107 initial=1000000000
03:19:33.148 INF Advanced timeout advanced=8053044107 initial=1000000000
03:19:33.148 INF Advanced timeout advanced=9053044107 initial=1000000000
03:19:33.148 INF Advanced timeout advanced=10053044107 initial=1000000000
03:19:33.148 INF Advanced timeout advanced=11053044107 initial=1000000000
03:19:33.148 INF Advanced timeout advanced=12053044107 initial=1000000000
03:19:33.148 INF Advanced timeout advanced=13053044107 initial=1000000000
03:19:33.148 INF Advanced timeout advanced=14053044107 initial=1000000000
03:19:33.148 INF Advanced timeout advanced=15053044107 initial=1000000000
03:19:33.148 INF Requesting VIEWCHANGE. receiverID=2 segID=2 senderID=4 view=1
03:19:33.192 INF Handling PREPREPARE. nReq=406 senderID=0 sn=25
03:19:33.194 INF Handling PREPREPARE. nReq=0 senderID=0 sn=27
03:19:33.321 INF Handling NEWVIEW. currentView=1 msgView=1 segID=2 senderID=2
03:19:33.440 INF Handling NEWVIEW. currentView=1 msgView=1 segID=1 senderID=1
03:19:33.440 INF Handling PREPREPARE. nReq=1043 senderID=1 sn=26
03:19:33.500 INF Committed entry. latency=0 nReq=0 sn=33
03:19:33.501 INF Committed entry. latency=0 nReq=0 sn=43
03:19:33.501 INF Committed entry. latency=0 nReq=0 sn=27
03:19:33.501 INF Committed entry. latency=0 nReq=0 sn=49
03:19:33.501 INF Committed entry. latency=0 nReq=0 sn=25
03:19:33.501 INF Delivered batch. nReq=0 sn=25
03:19:33.501 INF Committed entry. latency=0 nReq=0 sn=35
03:19:33.501 INF Committed entry. latency=0 nReq=0 sn=41
03:19:33.501 INF Committed entry. latency=0 nReq=0 sn=29
03:19:33.501 INF Committed entry. latency=0 nReq=0 sn=31
03:19:33.501 INF Committed entry. latency=0 nReq=0 sn=51
03:19:33.501 INF Committed entry. latency=0 nReq=0 sn=37
03:19:33.502 INF Committed entry. latency=0 nReq=0 sn=45
03:19:33.502 INF Committed entry. latency=0 nReq=0 sn=47
03:19:33.502 INF Committed entry. latency=0 nReq=0 sn=39
03:19:33.502 INF Sending segment checkpoint. lastSn=51 segID=1
03:19:33.509 INF PBFT checkpoint ready. Scheduling catchup. lastSn=51 segID=1
03:19:33.519 INF Committed entry. latency=0 nReq=0 sn=46
03:19:33.519 INF Committed entry. latency=0 nReq=0 sn=50
03:19:33.520 INF Committed entry. latency=0 nReq=0 sn=32
03:19:33.520 INF Committed entry. latency=0 nReq=0 sn=34
03:19:33.520 INF Committed entry. latency=0 nReq=0 sn=38
03:19:33.520 INF Committed entry. latency=0 nReq=0 sn=42
03:19:33.520 INF Committed entry. latency=0 nReq=0 sn=28
03:19:33.520 INF Committed entry. latency=0 nReq=0 sn=52
03:19:33.520 INF Committed entry. latency=0 nReq=0 sn=40
03:19:33.520 INF Committed entry. latency=0 nReq=0 sn=36
03:19:33.520 INF Committed entry. latency=0 nReq=0 sn=44
03:19:33.520 INF Committed entry. latency=0 nReq=0 sn=48
03:19:33.520 INF Committed entry. latency=0 nReq=0 sn=26
03:19:33.520 INF Delivered batch. nReq=0 sn=26
03:19:33.520 INF Delivered batch. nReq=0 sn=27
03:19:33.520 INF Delivered batch. nReq=0 sn=28
03:19:33.520 INF Delivered batch. nReq=0 sn=29
03:19:33.524 INF Committed entry. latency=0 nReq=0 sn=30
03:19:33.524 INF Delivered batch. nReq=0 sn=30
03:19:33.524 INF Delivered batch. nReq=0 sn=31
03:19:33.524 INF Delivered batch. nReq=0 sn=32
03:19:33.524 INF Delivered batch. nReq=0 sn=33
03:19:33.525 INF Delivered batch. nReq=0 sn=34
03:19:33.525 INF Delivered batch. nReq=0 sn=35
03:19:33.525 INF Delivered batch. nReq=0 sn=36
03:19:33.525 INF Delivered batch. nReq=0 sn=37
03:19:33.525 INF Delivered batch. nReq=0 sn=38
03:19:33.525 INF Delivered batch. nReq=0 sn=39
03:19:33.525 INF Delivered batch. nReq=0 sn=40
03:19:33.525 INF Delivered batch. nReq=0 sn=41
03:19:33.525 INF Delivered batch. nReq=0 sn=42
03:19:33.525 INF Delivered batch. nReq=0 sn=43
03:19:33.525 INF Delivered batch. nReq=0 sn=44
03:19:33.525 INF Delivered batch. nReq=0 sn=45
03:19:33.525 INF Delivered batch. nReq=0 sn=46
03:19:33.525 INF Delivered batch. nReq=0 sn=47
03:19:33.526 INF Delivered batch. nReq=0 sn=48
03:19:33.526 INF Delivered batch. nReq=0 sn=49
03:19:33.526 INF Delivered batch. nReq=0 sn=50
03:19:33.526 INF Delivered batch. nReq=0 sn=51
03:19:33.526 INF Delivered batch. nReq=0 sn=52
03:19:33.526 INF Sending segment checkpoint. lastSn=52 segID=2
03:19:33.536 INF PBFT checkpoint ready. Scheduling catchup. lastSn=52 segID=2
03:19:33.564 INF New stable checkpoint. sn=52
03:19:33.564 INF Closing message serializers. segID=2
03:19:33.564 INF Statistics commitTs=1753989448815438871 duration=22761303 proposeTs=1753989448792677568 sn=22
03:19:33.564 INF Statistics commitTs=1753989449952303384 duration=65839222 proposeTs=1753989449886464162 sn=24
03:19:33.564 INF Statistics commitTs=1753989573520680316 duration=125952348956 proposeTs=1753989447568331360 sn=26
03:19:33.565 INF Statistics commitTs=1753989573519897355 duration=125951565995 proposeTs=1753989447568331360 sn=28
03:19:33.565 INF Statistics commitTs=1753989573524095365 duration=125955764005 proposeTs=1753989447568331360 sn=30
03:19:33.565 INF Statistics commitTs=1753989573519651159 duration=125951319799 proposeTs=1753989447568331360 sn=32
03:19:33.565 INF Statistics commitTs=1753989573519654264 duration=125951322904 proposeTs=1753989447568331360 sn=34
03:19:33.565 INF Statistics commitTs=1753989573519900969 duration=125951569609 proposeTs=1753989447568331360 sn=36
03:19:33.565 INF Statistics commitTs=1753989573519867817 duration=125951536457 proposeTs=1753989447568331360 sn=38
03:19:33.565 INF Statistics commitTs=1753989573519899991 duration=125951568631 proposeTs=1753989447568331360 sn=40
03:19:33.565 INF Statistics commitTs=1753989573519896049 duration=125951564689 proposeTs=1753989447568331360 sn=42
03:19:33.565 INF Statistics commitTs=1753989573519904583 duration=125951573223 proposeTs=1753989447568331360 sn=44
03:19:33.565 INF Statistics commitTs=1753989573519615254 duration=125951283894 proposeTs=1753989447568331360 sn=46
03:19:33.565 INF Statistics commitTs=1753989573519905435 duration=125951574075 proposeTs=1753989447568331360 sn=48
03:19:33.565 INF Statistics commitTs=1753989573519645731 duration=125951314371 proposeTs=1753989447568331360 sn=50
03:19:33.566 INF Statistics commitTs=1753989573519898089 duration=125951566729 proposeTs=1753989447568331360 sn=52
03:19:33.566 INF Median commit time commit=125951565995 segID=2
03:19:33.566 INF Received stable checkpoint notification. sn=52
03:19:33.566 INF Closing message serializers. segID=1
03:19:33.566 INF Statistics commitTs=1753989448748095347 duration=21973846 proposeTs=1753989448726121501 sn=21
03:19:33.566 INF Statistics commitTs=1753989449818317150 duration=50220126 proposeTs=1753989449768097024 sn=23
03:19:33.566 INF Statistics commitTs=1753989573500720896 duration=125730842142 proposeTs=1753989447769878754 sn=25
03:19:33.566 INF fuck! epoch=192 epoch time (ms)=125958 leaders=3 viewtimeout=120000
03:19:33.566 INF Statistics commitTs=1753989573500716505 duration=125730837751 proposeTs=1753989447769878754 sn=27
03:19:33.566 INF Epoch finished. Waiting for stable checkpoint. sn=52
03:19:33.566 INF Statistics commitTs=1753989573500723657 duration=125730844903 proposeTs=1753989447769878754 sn=29
03:19:33.566 INF Epoch end confirmed. chkpSn=52
03:19:33.566 INF Statistics commitTs=1753989573500727231 duration=125730848477 proposeTs=1753989447769878754 sn=31
03:19:33.566 INF Statistics commitTs=1753989573500706326 duration=125730827572 proposeTs=1753989447769878754 sn=33
03:19:33.566 INF Statistics commitTs=1753989573500722079 duration=125730843325 proposeTs=1753989447769878754 sn=35
03:19:33.566 INF Statistics commitTs=1753989573500729735 duration=125730850981 proposeTs=1753989447769878754 sn=37
03:19:33.566 INF Statistics commitTs=1753989573500733367 duration=125730854613 proposeTs=1753989447769878754 sn=39
03:19:33.567 INF Statistics commitTs=1753989573500724657 duration=125730845903 proposeTs=1753989447769878754 sn=41
03:19:33.567 INF Statistics commitTs=1753989573500713390 duration=125730834636 proposeTs=1753989447769878754 sn=43
03:19:33.567 INF Statistics commitTs=1753989573500731251 duration=125730852497 proposeTs=1753989447769878754 sn=45
03:19:33.567 INF Statistics commitTs=1753989573500732726 duration=125730853972 proposeTs=1753989447769878754 sn=47
03:19:33.567 INF Statistics commitTs=1753989573500717827 duration=125730839073 proposeTs=1753989447769878754 sn=49
03:19:33.567 INF Statistics commitTs=1753989573500728335 duration=125730849581 proposeTs=1753989447769878754 sn=51
03:19:33.567 INF Median commit time commit=125730844903 segID=1
03:19:33.567 INF Advancing watermarks. numEntries=32
03:19:33.581 INF PbftOrderer received a new segment: [55 58 61 64 67 70 73 76 79 82 85 88 91 94 97 100] first leader=2 firstSN=55 lastSN=100 len=16 length=16 segId=5
03:19:33.845 INF Starting new view. segID=5 timeout=120000 view=0
03:19:33.845 INF Advanced timeout advanced=125730844903 initial=1000000000
03:19:33.845 INF Advanced timeout advanced=126730844903 initial=1000000000
03:19:33.846 INF Advanced timeout advanced=127730844903 initial=1000000000
03:19:33.846 INF Advanced timeout advanced=128730844903 initial=1000000000
03:19:33.846 INF Advanced timeout advanced=129730844903 initial=1000000000
03:19:33.846 INF Advanced timeout advanced=130730844903 initial=1000000000
03:19:33.846 INF Advanced timeout advanced=131730844903 initial=1000000000
03:19:33.846 INF Advanced timeout advanced=132730844903 initial=1000000000
03:19:33.846 INF Advanced timeout advanced=133730844903 initial=1000000000
03:19:33.846 INF Advanced timeout advanced=134730844903 initial=1000000000
03:19:33.846 INF Advanced timeout advanced=135730844903 initial=1000000000
03:19:33.846 INF Advanced timeout advanced=136730844903 initial=1000000000
03:19:33.846 INF Advanced timeout advanced=137730844903 initial=1000000000
03:19:33.847 INF Advanced timeout advanced=138730844903 initial=1000000000
03:19:33.847 INF Advanced timeout advanced=139730844903 initial=1000000000
03:19:33.847 INF Advanced timeout advanced=140730844903 initial=1000000000
03:19:33.847 INF Starting PBFT instance. first=55 last=100 segID=5
03:19:33.857 INF PbftOrderer received a new segment: [53 56 59 62 65 68 71 74 77 80 83 86 89 92 95 98] first leader=0 firstSN=53 lastSN=98 len=16 length=16 segId=3
03:19:33.886 INF Starting serialized message processing. segID=5
03:19:34.233 INF Starting new view. segID=3 timeout=120000 view=0
03:19:34.233 INF Advanced timeout advanced=125730844903 initial=1000000000
03:19:34.233 INF Advanced timeout advanced=126730844903 initial=1000000000
03:19:34.233 INF Advanced timeout advanced=127730844903 initial=1000000000
03:19:34.233 INF Advanced timeout advanced=128730844903 initial=1000000000
03:19:34.233 INF Advanced timeout advanced=129730844903 initial=1000000000
03:19:34.233 INF Advanced timeout advanced=130730844903 initial=1000000000
03:19:34.233 INF Advanced timeout advanced=131730844903 initial=1000000000
03:19:34.233 INF Advanced timeout advanced=132730844903 initial=1000000000
03:19:34.233 INF Advanced timeout advanced=133730844903 initial=1000000000
03:19:34.233 INF Advanced timeout advanced=134730844903 initial=1000000000
03:19:34.233 INF Advanced timeout advanced=135730844903 initial=1000000000
03:19:34.233 INF Advanced timeout advanced=136730844903 initial=1000000000
03:19:34.233 INF Advanced timeout advanced=137730844903 initial=1000000000
03:19:34.233 INF Advanced timeout advanced=138730844903 initial=1000000000
03:19:34.233 INF Advanced timeout advanced=139730844903 initial=1000000000
03:19:34.234 INF Advanced timeout advanced=140730844903 initial=1000000000
03:19:34.234 INF Starting PBFT instance. first=53 last=98 segID=3
03:19:34.234 INF PbftOrderer received a new segment: [54 57 60 63 66 69 72 75 78 81 84 87 90 93 96 99] first leader=1 firstSN=54 lastSN=99 len=16 length=16 segId=4
03:19:34.239 INF Starting serialized message processing. segID=3
03:19:34.240 INF fuck1 epoch change time (ms)=714
03:19:34.557 INF Starting new view. segID=4 timeout=120000 view=0
03:19:34.557 INF Advanced timeout advanced=125730844903 initial=1000000000
03:19:34.557 INF Advanced timeout advanced=126730844903 initial=1000000000
03:19:34.557 INF Advanced timeout advanced=127730844903 initial=1000000000
03:19:34.557 INF Advanced timeout advanced=128730844903 initial=1000000000
03:19:34.558 INF Advanced timeout advanced=129730844903 initial=1000000000
03:19:34.558 INF Advanced timeout advanced=130730844903 initial=1000000000
03:19:34.558 INF Advanced timeout advanced=131730844903 initial=1000000000
03:19:34.558 INF Advanced timeout advanced=132730844903 initial=1000000000
03:19:34.558 INF Advanced timeout advanced=133730844903 initial=1000000000
03:19:34.558 INF Advanced timeout advanced=134730844903 initial=1000000000
03:19:34.558 INF Advanced timeout advanced=135730844903 initial=1000000000
03:19:34.558 INF Advanced timeout advanced=136730844903 initial=1000000000
03:19:34.558 INF Advanced timeout advanced=137730844903 initial=1000000000
03:19:34.558 INF Advanced timeout advanced=138730844903 initial=1000000000
03:19:34.558 INF Advanced timeout advanced=139730844903 initial=1000000000
03:19:34.558 INF Advanced timeout advanced=140730844903 initial=1000000000
03:19:34.559 INF Starting PBFT instance. first=54 last=99 segID=4
03:19:34.559 INF Starting serialized message processing. segID=4
03:19:35.262 INF Handling PREPREPARE. nReq=1028 senderID=0 sn=53
03:19:35.293 INF Committed entry. latency=0 nReq=1028 sn=53
03:19:35.294 INF Delivered batch. nReq=1028 sn=53
03:19:35.418 INF Handling PREPREPARE. nReq=4096 senderID=1 sn=54
03:19:35.495 INF Committed entry. latency=0 nReq=4096 sn=54
03:19:35.495 INF Delivered batch. nReq=4096 sn=54
03:19:35.611 INF Handling PREPREPARE. nReq=1118 senderID=2 sn=55
03:19:35.638 INF Committed entry. latency=0 nReq=1118 sn=55
03:19:35.638 INF Delivered batch. nReq=1118 sn=55
03:19:36.219 INF Handling PREPREPARE. nReq=317 senderID=0 sn=56
03:19:36.239 INF Committed entry. latency=0 nReq=317 sn=56
03:19:36.239 INF Delivered batch. nReq=317 sn=56
03:19:36.379 INF Handling PREPREPARE. nReq=1105 senderID=1 sn=57
03:19:36.409 INF Committed entry. latency=0 nReq=1105 sn=57
03:19:36.409 INF Delivered batch. nReq=1105 sn=57
03:19:36.600 INF Handling PREPREPARE. nReq=440 senderID=2 sn=58
03:19:36.622 INF Committed entry. latency=0 nReq=440 sn=58
03:19:36.622 INF Delivered batch. nReq=440 sn=58
03:19:37.219 INF Handling PREPREPARE. nReq=308 senderID=0 sn=59
03:19:37.237 INF Committed entry. latency=0 nReq=308 sn=59
03:19:37.238 INF Delivered batch. nReq=308 sn=59
03:19:37.400 INF Handling PREPREPARE. nReq=1293 senderID=1 sn=60
03:19:37.432 INF Committed entry. latency=0 nReq=1293 sn=60
03:19:37.432 INF Delivered batch. nReq=1293 sn=60
03:19:37.629 INF Handling PREPREPARE. nReq=860 senderID=2 sn=61
03:19:37.653 INF Committed entry. latency=0 nReq=860 sn=61
03:19:37.653 INF Delivered batch. nReq=860 sn=61
03:19:38.226 INF Handling PREPREPARE. nReq=286 senderID=0 sn=62
03:19:38.242 INF Committed entry. latency=0 nReq=286 sn=62
03:19:38.242 INF Delivered batch. nReq=286 sn=62
03:19:38.375 INF Handling PREPREPARE. nReq=1246 senderID=1 sn=63
03:19:38.412 INF Committed entry. latency=0 nReq=1246 sn=63
03:19:38.412 INF Delivered batch. nReq=1246 sn=63
03:19:38.647 INF Handling PREPREPARE. nReq=1769 senderID=2 sn=64
03:19:38.682 INF Committed entry. latency=0 nReq=1769 sn=64
03:19:38.683 INF Delivered batch. nReq=1769 sn=64
03:19:39.235 INF Handling PREPREPARE. nReq=485 senderID=0 sn=65
03:19:39.253 INF Committed entry. latency=0 nReq=485 sn=65
03:19:39.253 INF Delivered batch. nReq=485 sn=65
03:19:39.408 INF Handling PREPREPARE. nReq=1718 senderID=1 sn=66
03:19:39.456 INF Committed entry. latency=0 nReq=1718 sn=66
03:19:39.456 INF Delivered batch. nReq=1718 sn=66
03:19:39.670 INF Handling PREPREPARE. nReq=2040 senderID=2 sn=67
03:19:39.709 INF Committed entry. latency=0 nReq=2040 sn=67
03:19:39.710 INF Delivered batch. nReq=2040 sn=67
03:19:40.243 INF Handling PREPREPARE. nReq=474 senderID=0 sn=68
03:19:40.263 INF Committed entry. latency=0 nReq=474 sn=68
03:19:40.263 INF Delivered batch. nReq=474 sn=68
03:19:40.394 INF Handling PREPREPARE. nReq=1620 senderID=1 sn=69
03:19:40.430 INF Committed entry. latency=0 nReq=1620 sn=69
03:19:40.430 INF Delivered batch. nReq=1620 sn=69
03:19:40.646 INF Handling PREPREPARE. nReq=1264 senderID=2 sn=70
03:19:40.673 INF Committed entry. latency=0 nReq=1264 sn=70
03:19:40.673 INF Delivered batch. nReq=1264 sn=70
03:19:41.226 INF Handling PREPREPARE. nReq=279 senderID=0 sn=71
03:19:41.243 INF Committed entry. latency=0 nReq=279 sn=71
03:19:41.243 INF Delivered batch. nReq=279 sn=71
03:19:41.380 INF Handling PREPREPARE. nReq=1285 senderID=1 sn=72
03:19:41.411 INF Committed entry. latency=0 nReq=1285 sn=72
03:19:41.411 INF Delivered batch. nReq=1285 sn=72
03:19:41.670 INF Handling PREPREPARE. nReq=1472 senderID=2 sn=73
03:19:41.701 INF Committed entry. latency=0 nReq=1472 sn=73
03:19:41.701 INF Delivered batch. nReq=1472 sn=73
03:19:42.230 INF Handling PREPREPARE. nReq=382 senderID=0 sn=74
03:19:42.245 INF Committed entry. latency=0 nReq=382 sn=74
03:19:42.245 INF Delivered batch. nReq=382 sn=74
03:19:42.411 INF Handling PREPREPARE. nReq=1612 senderID=1 sn=75
03:19:42.450 INF Committed entry. latency=0 nReq=1612 sn=75
03:19:42.450 INF Delivered batch. nReq=1612 sn=75
03:19:42.686 INF Handling PREPREPARE. nReq=2422 senderID=2 sn=76
03:19:42.734 INF Committed entry. latency=0 nReq=2422 sn=76
03:19:42.735 INF Delivered batch. nReq=2422 sn=76
03:19:43.248 INF Handling PREPREPARE. nReq=518 senderID=0 sn=77
03:19:43.274 INF Committed entry. latency=0 nReq=518 sn=77
03:19:43.274 INF Delivered batch. nReq=518 sn=77
03:19:43.409 INF Handling PREPREPARE. nReq=1629 senderID=1 sn=78
03:19:43.454 INF Committed entry. latency=0 nReq=1629 sn=78
03:19:43.454 INF Delivered batch. nReq=1629 sn=78
03:19:43.655 INF Handling PREPREPARE. nReq=1319 senderID=2 sn=79
03:19:43.685 INF Committed entry. latency=0 nReq=1319 sn=79
03:19:43.686 INF Delivered batch. nReq=1319 sn=79
03:19:44.224 INF Handling PREPREPARE. nReq=305 senderID=0 sn=80
03:19:44.241 INF Committed entry. latency=0 nReq=305 sn=80
03:19:44.241 INF Delivered batch. nReq=305 sn=80
03:19:44.370 INF Handling PREPREPARE. nReq=838 senderID=1 sn=81
03:19:44.393 INF Committed entry. latency=0 nReq=838 sn=81
03:19:44.393 INF Delivered batch. nReq=838 sn=81
03:19:44.652 INF Handling PREPREPARE. nReq=1444 senderID=2 sn=82
03:19:44.684 INF Committed entry. latency=0 nReq=1444 sn=82
03:19:44.684 INF Delivered batch. nReq=1444 sn=82
03:19:45.291 INF Handling PREPREPARE. nReq=1166 senderID=0 sn=83
03:19:45.318 INF Committed entry. latency=0 nReq=1166 sn=83
03:19:45.319 INF Delivered batch. nReq=1166 sn=83
03:19:45.355 INF Handling PREPREPARE. nReq=761 senderID=1 sn=84
03:19:45.370 INF Committed entry. latency=0 nReq=761 sn=84
03:19:45.370 INF Delivered batch. nReq=761 sn=84
03:19:45.679 INF Handling PREPREPARE. nReq=1866 senderID=2 sn=85
03:19:45.720 INF Committed entry. latency=0 nReq=1866 sn=85
03:19:45.720 INF Delivered batch. nReq=1866 sn=85
03:19:46.220 INF Handling PREPREPARE. nReq=529 senderID=0 sn=86
03:19:46.240 INF Committed entry. latency=0 nReq=529 sn=86
03:19:46.240 INF Delivered batch. nReq=529 sn=86
03:19:46.335 INF Handling PREPREPARE. nReq=0 senderID=1 sn=87
03:19:46.341 INF Committed entry. latency=0 nReq=0 sn=87
03:19:46.341 INF Delivered batch. nReq=0 sn=87
03:19:46.595 INF Handling PREPREPARE. nReq=0 senderID=2 sn=88
03:19:46.600 INF Committed entry. latency=0 nReq=0 sn=88
03:19:46.600 INF Delivered batch. nReq=0 sn=88
03:19:47.280 INF Handling PREPREPARE. nReq=764 senderID=0 sn=89
03:19:47.308 INF Committed entry. latency=0 nReq=764 sn=89
03:19:47.308 INF Delivered batch. nReq=764 sn=89
03:19:47.336 INF Handling PREPREPARE. nReq=0 senderID=1 sn=90
03:19:47.341 INF Committed entry. latency=0 nReq=0 sn=90
03:19:47.342 INF Delivered batch. nReq=0 sn=90
03:19:47.596 INF Handling PREPREPARE. nReq=0 senderID=2 sn=91
03:19:47.602 INF Committed entry. latency=0 nReq=0 sn=91
03:19:47.602 INF Delivered batch. nReq=0 sn=91
03:19:48.340 INF Handling PREPREPARE. nReq=0 senderID=1 sn=93
03:19:48.340 INF Handling PREPREPARE. nReq=2645 senderID=0 sn=92
03:19:48.344 INF Committed entry. latency=0 nReq=0 sn=93
03:19:48.419 INF Committed entry. latency=0 nReq=2645 sn=92
03:19:48.419 INF Delivered batch. nReq=2645 sn=92
03:19:48.420 INF Delivered batch. nReq=0 sn=93
03:19:48.596 INF Handling PREPREPARE. nReq=0 senderID=2 sn=94
03:19:48.602 INF Committed entry. latency=0 nReq=0 sn=94
03:19:48.602 INF Delivered batch. nReq=0 sn=94
03:19:49.288 INF Handling PREPREPARE. nReq=877 senderID=0 sn=95
03:19:49.323 INF Committed entry. latency=0 nReq=877 sn=95
03:19:49.323 INF Delivered batch. nReq=877 sn=95
03:19:49.343 INF Handling PREPREPARE. nReq=0 senderID=1 sn=96
03:19:49.350 INF Committed entry. latency=0 nReq=0 sn=96
03:19:49.350 INF Delivered batch. nReq=0 sn=96
03:19:49.598 INF Handling PREPREPARE. nReq=0 senderID=2 sn=97
03:19:49.604 INF Committed entry. latency=0 nReq=0 sn=97
03:19:49.604 INF Delivered batch. nReq=0 sn=97
03:19:50.312 INF Handling PREPREPARE. nReq=1420 senderID=0 sn=98
03:19:50.344 INF Handling PREPREPARE. nReq=0 senderID=1 sn=99
03:19:50.349 INF Committed entry. latency=0 nReq=0 sn=99
03:19:50.349 INF Sending segment checkpoint. lastSn=99 segID=4
03:19:50.350 INF Committed entry. latency=0 nReq=1420 sn=98
03:19:50.351 INF Delivered batch. nReq=1420 sn=98
03:19:50.351 INF Delivered batch. nReq=0 sn=99
03:19:50.351 INF Sending segment checkpoint. lastSn=98 segID=3
03:19:50.357 INF PBFT checkpoint ready. Scheduling catchup. lastSn=99 segID=4
03:19:50.360 INF PBFT checkpoint ready. Scheduling catchup. lastSn=98 segID=3
03:19:50.598 INF Handling PREPREPARE. nReq=0 senderID=2 sn=100
03:19:50.603 INF Committed entry. latency=0 nReq=0 sn=100
03:19:50.603 INF Delivered batch. nReq=0 sn=100
03:19:50.604 INF Sending segment checkpoint. lastSn=100 segID=5
03:19:50.614 INF PBFT checkpoint ready. Scheduling catchup. lastSn=100 segID=5
03:19:50.640 INF fuck! epoch=192 epoch time (ms)=16364 leaders=4 viewtimeout=120000
03:19:50.640 INF Epoch finished. Waiting for stable checkpoint. sn=100
03:19:50.643 INF New stable checkpoint. sn=100
03:19:50.643 INF Closing message serializers. segID=4
03:19:50.643 INF Epoch end confirmed. chkpSn=100
03:19:50.644 INF Advancing watermarks. numEntries=48
03:19:50.644 INF Received stable checkpoint notification. sn=100
03:19:50.644 INF Statistics commitTs=1753989575492681899 duration=74168564 proposeTs=1753989575418513335 sn=54
03:19:50.644 INF Statistics commitTs=1753989576408085529 duration=28542500 proposeTs=1753989576379543029 sn=57
03:19:50.644 INF Closing message serializers. segID=5
03:19:50.644 INF Statistics commitTs=1753989577431073100 duration=30833830 proposeTs=1753989577400239270 sn=60
03:19:50.644 INF Statistics commitTs=1753989575637310364 duration=25838332 proposeTs=1753989575611472032 sn=55
03:19:50.644 INF Statistics commitTs=1753989578409990116 duration=34180906 proposeTs=1753989578375809210 sn=63
03:19:50.645 INF Statistics commitTs=1753989576621423458 duration=21101005 proposeTs=1753989576600322453 sn=58
03:19:50.645 INF Statistics commitTs=1753989579454040983 duration=45415933 proposeTs=1753989579408625050 sn=66
03:19:50.645 INF Statistics commitTs=1753989580428722619 duration=34054090 proposeTs=1753989580394668529 sn=69
03:19:50.645 INF Statistics commitTs=1753989581410662184 duration=30243841 proposeTs=1753989581380418343 sn=72
03:19:50.645 INF Closing message serializers. segID=3
03:19:50.645 INF Statistics commitTs=1753989582449230446 duration=37410760 proposeTs=1753989582411819686 sn=75
03:19:50.646 INF Statistics commitTs=1753989575291332942 duration=28580203 proposeTs=1753989575262752739 sn=53
03:19:50.646 INF Statistics commitTs=1753989583450819635 duration=41170451 proposeTs=1753989583409649184 sn=78
03:19:50.646 INF Statistics commitTs=1753989576238251129 duration=18436976 proposeTs=1753989576219814153 sn=56
03:19:50.646 INF Statistics commitTs=1753989584392026056 duration=22016380 proposeTs=1753989584370009676 sn=81
03:19:50.646 INF Statistics commitTs=1753989577237330182 duration=17805680 proposeTs=1753989577219524502 sn=59
03:19:50.646 INF Statistics commitTs=1753989578242383633 duration=16326277 proposeTs=1753989578226057356 sn=62
03:19:50.645 INF Statistics commitTs=1753989577652545673 duration=22807434 proposeTs=1753989577629738239 sn=61
03:19:50.647 INF Statistics commitTs=1753989579252571838 duration=17315607 proposeTs=1753989579235256231 sn=65
03:19:50.647 INF Statistics commitTs=1753989578680824760 duration=32900312 proposeTs=1753989578647924448 sn=64
03:19:50.647 INF Statistics commitTs=1753989580262084430 duration=18180995 proposeTs=1753989580243903435 sn=68
03:19:50.647 INF Statistics commitTs=1753989579707178873 duration=37066006 proposeTs=1753989579670112867 sn=67
03:19:50.647 INF Statistics commitTs=1753989581242756070 duration=16682537 proposeTs=1753989581226073533 sn=71
03:19:50.647 INF Statistics commitTs=1753989580671352980 duration=25403828 proposeTs=1753989580645949152 sn=70
03:19:50.647 INF Statistics commitTs=1753989582244622939 duration=14130064 proposeTs=1753989582230492875 sn=74
03:19:50.648 INF Statistics commitTs=1753989583273121896 duration=24639260 proposeTs=1753989583248482636 sn=77
03:19:50.648 INF Statistics commitTs=1753989584240828985 duration=16876476 proposeTs=1753989584223952509 sn=80
03:19:50.648 INF Statistics commitTs=1753989585317522013 duration=25964742 proposeTs=1753989585291557271 sn=83
03:19:50.649 INF Statistics commitTs=1753989586239654912 duration=18766495 proposeTs=1753989586220888417 sn=86
03:19:50.649 INF Statistics commitTs=1753989587307331628 duration=27144025 proposeTs=1753989587280187603 sn=89
03:19:50.649 INF Statistics commitTs=1753989588412963108 duration=72684829 proposeTs=1753989588340278279 sn=92
03:19:50.649 INF Statistics commitTs=1753989589322266714 duration=33997549 proposeTs=1753989589288269165 sn=95
03:19:50.649 INF Statistics commitTs=1753989590349511714 duration=37008772 proposeTs=1753989590312502942 sn=98
03:19:50.650 INF Median commit time commit=18766495 segID=3
03:19:50.647 INF Statistics commitTs=1753989581700186136 duration=29349891 proposeTs=1753989581670836245 sn=73
03:19:50.650 INF Statistics commitTs=1753989582733364787 duration=46654152 proposeTs=1753989582686710635 sn=76
03:19:50.646 INF Statistics commitTs=1753989585369963940 duration=14958845 proposeTs=1753989585355005095 sn=84
03:19:50.650 INF Statistics commitTs=1753989586340967281 duration=5254353 proposeTs=1753989586335712928 sn=87
03:19:50.650 INF Statistics commitTs=1753989583684140842 duration=28325043 proposeTs=1753989583655815799 sn=79
03:19:50.651 INF Statistics commitTs=1753989587341733333 duration=4967542 proposeTs=1753989587336765791 sn=90
03:19:50.651 INF Statistics commitTs=1753989588344132798 duration=4149360 proposeTs=1753989588339983438 sn=93
03:19:50.651 INF Statistics commitTs=1753989584683299217 duration=31166137 proposeTs=1753989584652133080 sn=82
03:19:50.651 INF Statistics commitTs=1753989589350378478 duration=6559084 proposeTs=1753989589343819394 sn=96
03:19:50.651 INF Statistics commitTs=1753989585718573610 duration=39395552 proposeTs=1753989585679178058 sn=85
03:19:50.651 INF Statistics commitTs=1753989590349608915 duration=5575973 proposeTs=1753989590344032942 sn=99
03:19:50.651 INF Statistics commitTs=1753989586600810060 duration=5435255 proposeTs=1753989586595374805 sn=88
03:19:50.651 INF Median commit time commit=30243841 segID=4
03:19:50.651 INF Statistics commitTs=1753989587602057163 duration=5617192 proposeTs=1753989587596439971 sn=91
03:19:50.652 INF Statistics commitTs=1753989588602136433 duration=5225037 proposeTs=1753989588596911396 sn=94
03:19:50.652 INF Statistics commitTs=1753989589604199959 duration=6077145 proposeTs=1753989589598122814 sn=97
03:19:50.652 INF Statistics commitTs=1753989590603520323 duration=4688302 proposeTs=1753989590598832021 sn=100
03:19:50.652 INF Median commit time commit=25838332 segID=5
03:19:50.814 INF PbftOrderer received a new segment: [101 105 109 113 117 121 125 129 133 137 141 145 149 153 157 161] first leader=0 firstSN=101 lastSN=161 len=16 length=16 segId=6
03:19:51.592 INF Starting new view. segID=6 timeout=120000 view=0
03:19:51.593 INF Advanced timeout advanced=25838332 initial=1000000000
03:19:51.593 INF Advanced timeout advanced=1025838332 initial=1000000000
03:19:51.593 INF Advanced timeout advanced=2025838332 initial=1000000000
03:19:51.593 INF Advanced timeout advanced=3025838332 initial=1000000000
03:19:51.593 INF Advanced timeout advanced=4025838332 initial=1000000000
03:19:51.593 INF Advanced timeout advanced=5025838332 initial=1000000000
03:19:51.593 INF Advanced timeout advanced=6025838332 initial=1000000000
03:19:51.593 INF Advanced timeout advanced=7025838332 initial=1000000000
03:19:51.593 INF Advanced timeout advanced=8025838332 initial=1000000000
03:19:51.593 INF Advanced timeout advanced=9025838332 initial=1000000000
03:19:51.593 INF Advanced timeout advanced=10025838332 initial=1000000000
03:19:51.593 INF Advanced timeout advanced=11025838332 initial=1000000000
03:19:51.593 INF Advanced timeout advanced=12025838332 initial=1000000000
03:19:51.593 INF Advanced timeout advanced=13025838332 initial=1000000000
03:19:51.593 INF Advanced timeout advanced=14025838332 initial=1000000000
03:19:51.594 INF Advanced timeout advanced=15025838332 initial=1000000000
03:19:51.594 INF Starting PBFT instance. first=101 last=161 segID=6
03:19:51.594 INF PbftOrderer received a new segment: [102 106 110 114 118 122 126 130 134 138 142 146 150 154 158 162] first leader=1 firstSN=102 lastSN=162 len=16 length=16 segId=7
03:19:51.594 INF Starting serialized message processing. segID=6
03:19:52.209 INF Starting new view. segID=7 timeout=120000 view=0
03:19:52.210 INF Advanced timeout advanced=25838332 initial=1000000000
03:19:52.210 INF Advanced timeout advanced=1025838332 initial=1000000000
03:19:52.210 INF Advanced timeout advanced=2025838332 initial=1000000000
03:19:52.210 INF Advanced timeout advanced=3025838332 initial=1000000000
03:19:52.210 INF Advanced timeout advanced=4025838332 initial=1000000000
03:19:52.210 INF Advanced timeout advanced=5025838332 initial=1000000000
03:19:52.210 INF Advanced timeout advanced=6025838332 initial=1000000000
03:19:52.210 INF Advanced timeout advanced=7025838332 initial=1000000000
03:19:52.210 INF Advanced timeout advanced=8025838332 initial=1000000000
03:19:52.210 INF Advanced timeout advanced=9025838332 initial=1000000000
03:19:52.210 INF Advanced timeout advanced=10025838332 initial=1000000000
03:19:52.210 INF Advanced timeout advanced=11025838332 initial=1000000000
03:19:52.210 INF Advanced timeout advanced=12025838332 initial=1000000000
03:19:52.210 INF Advanced timeout advanced=13025838332 initial=1000000000
03:19:52.210 INF Advanced timeout advanced=14025838332 initial=1000000000
03:19:52.210 INF Advanced timeout advanced=15025838332 initial=1000000000
03:19:52.211 INF Starting PBFT instance. first=102 last=162 segID=7
03:19:52.211 INF Starting serialized message processing. segID=7
03:19:52.211 INF PbftOrderer received a new segment: [103 107 111 115 119 123 127 131 135 139 143 147 151 155 159 163] first leader=2 firstSN=103 lastSN=163 len=16 length=16 segId=8
03:19:52.839 INF Starting new view. segID=8 timeout=120000 view=0
03:19:52.840 INF Advanced timeout advanced=25838332 initial=1000000000
03:19:52.840 INF Advanced timeout advanced=1025838332 initial=1000000000
03:19:52.840 INF Advanced timeout advanced=2025838332 initial=1000000000
03:19:52.840 INF Advanced timeout advanced=3025838332 initial=1000000000
03:19:52.840 INF Advanced timeout advanced=4025838332 initial=1000000000
03:19:52.840 INF Advanced timeout advanced=5025838332 initial=1000000000
03:19:52.840 INF Advanced timeout advanced=6025838332 initial=1000000000
03:19:52.840 INF Advanced timeout advanced=7025838332 initial=1000000000
03:19:52.840 INF Advanced timeout advanced=8025838332 initial=1000000000
03:19:52.840 INF Advanced timeout advanced=9025838332 initial=1000000000
03:19:52.841 INF Advanced timeout advanced=10025838332 initial=1000000000
03:19:52.841 INF Advanced timeout advanced=11025838332 initial=1000000000
03:19:52.841 INF Advanced timeout advanced=12025838332 initial=1000000000
03:19:52.841 INF Advanced timeout advanced=13025838332 initial=1000000000
03:19:52.841 INF Advanced timeout advanced=14025838332 initial=1000000000
03:19:52.841 INF Advanced timeout advanced=15025838332 initial=1000000000
03:19:52.841 INF Starting PBFT instance. first=103 last=163 segID=8
03:19:52.841 INF PbftOrderer received a new segment: [104 108 112 116 120 124 128 132 136 140 144 148 152 156 160 164] first leader=3 firstSN=104 lastSN=164 len=16 length=16 segId=9
03:19:52.855 INF fuck1 epoch change time (ms)=2251
03:19:52.860 INF Starting serialized message processing. segID=8
03:19:52.875 INF Handling PREPREPARE. nReq=471 senderID=0 sn=101
03:19:52.908 INF Handling PREPREPARE. nReq=1293 senderID=2 sn=103
03:19:52.961 INF Committed entry. latency=0 nReq=471 sn=101
03:19:52.961 INF Delivered batch. nReq=471 sn=101
03:19:53.239 INF Committed entry. latency=0 nReq=1293 sn=103
03:19:53.602 INF Starting new view. segID=9 timeout=120000 view=0
03:19:53.602 INF Advanced timeout advanced=25838332 initial=1000000000
03:19:53.602 INF Advanced timeout advanced=1025838332 initial=1000000000
03:19:53.602 INF Advanced timeout advanced=2025838332 initial=1000000000
03:19:53.602 INF Advanced timeout advanced=3025838332 initial=1000000000
03:19:53.602 INF Advanced timeout advanced=4025838332 initial=1000000000
03:19:53.602 INF Advanced timeout advanced=5025838332 initial=1000000000
03:19:53.603 INF Advanced timeout advanced=6025838332 initial=1000000000
03:19:53.603 INF Advanced timeout advanced=7025838332 initial=1000000000
03:19:53.603 INF Advanced timeout advanced=8025838332 initial=1000000000
03:19:53.603 INF Advanced timeout advanced=9025838332 initial=1000000000
03:19:53.603 INF Advanced timeout advanced=10025838332 initial=1000000000
03:19:53.603 INF Advanced timeout advanced=11025838332 initial=1000000000
03:19:53.603 INF Advanced timeout advanced=12025838332 initial=1000000000
03:19:53.603 INF Advanced timeout advanced=13025838332 initial=1000000000
03:19:53.603 INF Advanced timeout advanced=14025838332 initial=1000000000
03:19:53.603 INF Advanced timeout advanced=15025838332 initial=1000000000
03:19:53.603 INF Starting PBFT instance. first=104 last=164 segID=9
03:19:53.603 INF Starting serialized message processing. segID=9
03:19:53.683 INF Handling PREPREPARE. nReq=0 senderID=2 sn=107
03:19:53.689 INF Committed entry. latency=0 nReq=0 sn=107
03:19:53.733 INF Handling PREPREPARE. nReq=2190 senderID=1 sn=102
03:19:53.802 INF Committed entry. latency=0 nReq=2190 sn=102
03:19:53.802 INF Delivered batch. nReq=2190 sn=102
03:19:53.803 INF Delivered batch. nReq=1293 sn=103
03:19:53.812 INF Handling PREPREPARE. nReq=247 senderID=0 sn=105
03:19:53.838 INF Committed entry. latency=0 nReq=247 sn=105
03:19:54.591 INF Handling PREPREPARE. nReq=0 senderID=1 sn=106
03:19:54.597 INF Committed entry. latency=0 nReq=0 sn=106
03:19:54.670 INF Handling PREPREPARE. nReq=0 senderID=3 sn=104
03:19:54.675 INF Committed entry. latency=0 nReq=0 sn=104
03:19:54.675 INF Delivered batch. nReq=0 sn=104
03:19:54.675 INF Delivered batch. nReq=247 sn=105
03:19:54.675 INF Delivered batch. nReq=0 sn=106
03:19:54.675 INF Delivered batch. nReq=0 sn=107
03:19:54.683 INF Handling PREPREPARE. nReq=0 senderID=2 sn=111
03:19:54.688 INF Committed entry. latency=0 nReq=0 sn=111
03:19:54.788 INF Handling PREPREPARE. nReq=95 senderID=0 sn=109
03:19:54.797 INF Committed entry. latency=0 nReq=95 sn=109
03:19:55.592 INF Handling PREPREPARE. nReq=0 senderID=1 sn=110
03:19:55.598 INF Committed entry. latency=0 nReq=0 sn=110
03:19:55.672 INF Handling PREPREPARE. nReq=0 senderID=3 sn=108
03:19:55.676 INF Committed entry. latency=0 nReq=0 sn=108
03:19:55.676 INF Delivered batch. nReq=0 sn=108
03:19:55.677 INF Delivered batch. nReq=95 sn=109
03:19:55.678 INF Delivered batch. nReq=0 sn=110
03:19:55.678 INF Delivered batch. nReq=0 sn=111
03:19:55.691 INF Handling PREPREPARE. nReq=0 senderID=2 sn=115
03:19:55.697 INF Committed entry. latency=0 nReq=0 sn=115
03:19:55.815 INF Handling PREPREPARE. nReq=479 senderID=0 sn=113
03:19:55.839 INF Committed entry. latency=0 nReq=479 sn=113
03:19:56.593 INF Handling PREPREPARE. nReq=0 senderID=1 sn=114
03:19:56.598 INF Committed entry. latency=0 nReq=0 sn=114
03:19:56.673 INF Handling PREPREPARE. nReq=0 senderID=3 sn=112
03:19:56.680 INF Committed entry. latency=0 nReq=0 sn=112
03:19:56.680 INF Delivered batch. nReq=0 sn=112
03:19:56.681 INF Delivered batch. nReq=479 sn=113
03:19:56.681 INF Delivered batch. nReq=0 sn=114
03:19:56.681 INF Delivered batch. nReq=0 sn=115
03:19:56.713 INF Handling PREPREPARE. nReq=0 senderID=2 sn=119
03:19:56.717 INF Committed entry. latency=0 nReq=0 sn=119
03:19:56.785 INF Handling PREPREPARE. nReq=0 senderID=0 sn=117
03:19:56.789 INF Committed entry. latency=0 nReq=0 sn=117
03:19:57.594 INF Handling PREPREPARE. nReq=0 senderID=1 sn=118
03:19:57.601 INF Committed entry. latency=0 nReq=0 sn=118
03:19:57.673 INF Handling PREPREPARE. nReq=0 senderID=3 sn=116
03:19:57.680 INF Committed entry. latency=0 nReq=0 sn=116
03:19:57.680 INF Delivered batch. nReq=0 sn=116
03:19:57.680 INF Delivered batch. nReq=0 sn=117
03:19:57.680 INF Delivered batch. nReq=0 sn=118
03:19:57.681 INF Delivered batch. nReq=0 sn=119
03:19:57.706 INF Handling PREPREPARE. nReq=0 senderID=2 sn=123
03:19:57.711 INF Committed entry. latency=0 nReq=0 sn=123
03:19:57.787 INF Handling PREPREPARE. nReq=0 senderID=0 sn=121
03:19:57.793 INF Committed entry. latency=0 nReq=0 sn=121
03:19:57.859 INF Connection terminated. error="rpc error: code = Canceled desc = context canceled" address=127.0.0.1:38908
03:19:57.863 INF Finished sending bucket assignments to client. clId=0
03:19:58.390 INF Stopping profiler.
03:19:58.390 INF Stopping Tracer. events=1072 fileName=experiment-output/0000/slave-009/peer.trc
==================
WARNING: DATA RACE
Read at 0x00c00092a758 by goroutine 109:
  github.com/hyperledger-labs/mirbft/tracing.(*BufferedTrace).Stop()
      /opt/gopath/src/github.com/hyperledger-labs/mirbft/tracing/bufferedtrace.go:237 +0x30e
  github.com/hyperledger-labs/mirbft/tracing.(*BufferedTrace).StopOnSignal.func1()
      /opt/gopath/src/github.com/hyperledger-labs/mirbft/tracing/bufferedtrace.go:298 +0x4e

Previous write at 0x00c00092a758 by goroutine 108:
  github.com/hyperledger-labs/mirbft/tracing.(*BufferedTrace).Event()
      /opt/gopath/src/github.com/hyperledger-labs/mirbft/tracing/bufferedtrace.go:105 +0x2cd
  github.com/hyperledger-labs/mirbft/profiling.StartCPUTracing.func1()
      /opt/gopath/src/github.com/hyperledger-labs/mirbft/profiling/cpuusage.go:33 +0x95

Goroutine 109 (running) created at:
  github.com/hyperledger-labs/mirbft/tracing.(*BufferedTrace).StopOnSignal()
      /opt/gopath/src/github.com/hyperledger-labs/mirbft/tracing/bufferedtrace.go:292 +0x178
  main.setUpTracing()
      /opt/gopath/src/github.com/hyperledger-labs/mirbft/cmd/orderingpeer/main.go:408 +0xf5
  main.main()
      /opt/gopath/src/github.com/hyperledger-labs/mirbft/cmd/orderingpeer/main.go:110 +0x9e4
  runtime.deferreturn()
      /home/ubuntu/go/src/runtime/panic.go:476 +0x32
  main.main()
      /opt/gopath/src/github.com/hyperledger-labs/mirbft/cmd/orderingpeer/main.go:78 +0x56c

Goroutine 108 (running) created at:
  github.com/hyperledger-labs/mirbft/profiling.StartCPUTracing()
      /opt/gopath/src/github.com/hyperledger-labs/mirbft/profiling/cpuusage.go:30 +0xb9
  main.setUpTracing()
      /opt/gopath/src/github.com/hyperledger-labs/mirbft/cmd/orderingpeer/main.go:400 +0x85
  main.main()
      /opt/gopath/src/github.com/hyperledger-labs/mirbft/cmd/orderingpeer/main.go:110 +0x9e4
  runtime.deferreturn()
      /home/ubuntu/go/src/runtime/panic.go:476 +0x32
  main.main()
      /opt/gopath/src/github.com/hyperledger-labs/mirbft/cmd/orderingpeer/main.go:78 +0x56c
==================
03:19:58.394 INF Trace data written.
03:19:58.413 INF Profile data written. filename=experiment-output/0000/slave-009/prof.cpu name=cpu
03:19:58.436 INF Profile data written. filename=experiment-output/0000/slave-009/prof.block name=block
03:19:58.443 INF Profile data written. filename=experiment-output/0000/slave-009/prof.mutex name=mutex
