{"level":"debug","Logging":"info","time":"2025-08-01T03:11:28+08:00","message":"Config"}
{"level":"debug","UseTLS":false,"time":"2025-08-01T03:11:28+08:00","message":"Config"}
{"level":"debug","CACertFile":"tls-data/ca.pem","time":"2025-08-01T03:11:28+08:00","message":"Config"}
{"level":"debug","KeyFile":"tls-data/auth.key","time":"2025-08-01T03:11:28+08:00","message":"Config"}
{"level":"debug","CertFile":"tls-data/auth.pem","time":"2025-08-01T03:11:28+08:00","message":"Config"}
{"level":"debug","PriorityConnections":2,"time":"2025-08-01T03:11:28+08:00","message":"Config"}
{"level":"debug","BasicConnections":4,"time":"2025-08-01T03:11:28+08:00","message":"Config"}
{"level":"debug","TestConnections":false,"time":"2025-08-01T03:11:28+08:00","message":"Config"}
{"level":"debug","ExcessConnections":1,"time":"2025-08-01T03:11:28+08:00","message":"Config"}
{"level":"debug","ConnectionTestMsgs":4,"time":"2025-08-01T03:11:28+08:00","message":"Config"}
{"level":"debug","ConnectionTestPayload":131072,"time":"2025-08-01T03:11:28+08:00","message":"Config"}
{"level":"debug","OutMessageBufsize":1024,"time":"2025-08-01T03:11:28+08:00","message":"Config"}
{"level":"debug","OutMessageBufsize":1,"time":"2025-08-01T03:11:28+08:00","message":"Config"}
{"level":"debug","ThroughputCap":131072000,"time":"2025-08-01T03:11:28+08:00","message":"Config"}
{"level":"debug","StragglerTolerance":1000,"time":"2025-08-01T03:11:28+08:00","message":"Config"}
{"level":"debug","BatchSizeIncrement":256,"time":"2025-08-01T03:11:28+08:00","message":"Config"}
{"level":"debug","Orderer":"Pbft","time":"2025-08-01T03:11:28+08:00","message":"Config"}
{"level":"debug","Manager":"Mir","time":"2025-08-01T03:11:28+08:00","message":"Config"}
{"level":"debug","Failures":0,"time":"2025-08-01T03:11:28+08:00","message":"Config"}
{"level":"debug","CrashTiming":"EpochStart","time":"2025-08-01T03:11:28+08:00","message":"Config"}
{"level":"debug","CheckpointInterval":256,"time":"2025-08-01T03:11:28+08:00","message":"Config"}
{"level":"debug","WatermarkWindowSize":256,"time":"2025-08-01T03:11:28+08:00","message":"Config"}
{"level":"debug","EpochLength":256,"time":"2025-08-01T03:11:28+08:00","message":"Config"}
{"level":"debug","SegmentLength":64,"time":"2025-08-01T03:11:28+08:00","message":"Config"}
{"level":"debug","WaitForCheckpoints":true,"time":"2025-08-01T03:11:28+08:00","message":"Config"}
{"level":"debug","ClientWatermarkWindowSize":4194304,"time":"2025-08-01T03:11:28+08:00","message":"Config"}
{"level":"debug","ClientRequestBacklogSize":4194304,"time":"2025-08-01T03:11:28+08:00","message":"Config"}
{"level":"debug","RandomSeed":6806,"time":"2025-08-01T03:11:28+08:00","message":"Config"}
{"level":"debug","NodeToLeaderRatio":1,"time":"2025-08-01T03:11:28+08:00","message":"Config"}
{"level":"debug","LeaderPolicy":"Simple","time":"2025-08-01T03:11:28+08:00","message":"Config"}
{"level":"debug","DefaultLeaderBan":2,"time":"2025-08-01T03:11:28+08:00","message":"Config"}
{"level":"debug","NumBuckets":64,"time":"2025-08-01T03:11:28+08:00","message":"Config"}
{"level":"debug","BatchSize":4096,"time":"2025-08-01T03:11:28+08:00","message":"Config"}
{"level":"debug","BatchTimeoutMs":1000,"time":"2025-08-01T03:11:28+08:00","message":"Config"}
{"level":"debug","DisabledViewChange":false,"time":"2025-08-01T03:11:28+08:00","message":"Config"}
{"level":"debug","ViewChangeTimeout":60000,"time":"2025-08-01T03:11:28+08:00","message":"Config"}
{"level":"debug","ClientTraceSampling":10,"time":"2025-08-01T03:11:28+08:00","message":"Config"}
{"level":"debug","EventBufferSize":2097152,"time":"2025-08-01T03:11:28+08:00","message":"Config"}
{"level":"debug","TraceSampling":1,"time":"2025-08-01T03:11:28+08:00","message":"Config"}
{"level":"debug","ClientsPerProcess":1,"time":"2025-08-01T03:11:28+08:00","message":"Config"}
{"level":"debug","RequestsPerClient":7200000,"time":"2025-08-01T03:11:28+08:00","message":"Config"}
{"level":"debug","ClientRunTime":60000,"time":"2025-08-01T03:11:28+08:00","message":"Config"}
{"level":"debug","RequestRate":60000,"time":"2025-08-01T03:11:28+08:00","message":"Config"}
{"level":"debug","HardRequestRateLimit":false,"time":"2025-08-01T03:11:28+08:00","message":"Config"}
{"level":"debug","RequestPayloadSize":500,"time":"2025-08-01T03:11:28+08:00","message":"Config"}
{"level":"debug","SignRequests":true,"time":"2025-08-01T03:11:28+08:00","message":"Config"}
{"level":"debug","ClientPrivKeyFile":"tls-data/client-ecdsa-256.key","time":"2025-08-01T03:11:28+08:00","message":"Config"}
{"level":"debug","ClientPubKeyFile":"tls-data/client-ecdsa-256.pem","time":"2025-08-01T03:11:28+08:00","message":"Config"}
{"level":"debug","PrecomputeRequests":false,"time":"2025-08-01T03:11:28+08:00","message":"Config"}
{"level":"debug","RequestHandlerThreads":32,"time":"2025-08-01T03:11:28+08:00","message":"Config"}
{"level":"debug","RequestInputChannelBuffer":8192,"time":"2025-08-01T03:11:28+08:00","message":"Config"}
{"level":"debug","BatchVerifier":"external","time":"2025-08-01T03:11:28+08:00","message":"Config"}
03:11:28.369 INF Registered with discovery server. numPeers=4 ownID=0
03:11:28.369 INF Profiling enabled.
03:11:28.369 INF Setting up profiling.
03:11:28.369 INF Started Profiler: CPU
03:11:28.369 INF Started Profiler: BLOCK
03:11:28.369 INF Started Profiler: MUTEX
03:11:28.369 INF Profiler will stop on signal. exit=true
03:11:28.371 INF Tracing will stop on signal. exit=false
03:11:28.371 INF Started tracing. traceFile=experiment-output/0000/slave-004/peer.trc
03:11:28.371 INF Connecting to peer. addr=127.0.0.1:10000 basicConns=4 priorityConns=2
03:11:28.371 INF Connecting to peer. addr=127.0.0.1:10011 basicConns=4 priorityConns=2
03:11:28.371 INF Listening for connections. port=10000 useTLS=false
03:11:28.371 INF Connecting to peer. addr=127.0.0.1:10033 basicConns=4 priorityConns=2
03:11:28.371 INF Connecting to peer. addr=127.0.0.1:10022 basicConns=4 priorityConns=2
03:11:28.378 INF Incoming connection for protocol messages. addr=127.0.0.1:43196
03:11:28.378 INF Incoming connection for protocol messages. addr=127.0.0.1:43240
03:11:28.379 INF Incoming connection for protocol messages. addr=127.0.0.1:43204
03:11:28.380 INF Incoming connection for protocol messages. addr=127.0.0.1:43172
03:11:28.380 INF Incoming connection for protocol messages. addr=127.0.0.1:43214
03:11:28.381 INF Incoming connection for protocol messages. addr=127.0.0.1:43160
03:11:28.381 INF Incoming connection for protocol messages. addr=127.0.0.1:43180
03:11:28.381 INF Incoming connection for protocol messages. addr=127.0.0.1:43210
03:11:28.381 INF Incoming connection for protocol messages. addr=127.0.0.1:43228
03:11:28.382 INF Incoming connection for protocol messages. addr=127.0.0.1:43264
03:11:28.382 INF Incoming connection for protocol messages. addr=127.0.0.1:43308
03:11:28.382 INF Incoming connection for protocol messages. addr=127.0.0.1:43316
03:11:28.383 INF Incoming connection for protocol messages. addr=127.0.0.1:43224
03:11:28.383 INF Incoming connection for protocol messages. addr=127.0.0.1:43284
03:11:28.383 INF Incoming connection for protocol messages. addr=127.0.0.1:43244
03:11:28.383 INF Incoming connection for protocol messages. addr=127.0.0.1:43252
03:11:28.383 INF Incoming connection for protocol messages. addr=127.0.0.1:43300
03:11:28.383 INF Incoming connection for protocol messages. addr=127.0.0.1:43268
03:11:28.384 INF Incoming connection for protocol messages. addr=127.0.0.1:43326
03:11:28.384 INF Connected to all peers.
03:11:28.385 INF Incoming connection for protocol messages. addr=127.0.0.1:43352
03:11:28.385 INF Incoming connection for protocol messages. addr=127.0.0.1:43354
03:11:28.384 INF Incoming connection for protocol messages. addr=127.0.0.1:43342
03:11:28.387 INF Incoming connection for protocol messages. addr=127.0.0.1:43364
03:11:28.387 INF Incoming connection for protocol messages. addr=127.0.0.1:43368
03:11:28.388 INF All peers finished connecting. Starting ISS.
03:11:28.389 INF PbftOrderer received a new segment: [0 1 2 3 4 5 6 7 8 9 10 11 12 13 14 15 16 17 18 19 20 21 22 23 24 25 26 27 28 29 30 31 32 33 34 35 36 37 38 39 40 41 42 43 44 45 46 47 48 49 50 51 52 53 54 55 56 57 58 59 60 61 62 63] first leader=0 firstSN=0 lastSN=63 len=64 length=64 segId=0
03:11:28.400 INF Starting new view. segID=0 timeout=60000 view=0
03:11:28.401 INF Starting PBFT instance. first=0 last=63 segID=0
03:11:28.401 INF Starting serialized message processing. segID=0
03:11:29.402 INF Sending PREPREPARE. nReq=0 senderID=0 sn=0 view=0
03:11:29.412 INF Committed entry. latency=0 nReq=0 sn=0
03:11:29.412 INF Delivered batch. nReq=0 sn=0
03:11:30.403 INF Sending PREPREPARE. nReq=0 senderID=0 sn=1 view=0
03:11:30.407 INF Committed entry. latency=0 nReq=0 sn=1
03:11:30.407 INF Delivered batch. nReq=0 sn=1
03:11:30.468 INF Incoming connection for requests. addr=127.0.0.1:43372
03:11:30.869 INF Sending PREPREPARE. nReq=4096 senderID=0 sn=2 view=0
03:11:31.000 INF Committed entry. latency=0 nReq=4096 sn=2
03:11:31.000 INF Delivered batch. nReq=4096 sn=2
03:11:31.871 INF Sending PREPREPARE. nReq=2079 senderID=0 sn=3 view=0
03:11:31.926 INF Committed entry. latency=0 nReq=2079 sn=3
03:11:31.927 INF Delivered batch. nReq=2079 sn=3
03:11:32.806 INF Sending PREPREPARE. nReq=4096 senderID=0 sn=4 view=0
03:11:32.931 INF Committed entry. latency=0 nReq=4096 sn=4
03:11:32.931 INF Delivered batch. nReq=4096 sn=4
03:11:33.806 INF Sending PREPREPARE. nReq=2302 senderID=0 sn=5 view=0
03:11:33.868 INF Committed entry. latency=0 nReq=2302 sn=5
03:11:33.868 INF Delivered batch. nReq=2302 sn=5
03:11:34.808 INF Sending PREPREPARE. nReq=3290 senderID=0 sn=6 view=0
03:11:34.918 INF Committed entry. latency=0 nReq=3290 sn=6
03:11:34.918 INF Delivered batch. nReq=3290 sn=6
03:11:35.808 INF Sending PREPREPARE. nReq=1957 senderID=0 sn=7 view=0
03:11:35.868 INF Committed entry. latency=0 nReq=1957 sn=7
03:11:35.868 INF Delivered batch. nReq=1957 sn=7
03:11:36.814 INF Sending PREPREPARE. nReq=3298 senderID=0 sn=8 view=0
03:11:36.914 INF Committed entry. latency=0 nReq=3298 sn=8
03:11:36.914 INF Delivered batch. nReq=3298 sn=8
03:11:37.823 INF Sending PREPREPARE. nReq=4016 senderID=0 sn=9 view=0
03:11:37.935 INF Committed entry. latency=0 nReq=4016 sn=9
03:11:37.936 INF Delivered batch. nReq=4016 sn=9
03:11:38.831 INF Sending PREPREPARE. nReq=2614 senderID=0 sn=10 view=0
03:11:38.915 INF Committed entry. latency=0 nReq=2614 sn=10
03:11:38.916 INF Delivered batch. nReq=2614 sn=10
03:11:39.825 INF Sending PREPREPARE. nReq=4096 senderID=0 sn=11 view=0
03:11:39.977 INF Committed entry. latency=0 nReq=4096 sn=11
03:11:39.977 INF Delivered batch. nReq=4096 sn=11
03:11:40.832 INF Sending PREPREPARE. nReq=2327 senderID=0 sn=12 view=0
03:11:40.904 INF Committed entry. latency=0 nReq=2327 sn=12
03:11:40.904 INF Delivered batch. nReq=2327 sn=12
03:11:41.826 INF Sending PREPREPARE. nReq=1610 senderID=0 sn=13 view=0
03:11:41.893 INF Committed entry. latency=0 nReq=1610 sn=13
03:11:41.893 INF Delivered batch. nReq=1610 sn=13
03:11:42.544 INF Sending PREPREPARE. nReq=4096 senderID=0 sn=14 view=0
03:11:42.669 INF Committed entry. latency=0 nReq=4096 sn=14
03:11:42.669 INF Delivered batch. nReq=4096 sn=14
03:11:43.549 INF Sending PREPREPARE. nReq=2385 senderID=0 sn=15 view=0
03:11:43.620 INF Committed entry. latency=0 nReq=2385 sn=15
03:11:43.620 INF Delivered batch. nReq=2385 sn=15
03:11:44.547 INF Sending PREPREPARE. nReq=2976 senderID=0 sn=16 view=0
03:11:44.646 INF Committed entry. latency=0 nReq=2976 sn=16
03:11:44.646 INF Delivered batch. nReq=2976 sn=16
03:11:45.550 INF Sending PREPREPARE. nReq=3253 senderID=0 sn=17 view=0
03:11:45.688 INF Committed entry. latency=0 nReq=3253 sn=17
03:11:45.688 INF Delivered batch. nReq=3253 sn=17
03:11:46.551 INF Sending PREPREPARE. nReq=3023 senderID=0 sn=18 view=0
03:11:46.674 INF Committed entry. latency=0 nReq=3023 sn=18
03:11:46.674 INF Delivered batch. nReq=3023 sn=18
03:11:47.555 INF Sending PREPREPARE. nReq=3562 senderID=0 sn=19 view=0
03:11:47.647 INF Committed entry. latency=0 nReq=3562 sn=19
03:11:47.648 INF Delivered batch. nReq=3562 sn=19
03:11:48.556 INF Sending PREPREPARE. nReq=3273 senderID=0 sn=20 view=0
03:11:48.663 INF Committed entry. latency=0 nReq=3273 sn=20
03:11:48.663 INF Delivered batch. nReq=3273 sn=20
03:11:49.556 INF Sending PREPREPARE. nReq=2631 senderID=0 sn=21 view=0
03:11:49.655 INF Committed entry. latency=0 nReq=2631 sn=21
03:11:49.655 INF Delivered batch. nReq=2631 sn=21
03:11:50.560 INF Sending PREPREPARE. nReq=4096 senderID=0 sn=22 view=0
03:11:50.664 INF Committed entry. latency=0 nReq=4096 sn=22
03:11:50.664 INF Delivered batch. nReq=4096 sn=22
03:11:51.568 INF Sending PREPREPARE. nReq=2263 senderID=0 sn=23 view=0
03:11:51.693 INF Committed entry. latency=0 nReq=2263 sn=23
03:11:51.693 INF Delivered batch. nReq=2263 sn=23
03:11:52.520 INF Sending PREPREPARE. nReq=4096 senderID=0 sn=24 view=0
03:11:52.627 INF Committed entry. latency=0 nReq=4096 sn=24
03:11:52.627 INF Delivered batch. nReq=4096 sn=24
03:11:53.523 INF Sending PREPREPARE. nReq=4058 senderID=0 sn=25 view=0
03:11:53.637 INF Committed entry. latency=0 nReq=4058 sn=25
03:11:53.637 INF Delivered batch. nReq=4058 sn=25
03:11:54.528 INF Sending PREPREPARE. nReq=2307 senderID=0 sn=26 view=0
03:11:54.597 INF Committed entry. latency=0 nReq=2307 sn=26
03:11:54.597 INF Delivered batch. nReq=2307 sn=26
03:11:55.523 INF Sending PREPREPARE. nReq=1562 senderID=0 sn=27 view=0
03:11:55.612 INF Committed entry. latency=0 nReq=1562 sn=27
03:11:55.612 INF Delivered batch. nReq=1562 sn=27
03:11:56.206 INF Sending PREPREPARE. nReq=4096 senderID=0 sn=28 view=0
03:11:56.307 INF Committed entry. latency=0 nReq=4096 sn=28
03:11:56.307 INF Delivered batch. nReq=4096 sn=28
03:11:57.214 INF Sending PREPREPARE. nReq=2410 senderID=0 sn=29 view=0
03:11:57.290 INF Committed entry. latency=0 nReq=2410 sn=29
03:11:57.290 INF Delivered batch. nReq=2410 sn=29
03:11:58.113 INF Sending PREPREPARE. nReq=4096 senderID=0 sn=30 view=0
03:11:58.252 INF Committed entry. latency=0 nReq=4096 sn=30
03:11:58.252 INF Delivered batch. nReq=4096 sn=30
03:11:59.121 INF Sending PREPREPARE. nReq=2622 senderID=0 sn=31 view=0
03:11:59.192 INF Committed entry. latency=0 nReq=2622 sn=31
03:11:59.192 INF Delivered batch. nReq=2622 sn=31
03:12:00.121 INF Sending PREPREPARE. nReq=2723 senderID=0 sn=32 view=0
03:12:00.249 INF Committed entry. latency=0 nReq=2723 sn=32
03:12:00.249 INF Delivered batch. nReq=2723 sn=32
03:12:00.803 INF Sending PREPREPARE. nReq=4096 senderID=0 sn=33 view=0
03:12:00.933 INF Committed entry. latency=0 nReq=4096 sn=33
03:12:00.933 INF Delivered batch. nReq=4096 sn=33
03:12:01.803 INF Sending PREPREPARE. nReq=2460 senderID=0 sn=34 view=0
03:12:01.868 INF Committed entry. latency=0 nReq=2460 sn=34
03:12:01.868 INF Delivered batch. nReq=2460 sn=34
03:12:02.732 INF Sending PREPREPARE. nReq=4096 senderID=0 sn=35 view=0
03:12:02.850 INF Committed entry. latency=0 nReq=4096 sn=35
03:12:02.850 INF Delivered batch. nReq=4096 sn=35
03:12:03.742 INF Sending PREPREPARE. nReq=2743 senderID=0 sn=36 view=0
03:12:03.819 INF Committed entry. latency=0 nReq=2743 sn=36
03:12:03.819 INF Delivered batch. nReq=2743 sn=36
03:12:04.732 INF Sending PREPREPARE. nReq=629 senderID=0 sn=37 view=0
03:12:04.764 INF Committed entry. latency=0 nReq=629 sn=37
03:12:04.764 INF Delivered batch. nReq=629 sn=37
03:12:05.138 INF Sending PREPREPARE. nReq=4096 senderID=0 sn=38 view=0
03:12:05.243 INF Committed entry. latency=0 nReq=4096 sn=38
03:12:05.243 INF Delivered batch. nReq=4096 sn=38
03:12:06.135 INF Sending PREPREPARE. nReq=2575 senderID=0 sn=39 view=0
03:12:06.204 INF Committed entry. latency=0 nReq=2575 sn=39
03:12:06.204 INF Delivered batch. nReq=2575 sn=39
03:12:07.097 INF Sending PREPREPARE. nReq=4096 senderID=0 sn=40 view=0
03:12:07.206 INF Committed entry. latency=0 nReq=4096 sn=40
03:12:07.206 INF Delivered batch. nReq=4096 sn=40
03:12:08.106 INF Sending PREPREPARE. nReq=2623 senderID=0 sn=41 view=0
03:12:08.183 INF Committed entry. latency=0 nReq=2623 sn=41
03:12:08.183 INF Delivered batch. nReq=2623 sn=41
03:12:09.098 INF Sending PREPREPARE. nReq=865 senderID=0 sn=42 view=0
03:12:09.159 INF Committed entry. latency=0 nReq=865 sn=42
03:12:09.160 INF Delivered batch. nReq=865 sn=42
03:12:09.600 INF Sending PREPREPARE. nReq=4096 senderID=0 sn=43 view=0
03:12:09.700 INF Committed entry. latency=0 nReq=4096 sn=43
03:12:09.701 INF Delivered batch. nReq=4096 sn=43
03:12:10.599 INF Sending PREPREPARE. nReq=2326 senderID=0 sn=44 view=0
03:12:10.657 INF Committed entry. latency=0 nReq=2326 sn=44
03:12:10.657 INF Delivered batch. nReq=2326 sn=44
03:12:11.487 INF Sending PREPREPARE. nReq=4096 senderID=0 sn=45 view=0
03:12:11.616 INF Committed entry. latency=0 nReq=4096 sn=45
03:12:11.616 INF Delivered batch. nReq=4096 sn=45
03:12:12.491 INF Sending PREPREPARE. nReq=2520 senderID=0 sn=46 view=0
03:12:12.612 INF Committed entry. latency=0 nReq=2520 sn=46
03:12:12.612 INF Delivered batch. nReq=2520 sn=46
03:12:13.492 INF Sending PREPREPARE. nReq=3244 senderID=0 sn=47 view=0
03:12:13.594 INF Committed entry. latency=0 nReq=3244 sn=47
03:12:13.594 INF Delivered batch. nReq=3244 sn=47
03:12:14.414 INF Sending PREPREPARE. nReq=4096 senderID=0 sn=48 view=0
03:12:14.529 INF Committed entry. latency=0 nReq=4096 sn=48
03:12:14.529 INF Delivered batch. nReq=4096 sn=48
03:12:15.415 INF Sending PREPREPARE. nReq=2653 senderID=0 sn=49 view=0
03:12:15.485 INF Committed entry. latency=0 nReq=2653 sn=49
03:12:15.485 INF Delivered batch. nReq=2653 sn=49
03:12:16.415 INF Sending PREPREPARE. nReq=2392 senderID=0 sn=50 view=0
03:12:16.509 INF Committed entry. latency=0 nReq=2392 sn=50
03:12:16.509 INF Delivered batch. nReq=2392 sn=50
03:12:17.350 INF Sending PREPREPARE. nReq=4096 senderID=0 sn=51 view=0
03:12:17.470 INF Committed entry. latency=0 nReq=4096 sn=51
03:12:17.470 INF Delivered batch. nReq=4096 sn=51
03:12:18.357 INF Sending PREPREPARE. nReq=2486 senderID=0 sn=52 view=0
03:12:18.435 INF Committed entry. latency=0 nReq=2486 sn=52
03:12:18.435 INF Delivered batch. nReq=2486 sn=52
03:12:19.353 INF Sending PREPREPARE. nReq=2847 senderID=0 sn=53 view=0
03:12:19.470 INF Committed entry. latency=0 nReq=2847 sn=53
03:12:19.470 INF Delivered batch. nReq=2847 sn=53
03:12:20.356 INF Sending PREPREPARE. nReq=3918 senderID=0 sn=54 view=0
03:12:20.480 INF Committed entry. latency=0 nReq=3918 sn=54
03:12:20.480 INF Delivered batch. nReq=3918 sn=54
03:12:21.368 INF Sending PREPREPARE. nReq=2252 senderID=0 sn=55 view=0
03:12:21.441 INF Committed entry. latency=0 nReq=2252 sn=55
03:12:21.442 INF Delivered batch. nReq=2252 sn=55
03:12:22.315 INF Sending PREPREPARE. nReq=4096 senderID=0 sn=56 view=0
03:12:22.449 INF Committed entry. latency=0 nReq=4096 sn=56
03:12:22.449 INF Delivered batch. nReq=4096 sn=56
03:12:23.227 INF Sending PREPREPARE. nReq=4096 senderID=0 sn=57 view=0
03:12:23.363 INF Committed entry. latency=0 nReq=4096 sn=57
03:12:23.363 INF Delivered batch. nReq=4096 sn=57
03:12:24.235 INF Sending PREPREPARE. nReq=2729 senderID=0 sn=58 view=0
03:12:24.316 INF Committed entry. latency=0 nReq=2729 sn=58
03:12:24.316 INF Delivered batch. nReq=2729 sn=58
03:12:25.231 INF Sending PREPREPARE. nReq=4096 senderID=0 sn=59 view=0
03:12:25.336 INF Committed entry. latency=0 nReq=4096 sn=59
03:12:25.336 INF Delivered batch. nReq=4096 sn=59
03:12:26.236 INF Sending PREPREPARE. nReq=2376 senderID=0 sn=60 view=0
03:12:26.310 INF Committed entry. latency=0 nReq=2376 sn=60
03:12:26.310 INF Delivered batch. nReq=2376 sn=60
03:12:27.233 INF Sending PREPREPARE. nReq=2151 senderID=0 sn=61 view=0
03:12:27.318 INF Committed entry. latency=0 nReq=2151 sn=61
03:12:27.318 INF Delivered batch. nReq=2151 sn=61
03:12:27.989 INF Sending PREPREPARE. nReq=4096 senderID=0 sn=62 view=0
03:12:28.116 INF Committed entry. latency=0 nReq=4096 sn=62
03:12:28.116 INF Delivered batch. nReq=4096 sn=62
03:12:28.997 INF Sending PREPREPARE. nReq=2219 senderID=0 sn=63 view=0
03:12:29.067 INF Committed entry. latency=0 nReq=2219 sn=63
03:12:29.067 INF Delivered batch. nReq=2219 sn=63
==================
WARNING: DATA RACE
Read at 0x000001304380 by goroutine 529:
  github.com/hyperledger-labs/mirbft/manager.(*MirManager).handleLogEntries()
      /opt/gopath/src/github.com/hyperledger-labs/mirbft/manager/mirmanager.go:171 +0x854
  github.com/hyperledger-labs/mirbft/manager.(*MirManager).Start.func2()
      /opt/gopath/src/github.com/hyperledger-labs/mirbft/manager/mirmanager.go:112 +0x47

Previous write at 0x000001304380 by goroutine 544:
  github.com/hyperledger-labs/mirbft/log.publishEntries()
      /opt/gopath/src/github.com/hyperledger-labs/mirbft/log/log.go:281 +0x2e4
  github.com/hyperledger-labs/mirbft/log.CommitEntry()
      /opt/gopath/src/github.com/hyperledger-labs/mirbft/log/log.go:108 +0x284
  github.com/hyperledger-labs/mirbft/announcer.Announce()
      /opt/gopath/src/github.com/hyperledger-labs/mirbft/announcer/announcer.go:26 +0x370
  github.com/hyperledger-labs/mirbft/orderer.(*pbftInstance).announce()
      /opt/gopath/src/github.com/hyperledger-labs/mirbft/orderer/pbftinstance.go:726 +0x36b
  github.com/hyperledger-labs/mirbft/orderer.(*pbftInstance).handleCommit()
      /opt/gopath/src/github.com/hyperledger-labs/mirbft/orderer/pbftinstance.go:664 +0x7bd
  github.com/hyperledger-labs/mirbft/orderer.(*pbftInstance).handleMessage()
      /opt/gopath/src/github.com/hyperledger-labs/mirbft/orderer/pbftinstance.go:1810 +0x2e5
  github.com/hyperledger-labs/mirbft/orderer.(*pbftInstance).processSerializedMessages()
      /opt/gopath/src/github.com/hyperledger-labs/mirbft/orderer/pbftinstance.go:1764 +0xdd
  github.com/hyperledger-labs/mirbft/orderer.(*PbftOrderer).runSegment.func2()
      /opt/gopath/src/github.com/hyperledger-labs/mirbft/orderer/pbftorderer.go:199 +0x39

Goroutine 529 (running) created at:
  github.com/hyperledger-labs/mirbft/manager.(*MirManager).Start()
      /opt/gopath/src/github.com/hyperledger-labs/mirbft/manager/mirmanager.go:112 +0x191
  main.main.func4()
      /opt/gopath/src/github.com/hyperledger-labs/mirbft/cmd/orderingpeer/main.go:185 +0x59

Goroutine 544 (running) created at:
  github.com/hyperledger-labs/mirbft/orderer.(*PbftOrderer).runSegment()
      /opt/gopath/src/github.com/hyperledger-labs/mirbft/orderer/pbftorderer.go:199 +0x3f6
  github.com/hyperledger-labs/mirbft/orderer.(*PbftOrderer).Start()
      /opt/gopath/src/github.com/hyperledger-labs/mirbft/orderer/pbftorderer.go:176 +0x344
  main.main.func5()
      /opt/gopath/src/github.com/hyperledger-labs/mirbft/cmd/orderingpeer/main.go:186 +0x59
==================
==================
WARNING: DATA RACE
Read at 0x000001304390 by goroutine 529:
  github.com/hyperledger-labs/mirbft/manager.(*MirManager).handleLogEntries()
      /opt/gopath/src/github.com/hyperledger-labs/mirbft/manager/mirmanager.go:172 +0x8e4
  github.com/hyperledger-labs/mirbft/manager.(*MirManager).Start.func2()
      /opt/gopath/src/github.com/hyperledger-labs/mirbft/manager/mirmanager.go:112 +0x47

Previous write at 0x000001304390 by goroutine 544:
  github.com/hyperledger-labs/mirbft/log.publishEntries()
      /opt/gopath/src/github.com/hyperledger-labs/mirbft/log/log.go:286 +0x6e4
  github.com/hyperledger-labs/mirbft/log.CommitEntry()
      /opt/gopath/src/github.com/hyperledger-labs/mirbft/log/log.go:108 +0x284
  github.com/hyperledger-labs/mirbft/announcer.Announce()
      /opt/gopath/src/github.com/hyperledger-labs/mirbft/announcer/announcer.go:26 +0x370
  github.com/hyperledger-labs/mirbft/orderer.(*pbftInstance).announce()
      /opt/gopath/src/github.com/hyperledger-labs/mirbft/orderer/pbftinstance.go:726 +0x36b
  github.com/hyperledger-labs/mirbft/orderer.(*pbftInstance).handleCommit()
      /opt/gopath/src/github.com/hyperledger-labs/mirbft/orderer/pbftinstance.go:664 +0x7bd
  github.com/hyperledger-labs/mirbft/orderer.(*pbftInstance).handleMessage()
      /opt/gopath/src/github.com/hyperledger-labs/mirbft/orderer/pbftinstance.go:1810 +0x2e5
  github.com/hyperledger-labs/mirbft/orderer.(*pbftInstance).processSerializedMessages()
      /opt/gopath/src/github.com/hyperledger-labs/mirbft/orderer/pbftinstance.go:1764 +0xdd
  github.com/hyperledger-labs/mirbft/orderer.(*PbftOrderer).runSegment.func2()
      /opt/gopath/src/github.com/hyperledger-labs/mirbft/orderer/pbftorderer.go:199 +0x39

Goroutine 529 (running) created at:
  github.com/hyperledger-labs/mirbft/manager.(*MirManager).Start()
      /opt/gopath/src/github.com/hyperledger-labs/mirbft/manager/mirmanager.go:112 +0x191
  main.main.func4()
      /opt/gopath/src/github.com/hyperledger-labs/mirbft/cmd/orderingpeer/main.go:185 +0x59

Goroutine 544 (running) created at:
  github.com/hyperledger-labs/mirbft/orderer.(*PbftOrderer).runSegment()
      /opt/gopath/src/github.com/hyperledger-labs/mirbft/orderer/pbftorderer.go:199 +0x3f6
  github.com/hyperledger-labs/mirbft/orderer.(*PbftOrderer).Start()
      /opt/gopath/src/github.com/hyperledger-labs/mirbft/orderer/pbftorderer.go:176 +0x344
  main.main.func5()
      /opt/gopath/src/github.com/hyperledger-labs/mirbft/cmd/orderingpeer/main.go:186 +0x59
==================
==================
WARNING: DATA RACE
Read at 0x000001304398 by goroutine 529:
  github.com/hyperledger-labs/mirbft/manager.(*MirManager).handleLogEntries()
      /opt/gopath/src/github.com/hyperledger-labs/mirbft/manager/mirmanager.go:173 +0x984
  github.com/hyperledger-labs/mirbft/manager.(*MirManager).Start.func2()
      /opt/gopath/src/github.com/hyperledger-labs/mirbft/manager/mirmanager.go:112 +0x47

Previous write at 0x000001304398 by goroutine 558:
  github.com/hyperledger-labs/mirbft/request.HandleRequest()
      /opt/gopath/src/github.com/hyperledger-labs/mirbft/request/requesthandler.go:49 +0x1d3
  github.com/hyperledger-labs/mirbft/messenger.(*messengerServer).Request()
      /opt/gopath/src/github.com/hyperledger-labs/mirbft/messenger/clients.go:77 +0x19d
  github.com/hyperledger-labs/mirbft/protobufs._Messenger_Request_Handler()
      /opt/gopath/src/github.com/hyperledger-labs/mirbft/protobufs/messenger.pb.go:1158 +0xc2
  google.golang.org/grpc.(*Server).processStreamingRPC()
      /opt/gopath/src/google.golang.org/grpc/server.go:1673 +0x1e87
  google.golang.org/grpc.(*Server).handleStream()
      /opt/gopath/src/google.golang.org/grpc/server.go:1794 +0x19c6
  google.golang.org/grpc.(*Server).serveStreams.func2.1()
      /opt/gopath/src/google.golang.org/grpc/server.go:1029 +0x125

Goroutine 529 (running) created at:
  github.com/hyperledger-labs/mirbft/manager.(*MirManager).Start()
      /opt/gopath/src/github.com/hyperledger-labs/mirbft/manager/mirmanager.go:112 +0x191
  main.main.func4()
      /opt/gopath/src/github.com/hyperledger-labs/mirbft/cmd/orderingpeer/main.go:185 +0x59

Goroutine 558 (running) created at:
  google.golang.org/grpc.(*Server).serveStreams.func2()
      /opt/gopath/src/google.golang.org/grpc/server.go:1040 +0x224
  google.golang.org/grpc/internal/transport.(*http2Server).operateHeaders()
      /opt/gopath/src/google.golang.org/grpc/internal/transport/http2_server.go:631 +0x389e
  google.golang.org/grpc/internal/transport.(*http2Server).HandleStreams()
      /opt/gopath/src/google.golang.org/grpc/internal/transport/http2_server.go:672 +0x258
  google.golang.org/grpc.(*Server).serveStreams()
      /opt/gopath/src/google.golang.org/grpc/server.go:1023 +0x68b
  google.golang.org/grpc.(*Server).handleRawConn.func1()
      /opt/gopath/src/google.golang.org/grpc/server.go:959 +0x9c
==================
03:12:29.095 INF New stable checkpoint. sn=63
03:12:29.099 INF Received stable checkpoint notification. sn=63
03:12:29.113 INF fuck! epoch=64 epoch time (ms)=60679 leaders=2 viewtimeout=104000
03:12:29.116 INF Epoch finished. Waiting for stable checkpoint. sn=63
03:12:29.116 INF Epoch end confirmed. chkpSn=63
03:12:29.116 INF Advancing watermarks. numEntries=64
03:12:29.393 INF Sending segment checkpoint. lastSn=63 segID=0
03:12:29.393 INF Closing message serializers. segID=0
03:12:29.393 INF Statistics commitTs=1753989089412306975 duration=9322690 proposeTs=1753989089402984285 sn=0
03:12:29.393 INF Statistics commitTs=1753989090407434623 duration=3826694 proposeTs=1753989090403607929 sn=1
03:12:29.393 INF Statistics commitTs=1753989090997531108 duration=106917636 proposeTs=1753989090890613472 sn=2
03:12:29.393 INF Statistics commitTs=1753989091924981584 duration=42297137 proposeTs=1753989091882684447 sn=3
03:12:29.394 INF Statistics commitTs=1753989092927357906 duration=98811376 proposeTs=1753989092828546530 sn=4
03:12:29.394 INF Statistics commitTs=1753989093866569607 duration=48143272 proposeTs=1753989093818426335 sn=5
03:12:29.394 INF Statistics commitTs=1753989094915366174 duration=88680658 proposeTs=1753989094826685516 sn=6
03:12:29.394 INF Statistics commitTs=1753989095867028120 duration=44810686 proposeTs=1753989095822217434 sn=7
03:12:29.394 INF Statistics commitTs=1753989096911629227 duration=76611887 proposeTs=1753989096835017340 sn=8
03:12:29.394 INF Statistics commitTs=1753989097932771021 duration=82511994 proposeTs=1753989097850259027 sn=9
03:12:29.394 INF Statistics commitTs=1753989098913704179 duration=59673707 proposeTs=1753989098854030472 sn=10
03:12:29.394 INF Statistics commitTs=1753989099974582683 duration=123588023 proposeTs=1753989099850994660 sn=11
03:12:29.394 INF Statistics commitTs=1753989100902303871 duration=50174205 proposeTs=1753989100852129666 sn=12
03:12:29.394 INF Statistics commitTs=1753989101891787918 duration=55859990 proposeTs=1753989101835927928 sn=13
03:12:29.394 INF Statistics commitTs=1753989102666928042 duration=98477367 proposeTs=1753989102568450675 sn=14
03:12:29.394 INF Statistics commitTs=1753989103618631652 duration=51898480 proposeTs=1753989103566733172 sn=15
03:12:29.394 INF Statistics commitTs=1753989104644119170 duration=77821643 proposeTs=1753989104566297527 sn=16
03:12:29.394 INF PBFT checkpoint ready. Scheduling catchup. lastSn=63 segID=0
03:12:29.394 INF Statistics commitTs=1753989105685322470 duration=111818962 proposeTs=1753989105573503508 sn=17
03:12:29.394 INF Statistics commitTs=1753989106670932552 duration=101465826 proposeTs=1753989106569466726 sn=18
03:12:29.395 INF Statistics commitTs=1753989107644761606 duration=66369302 proposeTs=1753989107578392304 sn=19
03:12:29.395 INF Statistics commitTs=1753989108660418330 duration=86381193 proposeTs=1753989108574037137 sn=20
03:12:29.395 INF Statistics commitTs=1753989109653061603 duration=83329429 proposeTs=1753989109569732174 sn=21
03:12:29.395 INF Statistics commitTs=1753989110661606834 duration=80133736 proposeTs=1753989110581473098 sn=22
03:12:29.395 INF Statistics commitTs=1753989111691008885 duration=98950098 proposeTs=1753989111592058787 sn=23
03:12:29.395 INF Statistics commitTs=1753989112623910017 duration=74320719 proposeTs=1753989112549589298 sn=24
03:12:29.395 INF Statistics commitTs=1753989113634278080 duration=86216949 proposeTs=1753989113548061131 sn=25
03:12:29.395 INF Statistics commitTs=1753989114594810559 duration=46290139 proposeTs=1753989114548520420 sn=26
03:12:29.395 INF Statistics commitTs=1753989115610125595 duration=75901100 proposeTs=1753989115534224495 sn=27
03:12:29.395 INF Statistics commitTs=1753989116304278989 duration=78223313 proposeTs=1753989116226055676 sn=28
03:12:29.395 INF Statistics commitTs=1753989117288707832 duration=58971570 proposeTs=1753989117229736262 sn=29
03:12:29.395 INF Statistics commitTs=1753989118249249573 duration=101579966 proposeTs=1753989118147669607 sn=30
03:12:29.395 INF Statistics commitTs=1753989119190644241 duration=54234607 proposeTs=1753989119136409634 sn=31
03:12:29.395 INF Statistics commitTs=1753989120247414322 duration=106065271 proposeTs=1753989120141349051 sn=32
03:12:29.395 INF Statistics commitTs=1753989120930001940 duration=100917128 proposeTs=1753989120829084812 sn=33
03:12:29.395 INF Statistics commitTs=1753989121866870235 duration=50373757 proposeTs=1753989121816496478 sn=34
03:12:29.396 INF Statistics commitTs=1753989122847591897 duration=91174962 proposeTs=1753989122756416935 sn=35
03:12:29.396 INF Statistics commitTs=1753989123817089905 duration=53216301 proposeTs=1753989123763873604 sn=36
03:12:29.396 INF Statistics commitTs=1753989124764039242 duration=24741043 proposeTs=1753989124739298199 sn=37
03:12:29.396 INF Statistics commitTs=1753989125239986980 duration=77518935 proposeTs=1753989125162468045 sn=38
03:12:29.396 INF Statistics commitTs=1753989126202098635 duration=49298181 proposeTs=1753989126152800454 sn=39
03:12:29.396 INF Statistics commitTs=1753989127202037902 duration=77931479 proposeTs=1753989127124106423 sn=40
03:12:29.396 INF Statistics commitTs=1753989128181209240 duration=53494685 proposeTs=1753989128127714555 sn=41
03:12:29.396 INF Statistics commitTs=1753989129158716047 duration=53354729 proposeTs=1753989129105361318 sn=42
03:12:29.396 INF Statistics commitTs=1753989129697724085 duration=73651579 proposeTs=1753989129624072506 sn=43
03:12:29.396 INF Statistics commitTs=1753989130655007537 duration=42884348 proposeTs=1753989130612123189 sn=44
03:12:29.396 INF Statistics commitTs=1753989131613108838 duration=100359478 proposeTs=1753989131512749360 sn=45
03:12:29.396 INF Statistics commitTs=1753989132610395708 duration=83053834 proposeTs=1753989132527341874 sn=46
03:12:29.396 INF Statistics commitTs=1753989133591653104 duration=74450261 proposeTs=1753989133517202843 sn=47
03:12:29.396 INF Statistics commitTs=1753989134525858811 duration=85945382 proposeTs=1753989134439913429 sn=48
03:12:29.396 INF Statistics commitTs=1753989135483471397 duration=53871101 proposeTs=1753989135429600296 sn=49
03:12:29.400 INF Statistics commitTs=1753989136507809362 duration=78586456 proposeTs=1753989136429222906 sn=50
03:12:29.400 INF Statistics commitTs=1753989137467165907 duration=90560148 proposeTs=1753989137376605759 sn=51
03:12:29.401 INF Statistics commitTs=1753989138433382387 duration=48691051 proposeTs=1753989138384691336 sn=52
03:12:29.401 INF Statistics commitTs=1753989139468222012 duration=99537500 proposeTs=1753989139368684512 sn=53
03:12:29.401 INF Statistics commitTs=1753989140477155374 duration=98081540 proposeTs=1753989140379073834 sn=54
03:12:29.401 INF Statistics commitTs=1753989141439821102 duration=49484401 proposeTs=1753989141390336701 sn=55
03:12:29.401 INF Statistics commitTs=1753989142445968745 duration=100285587 proposeTs=1753989142345683158 sn=56
03:12:29.401 INF Statistics commitTs=1753989143359875691 duration=109778116 proposeTs=1753989143250097575 sn=57
03:12:29.401 INF Statistics commitTs=1753989144314007885 duration=62578892 proposeTs=1753989144251428993 sn=58
03:12:29.401 INF Statistics commitTs=1753989145332983348 duration=78985950 proposeTs=1753989145253997398 sn=59
03:12:29.401 INF Statistics commitTs=1753989146308351029 duration=50260047 proposeTs=1753989146258090982 sn=60
03:12:29.401 INF Statistics commitTs=1753989147316140940 duration=71263750 proposeTs=1753989147244877190 sn=61
03:12:29.401 INF Statistics commitTs=1753989148109754267 duration=96317309 proposeTs=1753989148013436958 sn=62
03:12:29.401 INF Statistics commitTs=1753989149065182498 duration=49509217 proposeTs=1753989149015673281 sn=63
03:12:29.401 INF Median commit time commit=77518935 segID=0
03:12:29.864 INF PbftOrderer received a new segment: [64 66 68 70 72 74 76 78 80 82 84 86 88 90 92 94] first leader=0 firstSN=64 lastSN=94 len=16 length=16 segId=1
03:12:30.200 INF Starting new view. segID=1 timeout=104000 view=0
03:12:30.200 INF Advanced timeout advanced=77518935 initial=1000000000
03:12:30.200 INF Advanced timeout advanced=1077518935 initial=1000000000
03:12:30.200 INF Advanced timeout advanced=2077518935 initial=1000000000
03:12:30.200 INF Advanced timeout advanced=3077518935 initial=1000000000
03:12:30.200 INF Advanced timeout advanced=4077518935 initial=1000000000
03:12:30.200 INF Advanced timeout advanced=5077518935 initial=1000000000
03:12:30.200 INF Advanced timeout advanced=6077518935 initial=1000000000
03:12:30.200 INF Advanced timeout advanced=7077518935 initial=1000000000
03:12:30.200 INF Advanced timeout advanced=8077518935 initial=1000000000
03:12:30.201 INF Advanced timeout advanced=9077518935 initial=1000000000
03:12:30.201 INF Advanced timeout advanced=10077518935 initial=1000000000
03:12:30.201 INF Advanced timeout advanced=11077518935 initial=1000000000
03:12:30.201 INF Advanced timeout advanced=12077518935 initial=1000000000
03:12:30.201 INF Advanced timeout advanced=13077518935 initial=1000000000
03:12:30.201 INF Advanced timeout advanced=14077518935 initial=1000000000
03:12:30.201 INF Advanced timeout advanced=15077518935 initial=1000000000
03:12:30.201 INF Starting PBFT instance. first=64 last=94 segID=1
03:12:30.201 INF PbftOrderer received a new segment: [65 67 69 71 73 75 77 79 81 83 85 87 89 91 93 95] first leader=1 firstSN=65 lastSN=95 len=16 length=16 segId=2
03:12:30.203 INF fuck1 epoch change time (ms)=1134
03:12:30.203 INF Starting serialized message processing. segID=1
==================
WARNING: DATA RACE
Write at 0x000001304398 by goroutine 529:
  github.com/hyperledger-labs/mirbft/manager.(*MirManager).handleLogEntries()
      /opt/gopath/src/github.com/hyperledger-labs/mirbft/manager/mirmanager.go:265 +0x17d3
  github.com/hyperledger-labs/mirbft/manager.(*MirManager).Start.func2()
      /opt/gopath/src/github.com/hyperledger-labs/mirbft/manager/mirmanager.go:112 +0x47

Previous write at 0x000001304398 by goroutine 558:
  github.com/hyperledger-labs/mirbft/request.HandleRequest()
      /opt/gopath/src/github.com/hyperledger-labs/mirbft/request/requesthandler.go:49 +0x1d3
  github.com/hyperledger-labs/mirbft/messenger.(*messengerServer).Request()
      /opt/gopath/src/github.com/hyperledger-labs/mirbft/messenger/clients.go:77 +0x19d
  github.com/hyperledger-labs/mirbft/protobufs._Messenger_Request_Handler()
      /opt/gopath/src/github.com/hyperledger-labs/mirbft/protobufs/messenger.pb.go:1158 +0xc2
  google.golang.org/grpc.(*Server).processStreamingRPC()
      /opt/gopath/src/google.golang.org/grpc/server.go:1673 +0x1e87
  google.golang.org/grpc.(*Server).handleStream()
      /opt/gopath/src/google.golang.org/grpc/server.go:1794 +0x19c6
  google.golang.org/grpc.(*Server).serveStreams.func2.1()
      /opt/gopath/src/google.golang.org/grpc/server.go:1029 +0x125

Goroutine 529 (running) created at:
  github.com/hyperledger-labs/mirbft/manager.(*MirManager).Start()
      /opt/gopath/src/github.com/hyperledger-labs/mirbft/manager/mirmanager.go:112 +0x191
  main.main.func4()
      /opt/gopath/src/github.com/hyperledger-labs/mirbft/cmd/orderingpeer/main.go:185 +0x59

Goroutine 558 (running) created at:
  google.golang.org/grpc.(*Server).serveStreams.func2()
      /opt/gopath/src/google.golang.org/grpc/server.go:1040 +0x224
  google.golang.org/grpc/internal/transport.(*http2Server).operateHeaders()
      /opt/gopath/src/google.golang.org/grpc/internal/transport/http2_server.go:631 +0x389e
  google.golang.org/grpc/internal/transport.(*http2Server).HandleStreams()
      /opt/gopath/src/google.golang.org/grpc/internal/transport/http2_server.go:672 +0x258
  google.golang.org/grpc.(*Server).serveStreams()
      /opt/gopath/src/google.golang.org/grpc/server.go:1023 +0x68b
  google.golang.org/grpc.(*Server).handleRawConn.func1()
      /opt/gopath/src/google.golang.org/grpc/server.go:959 +0x9c
==================
03:12:30.381 INF Starting new view. segID=2 timeout=104000 view=0
03:12:30.381 INF Advanced timeout advanced=77518935 initial=1000000000
03:12:30.381 INF Advanced timeout advanced=1077518935 initial=1000000000
03:12:30.381 INF Advanced timeout advanced=2077518935 initial=1000000000
03:12:30.381 INF Advanced timeout advanced=3077518935 initial=1000000000
03:12:30.381 INF Advanced timeout advanced=4077518935 initial=1000000000
03:12:30.381 INF Advanced timeout advanced=5077518935 initial=1000000000
03:12:30.381 INF Advanced timeout advanced=6077518935 initial=1000000000
03:12:30.381 INF Advanced timeout advanced=7077518935 initial=1000000000
03:12:30.381 INF Advanced timeout advanced=8077518935 initial=1000000000
03:12:30.381 INF Advanced timeout advanced=9077518935 initial=1000000000
03:12:30.381 INF Advanced timeout advanced=10077518935 initial=1000000000
03:12:30.381 INF Advanced timeout advanced=11077518935 initial=1000000000
03:12:30.381 INF Advanced timeout advanced=12077518935 initial=1000000000
03:12:30.381 INF Advanced timeout advanced=13077518935 initial=1000000000
03:12:30.381 INF Advanced timeout advanced=14077518935 initial=1000000000
03:12:30.381 INF Advanced timeout advanced=15077518935 initial=1000000000
03:12:30.381 INF Starting PBFT instance. first=65 last=95 segID=2
03:12:30.381 INF Starting serialized message processing. segID=2
03:12:30.403 INF Sending PREPREPARE. nReq=4096 senderID=0 sn=64 view=0
03:12:30.479 INF Handling PREPREPARE. nReq=4096 senderID=1 sn=65
03:12:30.538 INF Committed entry. latency=0 nReq=4096 sn=64
03:12:30.539 INF Delivered batch. nReq=4096 sn=64
03:12:30.544 INF Committed entry. latency=0 nReq=4096 sn=65
03:12:30.544 INF Delivered batch. nReq=4096 sn=65
03:12:31.398 INF Sending PREPREPARE. nReq=446 senderID=0 sn=66 view=0
03:12:31.407 INF Handling PREPREPARE. nReq=445 senderID=1 sn=67
03:12:31.419 INF Committed entry. latency=0 nReq=445 sn=67
03:12:31.421 INF Committed entry. latency=0 nReq=446 sn=66
03:12:31.421 INF Delivered batch. nReq=446 sn=66
03:12:31.421 INF Delivered batch. nReq=445 sn=67
03:12:32.399 INF Handling PREPREPARE. nReq=0 senderID=1 sn=69
03:12:32.399 INF Sending PREPREPARE. nReq=0 senderID=0 sn=68 view=0
03:12:32.401 INF Committed entry. latency=0 nReq=0 sn=69
03:12:32.402 INF Committed entry. latency=0 nReq=0 sn=68
03:12:32.402 INF Delivered batch. nReq=0 sn=68
03:12:32.402 INF Delivered batch. nReq=0 sn=69
03:12:32.515 INF Connection terminated. error="rpc error: code = Canceled desc = context canceled" address=127.0.0.1:43372
03:12:32.516 INF Finished sending bucket assignments to client. clId=0
03:12:33.144 INF Stopping profiler.
03:12:33.144 INF Stopping Tracer. events=335 fileName=experiment-output/0000/slave-004/peer.trc
==================
WARNING: DATA RACE
Read at 0x00c0009ab430 by goroutine 109:
  github.com/hyperledger-labs/mirbft/tracing.(*BufferedTrace).Stop()
      /opt/gopath/src/github.com/hyperledger-labs/mirbft/tracing/bufferedtrace.go:237 +0x30e
  github.com/hyperledger-labs/mirbft/tracing.(*BufferedTrace).StopOnSignal.func1()
      /opt/gopath/src/github.com/hyperledger-labs/mirbft/tracing/bufferedtrace.go:298 +0x4e

Previous write at 0x00c0009ab430 by goroutine 108:
  github.com/hyperledger-labs/mirbft/tracing.(*BufferedTrace).Event()
      /opt/gopath/src/github.com/hyperledger-labs/mirbft/tracing/bufferedtrace.go:105 +0x2cd
  github.com/hyperledger-labs/mirbft/profiling.StartCPUTracing.func1()
      /opt/gopath/src/github.com/hyperledger-labs/mirbft/profiling/cpuusage.go:33 +0x95

Goroutine 109 (running) created at:
  github.com/hyperledger-labs/mirbft/tracing.(*BufferedTrace).StopOnSignal()
      /opt/gopath/src/github.com/hyperledger-labs/mirbft/tracing/bufferedtrace.go:292 +0x178
  main.setUpTracing()
      /opt/gopath/src/github.com/hyperledger-labs/mirbft/cmd/orderingpeer/main.go:408 +0xf5
  main.main()
      /opt/gopath/src/github.com/hyperledger-labs/mirbft/cmd/orderingpeer/main.go:110 +0x9e4
  runtime.deferreturn()
      /home/ubuntu/go/src/runtime/panic.go:476 +0x32
  main.main()
      /opt/gopath/src/github.com/hyperledger-labs/mirbft/cmd/orderingpeer/main.go:78 +0x56c

Goroutine 108 (running) created at:
  github.com/hyperledger-labs/mirbft/profiling.StartCPUTracing()
      /opt/gopath/src/github.com/hyperledger-labs/mirbft/profiling/cpuusage.go:30 +0xb9
  main.setUpTracing()
      /opt/gopath/src/github.com/hyperledger-labs/mirbft/cmd/orderingpeer/main.go:400 +0x85
  main.main()
      /opt/gopath/src/github.com/hyperledger-labs/mirbft/cmd/orderingpeer/main.go:110 +0x9e4
  runtime.deferreturn()
      /home/ubuntu/go/src/runtime/panic.go:476 +0x32
  main.main()
      /opt/gopath/src/github.com/hyperledger-labs/mirbft/cmd/orderingpeer/main.go:78 +0x56c
==================
03:12:33.145 INF Trace data written.
03:12:33.242 INF Profile data written. filename=experiment-output/0000/slave-004/prof.cpu name=cpu
03:12:33.258 INF Profile data written. filename=experiment-output/0000/slave-004/prof.block name=block
03:12:33.260 INF Connection terminated. error="rpc error: code = Canceled desc = context canceled" address=127.0.0.1:43352
03:12:33.260 INF Connection terminated. error="rpc error: code = Canceled desc = context canceled" address=127.0.0.1:43342
03:12:33.260 INF Connection terminated. error="rpc error: code = Canceled desc = context canceled" address=127.0.0.1:43326
03:12:33.260 INF Connection terminated. error="rpc error: code = Canceled desc = context canceled" address=127.0.0.1:43300
03:12:33.260 INF Connection terminated. error="rpc error: code = Canceled desc = context canceled" address=127.0.0.1:43172
03:12:33.260 INF Connection terminated. error="rpc error: code = Canceled desc = context canceled" address=127.0.0.1:43160
03:12:33.267 INF Profile data written. filename=experiment-output/0000/slave-004/prof.mutex name=mutex
