{"level":"debug","Logging":"info","time":"2025-08-01T03:17:04+08:00","message":"Config"}
{"level":"debug","UseTLS":false,"time":"2025-08-01T03:17:04+08:00","message":"Config"}
{"level":"debug","CACertFile":"tls-data/ca.pem","time":"2025-08-01T03:17:04+08:00","message":"Config"}
{"level":"debug","KeyFile":"tls-data/auth.key","time":"2025-08-01T03:17:04+08:00","message":"Config"}
{"level":"debug","CertFile":"tls-data/auth.pem","time":"2025-08-01T03:17:04+08:00","message":"Config"}
{"level":"debug","PriorityConnections":2,"time":"2025-08-01T03:17:04+08:00","message":"Config"}
{"level":"debug","BasicConnections":2,"time":"2025-08-01T03:17:04+08:00","message":"Config"}
{"level":"debug","TestConnections":false,"time":"2025-08-01T03:17:04+08:00","message":"Config"}
{"level":"debug","ExcessConnections":1,"time":"2025-08-01T03:17:04+08:00","message":"Config"}
{"level":"debug","ConnectionTestMsgs":4,"time":"2025-08-01T03:17:04+08:00","message":"Config"}
{"level":"debug","ConnectionTestPayload":131072,"time":"2025-08-01T03:17:04+08:00","message":"Config"}
{"level":"debug","OutMessageBufsize":1024,"time":"2025-08-01T03:17:04+08:00","message":"Config"}
{"level":"debug","OutMessageBufsize":3,"time":"2025-08-01T03:17:04+08:00","message":"Config"}
{"level":"debug","ThroughputCap":131072000,"time":"2025-08-01T03:17:04+08:00","message":"Config"}
{"level":"debug","StragglerTolerance":1000,"time":"2025-08-01T03:17:04+08:00","message":"Config"}
{"level":"debug","BatchSizeIncrement":256,"time":"2025-08-01T03:17:04+08:00","message":"Config"}
{"level":"debug","Orderer":"Pbft","time":"2025-08-01T03:17:04+08:00","message":"Config"}
{"level":"debug","Manager":"Mir","time":"2025-08-01T03:17:04+08:00","message":"Config"}
{"level":"debug","Failures":0,"time":"2025-08-01T03:17:04+08:00","message":"Config"}
{"level":"debug","CrashTiming":"EpochStart","time":"2025-08-01T03:17:04+08:00","message":"Config"}
{"level":"debug","CheckpointInterval":256,"time":"2025-08-01T03:17:04+08:00","message":"Config"}
{"level":"debug","WatermarkWindowSize":256,"time":"2025-08-01T03:17:04+08:00","message":"Config"}
{"level":"debug","EpochLength":256,"time":"2025-08-01T03:17:04+08:00","message":"Config"}
{"level":"debug","SegmentLength":21,"time":"2025-08-01T03:17:04+08:00","message":"Config"}
{"level":"debug","WaitForCheckpoints":true,"time":"2025-08-01T03:17:04+08:00","message":"Config"}
{"level":"debug","ClientWatermarkWindowSize":4194304,"time":"2025-08-01T03:17:04+08:00","message":"Config"}
{"level":"debug","ClientRequestBacklogSize":4194304,"time":"2025-08-01T03:17:04+08:00","message":"Config"}
{"level":"debug","RandomSeed":7086,"time":"2025-08-01T03:17:04+08:00","message":"Config"}
{"level":"debug","NodeToLeaderRatio":1,"time":"2025-08-01T03:17:04+08:00","message":"Config"}
{"level":"debug","LeaderPolicy":"Simple","time":"2025-08-01T03:17:04+08:00","message":"Config"}
{"level":"debug","DefaultLeaderBan":2,"time":"2025-08-01T03:17:04+08:00","message":"Config"}
{"level":"debug","NumBuckets":192,"time":"2025-08-01T03:17:04+08:00","message":"Config"}
{"level":"debug","BatchSize":4096,"time":"2025-08-01T03:17:04+08:00","message":"Config"}
{"level":"debug","BatchTimeoutMs":1000,"time":"2025-08-01T03:17:04+08:00","message":"Config"}
{"level":"debug","DisabledViewChange":false,"time":"2025-08-01T03:17:04+08:00","message":"Config"}
{"level":"debug","ViewChangeTimeout":60000,"time":"2025-08-01T03:17:04+08:00","message":"Config"}
{"level":"debug","ClientTraceSampling":10,"time":"2025-08-01T03:17:04+08:00","message":"Config"}
{"level":"debug","EventBufferSize":2097152,"time":"2025-08-01T03:17:04+08:00","message":"Config"}
{"level":"debug","TraceSampling":1,"time":"2025-08-01T03:17:04+08:00","message":"Config"}
{"level":"debug","ClientsPerProcess":1,"time":"2025-08-01T03:17:04+08:00","message":"Config"}
{"level":"debug","RequestsPerClient":7200000,"time":"2025-08-01T03:17:04+08:00","message":"Config"}
{"level":"debug","ClientRunTime":60000,"time":"2025-08-01T03:17:04+08:00","message":"Config"}
{"level":"debug","RequestRate":60000,"time":"2025-08-01T03:17:04+08:00","message":"Config"}
{"level":"debug","HardRequestRateLimit":false,"time":"2025-08-01T03:17:04+08:00","message":"Config"}
{"level":"debug","RequestPayloadSize":500,"time":"2025-08-01T03:17:04+08:00","message":"Config"}
{"level":"debug","SignRequests":true,"time":"2025-08-01T03:17:04+08:00","message":"Config"}
{"level":"debug","ClientPrivKeyFile":"tls-data/client-ecdsa-256.key","time":"2025-08-01T03:17:04+08:00","message":"Config"}
{"level":"debug","ClientPubKeyFile":"tls-data/client-ecdsa-256.pem","time":"2025-08-01T03:17:04+08:00","message":"Config"}
{"level":"debug","PrecomputeRequests":false,"time":"2025-08-01T03:17:04+08:00","message":"Config"}
{"level":"debug","RequestHandlerThreads":32,"time":"2025-08-01T03:17:04+08:00","message":"Config"}
{"level":"debug","RequestInputChannelBuffer":8192,"time":"2025-08-01T03:17:04+08:00","message":"Config"}
{"level":"debug","BatchVerifier":"external","time":"2025-08-01T03:17:04+08:00","message":"Config"}
03:17:04.609 INF Registered with discovery server. numPeers=12 ownID=9
03:17:04.610 INF Profiling enabled.
03:17:04.610 INF Setting up profiling.
03:17:04.610 INF Started Profiler: CPU
03:17:04.610 INF Started Profiler: BLOCK
03:17:04.610 INF Started Profiler: MUTEX
03:17:04.610 INF Profiler will stop on signal. exit=true
03:17:04.612 INF Tracing will stop on signal. exit=false
03:17:04.612 INF Started tracing. traceFile=experiment-output/0000/slave-001/peer.trc
03:17:04.613 INF Connecting to peer. addr=127.0.0.1:10099 basicConns=2 priorityConns=2
03:17:04.614 INF Connecting to peer. addr=127.0.0.1:10088 basicConns=2 priorityConns=2
03:17:04.614 INF Listening for connections. port=10099 useTLS=false
03:17:04.614 INF Connecting to peer. addr=127.0.0.1:10066 basicConns=2 priorityConns=2
03:17:04.614 INF Connecting to peer. addr=127.0.0.1:10044 basicConns=2 priorityConns=2
03:17:04.615 INF Connecting to peer. addr=127.0.0.1:10077 basicConns=2 priorityConns=2
03:17:04.615 INF Connecting to peer. addr=127.0.0.1:10000 basicConns=2 priorityConns=2
03:17:04.615 INF Connecting to peer. addr=127.0.0.1:10121 basicConns=2 priorityConns=2
03:17:04.615 INF Connecting to peer. addr=127.0.0.1:10033 basicConns=2 priorityConns=2
03:17:04.616 INF Connecting to peer. addr=127.0.0.1:10110 basicConns=2 priorityConns=2
03:17:04.619 INF Connecting to peer. addr=127.0.0.1:10011 basicConns=2 priorityConns=2
03:17:04.621 INF Connecting to peer. addr=127.0.0.1:10022 basicConns=2 priorityConns=2
03:17:04.621 INF Connecting to peer. addr=127.0.0.1:10055 basicConns=2 priorityConns=2
03:17:04.636 INF Incoming connection for protocol messages. addr=127.0.0.1:37076
03:17:04.647 INF Incoming connection for protocol messages. addr=127.0.0.1:37108
03:17:04.647 INF Incoming connection for protocol messages. addr=127.0.0.1:37192
03:17:04.648 INF Incoming connection for protocol messages. addr=127.0.0.1:37174
03:17:04.648 INF Incoming connection for protocol messages. addr=127.0.0.1:37092
03:17:04.654 INF Incoming connection for protocol messages. addr=127.0.0.1:37112
03:17:04.656 INF Incoming connection for protocol messages. addr=127.0.0.1:37208
03:17:04.659 INF Incoming connection for protocol messages. addr=127.0.0.1:37238
03:17:04.659 INF Incoming connection for protocol messages. addr=127.0.0.1:37244
03:17:04.659 INF Incoming connection for protocol messages. addr=127.0.0.1:37222
03:17:04.660 INF Incoming connection for protocol messages. addr=127.0.0.1:37180
03:17:04.660 INF Incoming connection for protocol messages. addr=127.0.0.1:37104
03:17:04.663 INF Incoming connection for protocol messages. addr=127.0.0.1:37284
03:17:04.663 INF Incoming connection for protocol messages. addr=127.0.0.1:37272
03:17:04.663 INF Incoming connection for protocol messages. addr=127.0.0.1:37152
03:17:04.664 INF Incoming connection for protocol messages. addr=127.0.0.1:37260
03:17:04.665 INF Incoming connection for protocol messages. addr=127.0.0.1:37164
03:17:04.674 INF Incoming connection for protocol messages. addr=127.0.0.1:37254
03:17:04.674 INF Incoming connection for protocol messages. addr=127.0.0.1:37326
03:17:04.674 INF Incoming connection for protocol messages. addr=127.0.0.1:37288
03:17:04.674 INF Incoming connection for protocol messages. addr=127.0.0.1:37128
03:17:04.674 INF Incoming connection for protocol messages. addr=127.0.0.1:37336
03:17:04.675 INF Incoming connection for protocol messages. addr=127.0.0.1:37316
03:17:04.676 INF Incoming connection for protocol messages. addr=127.0.0.1:37370
03:17:04.678 INF Incoming connection for protocol messages. addr=127.0.0.1:37354
03:17:04.679 INF Incoming connection for protocol messages. addr=127.0.0.1:37116
03:17:04.681 INF Incoming connection for protocol messages. addr=127.0.0.1:37414
03:17:04.689 INF Incoming connection for protocol messages. addr=127.0.0.1:37268
03:17:04.689 INF Incoming connection for protocol messages. addr=127.0.0.1:37396
03:17:04.690 INF Incoming connection for protocol messages. addr=127.0.0.1:37372
03:17:04.694 INF Incoming connection for protocol messages. addr=127.0.0.1:37434
03:17:04.694 INF Connected to all peers.
03:17:04.694 INF Incoming connection for protocol messages. addr=127.0.0.1:37142
03:17:04.694 INF Incoming connection for protocol messages. addr=127.0.0.1:37428
03:17:04.695 INF Incoming connection for protocol messages. addr=127.0.0.1:37324
03:17:04.696 INF Incoming connection for protocol messages. addr=127.0.0.1:37228
03:17:04.696 INF Incoming connection for protocol messages. addr=127.0.0.1:37390
03:17:04.696 INF Incoming connection for protocol messages. addr=127.0.0.1:37348
03:17:04.697 INF Incoming connection for protocol messages. addr=127.0.0.1:37468
03:17:04.697 INF Incoming connection for protocol messages. addr=127.0.0.1:37304
03:17:04.698 INF Incoming connection for protocol messages. addr=127.0.0.1:37448
03:17:04.699 INF Incoming connection for protocol messages. addr=127.0.0.1:37406
03:17:04.699 INF Incoming connection for protocol messages. addr=127.0.0.1:37410
03:17:04.700 INF Incoming connection for protocol messages. addr=127.0.0.1:37452
03:17:04.700 INF Incoming connection for protocol messages. addr=127.0.0.1:37490
03:17:04.701 INF Incoming connection for protocol messages. addr=127.0.0.1:37374
03:17:04.706 INF Incoming connection for protocol messages. addr=127.0.0.1:37514
03:17:04.706 INF Incoming connection for protocol messages. addr=127.0.0.1:37502
03:17:04.706 INF Incoming connection for protocol messages. addr=127.0.0.1:37482
03:17:04.709 INF All peers finished connecting. Starting ISS.
03:17:04.710 INF PbftOrderer received a new segment: [0 1 2 3 4 5 6 7 8 9 10 11 12 13 14 15 16 17 18 19 20] first leader=0 firstSN=0 lastSN=20 len=21 length=21 segId=0
03:17:04.757 INF Starting new view. segID=0 timeout=60000 view=0
03:17:04.757 INF Starting PBFT instance. first=0 last=20 segID=0
03:17:04.758 INF Starting serialized message processing. segID=0
03:17:05.760 INF Handling PREPREPARE. nReq=0 senderID=0 sn=0
03:17:05.766 INF Committed entry. latency=0 nReq=0 sn=0
03:17:05.767 INF Delivered batch. nReq=0 sn=0
03:17:06.767 INF Handling PREPREPARE. nReq=0 senderID=0 sn=1
03:17:06.771 INF Committed entry. latency=0 nReq=0 sn=1
03:17:06.771 INF Delivered batch. nReq=0 sn=1
03:17:06.784 INF Incoming connection for requests. addr=127.0.0.1:58432
03:17:07.335 INF Handling PREPREPARE. nReq=4096 senderID=0 sn=2
03:17:07.406 INF Committed entry. latency=0 nReq=4096 sn=2
03:17:07.406 INF Delivered batch. nReq=4096 sn=2
03:17:08.306 INF Handling PREPREPARE. nReq=2472 senderID=0 sn=3
03:17:08.384 INF Committed entry. latency=0 nReq=2472 sn=3
03:17:08.384 INF Delivered batch. nReq=2472 sn=3
03:17:09.241 INF Handling PREPREPARE. nReq=802 senderID=0 sn=4
03:17:09.258 INF Committed entry. latency=0 nReq=802 sn=4
03:17:09.258 INF Delivered batch. nReq=802 sn=4
03:17:09.897 INF Handling PREPREPARE. nReq=4096 senderID=0 sn=5
03:17:09.975 INF Committed entry. latency=0 nReq=4096 sn=5
03:17:09.975 INF Delivered batch. nReq=4096 sn=5
03:17:10.878 INF Handling PREPREPARE. nReq=2550 senderID=0 sn=6
03:17:10.929 INF Committed entry. latency=0 nReq=2550 sn=6
03:17:10.930 INF Delivered batch. nReq=2550 sn=6
03:17:11.869 INF Handling PREPREPARE. nReq=945 senderID=0 sn=7
03:17:11.897 INF Committed entry. latency=0 nReq=945 sn=7
03:17:11.897 INF Delivered batch. nReq=945 sn=7
03:17:12.895 INF Handling PREPREPARE. nReq=4096 senderID=0 sn=8
03:17:13.000 INF Committed entry. latency=0 nReq=4096 sn=8
03:17:13.000 INF Delivered batch. nReq=4096 sn=8
03:17:13.883 INF Handling PREPREPARE. nReq=2794 senderID=0 sn=9
03:17:13.939 INF Committed entry. latency=0 nReq=2794 sn=9
03:17:13.939 INF Delivered batch. nReq=2794 sn=9
03:17:14.796 INF Handling PREPREPARE. nReq=987 senderID=0 sn=10
03:17:14.821 INF Committed entry. latency=0 nReq=987 sn=10
03:17:14.821 INF Delivered batch. nReq=987 sn=10
03:17:15.432 INF Handling PREPREPARE. nReq=4096 senderID=0 sn=11
03:17:15.515 INF Committed entry. latency=0 nReq=4096 sn=11
03:17:15.516 INF Delivered batch. nReq=4096 sn=11
03:17:16.445 INF Handling PREPREPARE. nReq=2951 senderID=0 sn=12
03:17:16.507 INF Committed entry. latency=0 nReq=2951 sn=12
03:17:16.508 INF Delivered batch. nReq=2951 sn=12
03:17:17.403 INF Handling PREPREPARE. nReq=850 senderID=0 sn=13
03:17:17.433 INF Committed entry. latency=0 nReq=850 sn=13
03:17:17.433 INF Delivered batch. nReq=850 sn=13
03:17:18.379 INF Handling PREPREPARE. nReq=4096 senderID=0 sn=14
03:17:18.477 INF Committed entry. latency=0 nReq=4096 sn=14
03:17:18.477 INF Delivered batch. nReq=4096 sn=14
03:17:19.397 INF Handling PREPREPARE. nReq=2803 senderID=0 sn=15
03:17:19.457 INF Committed entry. latency=0 nReq=2803 sn=15
03:17:19.457 INF Delivered batch. nReq=2803 sn=15
03:17:20.354 INF Handling PREPREPARE. nReq=778 senderID=0 sn=16
03:17:20.380 INF Committed entry. latency=0 nReq=778 sn=16
03:17:20.380 INF Delivered batch. nReq=778 sn=16
03:17:21.381 INF Handling PREPREPARE. nReq=4096 senderID=0 sn=17
03:17:21.464 INF Committed entry. latency=0 nReq=4096 sn=17
03:17:21.465 INF Delivered batch. nReq=4096 sn=17
03:17:25.014 INF Handling PREPREPARE. nReq=4096 senderID=0 sn=18
03:17:25.124 INF Committed entry. latency=0 nReq=4096 sn=18
03:17:25.124 INF Delivered batch. nReq=4096 sn=18
03:17:26.007 INF Handling PREPREPARE. nReq=3967 senderID=0 sn=19
03:17:26.142 INF Committed entry. latency=0 nReq=3967 sn=19
03:17:26.142 INF Delivered batch. nReq=3967 sn=19
03:17:26.970 INF Handling PREPREPARE. nReq=845 senderID=0 sn=20
03:17:26.998 INF Committed entry. latency=0 nReq=845 sn=20
03:17:26.998 INF Delivered batch. nReq=845 sn=20
==================
WARNING: DATA RACE
Read at 0x000001304380 by goroutine 945:
  github.com/hyperledger-labs/mirbft/manager.(*MirManager).handleLogEntries()
      /opt/gopath/src/github.com/hyperledger-labs/mirbft/manager/mirmanager.go:171 +0x854
  github.com/hyperledger-labs/mirbft/manager.(*MirManager).Start.func2()
      /opt/gopath/src/github.com/hyperledger-labs/mirbft/manager/mirmanager.go:112 +0x47

Previous write at 0x000001304380 by goroutine 949:
  github.com/hyperledger-labs/mirbft/log.publishEntries()
      /opt/gopath/src/github.com/hyperledger-labs/mirbft/log/log.go:281 +0x2e4
  github.com/hyperledger-labs/mirbft/log.CommitEntry()
      /opt/gopath/src/github.com/hyperledger-labs/mirbft/log/log.go:108 +0x284
  github.com/hyperledger-labs/mirbft/announcer.Announce()
      /opt/gopath/src/github.com/hyperledger-labs/mirbft/announcer/announcer.go:26 +0x370
  github.com/hyperledger-labs/mirbft/orderer.(*pbftInstance).announce()
      /opt/gopath/src/github.com/hyperledger-labs/mirbft/orderer/pbftinstance.go:726 +0x36b
  github.com/hyperledger-labs/mirbft/orderer.(*pbftInstance).handleCommit()
      /opt/gopath/src/github.com/hyperledger-labs/mirbft/orderer/pbftinstance.go:664 +0x7bd
  github.com/hyperledger-labs/mirbft/orderer.(*pbftInstance).handleMessage()
      /opt/gopath/src/github.com/hyperledger-labs/mirbft/orderer/pbftinstance.go:1810 +0x2e5
  github.com/hyperledger-labs/mirbft/orderer.(*pbftInstance).processSerializedMessages()
      /opt/gopath/src/github.com/hyperledger-labs/mirbft/orderer/pbftinstance.go:1764 +0xdd
  github.com/hyperledger-labs/mirbft/orderer.(*PbftOrderer).runSegment.func2()
      /opt/gopath/src/github.com/hyperledger-labs/mirbft/orderer/pbftorderer.go:199 +0x39

Goroutine 945 (running) created at:
  github.com/hyperledger-labs/mirbft/manager.(*MirManager).Start()
      /opt/gopath/src/github.com/hyperledger-labs/mirbft/manager/mirmanager.go:112 +0x191
  main.main.func4()
      /opt/gopath/src/github.com/hyperledger-labs/mirbft/cmd/orderingpeer/main.go:185 +0x59

Goroutine 949 (running) created at:
  github.com/hyperledger-labs/mirbft/orderer.(*PbftOrderer).runSegment()
      /opt/gopath/src/github.com/hyperledger-labs/mirbft/orderer/pbftorderer.go:199 +0x3f6
  github.com/hyperledger-labs/mirbft/orderer.(*PbftOrderer).Start()
      /opt/gopath/src/github.com/hyperledger-labs/mirbft/orderer/pbftorderer.go:176 +0x344
  main.main.func5()
      /opt/gopath/src/github.com/hyperledger-labs/mirbft/cmd/orderingpeer/main.go:186 +0x59
==================
03:17:26.998 INF Sending segment checkpoint. lastSn=20 segID=0
03:17:27.007 INF PBFT checkpoint ready. Scheduling catchup. lastSn=20 segID=0
03:17:27.028 INF New stable checkpoint. sn=20
03:17:27.029 INF Closing message serializers. segID=0
03:17:27.029 INF Received stable checkpoint notification. sn=20
03:17:27.029 INF Statistics commitTs=1753989425766754120 duration=6507906 proposeTs=1753989425760246214 sn=0
03:17:27.029 INF Statistics commitTs=1753989426771116217 duration=3829684 proposeTs=1753989426767286533 sn=1
03:17:27.029 INF Statistics commitTs=1753989427399240894 duration=63563839 proposeTs=1753989427335677055 sn=2
03:17:27.029 INF Statistics commitTs=1753989428379361266 duration=72709861 proposeTs=1753989428306651405 sn=3
03:17:27.029 INF Statistics commitTs=1753989429257307971 duration=16189266 proposeTs=1753989429241118705 sn=4
03:17:27.029 INF Statistics commitTs=1753989429972039731 duration=74549517 proposeTs=1753989429897490214 sn=5
03:17:27.029 INF Statistics commitTs=1753989430922584745 duration=44586204 proposeTs=1753989430877998541 sn=6
03:17:27.029 INF Statistics commitTs=1753989431896093322 duration=26964420 proposeTs=1753989431869128902 sn=7
03:17:27.029 INF Statistics commitTs=1753989432995282171 duration=99602291 proposeTs=1753989432895679880 sn=8
03:17:27.029 INF Statistics commitTs=1753989433937258536 duration=53802012 proposeTs=1753989433883456524 sn=9
03:17:27.029 INF Statistics commitTs=1753989434820191445 duration=23850777 proposeTs=1753989434796340668 sn=10
03:17:27.030 INF Statistics commitTs=1753989435513091049 duration=80647963 proposeTs=1753989435432443086 sn=11
03:17:27.030 INF Statistics commitTs=1753989436505429181 duration=59818325 proposeTs=1753989436445610856 sn=12
03:17:27.030 INF Statistics commitTs=1753989437432072810 duration=28516344 proposeTs=1753989437403556466 sn=13
03:17:27.030 INF Statistics commitTs=1753989438470185823 duration=91179755 proposeTs=1753989438379006068 sn=14
03:17:27.030 INF Statistics commitTs=1753989439455702666 duration=58407002 proposeTs=1753989439397295664 sn=15
03:17:27.030 INF Statistics commitTs=1753989440379489251 duration=24823150 proposeTs=1753989440354666101 sn=16
03:17:27.030 INF Statistics commitTs=1753989441460759384 duration=79337333 proposeTs=1753989441381422051 sn=17
03:17:27.030 INF Statistics commitTs=1753989445122670693 duration=108721432 proposeTs=1753989445013949261 sn=18
03:17:27.030 INF Statistics commitTs=1753989446128750794 duration=121171214 proposeTs=1753989446007579580 sn=19
03:17:27.030 INF Statistics commitTs=1753989446996550723 duration=26567843 proposeTs=1753989446969982880 sn=20
03:17:27.030 INF Median commit time commit=58407002 segID=0
03:17:27.044 INF fuck! epoch=192 epoch time (ms)=22289 leaders=2 viewtimeout=104000
03:17:27.044 INF Epoch finished. Waiting for stable checkpoint. sn=20
03:17:27.044 INF Epoch end confirmed. chkpSn=20
03:17:27.044 INF Advancing watermarks. numEntries=21
03:17:27.318 INF PbftOrderer received a new segment: [21 23 25 27 29 31 33 35 37 39 41 43 45 47 49 51] first leader=0 firstSN=21 lastSN=51 len=16 length=16 segId=1
03:17:27.621 INF Starting new view. segID=1 timeout=104000 view=0
03:17:27.622 INF Advanced timeout advanced=58407002 initial=1000000000
03:17:27.622 INF Advanced timeout advanced=1058407002 initial=1000000000
03:17:27.622 INF Advanced timeout advanced=2058407002 initial=1000000000
03:17:27.623 INF Advanced timeout advanced=3058407002 initial=1000000000
03:17:27.623 INF Advanced timeout advanced=4058407002 initial=1000000000
03:17:27.623 INF Advanced timeout advanced=5058407002 initial=1000000000
03:17:27.623 INF Advanced timeout advanced=6058407002 initial=1000000000
03:17:27.623 INF Advanced timeout advanced=7058407002 initial=1000000000
03:17:27.623 INF Advanced timeout advanced=8058407002 initial=1000000000
03:17:27.623 INF Advanced timeout advanced=9058407002 initial=1000000000
03:17:27.625 INF Advanced timeout advanced=10058407002 initial=1000000000
03:17:27.625 INF Advanced timeout advanced=11058407002 initial=1000000000
03:17:27.625 INF Advanced timeout advanced=12058407002 initial=1000000000
03:17:27.625 INF Advanced timeout advanced=13058407002 initial=1000000000
03:17:27.625 INF Advanced timeout advanced=14058407002 initial=1000000000
03:17:27.625 INF Advanced timeout advanced=15058407002 initial=1000000000
03:17:27.626 INF Starting PBFT instance. first=21 last=51 segID=1
03:17:27.626 INF PbftOrderer received a new segment: [22 24 26 28 30 32 34 36 38 40 42 44 46 48 50 52] first leader=1 firstSN=22 lastSN=52 len=16 length=16 segId=2
03:17:27.626 INF Starting serialized message processing. segID=1
03:17:27.626 INF fuck1 epoch change time (ms)=628
03:17:27.788 INF Starting new view. segID=2 timeout=104000 view=0
03:17:27.788 INF Advanced timeout advanced=58407002 initial=1000000000
03:17:27.788 INF Advanced timeout advanced=1058407002 initial=1000000000
03:17:27.788 INF Advanced timeout advanced=2058407002 initial=1000000000
03:17:27.788 INF Advanced timeout advanced=3058407002 initial=1000000000
03:17:27.788 INF Advanced timeout advanced=4058407002 initial=1000000000
03:17:27.788 INF Advanced timeout advanced=5058407002 initial=1000000000
03:17:27.788 INF Advanced timeout advanced=6058407002 initial=1000000000
03:17:27.788 INF Advanced timeout advanced=7058407002 initial=1000000000
03:17:27.789 INF Advanced timeout advanced=8058407002 initial=1000000000
03:17:27.789 INF Advanced timeout advanced=9058407002 initial=1000000000
03:17:27.789 INF Advanced timeout advanced=10058407002 initial=1000000000
03:17:27.789 INF Advanced timeout advanced=11058407002 initial=1000000000
03:17:27.789 INF Advanced timeout advanced=12058407002 initial=1000000000
03:17:27.789 INF Advanced timeout advanced=13058407002 initial=1000000000
03:17:27.789 INF Advanced timeout advanced=14058407002 initial=1000000000
03:17:27.789 INF Advanced timeout advanced=15058407002 initial=1000000000
03:17:27.789 INF Starting PBFT instance. first=22 last=52 segID=2
03:17:27.789 INF Starting serialized message processing. segID=2
03:17:28.729 INF Handling PREPREPARE. nReq=505 senderID=0 sn=21
03:17:28.747 INF Committed entry. latency=0 nReq=505 sn=21
03:17:28.747 INF Delivered batch. nReq=505 sn=21
03:17:28.792 INF Handling PREPREPARE. nReq=1371 senderID=1 sn=22
03:17:28.824 INF Committed entry. latency=0 nReq=1371 sn=22
03:17:28.824 INF Delivered batch. nReq=1371 sn=22
03:17:29.774 INF Handling PREPREPARE. nReq=1531 senderID=0 sn=23
03:17:29.816 INF Committed entry. latency=0 nReq=1531 sn=23
03:17:29.817 INF Delivered batch. nReq=1531 sn=23
03:17:29.884 INF Handling PREPREPARE. nReq=4096 senderID=1 sn=24
03:17:29.954 INF Committed entry. latency=0 nReq=4096 sn=24
03:19:33.140 INF Delivered batch. nReq=4096 sn=24
03:19:33.142 WRN Timeout segId=2 sn=26 view=0
03:19:33.142 INF Starting new view. segID=2 timeout=208000 view=1
03:19:33.142 INF Advanced timeout advanced=58407002 initial=1000000000
03:19:33.142 INF Advanced timeout advanced=1058407002 initial=1000000000
03:19:33.143 INF Advanced timeout advanced=2058407002 initial=1000000000
03:19:33.143 INF Advanced timeout advanced=3058407002 initial=1000000000
03:19:33.143 INF Advanced timeout advanced=4058407002 initial=1000000000
03:19:13.682 WRN Timeout segId=1 sn=25 view=0
03:19:33.144 INF Starting new view. segID=1 timeout=208000 view=1
03:19:33.144 INF Advanced timeout advanced=58407002 initial=1000000000
03:19:33.144 INF Advanced timeout advanced=1058407002 initial=1000000000
03:19:33.144 INF Advanced timeout advanced=2058407002 initial=1000000000
03:19:33.145 INF Advanced timeout advanced=3058407002 initial=1000000000
03:19:33.145 INF Advanced timeout advanced=4058407002 initial=1000000000
03:19:33.145 INF Advanced timeout advanced=5058407002 initial=1000000000
03:19:33.145 INF Advanced timeout advanced=6058407002 initial=1000000000
03:19:33.145 INF Advanced timeout advanced=7058407002 initial=1000000000
03:19:33.145 INF Advanced timeout advanced=8058407002 initial=1000000000
03:19:33.146 INF Advanced timeout advanced=9058407002 initial=1000000000
03:19:33.146 INF Advanced timeout advanced=10058407002 initial=1000000000
03:19:33.146 INF Advanced timeout advanced=11058407002 initial=1000000000
03:19:33.146 INF Advanced timeout advanced=12058407002 initial=1000000000
03:19:33.146 INF Advanced timeout advanced=13058407002 initial=1000000000
03:19:33.146 INF Advanced timeout advanced=14058407002 initial=1000000000
03:19:33.146 INF Advanced timeout advanced=15058407002 initial=1000000000
03:19:33.147 INF Requesting VIEWCHANGE. receiverID=1 segID=1 senderID=9 view=1
03:19:33.143 INF Advanced timeout advanced=5058407002 initial=1000000000
03:19:33.148 INF Advanced timeout advanced=6058407002 initial=1000000000
03:19:33.148 INF Advanced timeout advanced=7058407002 initial=1000000000
03:19:33.148 INF Advanced timeout advanced=8058407002 initial=1000000000
03:19:33.148 INF Advanced timeout advanced=9058407002 initial=1000000000
03:19:33.148 INF Advanced timeout advanced=10058407002 initial=1000000000
03:19:33.148 INF Advanced timeout advanced=11058407002 initial=1000000000
03:19:33.148 INF Advanced timeout advanced=12058407002 initial=1000000000
03:19:33.148 INF Advanced timeout advanced=13058407002 initial=1000000000
03:19:33.148 INF Advanced timeout advanced=14058407002 initial=1000000000
03:19:33.148 INF Advanced timeout advanced=15058407002 initial=1000000000
03:19:33.149 INF Requesting VIEWCHANGE. receiverID=2 segID=2 senderID=9 view=1
03:19:33.191 INF Handling PREPREPARE. nReq=0 senderID=0 sn=27
03:19:33.193 INF Handling PREPREPARE. nReq=406 senderID=0 sn=25
03:19:33.351 INF Handling NEWVIEW. currentView=1 msgView=1 segID=2 senderID=2
03:19:33.428 INF Handling NEWVIEW. currentView=1 msgView=1 segID=1 senderID=1
03:19:33.501 INF Committed entry. latency=0 nReq=0 sn=27
03:19:33.502 INF Committed entry. latency=0 nReq=0 sn=29
03:19:33.502 INF Committed entry. latency=0 nReq=0 sn=31
03:19:33.502 INF Committed entry. latency=0 nReq=0 sn=37
03:19:33.502 INF Committed entry. latency=0 nReq=0 sn=49
03:19:33.502 INF Committed entry. latency=0 nReq=0 sn=39
03:19:33.505 INF Committed entry. latency=0 nReq=0 sn=47
03:19:33.505 INF Committed entry. latency=0 nReq=0 sn=25
03:19:33.507 INF Delivered batch. nReq=0 sn=25
03:19:33.507 INF Committed entry. latency=0 nReq=0 sn=43
03:19:33.507 INF Committed entry. latency=0 nReq=0 sn=33
03:19:33.507 INF Committed entry. latency=0 nReq=0 sn=35
03:19:33.507 INF Committed entry. latency=0 nReq=0 sn=41
03:19:33.507 INF Committed entry. latency=0 nReq=0 sn=45
03:19:33.507 INF Committed entry. latency=0 nReq=0 sn=51
03:19:33.507 INF Sending segment checkpoint. lastSn=51 segID=1
03:19:33.511 INF PBFT checkpoint ready. Scheduling catchup. lastSn=51 segID=1
03:19:33.522 INF Handling PREPREPARE. nReq=1043 senderID=1 sn=26
03:19:33.523 INF Committed entry. latency=0 nReq=0 sn=46
03:19:33.523 INF Committed entry. latency=0 nReq=0 sn=50
03:19:33.523 INF Committed entry. latency=0 nReq=0 sn=32
03:19:33.526 INF Committed entry. latency=0 nReq=0 sn=34
03:19:33.527 INF Committed entry. latency=0 nReq=0 sn=38
03:19:33.527 INF Committed entry. latency=0 nReq=0 sn=52
03:19:33.527 INF Committed entry. latency=0 nReq=0 sn=40
03:19:33.527 INF Committed entry. latency=0 nReq=0 sn=26
03:19:33.527 INF Delivered batch. nReq=0 sn=26
03:19:33.527 INF Delivered batch. nReq=0 sn=27
03:19:33.527 INF Committed entry. latency=0 nReq=0 sn=28
03:19:33.527 INF Delivered batch. nReq=0 sn=28
03:19:33.527 INF Delivered batch. nReq=0 sn=29
03:19:33.527 INF Committed entry. latency=0 nReq=0 sn=36
03:19:33.527 INF Committed entry. latency=0 nReq=0 sn=48
03:19:33.528 INF Committed entry. latency=0 nReq=0 sn=42
03:19:33.528 INF Committed entry. latency=0 nReq=0 sn=44
03:19:33.528 INF Committed entry. latency=0 nReq=0 sn=30
03:19:33.528 INF Delivered batch. nReq=0 sn=30
03:19:33.528 INF Delivered batch. nReq=0 sn=31
03:19:33.528 INF Delivered batch. nReq=0 sn=32
03:19:33.530 INF Delivered batch. nReq=0 sn=33
03:19:33.530 INF Delivered batch. nReq=0 sn=34
03:19:33.530 INF Delivered batch. nReq=0 sn=35
03:19:33.531 INF Delivered batch. nReq=0 sn=36
03:19:33.531 INF Delivered batch. nReq=0 sn=37
03:19:33.531 INF Delivered batch. nReq=0 sn=38
03:19:33.531 INF Delivered batch. nReq=0 sn=39
03:19:33.531 INF Delivered batch. nReq=0 sn=40
03:19:33.531 INF Delivered batch. nReq=0 sn=41
03:19:33.531 INF Delivered batch. nReq=0 sn=42
03:19:33.531 INF Delivered batch. nReq=0 sn=43
03:19:33.531 INF Delivered batch. nReq=0 sn=44
03:19:33.531 INF Delivered batch. nReq=0 sn=45
03:19:33.531 INF Delivered batch. nReq=0 sn=46
03:19:33.531 INF Delivered batch. nReq=0 sn=47
03:19:33.531 INF Delivered batch. nReq=0 sn=48
03:19:33.531 INF Delivered batch. nReq=0 sn=49
03:19:33.531 INF Delivered batch. nReq=0 sn=50
03:19:33.531 INF Delivered batch. nReq=0 sn=51
03:19:33.531 INF Delivered batch. nReq=0 sn=52
03:19:33.532 INF Sending segment checkpoint. lastSn=52 segID=2
03:19:33.537 INF PBFT checkpoint ready. Scheduling catchup. lastSn=52 segID=2
03:19:33.561 INF fuck! epoch=192 epoch time (ms)=125906 leaders=3 viewtimeout=120000
03:19:33.562 INF Epoch finished. Waiting for stable checkpoint. sn=52
03:19:33.564 INF New stable checkpoint. sn=52
03:19:33.564 INF Received stable checkpoint notification. sn=52
03:19:33.564 INF Epoch end confirmed. chkpSn=52
03:19:33.565 INF Advancing watermarks. numEntries=32
03:19:33.565 INF Closing message serializers. segID=2
03:19:33.565 INF Statistics commitTs=1753989448823154112 duration=30713114 proposeTs=1753989448792440998 sn=22
03:19:33.565 INF Statistics commitTs=1753989449951890287 duration=67338741 proposeTs=1753989449884551546 sn=24
03:19:33.565 INF Statistics commitTs=1753989573523450128 duration=125733827357 proposeTs=1753989447789622771 sn=26
03:19:33.565 INF Statistics commitTs=1753989573523104574 duration=125733481803 proposeTs=1753989447789622771 sn=28
03:19:33.565 INF Statistics commitTs=1753989573523489187 duration=125733866416 proposeTs=1753989447789622771 sn=30
03:19:33.565 INF Statistics commitTs=1753989573523256467 duration=125733633696 proposeTs=1753989447789622771 sn=32
03:19:33.565 INF Statistics commitTs=1753989573523282863 duration=125733660092 proposeTs=1753989447789622771 sn=34
03:19:33.565 INF Statistics commitTs=1753989573523127762 duration=125733504991 proposeTs=1753989447789622771 sn=36
03:19:33.565 INF Statistics commitTs=1753989573523305821 duration=125733683050 proposeTs=1753989447789622771 sn=38
03:19:33.565 INF Statistics commitTs=1753989573523386393 duration=125733763622 proposeTs=1753989447789622771 sn=40
03:19:33.566 INF Statistics commitTs=1753989573523337318 duration=125733714547 proposeTs=1753989447789622771 sn=42
03:19:33.566 INF Statistics commitTs=1753989573523420658 duration=125733797887 proposeTs=1753989447789622771 sn=44
03:19:33.566 INF Statistics commitTs=1753989573523215623 duration=125733592852 proposeTs=1753989447789622771 sn=46
03:19:33.566 INF Statistics commitTs=1753989573523154619 duration=125733531848 proposeTs=1753989447789622771 sn=48
03:19:33.566 INF Statistics commitTs=1753989573523233479 duration=125733610708 proposeTs=1753989447789622771 sn=50
03:19:33.566 INF Statistics commitTs=1753989573523365097 duration=125733742326 proposeTs=1753989447789622771 sn=52
03:19:33.566 INF Median commit time commit=125733660092 segID=2
03:19:33.567 INF Closing message serializers. segID=1
03:19:33.567 INF Statistics commitTs=1753989448746118628 duration=17076857 proposeTs=1753989448729041771 sn=21
03:19:33.567 INF Statistics commitTs=1753989449815560167 duration=41504408 proposeTs=1753989449774055759 sn=23
03:19:33.567 INF Statistics commitTs=1753989573501614845 duration=125875477004 proposeTs=1753989447626137841 sn=25
03:19:33.568 INF Statistics commitTs=1753989573501555429 duration=125875417588 proposeTs=1753989447626137841 sn=27
03:19:33.568 INF Statistics commitTs=1753989573501633307 duration=125875495466 proposeTs=1753989447626137841 sn=29
03:19:33.568 INF Statistics commitTs=1753989573501650754 duration=125875512913 proposeTs=1753989447626137841 sn=31
03:19:33.568 INF Statistics commitTs=1753989573499160178 duration=125873022337 proposeTs=1753989447626137841 sn=33
03:19:33.568 INF Statistics commitTs=1753989573501431988 duration=125875294147 proposeTs=1753989447626137841 sn=35
03:19:33.568 INF Statistics commitTs=1753989573501673442 duration=125875535601 proposeTs=1753989447626137841 sn=37
03:19:33.568 INF Statistics commitTs=1753989573501721146 duration=125875583305 proposeTs=1753989447626137841 sn=39
03:19:33.568 INF Statistics commitTs=1753989573501477320 duration=125875339479 proposeTs=1753989447626137841 sn=41
03:19:33.568 INF Statistics commitTs=1753989573501500653 duration=125875362812 proposeTs=1753989447626137841 sn=43
03:19:33.568 INF Statistics commitTs=1753989573501686304 duration=125875548463 proposeTs=1753989447626137841 sn=45
03:19:33.569 INF Statistics commitTs=1753989573501703041 duration=125875565200 proposeTs=1753989447626137841 sn=47
03:19:33.569 INF Statistics commitTs=1753989573501574985 duration=125875437144 proposeTs=1753989447626137841 sn=49
03:19:33.569 INF Statistics commitTs=1753989573501599196 duration=125875461355 proposeTs=1753989447626137841 sn=51
03:19:33.569 INF Median commit time commit=125875461355 segID=1
03:19:33.574 INF PbftOrderer received a new segment: [53 56 59 62 65 68 71 74 77 80 83 86 89 92 95 98] first leader=0 firstSN=53 lastSN=98 len=16 length=16 segId=3
03:19:33.892 INF Starting new view. segID=3 timeout=120000 view=0
03:19:33.892 INF Advanced timeout advanced=125875461355 initial=1000000000
03:19:33.892 INF Advanced timeout advanced=126875461355 initial=1000000000
03:19:33.893 INF Advanced timeout advanced=127875461355 initial=1000000000
03:19:33.893 INF Advanced timeout advanced=128875461355 initial=1000000000
03:19:33.893 INF Advanced timeout advanced=129875461355 initial=1000000000
03:19:33.893 INF Advanced timeout advanced=130875461355 initial=1000000000
03:19:33.893 INF Advanced timeout advanced=131875461355 initial=1000000000
03:19:33.893 INF Advanced timeout advanced=132875461355 initial=1000000000
03:19:33.893 INF Advanced timeout advanced=133875461355 initial=1000000000
03:19:33.893 INF Advanced timeout advanced=134875461355 initial=1000000000
03:19:33.893 INF Advanced timeout advanced=135875461355 initial=1000000000
03:19:33.893 INF Advanced timeout advanced=136875461355 initial=1000000000
03:19:33.893 INF Advanced timeout advanced=137875461355 initial=1000000000
03:19:33.893 INF Advanced timeout advanced=138875461355 initial=1000000000
03:19:33.893 INF Advanced timeout advanced=139875461355 initial=1000000000
03:19:33.896 INF Advanced timeout advanced=140875461355 initial=1000000000
03:19:33.897 INF Starting PBFT instance. first=53 last=98 segID=3
03:19:33.897 INF Starting serialized message processing. segID=3
03:19:33.897 INF PbftOrderer received a new segment: [54 57 60 63 66 69 72 75 78 81 84 87 90 93 96 99] first leader=1 firstSN=54 lastSN=99 len=16 length=16 segId=4
03:19:34.236 INF Starting new view. segID=4 timeout=120000 view=0
03:19:34.236 INF Advanced timeout advanced=125875461355 initial=1000000000
03:19:34.236 INF Advanced timeout advanced=126875461355 initial=1000000000
03:19:34.236 INF Advanced timeout advanced=127875461355 initial=1000000000
03:19:34.236 INF Advanced timeout advanced=128875461355 initial=1000000000
03:19:34.236 INF Advanced timeout advanced=129875461355 initial=1000000000
03:19:34.236 INF Advanced timeout advanced=130875461355 initial=1000000000
03:19:34.236 INF Advanced timeout advanced=131875461355 initial=1000000000
03:19:34.236 INF Advanced timeout advanced=132875461355 initial=1000000000
03:19:34.236 INF Advanced timeout advanced=133875461355 initial=1000000000
03:19:34.236 INF Advanced timeout advanced=134875461355 initial=1000000000
03:19:34.236 INF Advanced timeout advanced=135875461355 initial=1000000000
03:19:34.236 INF Advanced timeout advanced=136875461355 initial=1000000000
03:19:34.236 INF Advanced timeout advanced=137875461355 initial=1000000000
03:19:34.236 INF Advanced timeout advanced=138875461355 initial=1000000000
03:19:34.237 INF Advanced timeout advanced=139875461355 initial=1000000000
03:19:34.237 INF Advanced timeout advanced=140875461355 initial=1000000000
03:19:34.237 INF Starting PBFT instance. first=54 last=99 segID=4
03:19:34.237 INF Starting serialized message processing. segID=4
03:19:34.237 INF fuck1 epoch change time (ms)=705
03:19:34.237 INF PbftOrderer received a new segment: [55 58 61 64 67 70 73 76 79 82 85 88 91 94 97 100] first leader=2 firstSN=55 lastSN=100 len=16 length=16 segId=5
03:19:34.498 INF Starting new view. segID=5 timeout=120000 view=0
03:19:34.498 INF Advanced timeout advanced=125875461355 initial=1000000000
03:19:34.498 INF Advanced timeout advanced=126875461355 initial=1000000000
03:19:34.498 INF Advanced timeout advanced=127875461355 initial=1000000000
03:19:34.498 INF Advanced timeout advanced=128875461355 initial=1000000000
03:19:34.498 INF Advanced timeout advanced=129875461355 initial=1000000000
03:19:34.498 INF Advanced timeout advanced=130875461355 initial=1000000000
03:19:34.499 INF Advanced timeout advanced=131875461355 initial=1000000000
03:19:34.499 INF Advanced timeout advanced=132875461355 initial=1000000000
03:19:34.499 INF Advanced timeout advanced=133875461355 initial=1000000000
03:19:34.499 INF Advanced timeout advanced=134875461355 initial=1000000000
03:19:34.499 INF Advanced timeout advanced=135875461355 initial=1000000000
03:19:34.499 INF Advanced timeout advanced=136875461355 initial=1000000000
03:19:34.499 INF Advanced timeout advanced=137875461355 initial=1000000000
03:19:34.499 INF Advanced timeout advanced=138875461355 initial=1000000000
03:19:34.499 INF Advanced timeout advanced=139875461355 initial=1000000000
03:19:34.499 INF Advanced timeout advanced=140875461355 initial=1000000000
03:19:34.500 INF Starting PBFT instance. first=55 last=100 segID=5
03:19:34.500 INF Starting serialized message processing. segID=5
03:19:35.260 INF Handling PREPREPARE. nReq=1028 senderID=0 sn=53
03:19:35.293 INF Committed entry. latency=0 nReq=1028 sn=53
03:19:35.293 INF Delivered batch. nReq=1028 sn=53
03:19:35.419 INF Handling PREPREPARE. nReq=4096 senderID=1 sn=54
03:19:35.497 INF Committed entry. latency=0 nReq=4096 sn=54
03:19:35.497 INF Delivered batch. nReq=4096 sn=54
03:19:35.612 INF Handling PREPREPARE. nReq=1118 senderID=2 sn=55
03:19:35.638 INF Committed entry. latency=0 nReq=1118 sn=55
03:19:35.638 INF Delivered batch. nReq=1118 sn=55
03:19:36.221 INF Handling PREPREPARE. nReq=317 senderID=0 sn=56
03:19:36.239 INF Committed entry. latency=0 nReq=317 sn=56
03:19:36.239 INF Delivered batch. nReq=317 sn=56
03:19:36.382 INF Handling PREPREPARE. nReq=1105 senderID=1 sn=57
03:19:36.409 INF Committed entry. latency=0 nReq=1105 sn=57
03:19:36.409 INF Delivered batch. nReq=1105 sn=57
03:19:36.598 INF Handling PREPREPARE. nReq=440 senderID=2 sn=58
03:19:36.622 INF Committed entry. latency=0 nReq=440 sn=58
03:19:36.622 INF Delivered batch. nReq=440 sn=58
03:19:37.219 INF Handling PREPREPARE. nReq=308 senderID=0 sn=59
03:19:37.238 INF Committed entry. latency=0 nReq=308 sn=59
03:19:37.238 INF Delivered batch. nReq=308 sn=59
03:19:37.404 INF Handling PREPREPARE. nReq=1293 senderID=1 sn=60
03:19:37.432 INF Committed entry. latency=0 nReq=1293 sn=60
03:19:37.432 INF Delivered batch. nReq=1293 sn=60
03:19:37.628 INF Handling PREPREPARE. nReq=860 senderID=2 sn=61
03:19:37.653 INF Committed entry. latency=0 nReq=860 sn=61
03:19:37.653 INF Delivered batch. nReq=860 sn=61
03:19:38.224 INF Handling PREPREPARE. nReq=286 senderID=0 sn=62
03:19:38.243 INF Committed entry. latency=0 nReq=286 sn=62
03:19:38.243 INF Delivered batch. nReq=286 sn=62
03:19:38.379 INF Handling PREPREPARE. nReq=1246 senderID=1 sn=63
03:19:38.412 INF Committed entry. latency=0 nReq=1246 sn=63
03:19:38.412 INF Delivered batch. nReq=1246 sn=63
03:19:38.655 INF Handling PREPREPARE. nReq=1769 senderID=2 sn=64
03:19:38.690 INF Committed entry. latency=0 nReq=1769 sn=64
03:19:38.691 INF Delivered batch. nReq=1769 sn=64
03:19:39.233 INF Handling PREPREPARE. nReq=485 senderID=0 sn=65
03:19:39.253 INF Committed entry. latency=0 nReq=485 sn=65
03:19:39.253 INF Delivered batch. nReq=485 sn=65
03:19:39.397 INF Handling PREPREPARE. nReq=1718 senderID=1 sn=66
03:19:39.441 INF Committed entry. latency=0 nReq=1718 sn=66
03:19:39.441 INF Delivered batch. nReq=1718 sn=66
03:19:39.666 INF Handling PREPREPARE. nReq=2040 senderID=2 sn=67
03:19:39.708 INF Committed entry. latency=0 nReq=2040 sn=67
03:19:39.708 INF Delivered batch. nReq=2040 sn=67
03:19:40.241 INF Handling PREPREPARE. nReq=474 senderID=0 sn=68
03:19:40.262 INF Committed entry. latency=0 nReq=474 sn=68
03:19:40.263 INF Delivered batch. nReq=474 sn=68
03:19:40.392 INF Handling PREPREPARE. nReq=1620 senderID=1 sn=69
03:19:40.430 INF Committed entry. latency=0 nReq=1620 sn=69
03:19:40.430 INF Delivered batch. nReq=1620 sn=69
03:19:40.642 INF Handling PREPREPARE. nReq=1264 senderID=2 sn=70
03:19:40.673 INF Committed entry. latency=0 nReq=1264 sn=70
03:19:40.673 INF Delivered batch. nReq=1264 sn=70
03:19:41.225 INF Handling PREPREPARE. nReq=279 senderID=0 sn=71
03:19:41.243 INF Committed entry. latency=0 nReq=279 sn=71
03:19:41.243 INF Delivered batch. nReq=279 sn=71
03:19:41.383 INF Handling PREPREPARE. nReq=1285 senderID=1 sn=72
03:19:41.410 INF Committed entry. latency=0 nReq=1285 sn=72
03:19:41.410 INF Delivered batch. nReq=1285 sn=72
03:19:41.673 INF Handling PREPREPARE. nReq=1472 senderID=2 sn=73
03:19:41.702 INF Committed entry. latency=0 nReq=1472 sn=73
03:19:41.702 INF Delivered batch. nReq=1472 sn=73
03:19:42.229 INF Handling PREPREPARE. nReq=382 senderID=0 sn=74
03:19:42.245 INF Committed entry. latency=0 nReq=382 sn=74
03:19:42.245 INF Delivered batch. nReq=382 sn=74
03:19:42.416 INF Handling PREPREPARE. nReq=1612 senderID=1 sn=75
03:19:42.449 INF Committed entry. latency=0 nReq=1612 sn=75
03:19:42.449 INF Delivered batch. nReq=1612 sn=75
03:19:42.693 INF Handling PREPREPARE. nReq=2422 senderID=2 sn=76
03:19:42.737 INF Committed entry. latency=0 nReq=2422 sn=76
03:19:42.738 INF Delivered batch. nReq=2422 sn=76
03:19:43.247 INF Handling PREPREPARE. nReq=518 senderID=0 sn=77
03:19:43.273 INF Committed entry. latency=0 nReq=518 sn=77
03:19:43.273 INF Delivered batch. nReq=518 sn=77
03:19:43.408 INF Handling PREPREPARE. nReq=1629 senderID=1 sn=78
03:19:43.454 INF Committed entry. latency=0 nReq=1629 sn=78
03:19:43.454 INF Delivered batch. nReq=1629 sn=78
03:19:43.651 INF Handling PREPREPARE. nReq=1319 senderID=2 sn=79
03:19:43.685 INF Committed entry. latency=0 nReq=1319 sn=79
03:19:43.685 INF Delivered batch. nReq=1319 sn=79
03:19:44.224 INF Handling PREPREPARE. nReq=305 senderID=0 sn=80
03:19:44.243 INF Committed entry. latency=0 nReq=305 sn=80
03:19:44.243 INF Delivered batch. nReq=305 sn=80
03:19:44.371 INF Handling PREPREPARE. nReq=838 senderID=1 sn=81
03:19:44.393 INF Committed entry. latency=0 nReq=838 sn=81
03:19:44.393 INF Delivered batch. nReq=838 sn=81
03:19:44.656 INF Handling PREPREPARE. nReq=1444 senderID=2 sn=82
03:19:44.684 INF Committed entry. latency=0 nReq=1444 sn=82
03:19:44.684 INF Delivered batch. nReq=1444 sn=82
03:19:45.290 INF Handling PREPREPARE. nReq=1166 senderID=0 sn=83
03:19:45.318 INF Committed entry. latency=0 nReq=1166 sn=83
03:19:45.318 INF Delivered batch. nReq=1166 sn=83
03:19:45.352 INF Handling PREPREPARE. nReq=761 senderID=1 sn=84
03:19:45.371 INF Committed entry. latency=0 nReq=761 sn=84
03:19:45.372 INF Delivered batch. nReq=761 sn=84
03:19:45.677 INF Handling PREPREPARE. nReq=1866 senderID=2 sn=85
03:19:45.716 INF Committed entry. latency=0 nReq=1866 sn=85
03:19:45.716 INF Delivered batch. nReq=1866 sn=85
03:19:46.220 INF Handling PREPREPARE. nReq=529 senderID=0 sn=86
03:19:46.240 INF Committed entry. latency=0 nReq=529 sn=86
03:19:46.240 INF Delivered batch. nReq=529 sn=86
03:19:46.335 INF Handling PREPREPARE. nReq=0 senderID=1 sn=87
03:19:46.340 INF Committed entry. latency=0 nReq=0 sn=87
03:19:46.340 INF Delivered batch. nReq=0 sn=87
03:19:46.595 INF Handling PREPREPARE. nReq=0 senderID=2 sn=88
03:19:46.600 INF Committed entry. latency=0 nReq=0 sn=88
03:19:46.600 INF Delivered batch. nReq=0 sn=88
03:19:47.278 INF Handling PREPREPARE. nReq=764 senderID=0 sn=89
03:19:47.307 INF Committed entry. latency=0 nReq=764 sn=89
03:19:47.307 INF Delivered batch. nReq=764 sn=89
03:19:47.336 INF Handling PREPREPARE. nReq=0 senderID=1 sn=90
03:19:47.342 INF Committed entry. latency=0 nReq=0 sn=90
03:19:47.342 INF Delivered batch. nReq=0 sn=90
03:19:47.596 INF Handling PREPREPARE. nReq=0 senderID=2 sn=91
03:19:47.602 INF Committed entry. latency=0 nReq=0 sn=91
03:19:47.602 INF Delivered batch. nReq=0 sn=91
03:19:48.338 INF Handling PREPREPARE. nReq=0 senderID=1 sn=93
03:19:48.345 INF Committed entry. latency=0 nReq=0 sn=93
03:19:48.347 INF Handling PREPREPARE. nReq=2645 senderID=0 sn=92
03:19:48.420 INF Committed entry. latency=0 nReq=2645 sn=92
03:19:48.420 INF Delivered batch. nReq=2645 sn=92
03:19:48.422 INF Delivered batch. nReq=0 sn=93
03:19:48.596 INF Handling PREPREPARE. nReq=0 senderID=2 sn=94
03:19:48.601 INF Committed entry. latency=0 nReq=0 sn=94
03:19:48.601 INF Delivered batch. nReq=0 sn=94
03:19:49.291 INF Handling PREPREPARE. nReq=877 senderID=0 sn=95
03:19:49.323 INF Committed entry. latency=0 nReq=877 sn=95
03:19:49.323 INF Delivered batch. nReq=877 sn=95
03:19:49.352 INF Handling PREPREPARE. nReq=0 senderID=1 sn=96
03:19:49.352 INF Committed entry. latency=0 nReq=0 sn=96
03:19:49.352 INF Delivered batch. nReq=0 sn=96
03:19:49.598 INF Handling PREPREPARE. nReq=0 senderID=2 sn=97
03:19:49.604 INF Committed entry. latency=0 nReq=0 sn=97
03:19:49.604 INF Delivered batch. nReq=0 sn=97
03:19:50.310 INF Handling PREPREPARE. nReq=1420 senderID=0 sn=98
03:19:50.343 INF Handling PREPREPARE. nReq=0 senderID=1 sn=99
03:19:50.350 INF Committed entry. latency=0 nReq=1420 sn=98
03:19:50.350 INF Delivered batch. nReq=1420 sn=98
03:19:50.350 INF Sending segment checkpoint. lastSn=98 segID=3
03:19:50.356 INF Committed entry. latency=0 nReq=0 sn=99
03:19:50.356 INF Delivered batch. nReq=0 sn=99
03:19:50.356 INF Sending segment checkpoint. lastSn=99 segID=4
03:19:50.363 INF PBFT checkpoint ready. Scheduling catchup. lastSn=98 segID=3
03:19:50.363 INF PBFT checkpoint ready. Scheduling catchup. lastSn=99 segID=4
03:19:50.598 INF Handling PREPREPARE. nReq=0 senderID=2 sn=100
03:19:50.603 INF Committed entry. latency=0 nReq=0 sn=100
03:19:50.604 INF Delivered batch. nReq=0 sn=100
03:19:50.604 INF Sending segment checkpoint. lastSn=100 segID=5
03:19:50.612 INF PBFT checkpoint ready. Scheduling catchup. lastSn=100 segID=5
03:19:50.643 INF New stable checkpoint. sn=100
03:19:50.644 INF Closing message serializers. segID=4
03:19:50.644 INF Statistics commitTs=1753989575492541140 duration=72983928 proposeTs=1753989575419557212 sn=54
03:19:50.644 INF Statistics commitTs=1753989576408411184 duration=26249472 proposeTs=1753989576382161712 sn=57
03:19:50.644 INF Statistics commitTs=1753989577431094814 duration=26447769 proposeTs=1753989577404647045 sn=60
03:19:50.645 INF Statistics commitTs=1753989578410680959 duration=31670283 proposeTs=1753989578379010676 sn=63
03:19:50.645 INF Statistics commitTs=1753989579438771831 duration=41129281 proposeTs=1753989579397642550 sn=66
03:19:50.645 INF Statistics commitTs=1753989580428665590 duration=36406005 proposeTs=1753989580392259585 sn=69
03:19:50.645 INF Statistics commitTs=1753989581409506091 duration=25790194 proposeTs=1753989581383715897 sn=72
03:19:50.645 INF Statistics commitTs=1753989582448224623 duration=31501771 proposeTs=1753989582416722852 sn=75
03:19:50.646 INF Statistics commitTs=1753989583450656310 duration=42743106 proposeTs=1753989583407913204 sn=78
03:19:50.646 INF Statistics commitTs=1753989584391960858 duration=20309578 proposeTs=1753989584371651280 sn=81
03:19:50.646 INF Statistics commitTs=1753989585370700548 duration=18112303 proposeTs=1753989585352588245 sn=84
03:19:50.646 INF Statistics commitTs=1753989586340683218 duration=4937319 proposeTs=1753989586335745899 sn=87
03:19:50.646 INF Statistics commitTs=1753989587341933220 duration=5157487 proposeTs=1753989587336775733 sn=90
03:19:50.646 INF Statistics commitTs=1753989588345104969 duration=6536990 proposeTs=1753989588338567979 sn=93
03:19:50.647 INF Statistics commitTs=1753989589352192802 duration=120467 proposeTs=1753989589352072335 sn=96
03:19:50.647 INF Received stable checkpoint notification. sn=100
03:19:50.647 INF Statistics commitTs=1753989590356263299 duration=12404734 proposeTs=1753989590343858565 sn=99
03:19:50.647 INF Median commit time commit=26249472 segID=4
03:19:50.647 INF Closing message serializers. segID=5
03:19:50.647 INF Statistics commitTs=1753989575637489384 duration=24701096 proposeTs=1753989575612788288 sn=55
03:19:50.647 INF Statistics commitTs=1753989576621881284 duration=23147438 proposeTs=1753989576598733846 sn=58
03:19:50.648 INF Closing message serializers. segID=3
03:19:50.648 INF Statistics commitTs=1753989577652697427 duration=24286342 proposeTs=1753989577628411085 sn=61
03:19:50.648 INF Statistics commitTs=1753989578689495778 duration=34374420 proposeTs=1753989578655121358 sn=64
03:19:50.648 INF Statistics commitTs=1753989575291319585 duration=30927393 proposeTs=1753989575260392192 sn=53
03:19:50.648 INF Statistics commitTs=1753989579706972207 duration=40639447 proposeTs=1753989579666332760 sn=67
03:19:50.648 INF Statistics commitTs=1753989580671202802 duration=28782258 proposeTs=1753989580642420544 sn=70
03:19:50.648 INF Statistics commitTs=1753989576238280913 duration=16909969 proposeTs=1753989576221370944 sn=56
03:19:50.648 INF Statistics commitTs=1753989581700131554 duration=26684802 proposeTs=1753989581673446752 sn=73
03:19:50.648 INF Statistics commitTs=1753989577237444362 duration=18004533 proposeTs=1753989577219439829 sn=59
03:19:50.648 INF Statistics commitTs=1753989582736040582 duration=42169603 proposeTs=1753989582693870979 sn=76
03:19:50.649 INF Statistics commitTs=1753989583684736663 duration=33341553 proposeTs=1753989583651395110 sn=79
03:19:50.649 INF Statistics commitTs=1753989578242712600 duration=18076754 proposeTs=1753989578224635846 sn=62
03:19:50.649 INF Statistics commitTs=1753989584683132245 duration=26652277 proposeTs=1753989584656479968 sn=82
03:19:50.649 INF Statistics commitTs=1753989579252598216 duration=19049447 proposeTs=1753989579233548769 sn=65
03:19:50.649 INF Statistics commitTs=1753989585714635090 duration=37273708 proposeTs=1753989585677361382 sn=85
03:19:50.649 INF Statistics commitTs=1753989580262303151 duration=21324550 proposeTs=1753989580240978601 sn=68
03:19:50.649 INF Statistics commitTs=1753989586600806422 duration=5450004 proposeTs=1753989586595356418 sn=88
03:19:50.649 INF Statistics commitTs=1753989587602340950 duration=5899414 proposeTs=1753989587596441536 sn=91
03:19:50.649 INF Statistics commitTs=1753989581242728226 duration=16976860 proposeTs=1753989581225751366 sn=71
03:19:50.649 INF Statistics commitTs=1753989588601177466 duration=4256223 proposeTs=1753989588596921243 sn=94
03:19:50.649 INF Statistics commitTs=1753989582245005479 duration=15626110 proposeTs=1753989582229379369 sn=74
03:19:50.649 INF Statistics commitTs=1753989589604135673 duration=5883805 proposeTs=1753989589598251868 sn=97
03:19:50.650 INF Statistics commitTs=1753989590603628953 duration=4831171 proposeTs=1753989590598797782 sn=100
03:19:50.650 INF Statistics commitTs=1753989583273050971 duration=25557455 proposeTs=1753989583247493516 sn=77
03:19:50.650 INF Median commit time commit=26652277 segID=5
03:19:50.650 INF Statistics commitTs=1753989584242899725 duration=18932568 proposeTs=1753989584223967157 sn=80
03:19:50.650 INF Statistics commitTs=1753989585317735226 duration=27350656 proposeTs=1753989585290384570 sn=83
03:19:50.650 INF Statistics commitTs=1753989586239068422 duration=18182100 proposeTs=1753989586220886322 sn=86
03:19:50.651 INF Statistics commitTs=1753989587306926619 duration=28670121 proposeTs=1753989587278256498 sn=89
03:19:50.651 INF Statistics commitTs=1753989588413824383 duration=66027935 proposeTs=1753989588347796448 sn=92
03:19:50.651 INF Statistics commitTs=1753989589322280714 duration=31028097 proposeTs=1753989589291252617 sn=95
03:19:50.651 INF Statistics commitTs=1753989590348759938 duration=38725936 proposeTs=1753989590310034002 sn=98
03:19:50.652 INF Median commit time commit=21324550 segID=3
03:19:50.667 INF fuck! epoch=192 epoch time (ms)=16366 leaders=4 viewtimeout=120000
03:19:50.667 INF Epoch finished. Waiting for stable checkpoint. sn=100
03:19:50.667 INF Epoch end confirmed. chkpSn=100
03:19:50.667 INF Advancing watermarks. numEntries=48
03:19:50.927 INF PbftOrderer received a new segment: [104 108 112 116 120 124 128 132 136 140 144 148 152 156 160 164] first leader=3 firstSN=104 lastSN=164 len=16 length=16 segId=9
03:19:51.696 INF Starting new view. segID=9 timeout=120000 view=0
03:19:51.697 INF Advanced timeout advanced=21324550 initial=1000000000
03:19:51.697 INF Advanced timeout advanced=1021324550 initial=1000000000
03:19:51.697 INF Advanced timeout advanced=2021324550 initial=1000000000
03:19:51.697 INF Advanced timeout advanced=3021324550 initial=1000000000
03:19:51.697 INF Advanced timeout advanced=4021324550 initial=1000000000
03:19:51.697 INF Advanced timeout advanced=5021324550 initial=1000000000
03:19:51.697 INF Advanced timeout advanced=6021324550 initial=1000000000
03:19:51.697 INF Advanced timeout advanced=7021324550 initial=1000000000
03:19:51.697 INF Advanced timeout advanced=8021324550 initial=1000000000
03:19:51.697 INF Advanced timeout advanced=9021324550 initial=1000000000
03:19:51.697 INF Advanced timeout advanced=10021324550 initial=1000000000
03:19:51.697 INF Advanced timeout advanced=11021324550 initial=1000000000
03:19:51.698 INF Advanced timeout advanced=12021324550 initial=1000000000
03:19:51.698 INF Advanced timeout advanced=13021324550 initial=1000000000
03:19:51.698 INF Advanced timeout advanced=14021324550 initial=1000000000
03:19:51.698 INF Advanced timeout advanced=15021324550 initial=1000000000
03:19:51.698 INF Starting PBFT instance. first=104 last=164 segID=9
03:19:51.703 INF PbftOrderer received a new segment: [101 105 109 113 117 121 125 129 133 137 141 145 149 153 157 161] first leader=0 firstSN=101 lastSN=161 len=16 length=16 segId=6
03:19:51.720 INF Starting serialized message processing. segID=9
03:19:52.318 INF Starting new view. segID=6 timeout=120000 view=0
03:19:52.318 INF Advanced timeout advanced=21324550 initial=1000000000
03:19:52.318 INF Advanced timeout advanced=1021324550 initial=1000000000
03:19:52.318 INF Advanced timeout advanced=2021324550 initial=1000000000
03:19:52.318 INF Advanced timeout advanced=3021324550 initial=1000000000
03:19:52.318 INF Advanced timeout advanced=4021324550 initial=1000000000
03:19:52.318 INF Advanced timeout advanced=5021324550 initial=1000000000
03:19:52.318 INF Advanced timeout advanced=6021324550 initial=1000000000
03:19:52.318 INF Advanced timeout advanced=7021324550 initial=1000000000
03:19:52.319 INF Advanced timeout advanced=8021324550 initial=1000000000
03:19:52.319 INF Advanced timeout advanced=9021324550 initial=1000000000
03:19:52.319 INF Advanced timeout advanced=10021324550 initial=1000000000
03:19:52.319 INF Advanced timeout advanced=11021324550 initial=1000000000
03:19:52.319 INF Advanced timeout advanced=12021324550 initial=1000000000
03:19:52.319 INF Advanced timeout advanced=13021324550 initial=1000000000
03:19:52.319 INF Advanced timeout advanced=14021324550 initial=1000000000
03:19:52.319 INF Advanced timeout advanced=15021324550 initial=1000000000
03:19:52.319 INF Starting PBFT instance. first=101 last=161 segID=6
03:19:52.319 INF Starting serialized message processing. segID=6
03:19:52.319 INF PbftOrderer received a new segment: [102 106 110 114 118 122 126 130 134 138 142 146 150 154 158 162] first leader=1 firstSN=102 lastSN=162 len=16 length=16 segId=7
03:19:52.833 INF Handling PREPREPARE. nReq=471 senderID=0 sn=101
03:19:52.885 INF Starting new view. segID=7 timeout=120000 view=0
03:19:52.886 INF Advanced timeout advanced=21324550 initial=1000000000
03:19:52.886 INF Advanced timeout advanced=1021324550 initial=1000000000
03:19:52.886 INF Advanced timeout advanced=2021324550 initial=1000000000
03:19:52.886 INF Advanced timeout advanced=3021324550 initial=1000000000
03:19:52.886 INF Advanced timeout advanced=4021324550 initial=1000000000
03:19:52.891 INF Advanced timeout advanced=5021324550 initial=1000000000
03:19:52.891 INF Advanced timeout advanced=6021324550 initial=1000000000
03:19:52.892 INF Advanced timeout advanced=7021324550 initial=1000000000
03:19:52.892 INF Advanced timeout advanced=8021324550 initial=1000000000
03:19:52.892 INF Advanced timeout advanced=9021324550 initial=1000000000
03:19:52.892 INF Advanced timeout advanced=10021324550 initial=1000000000
03:19:52.892 INF Advanced timeout advanced=11021324550 initial=1000000000
03:19:52.892 INF Advanced timeout advanced=12021324550 initial=1000000000
03:19:52.892 INF Advanced timeout advanced=13021324550 initial=1000000000
03:19:52.892 INF Advanced timeout advanced=14021324550 initial=1000000000
03:19:52.892 INF Advanced timeout advanced=15021324550 initial=1000000000
03:19:52.892 INF Starting PBFT instance. first=102 last=162 segID=7
03:19:52.893 INF PbftOrderer received a new segment: [103 107 111 115 119 123 127 131 135 139 143 147 151 155 159 163] first leader=2 firstSN=103 lastSN=163 len=16 length=16 segId=8
03:19:52.912 INF Starting serialized message processing. segID=7
03:19:52.914 INF fuck1 epoch change time (ms)=2310
03:19:52.953 INF Committed entry. latency=0 nReq=471 sn=101
03:19:52.953 INF Delivered batch. nReq=471 sn=101
==================
WARNING: DATA RACE
Read at 0x000001304380 by goroutine 114366:
  github.com/hyperledger-labs/mirbft/log.publishEntries()
      /opt/gopath/src/github.com/hyperledger-labs/mirbft/log/log.go:281 +0x2c4
  github.com/hyperledger-labs/mirbft/log.CommitEntry()
      /opt/gopath/src/github.com/hyperledger-labs/mirbft/log/log.go:108 +0x284
  github.com/hyperledger-labs/mirbft/announcer.Announce()
      /opt/gopath/src/github.com/hyperledger-labs/mirbft/announcer/announcer.go:26 +0x370
  github.com/hyperledger-labs/mirbft/orderer.(*pbftInstance).announce()
      /opt/gopath/src/github.com/hyperledger-labs/mirbft/orderer/pbftinstance.go:726 +0x36b
  github.com/hyperledger-labs/mirbft/orderer.(*pbftInstance).handleCommit()
      /opt/gopath/src/github.com/hyperledger-labs/mirbft/orderer/pbftinstance.go:664 +0x7bd
  github.com/hyperledger-labs/mirbft/orderer.(*pbftInstance).handleMessage()
      /opt/gopath/src/github.com/hyperledger-labs/mirbft/orderer/pbftinstance.go:1810 +0x2e5
  github.com/hyperledger-labs/mirbft/orderer.(*pbftInstance).processSerializedMessages()
      /opt/gopath/src/github.com/hyperledger-labs/mirbft/orderer/pbftinstance.go:1764 +0xdd
  github.com/hyperledger-labs/mirbft/orderer.(*PbftOrderer).runSegment.func2()
      /opt/gopath/src/github.com/hyperledger-labs/mirbft/orderer/pbftorderer.go:199 +0x39

Previous write at 0x000001304380 by goroutine 945:
  github.com/hyperledger-labs/mirbft/manager.(*MirManager).handleLogEntries()
      /opt/gopath/src/github.com/hyperledger-labs/mirbft/manager/mirmanager.go:266 +0x17ea
  github.com/hyperledger-labs/mirbft/manager.(*MirManager).Start.func2()
      /opt/gopath/src/github.com/hyperledger-labs/mirbft/manager/mirmanager.go:112 +0x47

Goroutine 114366 (running) created at:
  github.com/hyperledger-labs/mirbft/orderer.(*PbftOrderer).runSegment()
      /opt/gopath/src/github.com/hyperledger-labs/mirbft/orderer/pbftorderer.go:199 +0x3f6
  github.com/hyperledger-labs/mirbft/orderer.(*PbftOrderer).Start()
      /opt/gopath/src/github.com/hyperledger-labs/mirbft/orderer/pbftorderer.go:176 +0x344
  main.main.func5()
      /opt/gopath/src/github.com/hyperledger-labs/mirbft/cmd/orderingpeer/main.go:186 +0x59

Goroutine 945 (running) created at:
  github.com/hyperledger-labs/mirbft/manager.(*MirManager).Start()
      /opt/gopath/src/github.com/hyperledger-labs/mirbft/manager/mirmanager.go:112 +0x191
  main.main.func4()
      /opt/gopath/src/github.com/hyperledger-labs/mirbft/cmd/orderingpeer/main.go:185 +0x59
==================
03:19:53.489 INF Starting new view. segID=8 timeout=120000 view=0
03:19:53.490 INF Advanced timeout advanced=21324550 initial=1000000000
03:19:53.490 INF Advanced timeout advanced=1021324550 initial=1000000000
03:19:53.490 INF Advanced timeout advanced=2021324550 initial=1000000000
03:19:53.490 INF Advanced timeout advanced=3021324550 initial=1000000000
03:19:53.490 INF Advanced timeout advanced=4021324550 initial=1000000000
03:19:53.490 INF Advanced timeout advanced=5021324550 initial=1000000000
03:19:53.490 INF Advanced timeout advanced=6021324550 initial=1000000000
03:19:53.490 INF Advanced timeout advanced=7021324550 initial=1000000000
03:19:53.490 INF Advanced timeout advanced=8021324550 initial=1000000000
03:19:53.490 INF Advanced timeout advanced=9021324550 initial=1000000000
03:19:53.490 INF Advanced timeout advanced=10021324550 initial=1000000000
03:19:53.490 INF Advanced timeout advanced=11021324550 initial=1000000000
03:19:53.490 INF Advanced timeout advanced=12021324550 initial=1000000000
03:19:53.490 INF Advanced timeout advanced=13021324550 initial=1000000000
03:19:53.490 INF Advanced timeout advanced=14021324550 initial=1000000000
03:19:53.490 INF Advanced timeout advanced=15021324550 initial=1000000000
03:19:53.491 INF Starting PBFT instance. first=103 last=163 segID=8
03:19:53.491 INF Starting serialized message processing. segID=8
03:19:53.491 INF Handling PREPREPARE. nReq=1293 senderID=2 sn=103
03:19:53.572 INF Committed entry. latency=0 nReq=1293 sn=103
03:19:53.687 INF Handling PREPREPARE. nReq=0 senderID=2 sn=107
03:19:53.689 INF Committed entry. latency=0 nReq=0 sn=107
03:19:53.721 INF Handling PREPREPARE. nReq=2190 senderID=1 sn=102
03:19:53.795 INF Committed entry. latency=0 nReq=2190 sn=102
03:19:53.795 INF Delivered batch. nReq=2190 sn=102
03:19:53.796 INF Delivered batch. nReq=1293 sn=103
03:19:53.808 INF Handling PREPREPARE. nReq=247 senderID=0 sn=105
03:19:53.835 INF Committed entry. latency=0 nReq=247 sn=105
03:19:54.591 INF Handling PREPREPARE. nReq=0 senderID=1 sn=106
03:19:54.597 INF Committed entry. latency=0 nReq=0 sn=106
03:19:54.670 INF Handling PREPREPARE. nReq=0 senderID=3 sn=104
03:19:54.677 INF Committed entry. latency=0 nReq=0 sn=104
03:19:54.677 INF Delivered batch. nReq=0 sn=104
03:19:54.677 INF Delivered batch. nReq=247 sn=105
03:19:54.677 INF Delivered batch. nReq=0 sn=106
03:19:54.677 INF Delivered batch. nReq=0 sn=107
03:19:54.683 INF Handling PREPREPARE. nReq=0 senderID=2 sn=111
03:19:54.687 INF Committed entry. latency=0 nReq=0 sn=111
03:19:54.788 INF Handling PREPREPARE. nReq=95 senderID=0 sn=109
03:19:54.799 INF Committed entry. latency=0 nReq=95 sn=109
03:19:55.592 INF Handling PREPREPARE. nReq=0 senderID=1 sn=110
03:19:55.597 INF Committed entry. latency=0 nReq=0 sn=110
03:19:55.672 INF Handling PREPREPARE. nReq=0 senderID=3 sn=108
03:19:55.681 INF Committed entry. latency=0 nReq=0 sn=108
03:19:55.681 INF Delivered batch. nReq=0 sn=108
03:19:55.682 INF Delivered batch. nReq=95 sn=109
03:19:55.682 INF Delivered batch. nReq=0 sn=110
03:19:55.682 INF Delivered batch. nReq=0 sn=111
03:19:55.690 INF Handling PREPREPARE. nReq=0 senderID=2 sn=115
03:19:55.697 INF Committed entry. latency=0 nReq=0 sn=115
03:19:55.814 INF Handling PREPREPARE. nReq=479 senderID=0 sn=113
03:19:55.839 INF Committed entry. latency=0 nReq=479 sn=113
03:19:56.593 INF Handling PREPREPARE. nReq=0 senderID=1 sn=114
03:19:56.598 INF Committed entry. latency=0 nReq=0 sn=114
03:19:56.673 INF Handling PREPREPARE. nReq=0 senderID=3 sn=112
03:19:56.680 INF Committed entry. latency=0 nReq=0 sn=112
03:19:56.680 INF Delivered batch. nReq=0 sn=112
03:19:56.681 INF Delivered batch. nReq=479 sn=113
03:19:56.681 INF Delivered batch. nReq=0 sn=114
03:19:56.681 INF Delivered batch. nReq=0 sn=115
03:19:56.713 INF Handling PREPREPARE. nReq=0 senderID=2 sn=119
03:19:56.717 INF Committed entry. latency=0 nReq=0 sn=119
03:19:56.785 INF Handling PREPREPARE. nReq=0 senderID=0 sn=117
03:19:56.790 INF Committed entry. latency=0 nReq=0 sn=117
03:19:57.594 INF Handling PREPREPARE. nReq=0 senderID=1 sn=118
03:19:57.601 INF Committed entry. latency=0 nReq=0 sn=118
03:19:57.673 INF Handling PREPREPARE. nReq=0 senderID=3 sn=116
03:19:57.679 INF Committed entry. latency=0 nReq=0 sn=116
03:19:57.680 INF Delivered batch. nReq=0 sn=116
03:19:57.680 INF Delivered batch. nReq=0 sn=117
03:19:57.680 INF Delivered batch. nReq=0 sn=118
03:19:57.680 INF Delivered batch. nReq=0 sn=119
03:19:57.706 INF Handling PREPREPARE. nReq=0 senderID=2 sn=123
03:19:57.711 INF Committed entry. latency=0 nReq=0 sn=123
03:19:57.787 INF Handling PREPREPARE. nReq=0 senderID=0 sn=121
03:19:57.792 INF Committed entry. latency=0 nReq=0 sn=121
03:19:57.858 INF Connection terminated. error="rpc error: code = Canceled desc = context canceled" address=127.0.0.1:58432
03:19:57.863 INF Finished sending bucket assignments to client. clId=0
03:19:58.385 INF Stopping profiler.
03:19:58.385 INF Stopping Tracer. events=1071 fileName=experiment-output/0000/slave-001/peer.trc
==================
WARNING: DATA RACE
Read at 0x00c000a2a730 by goroutine 109:
  github.com/hyperledger-labs/mirbft/tracing.(*BufferedTrace).Stop()
      /opt/gopath/src/github.com/hyperledger-labs/mirbft/tracing/bufferedtrace.go:237 +0x30e
  github.com/hyperledger-labs/mirbft/tracing.(*BufferedTrace).StopOnSignal.func1()
      /opt/gopath/src/github.com/hyperledger-labs/mirbft/tracing/bufferedtrace.go:298 +0x4e

Previous write at 0x00c000a2a730 by goroutine 108:
  github.com/hyperledger-labs/mirbft/tracing.(*BufferedTrace).Event()
      /opt/gopath/src/github.com/hyperledger-labs/mirbft/tracing/bufferedtrace.go:105 +0x2cd
  github.com/hyperledger-labs/mirbft/profiling.StartCPUTracing.func1()
      /opt/gopath/src/github.com/hyperledger-labs/mirbft/profiling/cpuusage.go:33 +0x95

Goroutine 109 (running) created at:
  github.com/hyperledger-labs/mirbft/tracing.(*BufferedTrace).StopOnSignal()
      /opt/gopath/src/github.com/hyperledger-labs/mirbft/tracing/bufferedtrace.go:292 +0x178
  main.setUpTracing()
      /opt/gopath/src/github.com/hyperledger-labs/mirbft/cmd/orderingpeer/main.go:408 +0xf5
  main.main()
      /opt/gopath/src/github.com/hyperledger-labs/mirbft/cmd/orderingpeer/main.go:110 +0x9e4
  runtime.deferreturn()
      /home/ubuntu/go/src/runtime/panic.go:476 +0x32
  main.main()
      /opt/gopath/src/github.com/hyperledger-labs/mirbft/cmd/orderingpeer/main.go:78 +0x56c

Goroutine 108 (running) created at:
  github.com/hyperledger-labs/mirbft/profiling.StartCPUTracing()
      /opt/gopath/src/github.com/hyperledger-labs/mirbft/profiling/cpuusage.go:30 +0xb9
  main.setUpTracing()
      /opt/gopath/src/github.com/hyperledger-labs/mirbft/cmd/orderingpeer/main.go:400 +0x85
  main.main()
      /opt/gopath/src/github.com/hyperledger-labs/mirbft/cmd/orderingpeer/main.go:110 +0x9e4
  runtime.deferreturn()
      /home/ubuntu/go/src/runtime/panic.go:476 +0x32
  main.main()
      /opt/gopath/src/github.com/hyperledger-labs/mirbft/cmd/orderingpeer/main.go:78 +0x56c
==================
03:19:58.390 INF Trace data written.
03:19:58.428 INF Profile data written. filename=experiment-output/0000/slave-001/prof.cpu name=cpu
03:19:58.465 INF Profile data written. filename=experiment-output/0000/slave-001/prof.block name=block
03:19:58.471 INF Profile data written. filename=experiment-output/0000/slave-001/prof.mutex name=mutex
