{"level":"debug","Logging":"info","time":"2025-08-01T03:17:04+08:00","message":"Config"}
{"level":"debug","UseTLS":false,"time":"2025-08-01T03:17:04+08:00","message":"Config"}
{"level":"debug","CACertFile":"tls-data/ca.pem","time":"2025-08-01T03:17:04+08:00","message":"Config"}
{"level":"debug","KeyFile":"tls-data/auth.key","time":"2025-08-01T03:17:04+08:00","message":"Config"}
{"level":"debug","CertFile":"tls-data/auth.pem","time":"2025-08-01T03:17:04+08:00","message":"Config"}
{"level":"debug","PriorityConnections":2,"time":"2025-08-01T03:17:04+08:00","message":"Config"}
{"level":"debug","BasicConnections":2,"time":"2025-08-01T03:17:04+08:00","message":"Config"}
{"level":"debug","TestConnections":false,"time":"2025-08-01T03:17:04+08:00","message":"Config"}
{"level":"debug","ExcessConnections":1,"time":"2025-08-01T03:17:04+08:00","message":"Config"}
{"level":"debug","ConnectionTestMsgs":4,"time":"2025-08-01T03:17:04+08:00","message":"Config"}
{"level":"debug","ConnectionTestPayload":131072,"time":"2025-08-01T03:17:04+08:00","message":"Config"}
{"level":"debug","OutMessageBufsize":1024,"time":"2025-08-01T03:17:04+08:00","message":"Config"}
{"level":"debug","OutMessageBufsize":3,"time":"2025-08-01T03:17:04+08:00","message":"Config"}
{"level":"debug","ThroughputCap":131072000,"time":"2025-08-01T03:17:04+08:00","message":"Config"}
{"level":"debug","StragglerTolerance":1000,"time":"2025-08-01T03:17:04+08:00","message":"Config"}
{"level":"debug","BatchSizeIncrement":256,"time":"2025-08-01T03:17:04+08:00","message":"Config"}
{"level":"debug","Orderer":"Pbft","time":"2025-08-01T03:17:04+08:00","message":"Config"}
{"level":"debug","Manager":"Mir","time":"2025-08-01T03:17:04+08:00","message":"Config"}
{"level":"debug","Failures":0,"time":"2025-08-01T03:17:04+08:00","message":"Config"}
{"level":"debug","CrashTiming":"EpochStart","time":"2025-08-01T03:17:04+08:00","message":"Config"}
{"level":"debug","CheckpointInterval":256,"time":"2025-08-01T03:17:04+08:00","message":"Config"}
{"level":"debug","WatermarkWindowSize":256,"time":"2025-08-01T03:17:04+08:00","message":"Config"}
{"level":"debug","EpochLength":256,"time":"2025-08-01T03:17:04+08:00","message":"Config"}
{"level":"debug","SegmentLength":21,"time":"2025-08-01T03:17:04+08:00","message":"Config"}
{"level":"debug","WaitForCheckpoints":true,"time":"2025-08-01T03:17:04+08:00","message":"Config"}
{"level":"debug","ClientWatermarkWindowSize":4194304,"time":"2025-08-01T03:17:04+08:00","message":"Config"}
{"level":"debug","ClientRequestBacklogSize":4194304,"time":"2025-08-01T03:17:04+08:00","message":"Config"}
{"level":"debug","RandomSeed":7086,"time":"2025-08-01T03:17:04+08:00","message":"Config"}
{"level":"debug","NodeToLeaderRatio":1,"time":"2025-08-01T03:17:04+08:00","message":"Config"}
{"level":"debug","LeaderPolicy":"Simple","time":"2025-08-01T03:17:04+08:00","message":"Config"}
{"level":"debug","DefaultLeaderBan":2,"time":"2025-08-01T03:17:04+08:00","message":"Config"}
{"level":"debug","NumBuckets":192,"time":"2025-08-01T03:17:04+08:00","message":"Config"}
{"level":"debug","BatchSize":4096,"time":"2025-08-01T03:17:04+08:00","message":"Config"}
{"level":"debug","BatchTimeoutMs":1000,"time":"2025-08-01T03:17:04+08:00","message":"Config"}
{"level":"debug","DisabledViewChange":false,"time":"2025-08-01T03:17:04+08:00","message":"Config"}
{"level":"debug","ViewChangeTimeout":60000,"time":"2025-08-01T03:17:04+08:00","message":"Config"}
{"level":"debug","ClientTraceSampling":10,"time":"2025-08-01T03:17:04+08:00","message":"Config"}
{"level":"debug","EventBufferSize":2097152,"time":"2025-08-01T03:17:04+08:00","message":"Config"}
{"level":"debug","TraceSampling":1,"time":"2025-08-01T03:17:04+08:00","message":"Config"}
{"level":"debug","ClientsPerProcess":1,"time":"2025-08-01T03:17:04+08:00","message":"Config"}
{"level":"debug","RequestsPerClient":7200000,"time":"2025-08-01T03:17:04+08:00","message":"Config"}
{"level":"debug","ClientRunTime":60000,"time":"2025-08-01T03:17:04+08:00","message":"Config"}
{"level":"debug","RequestRate":60000,"time":"2025-08-01T03:17:04+08:00","message":"Config"}
{"level":"debug","HardRequestRateLimit":false,"time":"2025-08-01T03:17:04+08:00","message":"Config"}
{"level":"debug","RequestPayloadSize":500,"time":"2025-08-01T03:17:04+08:00","message":"Config"}
{"level":"debug","SignRequests":true,"time":"2025-08-01T03:17:04+08:00","message":"Config"}
{"level":"debug","ClientPrivKeyFile":"tls-data/client-ecdsa-256.key","time":"2025-08-01T03:17:04+08:00","message":"Config"}
{"level":"debug","ClientPubKeyFile":"tls-data/client-ecdsa-256.pem","time":"2025-08-01T03:17:04+08:00","message":"Config"}
{"level":"debug","PrecomputeRequests":false,"time":"2025-08-01T03:17:04+08:00","message":"Config"}
{"level":"debug","RequestHandlerThreads":32,"time":"2025-08-01T03:17:04+08:00","message":"Config"}
{"level":"debug","RequestInputChannelBuffer":8192,"time":"2025-08-01T03:17:04+08:00","message":"Config"}
{"level":"debug","BatchVerifier":"external","time":"2025-08-01T03:17:04+08:00","message":"Config"}
03:17:04.608 INF Registered with discovery server. numPeers=12 ownID=0
03:17:04.609 INF Profiling enabled.
03:17:04.609 INF Setting up profiling.
03:17:04.609 INF Started Profiler: CPU
03:17:04.609 INF Started Profiler: BLOCK
03:17:04.609 INF Started Profiler: MUTEX
03:17:04.609 INF Profiler will stop on signal. exit=true
03:17:04.611 INF Tracing will stop on signal. exit=false
03:17:04.611 INF Started tracing. traceFile=experiment-output/0000/slave-012/peer.trc
03:17:04.612 INF Listening for connections. port=10000 useTLS=false
03:17:04.612 INF Connecting to peer. addr=127.0.0.1:10099 basicConns=2 priorityConns=2
03:17:04.612 INF Connecting to peer. addr=127.0.0.1:10011 basicConns=2 priorityConns=2
03:17:04.612 INF Connecting to peer. addr=127.0.0.1:10000 basicConns=2 priorityConns=2
03:17:04.612 INF Connecting to peer. addr=127.0.0.1:10066 basicConns=2 priorityConns=2
03:17:04.612 INF Connecting to peer. addr=127.0.0.1:10088 basicConns=2 priorityConns=2
03:17:04.613 INF Connecting to peer. addr=127.0.0.1:10055 basicConns=2 priorityConns=2
03:17:04.613 INF Connecting to peer. addr=127.0.0.1:10110 basicConns=2 priorityConns=2
03:17:04.613 INF Connecting to peer. addr=127.0.0.1:10022 basicConns=2 priorityConns=2
03:17:04.613 INF Connecting to peer. addr=127.0.0.1:10121 basicConns=2 priorityConns=2
03:17:04.613 INF Connecting to peer. addr=127.0.0.1:10044 basicConns=2 priorityConns=2
03:17:04.614 INF Connecting to peer. addr=127.0.0.1:10077 basicConns=2 priorityConns=2
03:17:04.632 INF Connecting to peer. addr=127.0.0.1:10033 basicConns=2 priorityConns=2
03:17:04.632 INF Incoming connection for protocol messages. addr=127.0.0.1:35894
03:17:04.634 INF Incoming connection for protocol messages. addr=127.0.0.1:35856
03:17:04.635 INF Incoming connection for protocol messages. addr=127.0.0.1:35870
03:17:04.646 INF Incoming connection for protocol messages. addr=127.0.0.1:35904
03:17:04.663 INF Incoming connection for protocol messages. addr=127.0.0.1:35862
03:17:04.663 INF Incoming connection for protocol messages. addr=127.0.0.1:35936
03:17:04.663 INF Incoming connection for protocol messages. addr=127.0.0.1:35908
03:17:04.664 INF Incoming connection for protocol messages. addr=127.0.0.1:35974
03:17:04.667 INF Incoming connection for protocol messages. addr=127.0.0.1:36038
03:17:04.667 INF Incoming connection for protocol messages. addr=127.0.0.1:36082
03:17:04.667 INF Incoming connection for protocol messages. addr=127.0.0.1:35938
03:17:04.667 INF Incoming connection for protocol messages. addr=127.0.0.1:35914
03:17:04.670 INF Incoming connection for protocol messages. addr=127.0.0.1:35952
03:17:04.670 INF Incoming connection for protocol messages. addr=127.0.0.1:36052
03:17:04.670 INF Incoming connection for protocol messages. addr=127.0.0.1:36118
03:17:04.672 INF Incoming connection for protocol messages. addr=127.0.0.1:35928
03:17:04.677 INF Incoming connection for protocol messages. addr=127.0.0.1:35982
03:17:04.678 INF Incoming connection for protocol messages. addr=127.0.0.1:35966
03:17:04.678 INF Incoming connection for protocol messages. addr=127.0.0.1:35950
03:17:04.678 INF Incoming connection for protocol messages. addr=127.0.0.1:35860
03:17:04.678 INF Incoming connection for protocol messages. addr=127.0.0.1:36124
03:17:04.679 INF Incoming connection for protocol messages. addr=127.0.0.1:36134
03:17:04.681 INF Incoming connection for protocol messages. addr=127.0.0.1:36014
03:17:04.683 INF Incoming connection for protocol messages. addr=127.0.0.1:35884
03:17:04.684 INF Incoming connection for protocol messages. addr=127.0.0.1:36030
03:17:04.684 INF Incoming connection for protocol messages. addr=127.0.0.1:35962
03:17:04.686 INF Incoming connection for protocol messages. addr=127.0.0.1:36178
03:17:04.687 INF Incoming connection for protocol messages. addr=127.0.0.1:36172
03:17:04.688 INF Incoming connection for protocol messages. addr=127.0.0.1:36040
03:17:04.689 INF Incoming connection for protocol messages. addr=127.0.0.1:36008
03:17:04.690 INF Incoming connection for protocol messages. addr=127.0.0.1:36190
03:17:04.690 INF Incoming connection for protocol messages. addr=127.0.0.1:36204
03:17:04.692 INF Incoming connection for protocol messages. addr=127.0.0.1:36218
03:17:04.692 INF Incoming connection for protocol messages. addr=127.0.0.1:36158
03:17:04.692 INF Incoming connection for protocol messages. addr=127.0.0.1:35994
03:17:04.692 INF Incoming connection for protocol messages. addr=127.0.0.1:36150
03:17:04.695 INF Connected to all peers.
03:17:04.697 INF Incoming connection for protocol messages. addr=127.0.0.1:36102
03:17:04.698 INF Incoming connection for protocol messages. addr=127.0.0.1:36098
03:17:04.699 INF Incoming connection for protocol messages. addr=127.0.0.1:36232
03:17:04.700 INF Incoming connection for protocol messages. addr=127.0.0.1:36262
03:17:04.704 INF Incoming connection for protocol messages. addr=127.0.0.1:36066
03:17:04.704 INF Incoming connection for protocol messages. addr=127.0.0.1:36194
03:17:04.704 INF Incoming connection for protocol messages. addr=127.0.0.1:36246
03:17:04.704 INF Incoming connection for protocol messages. addr=127.0.0.1:36268
03:17:04.705 INF Incoming connection for protocol messages. addr=127.0.0.1:36288
03:17:04.705 INF Incoming connection for protocol messages. addr=127.0.0.1:36280
03:17:04.706 INF Incoming connection for protocol messages. addr=127.0.0.1:36300
03:17:04.706 INF Incoming connection for protocol messages. addr=127.0.0.1:36292
03:17:04.709 INF All peers finished connecting. Starting ISS.
03:17:04.710 INF PbftOrderer received a new segment: [0 1 2 3 4 5 6 7 8 9 10 11 12 13 14 15 16 17 18 19 20] first leader=0 firstSN=0 lastSN=20 len=21 length=21 segId=0
03:17:04.756 INF Starting new view. segID=0 timeout=60000 view=0
03:17:04.757 INF Starting PBFT instance. first=0 last=20 segID=0
03:17:04.757 INF Starting serialized message processing. segID=0
03:17:05.757 INF Sending PREPREPARE. nReq=0 senderID=0 sn=0 view=0
03:17:05.766 INF Committed entry. latency=0 nReq=0 sn=0
03:17:05.767 INF Delivered batch. nReq=0 sn=0
03:17:06.759 INF Sending PREPREPARE. nReq=0 senderID=0 sn=1 view=0
03:17:06.770 INF Committed entry. latency=0 nReq=0 sn=1
03:17:06.770 INF Delivered batch. nReq=0 sn=1
03:17:06.782 INF Incoming connection for requests. addr=127.0.0.1:38946
03:17:07.220 INF Sending PREPREPARE. nReq=4096 senderID=0 sn=2 view=0
03:17:07.403 INF Committed entry. latency=0 nReq=4096 sn=2
03:17:07.403 INF Delivered batch. nReq=4096 sn=2
03:17:08.226 INF Sending PREPREPARE. nReq=2472 senderID=0 sn=3 view=0
03:17:08.386 INF Committed entry. latency=0 nReq=2472 sn=3
03:17:08.386 INF Delivered batch. nReq=2472 sn=3
03:17:09.215 INF Sending PREPREPARE. nReq=802 senderID=0 sn=4 view=0
03:17:09.259 INF Committed entry. latency=0 nReq=802 sn=4
03:17:09.260 INF Delivered batch. nReq=802 sn=4
03:17:09.811 INF Sending PREPREPARE. nReq=4096 senderID=0 sn=5 view=0
03:17:09.982 INF Committed entry. latency=0 nReq=4096 sn=5
03:17:09.982 INF Delivered batch. nReq=4096 sn=5
03:17:10.817 INF Sending PREPREPARE. nReq=2550 senderID=0 sn=6 view=0
03:17:10.930 INF Committed entry. latency=0 nReq=2550 sn=6
03:17:10.930 INF Delivered batch. nReq=2550 sn=6
03:17:11.813 INF Sending PREPREPARE. nReq=945 senderID=0 sn=7 view=0
03:17:11.898 INF Committed entry. latency=0 nReq=945 sn=7
03:17:11.898 INF Delivered batch. nReq=945 sn=7
03:17:12.774 INF Sending PREPREPARE. nReq=4096 senderID=0 sn=8 view=0
03:17:12.970 INF Committed entry. latency=0 nReq=4096 sn=8
03:17:12.970 INF Delivered batch. nReq=4096 sn=8
03:17:13.781 INF Sending PREPREPARE. nReq=2794 senderID=0 sn=9 view=0
03:17:13.942 INF Committed entry. latency=0 nReq=2794 sn=9
03:17:13.942 INF Delivered batch. nReq=2794 sn=9
03:17:14.776 INF Sending PREPREPARE. nReq=987 senderID=0 sn=10 view=0
03:17:14.822 INF Committed entry. latency=0 nReq=987 sn=10
03:17:14.822 INF Delivered batch. nReq=987 sn=10
03:17:15.349 INF Sending PREPREPARE. nReq=4096 senderID=0 sn=11 view=0
03:17:15.522 INF Committed entry. latency=0 nReq=4096 sn=11
03:17:15.522 INF Delivered batch. nReq=4096 sn=11
03:17:16.359 INF Sending PREPREPARE. nReq=2951 senderID=0 sn=12 view=0
03:17:16.489 INF Committed entry. latency=0 nReq=2951 sn=12
03:17:16.490 INF Delivered batch. nReq=2951 sn=12
03:17:17.354 INF Sending PREPREPARE. nReq=850 senderID=0 sn=13 view=0
03:17:17.434 INF Committed entry. latency=0 nReq=850 sn=13
03:17:17.434 INF Delivered batch. nReq=850 sn=13
03:17:18.297 INF Sending PREPREPARE. nReq=4096 senderID=0 sn=14 view=0
03:17:18.479 INF Committed entry. latency=0 nReq=4096 sn=14
03:17:18.479 INF Delivered batch. nReq=4096 sn=14
03:17:19.309 INF Sending PREPREPARE. nReq=2803 senderID=0 sn=15 view=0
03:17:19.439 INF Committed entry. latency=0 nReq=2803 sn=15
03:17:19.439 INF Delivered batch. nReq=2803 sn=15
03:17:20.302 INF Sending PREPREPARE. nReq=778 senderID=0 sn=16 view=0
03:17:20.380 INF Committed entry. latency=0 nReq=778 sn=16
03:17:20.380 INF Delivered batch. nReq=778 sn=16
03:17:21.248 INF Sending PREPREPARE. nReq=4096 senderID=0 sn=17 view=0
03:17:21.473 INF Committed entry. latency=0 nReq=4096 sn=17
03:17:21.473 INF Delivered batch. nReq=4096 sn=17
03:17:24.906 INF Sending PREPREPARE. nReq=4096 senderID=0 sn=18 view=0
03:17:25.086 INF Committed entry. latency=0 nReq=4096 sn=18
03:17:25.086 INF Delivered batch. nReq=4096 sn=18
03:17:25.922 INF Sending PREPREPARE. nReq=3967 senderID=0 sn=19 view=0
03:17:26.142 INF Committed entry. latency=0 nReq=3967 sn=19
03:17:26.142 INF Delivered batch. nReq=3967 sn=19
03:17:26.912 INF Sending PREPREPARE. nReq=845 senderID=0 sn=20 view=0
03:17:26.995 INF Committed entry. latency=0 nReq=845 sn=20
03:17:26.995 INF Delivered batch. nReq=845 sn=20
==================
WARNING: DATA RACE
Read at 0x000001304380 by goroutine 949:
  github.com/hyperledger-labs/mirbft/manager.(*MirManager).handleLogEntries()
      /opt/gopath/src/github.com/hyperledger-labs/mirbft/manager/mirmanager.go:171 +0x854
  github.com/hyperledger-labs/mirbft/manager.(*MirManager).Start.func2()
      /opt/gopath/src/github.com/hyperledger-labs/mirbft/manager/mirmanager.go:112 +0x47

Previous write at 0x000001304380 by goroutine 957:
  github.com/hyperledger-labs/mirbft/log.publishEntries()
      /opt/gopath/src/github.com/hyperledger-labs/mirbft/log/log.go:281 +0x2e4
  github.com/hyperledger-labs/mirbft/log.CommitEntry()
      /opt/gopath/src/github.com/hyperledger-labs/mirbft/log/log.go:108 +0x284
  github.com/hyperledger-labs/mirbft/announcer.Announce()
      /opt/gopath/src/github.com/hyperledger-labs/mirbft/announcer/announcer.go:26 +0x370
  github.com/hyperledger-labs/mirbft/orderer.(*pbftInstance).announce()
      /opt/gopath/src/github.com/hyperledger-labs/mirbft/orderer/pbftinstance.go:726 +0x36b
  github.com/hyperledger-labs/mirbft/orderer.(*pbftInstance).handleCommit()
      /opt/gopath/src/github.com/hyperledger-labs/mirbft/orderer/pbftinstance.go:664 +0x7bd
  github.com/hyperledger-labs/mirbft/orderer.(*pbftInstance).handleMessage()
      /opt/gopath/src/github.com/hyperledger-labs/mirbft/orderer/pbftinstance.go:1810 +0x2e5
  github.com/hyperledger-labs/mirbft/orderer.(*pbftInstance).processSerializedMessages()
      /opt/gopath/src/github.com/hyperledger-labs/mirbft/orderer/pbftinstance.go:1764 +0xdd
  github.com/hyperledger-labs/mirbft/orderer.(*PbftOrderer).runSegment.func2()
      /opt/gopath/src/github.com/hyperledger-labs/mirbft/orderer/pbftorderer.go:199 +0x39

Goroutine 949 (running) created at:
  github.com/hyperledger-labs/mirbft/manager.(*MirManager).Start()
      /opt/gopath/src/github.com/hyperledger-labs/mirbft/manager/mirmanager.go:112 +0x191
  main.main.func4()
      /opt/gopath/src/github.com/hyperledger-labs/mirbft/cmd/orderingpeer/main.go:185 +0x59

Goroutine 957 (running) created at:
  github.com/hyperledger-labs/mirbft/orderer.(*PbftOrderer).runSegment()
      /opt/gopath/src/github.com/hyperledger-labs/mirbft/orderer/pbftorderer.go:199 +0x3f6
  github.com/hyperledger-labs/mirbft/orderer.(*PbftOrderer).Start()
      /opt/gopath/src/github.com/hyperledger-labs/mirbft/orderer/pbftorderer.go:176 +0x344
  main.main.func5()
      /opt/gopath/src/github.com/hyperledger-labs/mirbft/cmd/orderingpeer/main.go:186 +0x59
==================
==================
WARNING: DATA RACE
Read at 0x000001304390 by goroutine 949:
  github.com/hyperledger-labs/mirbft/manager.(*MirManager).handleLogEntries()
      /opt/gopath/src/github.com/hyperledger-labs/mirbft/manager/mirmanager.go:172 +0x8e4
  github.com/hyperledger-labs/mirbft/manager.(*MirManager).Start.func2()
      /opt/gopath/src/github.com/hyperledger-labs/mirbft/manager/mirmanager.go:112 +0x47

Previous write at 0x000001304390 by goroutine 957:
  github.com/hyperledger-labs/mirbft/log.publishEntries()
      /opt/gopath/src/github.com/hyperledger-labs/mirbft/log/log.go:286 +0x6e4
  github.com/hyperledger-labs/mirbft/log.CommitEntry()
      /opt/gopath/src/github.com/hyperledger-labs/mirbft/log/log.go:108 +0x284
  github.com/hyperledger-labs/mirbft/announcer.Announce()
      /opt/gopath/src/github.com/hyperledger-labs/mirbft/announcer/announcer.go:26 +0x370
  github.com/hyperledger-labs/mirbft/orderer.(*pbftInstance).announce()
      /opt/gopath/src/github.com/hyperledger-labs/mirbft/orderer/pbftinstance.go:726 +0x36b
  github.com/hyperledger-labs/mirbft/orderer.(*pbftInstance).handleCommit()
      /opt/gopath/src/github.com/hyperledger-labs/mirbft/orderer/pbftinstance.go:664 +0x7bd
  github.com/hyperledger-labs/mirbft/orderer.(*pbftInstance).handleMessage()
      /opt/gopath/src/github.com/hyperledger-labs/mirbft/orderer/pbftinstance.go:1810 +0x2e5
  github.com/hyperledger-labs/mirbft/orderer.(*pbftInstance).processSerializedMessages()
      /opt/gopath/src/github.com/hyperledger-labs/mirbft/orderer/pbftinstance.go:1764 +0xdd
  github.com/hyperledger-labs/mirbft/orderer.(*PbftOrderer).runSegment.func2()
      /opt/gopath/src/github.com/hyperledger-labs/mirbft/orderer/pbftorderer.go:199 +0x39

Goroutine 949 (running) created at:
  github.com/hyperledger-labs/mirbft/manager.(*MirManager).Start()
      /opt/gopath/src/github.com/hyperledger-labs/mirbft/manager/mirmanager.go:112 +0x191
  main.main.func4()
      /opt/gopath/src/github.com/hyperledger-labs/mirbft/cmd/orderingpeer/main.go:185 +0x59

Goroutine 957 (running) created at:
  github.com/hyperledger-labs/mirbft/orderer.(*PbftOrderer).runSegment()
      /opt/gopath/src/github.com/hyperledger-labs/mirbft/orderer/pbftorderer.go:199 +0x3f6
  github.com/hyperledger-labs/mirbft/orderer.(*PbftOrderer).Start()
      /opt/gopath/src/github.com/hyperledger-labs/mirbft/orderer/pbftorderer.go:176 +0x344
  main.main.func5()
      /opt/gopath/src/github.com/hyperledger-labs/mirbft/cmd/orderingpeer/main.go:186 +0x59
==================
03:17:26.998 INF Sending segment checkpoint. lastSn=20 segID=0
==================
WARNING: DATA RACE
Read at 0x000001304398 by goroutine 949:
  github.com/hyperledger-labs/mirbft/manager.(*MirManager).handleLogEntries()
      /opt/gopath/src/github.com/hyperledger-labs/mirbft/manager/mirmanager.go:173 +0x984
  github.com/hyperledger-labs/mirbft/manager.(*MirManager).Start.func2()
      /opt/gopath/src/github.com/hyperledger-labs/mirbft/manager/mirmanager.go:112 +0x47

Previous write at 0x000001304398 by goroutine 972:
  github.com/hyperledger-labs/mirbft/request.HandleRequest()
      /opt/gopath/src/github.com/hyperledger-labs/mirbft/request/requesthandler.go:49 +0x1d3
  github.com/hyperledger-labs/mirbft/messenger.(*messengerServer).Request()
      /opt/gopath/src/github.com/hyperledger-labs/mirbft/messenger/clients.go:77 +0x19d
  github.com/hyperledger-labs/mirbft/protobufs._Messenger_Request_Handler()
      /opt/gopath/src/github.com/hyperledger-labs/mirbft/protobufs/messenger.pb.go:1158 +0xc2
  google.golang.org/grpc.(*Server).processStreamingRPC()
      /opt/gopath/src/google.golang.org/grpc/server.go:1673 +0x1e87
  google.golang.org/grpc.(*Server).handleStream()
      /opt/gopath/src/google.golang.org/grpc/server.go:1794 +0x19c6
  google.golang.org/grpc.(*Server).serveStreams.func2.1()
      /opt/gopath/src/google.golang.org/grpc/server.go:1029 +0x125

Goroutine 949 (running) created at:
  github.com/hyperledger-labs/mirbft/manager.(*MirManager).Start()
      /opt/gopath/src/github.com/hyperledger-labs/mirbft/manager/mirmanager.go:112 +0x191
  main.main.func4()
      /opt/gopath/src/github.com/hyperledger-labs/mirbft/cmd/orderingpeer/main.go:185 +0x59

Goroutine 972 (running) created at:
  google.golang.org/grpc.(*Server).serveStreams.func2()
      /opt/gopath/src/google.golang.org/grpc/server.go:1040 +0x224
  google.golang.org/grpc/internal/transport.(*http2Server).operateHeaders()
      /opt/gopath/src/google.golang.org/grpc/internal/transport/http2_server.go:631 +0x389e
  google.golang.org/grpc/internal/transport.(*http2Server).HandleStreams()
      /opt/gopath/src/google.golang.org/grpc/internal/transport/http2_server.go:672 +0x258
  google.golang.org/grpc.(*Server).serveStreams()
      /opt/gopath/src/google.golang.org/grpc/server.go:1023 +0x68b
  google.golang.org/grpc.(*Server).handleRawConn.func1()
      /opt/gopath/src/google.golang.org/grpc/server.go:959 +0x9c
==================
03:17:27.012 INF PBFT checkpoint ready. Scheduling catchup. lastSn=20 segID=0
03:17:27.028 INF New stable checkpoint. sn=20
03:17:27.029 INF Received stable checkpoint notification. sn=20
03:17:27.029 INF Closing message serializers. segID=0
03:17:27.029 INF Statistics commitTs=1753989425766702050 duration=8628432 proposeTs=1753989425758073618 sn=0
03:17:27.029 INF Statistics commitTs=1753989426770631165 duration=11084666 proposeTs=1753989426759546499 sn=1
03:17:27.029 INF Statistics commitTs=1753989427394558303 duration=149093292 proposeTs=1753989427245465011 sn=2
03:17:27.029 INF Statistics commitTs=1753989428379017864 duration=132160322 proposeTs=1753989428246857542 sn=3
03:17:27.029 INF Statistics commitTs=1753989429258066117 duration=38586966 proposeTs=1753989429219479151 sn=4
03:17:27.029 INF Statistics commitTs=1753989429972036159 duration=136341683 proposeTs=1753989429835694476 sn=5
03:17:27.029 INF Statistics commitTs=1753989430922268845 duration=89698225 proposeTs=1753989430832570620 sn=6
03:17:27.029 INF Statistics commitTs=1753989431895970774 duration=71150772 proposeTs=1753989431824820002 sn=7
03:17:27.030 INF Statistics commitTs=1753989432960540489 duration=158954222 proposeTs=1753989432801586267 sn=8
03:17:27.030 INF Statistics commitTs=1753989433937118305 duration=128738499 proposeTs=1753989433808379806 sn=9
03:17:27.030 INF Statistics commitTs=1753989434820211518 duration=38609308 proposeTs=1753989434781602210 sn=10
03:17:27.030 INF Statistics commitTs=1753989435512820225 duration=139798023 proposeTs=1753989435373022202 sn=11
03:17:27.030 INF Statistics commitTs=1753989436483026686 duration=103209747 proposeTs=1753989436379816939 sn=12
03:17:27.030 INF Statistics commitTs=1753989437432370974 duration=66485322 proposeTs=1753989437365885652 sn=13
03:17:27.030 INF Statistics commitTs=1753989438469248008 duration=149477582 proposeTs=1753989438319770426 sn=14
03:17:27.030 INF Statistics commitTs=1753989439433378590 duration=102934644 proposeTs=1753989439330443946 sn=15
03:17:27.030 INF Statistics commitTs=1753989440378783513 duration=64015929 proposeTs=1753989440314767584 sn=16
03:17:27.030 INF Statistics commitTs=1753989441460950833 duration=188325595 proposeTs=1753989441272625238 sn=17
03:17:27.031 INF Statistics commitTs=1753989445076622543 duration=148693301 proposeTs=1753989444927929242 sn=18
03:17:27.031 INF Statistics commitTs=1753989446127667040 duration=182357761 proposeTs=1753989445945309279 sn=19
03:17:27.031 INF Statistics commitTs=1753989446994514753 duration=67879543 proposeTs=1753989446926635210 sn=20
03:17:27.031 INF Median commit time commit=103209747 segID=0
03:17:27.047 INF fuck! epoch=192 epoch time (ms)=22286 leaders=2 viewtimeout=104000
03:17:27.047 INF Epoch finished. Waiting for stable checkpoint. sn=20
03:17:27.047 INF Epoch end confirmed. chkpSn=20
03:17:27.047 INF Advancing watermarks. numEntries=21
03:17:27.310 INF PbftOrderer received a new segment: [21 23 25 27 29 31 33 35 37 39 41 43 45 47 49 51] first leader=0 firstSN=21 lastSN=51 len=16 length=16 segId=1
03:17:27.679 INF Starting new view. segID=1 timeout=104000 view=0
03:17:27.680 INF Advanced timeout advanced=103209747 initial=1000000000
03:17:27.680 INF Advanced timeout advanced=1103209747 initial=1000000000
03:17:27.680 INF Advanced timeout advanced=2103209747 initial=1000000000
03:17:27.680 INF Advanced timeout advanced=3103209747 initial=1000000000
03:17:27.680 INF Advanced timeout advanced=4103209747 initial=1000000000
03:17:27.680 INF Advanced timeout advanced=5103209747 initial=1000000000
03:17:27.680 INF Advanced timeout advanced=6103209747 initial=1000000000
03:17:27.680 INF Advanced timeout advanced=7103209747 initial=1000000000
03:17:27.680 INF Advanced timeout advanced=8103209747 initial=1000000000
03:17:27.680 INF Advanced timeout advanced=9103209747 initial=1000000000
03:17:27.680 INF Advanced timeout advanced=10103209747 initial=1000000000
03:17:27.680 INF Advanced timeout advanced=11103209747 initial=1000000000
03:17:27.680 INF Advanced timeout advanced=12103209747 initial=1000000000
03:17:27.680 INF Advanced timeout advanced=13103209747 initial=1000000000
03:17:27.680 INF Advanced timeout advanced=14103209747 initial=1000000000
03:17:27.680 INF Advanced timeout advanced=15103209747 initial=1000000000
03:17:27.681 INF Starting PBFT instance. first=21 last=51 segID=1
03:17:27.681 INF PbftOrderer received a new segment: [22 24 26 28 30 32 34 36 38 40 42 44 46 48 50 52] first leader=1 firstSN=22 lastSN=52 len=16 length=16 segId=2
03:17:27.697 INF fuck1 epoch change time (ms)=702
==================
WARNING: DATA RACE
Write at 0x000001304398 by goroutine 949:
  github.com/hyperledger-labs/mirbft/manager.(*MirManager).handleLogEntries()
      /opt/gopath/src/github.com/hyperledger-labs/mirbft/manager/mirmanager.go:265 +0x17d3
  github.com/hyperledger-labs/mirbft/manager.(*MirManager).Start.func2()
      /opt/gopath/src/github.com/hyperledger-labs/mirbft/manager/mirmanager.go:112 +0x47

Previous write at 0x000001304398 by goroutine 972:
  github.com/hyperledger-labs/mirbft/request.HandleRequest()
      /opt/gopath/src/github.com/hyperledger-labs/mirbft/request/requesthandler.go:49 +0x1d3
  github.com/hyperledger-labs/mirbft/messenger.(*messengerServer).Request()
      /opt/gopath/src/github.com/hyperledger-labs/mirbft/messenger/clients.go:77 +0x19d
  github.com/hyperledger-labs/mirbft/protobufs._Messenger_Request_Handler()
      /opt/gopath/src/github.com/hyperledger-labs/mirbft/protobufs/messenger.pb.go:1158 +0xc2
  google.golang.org/grpc.(*Server).processStreamingRPC()
      /opt/gopath/src/google.golang.org/grpc/server.go:1673 +0x1e87
  google.golang.org/grpc.(*Server).handleStream()
      /opt/gopath/src/google.golang.org/grpc/server.go:1794 +0x19c6
  google.golang.org/grpc.(*Server).serveStreams.func2.1()
      /opt/gopath/src/google.golang.org/grpc/server.go:1029 +0x125

Goroutine 949 (running) created at:
  github.com/hyperledger-labs/mirbft/manager.(*MirManager).Start()
      /opt/gopath/src/github.com/hyperledger-labs/mirbft/manager/mirmanager.go:112 +0x191
  main.main.func4()
      /opt/gopath/src/github.com/hyperledger-labs/mirbft/cmd/orderingpeer/main.go:185 +0x59

Goroutine 972 (running) created at:
  google.golang.org/grpc.(*Server).serveStreams.func2()
      /opt/gopath/src/google.golang.org/grpc/server.go:1040 +0x224
  google.golang.org/grpc/internal/transport.(*http2Server).operateHeaders()
      /opt/gopath/src/google.golang.org/grpc/internal/transport/http2_server.go:631 +0x389e
  google.golang.org/grpc/internal/transport.(*http2Server).HandleStreams()
      /opt/gopath/src/google.golang.org/grpc/internal/transport/http2_server.go:672 +0x258
  google.golang.org/grpc.(*Server).serveStreams()
      /opt/gopath/src/google.golang.org/grpc/server.go:1023 +0x68b
  google.golang.org/grpc.(*Server).handleRawConn.func1()
      /opt/gopath/src/google.golang.org/grpc/server.go:959 +0x9c
==================
03:17:27.698 INF Starting serialized message processing. segID=1
03:17:27.817 INF Starting new view. segID=2 timeout=104000 view=0
03:17:27.817 INF Advanced timeout advanced=103209747 initial=1000000000
03:17:27.817 INF Advanced timeout advanced=1103209747 initial=1000000000
03:17:27.817 INF Advanced timeout advanced=2103209747 initial=1000000000
03:17:27.817 INF Advanced timeout advanced=3103209747 initial=1000000000
03:17:27.817 INF Advanced timeout advanced=4103209747 initial=1000000000
03:17:27.817 INF Advanced timeout advanced=5103209747 initial=1000000000
03:17:27.817 INF Advanced timeout advanced=6103209747 initial=1000000000
03:17:27.817 INF Advanced timeout advanced=7103209747 initial=1000000000
03:17:27.817 INF Advanced timeout advanced=8103209747 initial=1000000000
03:17:27.817 INF Advanced timeout advanced=9103209747 initial=1000000000
03:17:27.817 INF Advanced timeout advanced=10103209747 initial=1000000000
03:17:27.817 INF Advanced timeout advanced=11103209747 initial=1000000000
03:17:27.817 INF Advanced timeout advanced=12103209747 initial=1000000000
03:17:27.818 INF Advanced timeout advanced=13103209747 initial=1000000000
03:17:27.818 INF Advanced timeout advanced=14103209747 initial=1000000000
03:17:27.818 INF Advanced timeout advanced=15103209747 initial=1000000000
03:17:27.818 INF Starting PBFT instance. first=22 last=52 segID=2
03:17:27.818 INF Starting serialized message processing. segID=2
03:17:28.701 INF Sending PREPREPARE. nReq=505 senderID=0 sn=21 view=0
03:17:28.749 INF Committed entry. latency=0 nReq=505 sn=21
03:17:28.749 INF Delivered batch. nReq=505 sn=21
03:17:28.788 INF Handling PREPREPARE. nReq=1371 senderID=1 sn=22
03:17:28.818 INF Committed entry. latency=0 nReq=1371 sn=22
03:17:28.818 INF Delivered batch. nReq=1371 sn=22
==================
WARNING: DATA RACE
Write at 0x0000022b07d0 by goroutine 972:
  github.com/hyperledger-labs/mirbft/request.HandleRequest()
      /opt/gopath/src/github.com/hyperledger-labs/mirbft/request/requesthandler.go:51 +0x337
  github.com/hyperledger-labs/mirbft/messenger.(*messengerServer).Request()
      /opt/gopath/src/github.com/hyperledger-labs/mirbft/messenger/clients.go:77 +0x19d
  github.com/hyperledger-labs/mirbft/protobufs._Messenger_Request_Handler()
      /opt/gopath/src/github.com/hyperledger-labs/mirbft/protobufs/messenger.pb.go:1158 +0xc2
  google.golang.org/grpc.(*Server).processStreamingRPC()
      /opt/gopath/src/google.golang.org/grpc/server.go:1673 +0x1e87
  google.golang.org/grpc.(*Server).handleStream()
      /opt/gopath/src/google.golang.org/grpc/server.go:1794 +0x19c6
  google.golang.org/grpc.(*Server).serveStreams.func2.1()
      /opt/gopath/src/google.golang.org/grpc/server.go:1029 +0x125

Previous read at 0x0000022b07d0 by goroutine 52882:
  github.com/hyperledger-labs/mirbft/log.publishEntries()
      /opt/gopath/src/github.com/hyperledger-labs/mirbft/log/log.go:285 +0x59a
  github.com/hyperledger-labs/mirbft/log.CommitEntry()
      /opt/gopath/src/github.com/hyperledger-labs/mirbft/log/log.go:108 +0x284
  github.com/hyperledger-labs/mirbft/announcer.Announce()
      /opt/gopath/src/github.com/hyperledger-labs/mirbft/announcer/announcer.go:26 +0x370
  github.com/hyperledger-labs/mirbft/orderer.(*pbftInstance).announce()
      /opt/gopath/src/github.com/hyperledger-labs/mirbft/orderer/pbftinstance.go:726 +0x36b
  github.com/hyperledger-labs/mirbft/orderer.(*pbftInstance).handleCommit()
      /opt/gopath/src/github.com/hyperledger-labs/mirbft/orderer/pbftinstance.go:664 +0x7bd
  github.com/hyperledger-labs/mirbft/orderer.(*pbftInstance).handleMessage()
      /opt/gopath/src/github.com/hyperledger-labs/mirbft/orderer/pbftinstance.go:1810 +0x2e5
  github.com/hyperledger-labs/mirbft/orderer.(*pbftInstance).processSerializedMessages()
      /opt/gopath/src/github.com/hyperledger-labs/mirbft/orderer/pbftinstance.go:1764 +0xdd
  github.com/hyperledger-labs/mirbft/orderer.(*PbftOrderer).runSegment.func2()
      /opt/gopath/src/github.com/hyperledger-labs/mirbft/orderer/pbftorderer.go:199 +0x39

Goroutine 972 (running) created at:
  google.golang.org/grpc.(*Server).serveStreams.func2()
      /opt/gopath/src/google.golang.org/grpc/server.go:1040 +0x224
  google.golang.org/grpc/internal/transport.(*http2Server).operateHeaders()
      /opt/gopath/src/google.golang.org/grpc/internal/transport/http2_server.go:631 +0x389e
  google.golang.org/grpc/internal/transport.(*http2Server).HandleStreams()
      /opt/gopath/src/google.golang.org/grpc/internal/transport/http2_server.go:672 +0x258
  google.golang.org/grpc.(*Server).serveStreams()
      /opt/gopath/src/google.golang.org/grpc/server.go:1023 +0x68b
  google.golang.org/grpc.(*Server).handleRawConn.func1()
      /opt/gopath/src/google.golang.org/grpc/server.go:959 +0x9c

Goroutine 52882 (running) created at:
  github.com/hyperledger-labs/mirbft/orderer.(*PbftOrderer).runSegment()
      /opt/gopath/src/github.com/hyperledger-labs/mirbft/orderer/pbftorderer.go:199 +0x3f6
  github.com/hyperledger-labs/mirbft/orderer.(*PbftOrderer).Start()
      /opt/gopath/src/github.com/hyperledger-labs/mirbft/orderer/pbftorderer.go:176 +0x344
  main.main.func5()
      /opt/gopath/src/github.com/hyperledger-labs/mirbft/cmd/orderingpeer/main.go:186 +0x59
==================
03:17:29.708 INF Sending PREPREPARE. nReq=1531 senderID=0 sn=23 view=0
03:17:29.826 INF Committed entry. latency=0 nReq=1531 sn=23
03:17:29.826 INF Delivered batch. nReq=1531 sn=23
03:17:29.875 INF Handling PREPREPARE. nReq=4096 senderID=1 sn=24
03:17:29.958 INF Committed entry. latency=0 nReq=4096 sn=24
03:17:30.705 INF Sending PREPREPARE. nReq=406 senderID=0 sn=25 view=0
03:19:33.140 INF Delivered batch. nReq=4096 sn=24
03:19:33.159 WRN Timeout segId=2 sn=26 view=0
03:19:33.159 INF Starting new view. segID=2 timeout=208000 view=1
03:19:33.160 INF Advanced timeout advanced=103209747 initial=1000000000
03:19:33.160 INF Advanced timeout advanced=1103209747 initial=1000000000
03:19:33.160 INF Advanced timeout advanced=2103209747 initial=1000000000
03:19:33.160 INF Advanced timeout advanced=3103209747 initial=1000000000
03:19:33.160 INF Advanced timeout advanced=4103209747 initial=1000000000
03:19:33.160 INF Advanced timeout advanced=5103209747 initial=1000000000
03:19:33.160 INF Advanced timeout advanced=6103209747 initial=1000000000
03:19:33.160 INF Advanced timeout advanced=7103209747 initial=1000000000
03:19:33.160 INF Advanced timeout advanced=8103209747 initial=1000000000
03:19:33.160 INF Advanced timeout advanced=9103209747 initial=1000000000
03:19:33.160 INF Advanced timeout advanced=10103209747 initial=1000000000
03:19:33.160 INF Advanced timeout advanced=11103209747 initial=1000000000
03:19:33.160 INF Advanced timeout advanced=12103209747 initial=1000000000
03:19:33.161 INF Advanced timeout advanced=13103209747 initial=1000000000
03:19:33.161 INF Advanced timeout advanced=14103209747 initial=1000000000
03:19:33.161 INF Advanced timeout advanced=15103209747 initial=1000000000
03:19:33.166 INF Requesting VIEWCHANGE. receiverID=2 segID=2 senderID=0 view=1
03:19:33.180 INF Sending PREPREPARE. nReq=0 senderID=0 sn=27 view=0
03:19:33.188 WRN Timeout segId=1 sn=25 view=0
03:19:33.192 INF Starting new view. segID=1 timeout=208000 view=1
03:19:33.193 INF Advanced timeout advanced=103209747 initial=1000000000
03:19:33.193 INF Advanced timeout advanced=1103209747 initial=1000000000
03:19:33.193 INF Advanced timeout advanced=2103209747 initial=1000000000
03:19:33.196 INF Advanced timeout advanced=3103209747 initial=1000000000
03:19:33.200 INF Advanced timeout advanced=4103209747 initial=1000000000
03:19:33.201 INF Advanced timeout advanced=5103209747 initial=1000000000
03:19:33.201 INF Advanced timeout advanced=6103209747 initial=1000000000
03:19:33.201 INF Advanced timeout advanced=7103209747 initial=1000000000
03:19:33.201 INF Advanced timeout advanced=8103209747 initial=1000000000
03:19:33.201 INF Advanced timeout advanced=9103209747 initial=1000000000
03:19:33.201 INF Advanced timeout advanced=10103209747 initial=1000000000
03:19:33.201 INF Advanced timeout advanced=11103209747 initial=1000000000
03:19:33.201 INF Advanced timeout advanced=12103209747 initial=1000000000
03:19:33.201 INF Advanced timeout advanced=13103209747 initial=1000000000
03:19:33.201 INF Advanced timeout advanced=14103209747 initial=1000000000
03:19:33.201 INF Advanced timeout advanced=15103209747 initial=1000000000
03:19:33.201 INF Requesting VIEWCHANGE. receiverID=1 segID=1 senderID=0 view=1
03:19:33.402 INF Handling NEWVIEW. currentView=1 msgView=1 segID=1 senderID=1
03:19:33.447 INF Handling NEWVIEW. currentView=1 msgView=1 segID=2 senderID=2
03:19:33.498 INF Committed entry. latency=0 nReq=0 sn=33
03:19:33.498 INF Committed entry. latency=0 nReq=0 sn=35
03:19:33.499 INF Committed entry. latency=0 nReq=0 sn=41
03:19:33.499 INF Committed entry. latency=0 nReq=0 sn=27
03:19:33.499 INF Committed entry. latency=0 nReq=0 sn=49
03:19:33.499 INF Committed entry. latency=0 nReq=0 sn=51
03:19:33.499 INF Committed entry. latency=0 nReq=0 sn=25
03:19:33.499 INF Delivered batch. nReq=0 sn=25
03:19:33.499 INF Committed entry. latency=0 nReq=0 sn=29
03:19:33.499 INF Committed entry. latency=0 nReq=0 sn=31
03:19:33.499 INF Committed entry. latency=0 nReq=0 sn=37
03:19:33.499 INF Committed entry. latency=0 nReq=0 sn=45
03:19:33.499 INF Committed entry. latency=0 nReq=0 sn=47
03:19:33.499 INF Committed entry. latency=0 nReq=0 sn=39
03:19:33.500 INF Committed entry. latency=0 nReq=0 sn=43
03:19:33.502 INF Sending segment checkpoint. lastSn=51 segID=1
03:19:33.507 INF PBFT checkpoint ready. Scheduling catchup. lastSn=51 segID=1
03:19:33.544 INF Handling PREPREPARE. nReq=1043 senderID=1 sn=26
03:19:33.545 INF Committed entry. latency=0 nReq=0 sn=46
03:19:33.545 INF Committed entry. latency=0 nReq=0 sn=50
03:19:33.545 INF Committed entry. latency=0 nReq=0 sn=32
03:19:33.545 INF Committed entry. latency=0 nReq=0 sn=34
03:19:33.545 INF Committed entry. latency=0 nReq=0 sn=38
03:19:33.545 INF Committed entry. latency=0 nReq=0 sn=42
03:19:33.545 INF Committed entry. latency=0 nReq=0 sn=28
03:19:33.545 INF Committed entry. latency=0 nReq=0 sn=52
03:19:33.545 INF Committed entry. latency=0 nReq=0 sn=40
03:19:33.545 INF Committed entry. latency=0 nReq=0 sn=36
03:19:33.545 INF Committed entry. latency=0 nReq=0 sn=44
03:19:33.546 INF Committed entry. latency=0 nReq=0 sn=48
03:19:33.546 INF Committed entry. latency=0 nReq=0 sn=26
03:19:33.546 INF Delivered batch. nReq=0 sn=26
03:19:33.546 INF Delivered batch. nReq=0 sn=27
03:19:33.546 INF Delivered batch. nReq=0 sn=28
03:19:33.546 INF Delivered batch. nReq=0 sn=29
03:19:33.546 INF Committed entry. latency=0 nReq=0 sn=30
03:19:33.546 INF Delivered batch. nReq=0 sn=30
03:19:33.546 INF Delivered batch. nReq=0 sn=31
03:19:33.546 INF Delivered batch. nReq=0 sn=32
03:19:33.546 INF Delivered batch. nReq=0 sn=33
03:19:33.546 INF Delivered batch. nReq=0 sn=34
03:19:33.546 INF Delivered batch. nReq=0 sn=35
03:19:33.546 INF Delivered batch. nReq=0 sn=36
03:19:33.546 INF Delivered batch. nReq=0 sn=37
03:19:33.546 INF Delivered batch. nReq=0 sn=38
03:19:33.546 INF Delivered batch. nReq=0 sn=39
03:19:33.546 INF Delivered batch. nReq=0 sn=40
03:19:33.546 INF Delivered batch. nReq=0 sn=41
03:19:33.546 INF Delivered batch. nReq=0 sn=42
03:19:33.546 INF Delivered batch. nReq=0 sn=43
03:19:33.546 INF Delivered batch. nReq=0 sn=44
03:19:33.546 INF Delivered batch. nReq=0 sn=45
03:19:33.546 INF Delivered batch. nReq=0 sn=46
03:19:33.546 INF Delivered batch. nReq=0 sn=47
03:19:33.547 INF Delivered batch. nReq=0 sn=48
03:19:33.547 INF Delivered batch. nReq=0 sn=49
03:19:33.547 INF Delivered batch. nReq=0 sn=50
03:19:33.547 INF Delivered batch. nReq=0 sn=51
03:19:33.547 INF Delivered batch. nReq=0 sn=52
03:19:33.547 INF Sending segment checkpoint. lastSn=52 segID=2
03:19:33.549 INF PBFT checkpoint ready. Scheduling catchup. lastSn=52 segID=2
03:19:33.564 INF New stable checkpoint. sn=52
03:19:33.564 INF Received stable checkpoint notification. sn=52
03:19:33.564 INF Closing message serializers. segID=1
03:19:33.564 INF Statistics commitTs=1753989448746456918 duration=38534560 proposeTs=1753989448707922358 sn=21
03:19:33.564 INF Statistics commitTs=1753989449818470171 duration=84845587 proposeTs=1753989449733624584 sn=23
03:19:33.565 INF Statistics commitTs=1753989573498575384 duration=125817464136 proposeTs=1753989447681111248 sn=25
03:19:33.565 INF Statistics commitTs=1753989573498569897 duration=125817458649 proposeTs=1753989447681111248 sn=27
03:19:33.565 INF Statistics commitTs=1753989573498575965 duration=125817464717 proposeTs=1753989447681111248 sn=29
03:19:33.565 INF Statistics commitTs=1753989573498579395 duration=125817468147 proposeTs=1753989447681111248 sn=31
03:19:33.565 INF Statistics commitTs=1753989573498560342 duration=125817449094 proposeTs=1753989447681111248 sn=33
03:19:33.565 INF Statistics commitTs=1753989573498561327 duration=125817450079 proposeTs=1753989447681111248 sn=35
03:19:33.565 INF Statistics commitTs=1753989573498612434 duration=125817501186 proposeTs=1753989447681111248 sn=37
03:19:33.565 INF Statistics commitTs=1753989573498616308 duration=125817505060 proposeTs=1753989447681111248 sn=39
03:19:33.565 INF Statistics commitTs=1753989573498562032 duration=125817450784 proposeTs=1753989447681111248 sn=41
03:19:33.565 INF Statistics commitTs=1753989573500522427 duration=125819411179 proposeTs=1753989447681111248 sn=43
03:19:33.565 INF Statistics commitTs=1753989573498613519 duration=125817502271 proposeTs=1753989447681111248 sn=45
03:19:33.565 INF Statistics commitTs=1753989573498615062 duration=125817503814 proposeTs=1753989447681111248 sn=47
03:19:33.565 INF Statistics commitTs=1753989573498571244 duration=125817459996 proposeTs=1753989447681111248 sn=49
03:19:33.565 INF Statistics commitTs=1753989573498574352 duration=125817463104 proposeTs=1753989447681111248 sn=51
03:19:33.566 INF Median commit time commit=125817464136 segID=1
03:19:33.566 INF Closing message serializers. segID=2
03:19:33.566 INF Statistics commitTs=1753989448815224871 duration=26721839 proposeTs=1753989448788503032 sn=22
03:19:33.566 INF Statistics commitTs=1753989449952311357 duration=76673075 proposeTs=1753989449875638282 sn=24
03:19:33.566 INF Statistics commitTs=1753989573544781214 duration=125726585283 proposeTs=1753989447818195931 sn=26
03:19:33.566 INF Statistics commitTs=1753989573544596374 duration=125726400443 proposeTs=1753989447818195931 sn=28
03:19:33.566 INF Statistics commitTs=1753989573544797667 duration=125726601736 proposeTs=1753989447818195931 sn=30
03:19:33.566 INF Statistics commitTs=1753989573544661620 duration=125726465689 proposeTs=1753989447818195931 sn=32
03:19:33.566 INF Statistics commitTs=1753989573544817333 duration=125726621402 proposeTs=1753989447818195931 sn=34
03:19:33.566 INF Statistics commitTs=1753989573544616635 duration=125726420704 proposeTs=1753989447818195931 sn=36
03:19:33.566 INF Statistics commitTs=1753989573544680142 duration=125726484211 proposeTs=1753989447818195931 sn=38
03:19:33.566 INF Statistics commitTs=1753989573544831404 duration=125726635473 proposeTs=1753989447818195931 sn=40
03:19:33.566 INF Statistics commitTs=1753989573544696935 duration=125726501004 proposeTs=1753989447818195931 sn=42
03:19:33.567 INF Statistics commitTs=1753989573544735593 duration=125726539662 proposeTs=1753989447818195931 sn=44
03:19:33.567 INF Statistics commitTs=1753989573544750221 duration=125726554290 proposeTs=1753989447818195931 sn=46
03:19:33.567 INF Statistics commitTs=1753989573544631511 duration=125726435580 proposeTs=1753989447818195931 sn=48
03:19:33.567 INF Statistics commitTs=1753989573544717426 duration=125726521495 proposeTs=1753989447818195931 sn=50
03:19:33.567 INF Statistics commitTs=1753989573544765847 duration=125726569916 proposeTs=1753989447818195931 sn=52
03:19:33.567 INF Median commit time commit=125726521495 segID=2
03:19:33.651 INF fuck! epoch=192 epoch time (ms)=125850 leaders=3 viewtimeout=120000
03:19:33.652 INF Epoch finished. Waiting for stable checkpoint. sn=52
03:19:33.652 INF Epoch end confirmed. chkpSn=52
03:19:33.652 INF Advancing watermarks. numEntries=32
03:19:33.665 INF PbftOrderer received a new segment: [53 56 59 62 65 68 71 74 77 80 83 86 89 92 95 98] first leader=0 firstSN=53 lastSN=98 len=16 length=16 segId=3
03:19:34.187 INF Starting new view. segID=3 timeout=120000 view=0
03:19:34.187 INF Advanced timeout advanced=125726521495 initial=1000000000
03:19:34.187 INF Advanced timeout advanced=126726521495 initial=1000000000
03:19:34.187 INF Advanced timeout advanced=127726521495 initial=1000000000
03:19:34.187 INF Advanced timeout advanced=128726521495 initial=1000000000
03:19:34.187 INF Advanced timeout advanced=129726521495 initial=1000000000
03:19:34.187 INF Advanced timeout advanced=130726521495 initial=1000000000
03:19:34.187 INF Advanced timeout advanced=131726521495 initial=1000000000
03:19:34.187 INF Advanced timeout advanced=132726521495 initial=1000000000
03:19:34.187 INF Advanced timeout advanced=133726521495 initial=1000000000
03:19:34.187 INF Advanced timeout advanced=134726521495 initial=1000000000
03:19:34.187 INF Advanced timeout advanced=135726521495 initial=1000000000
03:19:34.187 INF Advanced timeout advanced=136726521495 initial=1000000000
03:19:34.187 INF Advanced timeout advanced=137726521495 initial=1000000000
03:19:34.187 INF Advanced timeout advanced=138726521495 initial=1000000000
03:19:34.189 INF Advanced timeout advanced=139726521495 initial=1000000000
03:19:34.189 INF Advanced timeout advanced=140726521495 initial=1000000000
03:19:34.189 INF Starting PBFT instance. first=53 last=98 segID=3
03:19:34.191 INF Starting serialized message processing. segID=3
03:19:34.192 INF PbftOrderer received a new segment: [54 57 60 63 66 69 72 75 78 81 84 87 90 93 96 99] first leader=1 firstSN=54 lastSN=99 len=16 length=16 segId=4
03:19:34.583 INF Starting new view. segID=4 timeout=120000 view=0
03:19:34.583 INF Advanced timeout advanced=125726521495 initial=1000000000
03:19:34.583 INF Advanced timeout advanced=126726521495 initial=1000000000
03:19:34.583 INF Advanced timeout advanced=127726521495 initial=1000000000
03:19:34.583 INF Advanced timeout advanced=128726521495 initial=1000000000
03:19:34.583 INF Advanced timeout advanced=129726521495 initial=1000000000
03:19:34.583 INF Advanced timeout advanced=130726521495 initial=1000000000
03:19:34.583 INF Advanced timeout advanced=131726521495 initial=1000000000
03:19:34.583 INF Advanced timeout advanced=132726521495 initial=1000000000
03:19:34.583 INF Advanced timeout advanced=133726521495 initial=1000000000
03:19:34.583 INF Advanced timeout advanced=134726521495 initial=1000000000
03:19:34.583 INF Advanced timeout advanced=135726521495 initial=1000000000
03:19:34.583 INF Advanced timeout advanced=136726521495 initial=1000000000
03:19:34.583 INF Advanced timeout advanced=137726521495 initial=1000000000
03:19:34.584 INF Advanced timeout advanced=138726521495 initial=1000000000
03:19:34.584 INF Advanced timeout advanced=139726521495 initial=1000000000
03:19:34.584 INF Advanced timeout advanced=140726521495 initial=1000000000
03:19:34.584 INF Starting PBFT instance. first=54 last=99 segID=4
03:19:34.584 INF PbftOrderer received a new segment: [55 58 61 64 67 70 73 76 79 82 85 88 91 94 97 100] first leader=2 firstSN=55 lastSN=100 len=16 length=16 segId=5
03:19:34.584 INF fuck1 epoch change time (ms)=1037
03:19:34.584 INF Starting serialized message processing. segID=4
03:19:34.655 INF Starting new view. segID=5 timeout=120000 view=0
03:19:34.655 INF Advanced timeout advanced=125726521495 initial=1000000000
03:19:34.655 INF Advanced timeout advanced=126726521495 initial=1000000000
03:19:34.655 INF Advanced timeout advanced=127726521495 initial=1000000000
03:19:34.655 INF Advanced timeout advanced=128726521495 initial=1000000000
03:19:34.655 INF Advanced timeout advanced=129726521495 initial=1000000000
03:19:34.656 INF Advanced timeout advanced=130726521495 initial=1000000000
03:19:34.656 INF Advanced timeout advanced=131726521495 initial=1000000000
03:19:34.656 INF Advanced timeout advanced=132726521495 initial=1000000000
03:19:34.656 INF Advanced timeout advanced=133726521495 initial=1000000000
03:19:34.656 INF Advanced timeout advanced=134726521495 initial=1000000000
03:19:34.656 INF Advanced timeout advanced=135726521495 initial=1000000000
03:19:34.656 INF Advanced timeout advanced=136726521495 initial=1000000000
03:19:34.656 INF Advanced timeout advanced=137726521495 initial=1000000000
03:19:34.656 INF Advanced timeout advanced=138726521495 initial=1000000000
03:19:34.656 INF Advanced timeout advanced=139726521495 initial=1000000000
03:19:34.656 INF Advanced timeout advanced=140726521495 initial=1000000000
03:19:34.656 INF Starting PBFT instance. first=55 last=100 segID=5
03:19:34.656 INF Starting serialized message processing. segID=5
03:19:35.199 INF Sending PREPREPARE. nReq=1028 senderID=0 sn=53 view=0
03:19:35.294 INF Committed entry. latency=0 nReq=1028 sn=53
03:19:35.295 INF Delivered batch. nReq=1028 sn=53
03:19:35.423 INF Handling PREPREPARE. nReq=4096 senderID=1 sn=54
03:19:35.529 INF Committed entry. latency=0 nReq=4096 sn=54
03:19:35.530 INF Delivered batch. nReq=4096 sn=54
03:19:35.609 INF Handling PREPREPARE. nReq=1118 senderID=2 sn=55
03:19:35.639 INF Committed entry. latency=0 nReq=1118 sn=55
03:19:35.639 INF Delivered batch. nReq=1118 sn=55
03:19:36.198 INF Sending PREPREPARE. nReq=317 senderID=0 sn=56 view=0
03:19:36.239 INF Committed entry. latency=0 nReq=317 sn=56
03:19:36.239 INF Delivered batch. nReq=317 sn=56
03:19:36.383 INF Handling PREPREPARE. nReq=1105 senderID=1 sn=57
03:19:36.410 INF Committed entry. latency=0 nReq=1105 sn=57
03:19:36.410 INF Delivered batch. nReq=1105 sn=57
03:19:36.607 INF Handling PREPREPARE. nReq=440 senderID=2 sn=58
03:19:36.621 INF Committed entry. latency=0 nReq=440 sn=58
03:19:36.621 INF Delivered batch. nReq=440 sn=58
03:19:37.198 INF Sending PREPREPARE. nReq=308 senderID=0 sn=59 view=0
03:19:37.237 INF Committed entry. latency=0 nReq=308 sn=59
03:19:37.237 INF Delivered batch. nReq=308 sn=59
03:19:37.403 INF Handling PREPREPARE. nReq=1293 senderID=1 sn=60
03:19:37.432 INF Committed entry. latency=0 nReq=1293 sn=60
03:19:37.432 INF Delivered batch. nReq=1293 sn=60
03:19:37.631 INF Handling PREPREPARE. nReq=860 senderID=2 sn=61
03:19:37.654 INF Committed entry. latency=0 nReq=860 sn=61
03:19:37.654 INF Delivered batch. nReq=860 sn=61
03:19:38.201 INF Sending PREPREPARE. nReq=286 senderID=0 sn=62 view=0
03:19:38.242 INF Committed entry. latency=0 nReq=286 sn=62
03:19:38.242 INF Delivered batch. nReq=286 sn=62
03:19:38.382 INF Handling PREPREPARE. nReq=1246 senderID=1 sn=63
03:19:38.425 INF Committed entry. latency=0 nReq=1246 sn=63
03:19:38.425 INF Delivered batch. nReq=1246 sn=63
03:19:38.647 INF Handling PREPREPARE. nReq=1769 senderID=2 sn=64
03:19:38.686 INF Committed entry. latency=0 nReq=1769 sn=64
03:19:38.686 INF Delivered batch. nReq=1769 sn=64
03:19:39.203 INF Sending PREPREPARE. nReq=485 senderID=0 sn=65 view=0
03:19:39.252 INF Committed entry. latency=0 nReq=485 sn=65
03:19:39.253 INF Delivered batch. nReq=485 sn=65
03:19:39.403 INF Handling PREPREPARE. nReq=1718 senderID=1 sn=66
03:19:39.442 INF Committed entry. latency=0 nReq=1718 sn=66
03:19:39.442 INF Delivered batch. nReq=1718 sn=66
03:19:39.661 INF Handling PREPREPARE. nReq=2040 senderID=2 sn=67
03:19:39.713 INF Committed entry. latency=0 nReq=2040 sn=67
03:19:39.713 INF Delivered batch. nReq=2040 sn=67
03:19:40.205 INF Sending PREPREPARE. nReq=474 senderID=0 sn=68 view=0
03:19:40.264 INF Committed entry. latency=0 nReq=474 sn=68
03:19:40.264 INF Delivered batch. nReq=474 sn=68
03:19:40.399 INF Handling PREPREPARE. nReq=1620 senderID=1 sn=69
03:19:40.436 INF Committed entry. latency=0 nReq=1620 sn=69
03:19:40.436 INF Delivered batch. nReq=1620 sn=69
03:19:40.642 INF Handling PREPREPARE. nReq=1264 senderID=2 sn=70
03:19:40.673 INF Committed entry. latency=0 nReq=1264 sn=70
03:19:40.673 INF Delivered batch. nReq=1264 sn=70
03:19:41.204 INF Sending PREPREPARE. nReq=279 senderID=0 sn=71 view=0
03:19:41.243 INF Committed entry. latency=0 nReq=279 sn=71
03:19:41.243 INF Delivered batch. nReq=279 sn=71
03:19:41.381 INF Handling PREPREPARE. nReq=1285 senderID=1 sn=72
03:19:41.411 INF Committed entry. latency=0 nReq=1285 sn=72
03:19:41.411 INF Delivered batch. nReq=1285 sn=72
03:19:41.673 INF Handling PREPREPARE. nReq=1472 senderID=2 sn=73
03:19:41.703 INF Committed entry. latency=0 nReq=1472 sn=73
03:19:41.703 INF Delivered batch. nReq=1472 sn=73
03:19:42.207 INF Sending PREPREPARE. nReq=382 senderID=0 sn=74 view=0
03:19:42.245 INF Committed entry. latency=0 nReq=382 sn=74
03:19:42.245 INF Delivered batch. nReq=382 sn=74
03:19:42.409 INF Handling PREPREPARE. nReq=1612 senderID=1 sn=75
03:19:42.452 INF Committed entry. latency=0 nReq=1612 sn=75
03:19:42.452 INF Delivered batch. nReq=1612 sn=75
03:19:42.690 INF Handling PREPREPARE. nReq=2422 senderID=2 sn=76
03:19:42.739 INF Committed entry. latency=0 nReq=2422 sn=76
03:19:42.739 INF Delivered batch. nReq=2422 sn=76
03:19:43.208 INF Sending PREPREPARE. nReq=518 senderID=0 sn=77 view=0
03:19:43.274 INF Committed entry. latency=0 nReq=518 sn=77
03:19:43.274 INF Delivered batch. nReq=518 sn=77
03:19:43.410 INF Handling PREPREPARE. nReq=1629 senderID=1 sn=78
03:19:43.455 INF Committed entry. latency=0 nReq=1629 sn=78
03:19:43.455 INF Delivered batch. nReq=1629 sn=78
03:19:43.653 INF Handling PREPREPARE. nReq=1319 senderID=2 sn=79
03:19:43.699 INF Committed entry. latency=0 nReq=1319 sn=79
03:19:43.699 INF Delivered batch. nReq=1319 sn=79
03:19:44.207 INF Sending PREPREPARE. nReq=305 senderID=0 sn=80 view=0
03:19:44.242 INF Committed entry. latency=0 nReq=305 sn=80
03:19:44.242 INF Delivered batch. nReq=305 sn=80
03:19:44.369 INF Handling PREPREPARE. nReq=838 senderID=1 sn=81
03:19:44.394 INF Committed entry. latency=0 nReq=838 sn=81
03:19:44.394 INF Delivered batch. nReq=838 sn=81
03:19:44.650 INF Handling PREPREPARE. nReq=1444 senderID=2 sn=82
03:19:44.687 INF Committed entry. latency=0 nReq=1444 sn=82
03:19:44.687 INF Delivered batch. nReq=1444 sn=82
03:19:45.211 INF Sending PREPREPARE. nReq=1166 senderID=0 sn=83 view=0
03:19:45.328 INF Committed entry. latency=0 nReq=1166 sn=83
03:19:45.328 INF Delivered batch. nReq=1166 sn=83
03:19:45.355 INF Handling PREPREPARE. nReq=761 senderID=1 sn=84
03:19:45.377 INF Committed entry. latency=0 nReq=761 sn=84
03:19:45.378 INF Delivered batch. nReq=761 sn=84
03:19:45.679 INF Handling PREPREPARE. nReq=1866 senderID=2 sn=85
03:19:45.731 INF Committed entry. latency=0 nReq=1866 sn=85
03:19:45.731 INF Delivered batch. nReq=1866 sn=85
03:19:46.209 INF Sending PREPREPARE. nReq=529 senderID=0 sn=86 view=0
03:19:46.240 INF Committed entry. latency=0 nReq=529 sn=86
03:19:46.241 INF Delivered batch. nReq=529 sn=86
03:19:46.335 INF Handling PREPREPARE. nReq=0 senderID=1 sn=87
03:19:46.340 INF Committed entry. latency=0 nReq=0 sn=87
03:19:46.340 INF Delivered batch. nReq=0 sn=87
03:19:46.595 INF Handling PREPREPARE. nReq=0 senderID=2 sn=88
03:19:46.599 INF Committed entry. latency=0 nReq=0 sn=88
03:19:46.599 INF Delivered batch. nReq=0 sn=88
03:19:47.222 INF Sending PREPREPARE. nReq=764 senderID=0 sn=89 view=0
03:19:47.309 INF Committed entry. latency=0 nReq=764 sn=89
03:19:47.309 INF Delivered batch. nReq=764 sn=89
03:19:47.336 INF Handling PREPREPARE. nReq=0 senderID=1 sn=90
03:19:47.342 INF Committed entry. latency=0 nReq=0 sn=90
03:19:47.342 INF Delivered batch. nReq=0 sn=90
03:19:47.596 INF Handling PREPREPARE. nReq=0 senderID=2 sn=91
03:19:47.602 INF Committed entry. latency=0 nReq=0 sn=91
03:19:47.602 INF Delivered batch. nReq=0 sn=91
03:19:48.258 INF Sending PREPREPARE. nReq=2645 senderID=0 sn=92 view=0
03:19:48.338 INF Handling PREPREPARE. nReq=0 senderID=1 sn=93
03:19:48.345 INF Committed entry. latency=0 nReq=0 sn=93
03:19:48.433 INF Committed entry. latency=0 nReq=2645 sn=92
03:19:48.433 INF Delivered batch. nReq=2645 sn=92
03:19:48.438 INF Delivered batch. nReq=0 sn=93
03:19:48.596 INF Handling PREPREPARE. nReq=0 senderID=2 sn=94
03:19:48.601 INF Committed entry. latency=0 nReq=0 sn=94
03:19:48.602 INF Delivered batch. nReq=0 sn=94
03:19:49.240 INF Sending PREPREPARE. nReq=877 senderID=0 sn=95 view=0
03:19:49.329 INF Committed entry. latency=0 nReq=877 sn=95
03:19:49.329 INF Delivered batch. nReq=877 sn=95
03:19:49.343 INF Handling PREPREPARE. nReq=0 senderID=1 sn=96
03:19:49.349 INF Committed entry. latency=0 nReq=0 sn=96
03:19:49.350 INF Delivered batch. nReq=0 sn=96
03:19:49.598 INF Handling PREPREPARE. nReq=0 senderID=2 sn=97
03:19:49.603 INF Committed entry. latency=0 nReq=0 sn=97
03:19:49.603 INF Delivered batch. nReq=0 sn=97
03:19:50.247 INF Sending PREPREPARE. nReq=1420 senderID=0 sn=98 view=0
03:19:50.343 INF Handling PREPREPARE. nReq=0 senderID=1 sn=99
03:19:50.351 INF Committed entry. latency=0 nReq=0 sn=99
03:19:50.351 INF Sending segment checkpoint. lastSn=99 segID=4
03:19:50.355 INF PBFT checkpoint ready. Scheduling catchup. lastSn=99 segID=4
03:19:50.355 INF Committed entry. latency=0 nReq=1420 sn=98
03:19:50.355 INF Delivered batch. nReq=1420 sn=98
03:19:50.357 INF Delivered batch. nReq=0 sn=99
03:19:50.357 INF Sending segment checkpoint. lastSn=98 segID=3
03:19:50.358 INF PBFT checkpoint ready. Scheduling catchup. lastSn=98 segID=3
03:19:50.598 INF Handling PREPREPARE. nReq=0 senderID=2 sn=100
03:19:50.605 INF Committed entry. latency=0 nReq=0 sn=100
03:19:50.605 INF Delivered batch. nReq=0 sn=100
03:19:50.605 INF Sending segment checkpoint. lastSn=100 segID=5
03:19:50.611 INF PBFT checkpoint ready. Scheduling catchup. lastSn=100 segID=5
03:19:50.623 INF fuck! epoch=192 epoch time (ms)=16021 leaders=4 viewtimeout=120000
03:19:50.623 INF Epoch finished. Waiting for stable checkpoint. sn=100
03:19:50.643 INF New stable checkpoint. sn=100
03:19:50.644 INF Epoch end confirmed. chkpSn=100
03:19:50.644 INF Received stable checkpoint notification. sn=100
03:19:50.644 INF Closing message serializers. segID=3
03:19:50.644 INF Statistics commitTs=1753989575290452440 duration=73916069 proposeTs=1753989575216536371 sn=53
03:19:50.645 INF Statistics commitTs=1753989576238650761 duration=35484535 proposeTs=1753989576203166226 sn=56
03:19:50.645 INF Statistics commitTs=1753989577236739350 duration=33587810 proposeTs=1753989577203151540 sn=59
03:19:50.645 INF Statistics commitTs=1753989578242088585 duration=34314379 proposeTs=1753989578207774206 sn=62
03:19:50.645 INF Statistics commitTs=1753989579252107336 duration=40809665 proposeTs=1753989579211297671 sn=65
03:19:50.645 INF Statistics commitTs=1753989580263273594 duration=48303485 proposeTs=1753989580214970109 sn=68
03:19:50.646 INF Statistics commitTs=1753989581242162234 duration=32450659 proposeTs=1753989581209711575 sn=71
03:19:50.646 INF Statistics commitTs=1753989582244777608 duration=30358572 proposeTs=1753989582214419036 sn=74
03:19:50.646 INF Statistics commitTs=1753989583273464104 duration=54432079 proposeTs=1753989583219032025 sn=77
03:19:50.646 INF Advancing watermarks. numEntries=48
03:19:50.646 INF Closing message serializers. segID=4
03:19:50.647 INF Statistics commitTs=1753989575524639903 duration=100890485 proposeTs=1753989575423749418 sn=54
03:19:50.647 INF Statistics commitTs=1753989576407633400 duration=24550543 proposeTs=1753989576383082857 sn=57
03:19:50.647 INF Statistics commitTs=1753989577430808532 duration=27150485 proposeTs=1753989577403658047 sn=60
03:19:50.647 INF Statistics commitTs=1753989578423028953 duration=40536361 proposeTs=1753989578382492592 sn=63
03:19:50.648 INF Statistics commitTs=1753989579439137495 duration=35923720 proposeTs=1753989579403213775 sn=66
03:19:50.648 INF Statistics commitTs=1753989580432319500 duration=33190617 proposeTs=1753989580399128883 sn=69
03:19:50.648 INF Statistics commitTs=1753989581408904064 duration=27764881 proposeTs=1753989581381139183 sn=72
03:19:50.648 INF Statistics commitTs=1753989582448501364 duration=39515931 proposeTs=1753989582408985433 sn=75
03:19:50.648 INF Statistics commitTs=1753989583450328582 duration=40053182 proposeTs=1753989583410275400 sn=78
03:19:50.647 INF Statistics commitTs=1753989584241629021 duration=31533112 proposeTs=1753989584210095909 sn=80
03:19:50.649 INF Closing message serializers. segID=5
03:19:50.649 INF Statistics commitTs=1753989585318324616 duration=97078079 proposeTs=1753989585221246537 sn=83
03:19:50.649 INF Statistics commitTs=1753989575636921855 duration=27608779 proposeTs=1753989575609313076 sn=55
03:19:50.649 INF Statistics commitTs=1753989576621135348 duration=14172261 proposeTs=1753989576606963087 sn=58
03:19:50.649 INF Statistics commitTs=1753989584392050050 duration=23050756 proposeTs=1753989584368999294 sn=81
03:19:50.649 INF Statistics commitTs=1753989577652961812 duration=21240562 proposeTs=1753989577631721250 sn=61
03:19:50.649 INF Statistics commitTs=1753989585376211988 duration=21006989 proposeTs=1753989585355204999 sn=84
03:19:50.650 INF Statistics commitTs=1753989578683751996 duration=36078899 proposeTs=1753989578647673097 sn=64
03:19:50.650 INF Statistics commitTs=1753989586340403198 duration=4577147 proposeTs=1753989586335826051 sn=87
03:19:50.650 INF Statistics commitTs=1753989579708215232 duration=46992434 proposeTs=1753989579661222798 sn=67
03:19:50.650 INF Statistics commitTs=1753989580671064216 duration=28137540 proposeTs=1753989580642926676 sn=70
03:19:50.650 INF Statistics commitTs=1753989587341949030 duration=5215597 proposeTs=1753989587336733433 sn=90
03:19:50.650 INF Statistics commitTs=1753989581700422969 duration=27423945 proposeTs=1753989581672999024 sn=73
03:19:50.650 INF Statistics commitTs=1753989588344994106 duration=6749433 proposeTs=1753989588338244673 sn=93
03:19:50.650 INF Statistics commitTs=1753989582733791987 duration=43085899 proposeTs=1753989582690706088 sn=76
03:19:50.650 INF Statistics commitTs=1753989589349886345 duration=6194327 proposeTs=1753989589343692018 sn=96
03:19:50.651 INF Statistics commitTs=1753989590351705196 duration=7888172 proposeTs=1753989590343817024 sn=99
03:19:50.651 INF Median commit time commit=27150485 segID=4
03:19:50.649 INF Statistics commitTs=1753989586239619506 duration=26587002 proposeTs=1753989586213032504 sn=86
03:19:50.651 INF Statistics commitTs=1753989587307126450 duration=73446310 proposeTs=1753989587233680140 sn=89
03:19:50.651 INF Statistics commitTs=1753989588413569799 duration=138752311 proposeTs=1753989588274817488 sn=92
03:19:50.651 INF Statistics commitTs=1753989589322273748 duration=75485988 proposeTs=1753989589246787760 sn=95
03:19:50.652 INF Statistics commitTs=1753989590348252832 duration=90600686 proposeTs=1753989590257652146 sn=98
03:19:50.652 INF Median commit time commit=48303485 segID=3
03:19:50.650 INF Statistics commitTs=1753989583698401408 duration=44753830 proposeTs=1753989583653647578 sn=79
03:19:50.653 INF Statistics commitTs=1753989584683255439 duration=32794758 proposeTs=1753989584650460681 sn=82
03:19:50.653 INF Statistics commitTs=1753989585728759433 duration=49627972 proposeTs=1753989585679131461 sn=85
03:19:50.653 INF Statistics commitTs=1753989586599279609 duration=3828024 proposeTs=1753989586595451585 sn=88
03:19:50.654 INF Statistics commitTs=1753989587602017878 duration=5587923 proposeTs=1753989587596429955 sn=91
03:19:50.654 INF Statistics commitTs=1753989588601589042 duration=4660291 proposeTs=1753989588596928751 sn=94
03:19:50.654 INF Statistics commitTs=1753989589602986739 duration=4908565 proposeTs=1753989589598078174 sn=97
03:19:50.654 INF Statistics commitTs=1753989590604935088 duration=6176337 proposeTs=1753989590598758751 sn=100
03:19:50.654 INF Median commit time commit=27608779 segID=5
03:19:50.816 INF PbftOrderer received a new segment: [101 105 109 113 117 121 125 129 133 137 141 145 149 153 157 161] first leader=0 firstSN=101 lastSN=161 len=16 length=16 segId=6
03:19:51.774 INF Starting new view. segID=6 timeout=120000 view=0
03:19:51.774 INF Advanced timeout advanced=27608779 initial=1000000000
03:19:51.774 INF Advanced timeout advanced=1027608779 initial=1000000000
03:19:51.774 INF Advanced timeout advanced=2027608779 initial=1000000000
03:19:51.774 INF Advanced timeout advanced=3027608779 initial=1000000000
03:19:51.775 INF Advanced timeout advanced=4027608779 initial=1000000000
03:19:51.775 INF Advanced timeout advanced=5027608779 initial=1000000000
03:19:51.775 INF Advanced timeout advanced=6027608779 initial=1000000000
03:19:51.775 INF Advanced timeout advanced=7027608779 initial=1000000000
03:19:51.775 INF Advanced timeout advanced=8027608779 initial=1000000000
03:19:51.775 INF Advanced timeout advanced=9027608779 initial=1000000000
03:19:51.775 INF Advanced timeout advanced=10027608779 initial=1000000000
03:19:51.775 INF Advanced timeout advanced=11027608779 initial=1000000000
03:19:51.775 INF Advanced timeout advanced=12027608779 initial=1000000000
03:19:51.775 INF Advanced timeout advanced=13027608779 initial=1000000000
03:19:51.775 INF Advanced timeout advanced=14027608779 initial=1000000000
03:19:51.775 INF Advanced timeout advanced=15027608779 initial=1000000000
03:19:51.776 INF Starting PBFT instance. first=101 last=161 segID=6
03:19:51.776 INF PbftOrderer received a new segment: [102 106 110 114 118 122 126 130 134 138 142 146 150 154 158 162] first leader=1 firstSN=102 lastSN=162 len=16 length=16 segId=7
03:19:51.777 INF Starting serialized message processing. segID=6
03:19:52.781 INF Sending PREPREPARE. nReq=471 senderID=0 sn=101 view=0
03:19:52.827 INF Starting new view. segID=7 timeout=120000 view=0
03:19:52.827 INF Advanced timeout advanced=27608779 initial=1000000000
03:19:52.827 INF Advanced timeout advanced=1027608779 initial=1000000000
03:19:52.827 INF Advanced timeout advanced=2027608779 initial=1000000000
03:19:52.827 INF Advanced timeout advanced=3027608779 initial=1000000000
03:19:52.827 INF Advanced timeout advanced=4027608779 initial=1000000000
03:19:52.827 INF Advanced timeout advanced=5027608779 initial=1000000000
03:19:52.827 INF Advanced timeout advanced=6027608779 initial=1000000000
03:19:52.827 INF Advanced timeout advanced=7027608779 initial=1000000000
03:19:52.827 INF Advanced timeout advanced=8027608779 initial=1000000000
03:19:52.827 INF Advanced timeout advanced=9027608779 initial=1000000000
03:19:52.828 INF Advanced timeout advanced=10027608779 initial=1000000000
03:19:52.828 INF Advanced timeout advanced=11027608779 initial=1000000000
03:19:52.828 INF Advanced timeout advanced=12027608779 initial=1000000000
03:19:52.828 INF Advanced timeout advanced=13027608779 initial=1000000000
03:19:52.828 INF Advanced timeout advanced=14027608779 initial=1000000000
03:19:52.828 INF Advanced timeout advanced=15027608779 initial=1000000000
03:19:52.828 INF Starting PBFT instance. first=102 last=162 segID=7
03:19:52.828 INF PbftOrderer received a new segment: [103 107 111 115 119 123 127 131 135 139 143 147 151 155 159 163] first leader=2 firstSN=103 lastSN=163 len=16 length=16 segId=8
03:19:52.845 INF Starting serialized message processing. segID=7
03:19:52.950 INF Committed entry. latency=0 nReq=471 sn=101
03:19:52.951 INF Delivered batch. nReq=471 sn=101
03:19:53.712 INF Starting new view. segID=8 timeout=120000 view=0
03:19:53.714 INF Advanced timeout advanced=27608779 initial=1000000000
03:19:53.715 INF Advanced timeout advanced=1027608779 initial=1000000000
03:19:53.715 INF Advanced timeout advanced=2027608779 initial=1000000000
03:19:53.715 INF Advanced timeout advanced=3027608779 initial=1000000000
03:19:53.715 INF Advanced timeout advanced=4027608779 initial=1000000000
03:19:53.715 INF Advanced timeout advanced=5027608779 initial=1000000000
03:19:53.715 INF Advanced timeout advanced=6027608779 initial=1000000000
03:19:53.715 INF Advanced timeout advanced=7027608779 initial=1000000000
03:19:53.715 INF Advanced timeout advanced=8027608779 initial=1000000000
03:19:53.715 INF Advanced timeout advanced=9027608779 initial=1000000000
03:19:53.715 INF Advanced timeout advanced=10027608779 initial=1000000000
03:19:53.715 INF Advanced timeout advanced=11027608779 initial=1000000000
03:19:53.720 INF Advanced timeout advanced=12027608779 initial=1000000000
03:19:53.721 INF Advanced timeout advanced=13027608779 initial=1000000000
03:19:53.721 INF Advanced timeout advanced=14027608779 initial=1000000000
03:19:53.721 INF Advanced timeout advanced=15027608779 initial=1000000000
03:19:53.723 INF Starting PBFT instance. first=103 last=163 segID=8
03:19:53.723 INF PbftOrderer received a new segment: [104 108 112 116 120 124 128 132 136 140 144 148 152 156 160 164] first leader=3 firstSN=104 lastSN=164 len=16 length=16 segId=9
03:19:53.723 INF Starting serialized message processing. segID=8
03:19:53.723 INF Handling PREPREPARE. nReq=1293 senderID=2 sn=103
03:19:53.723 INF fuck1 epoch change time (ms)=3118
03:19:53.755 INF Handling PREPREPARE. nReq=2190 senderID=1 sn=102
03:19:53.785 INF Sending PREPREPARE. nReq=247 senderID=0 sn=105 view=0
03:19:53.833 INF Committed entry. latency=0 nReq=1293 sn=103
03:19:53.834 INF Handling PREPREPARE. nReq=0 senderID=2 sn=107
03:19:53.834 INF Committed entry. latency=0 nReq=0 sn=107
03:19:53.834 INF Committed entry. latency=0 nReq=247 sn=105
03:19:53.862 INF Committed entry. latency=0 nReq=2190 sn=102
03:19:53.863 INF Delivered batch. nReq=2190 sn=102
03:19:53.899 INF Delivered batch. nReq=1293 sn=103
03:19:53.990 INF Starting new view. segID=9 timeout=120000 view=0
03:19:53.990 INF Advanced timeout advanced=27608779 initial=1000000000
03:19:53.990 INF Advanced timeout advanced=1027608779 initial=1000000000
03:19:53.990 INF Advanced timeout advanced=2027608779 initial=1000000000
03:19:53.990 INF Advanced timeout advanced=3027608779 initial=1000000000
03:19:53.990 INF Advanced timeout advanced=4027608779 initial=1000000000
03:19:53.990 INF Advanced timeout advanced=5027608779 initial=1000000000
03:19:53.991 INF Advanced timeout advanced=6027608779 initial=1000000000
03:19:53.991 INF Advanced timeout advanced=7027608779 initial=1000000000
03:19:53.991 INF Advanced timeout advanced=8027608779 initial=1000000000
03:19:53.991 INF Advanced timeout advanced=9027608779 initial=1000000000
03:19:53.991 INF Advanced timeout advanced=10027608779 initial=1000000000
03:19:53.991 INF Advanced timeout advanced=11027608779 initial=1000000000
03:19:53.991 INF Advanced timeout advanced=12027608779 initial=1000000000
03:19:53.991 INF Advanced timeout advanced=13027608779 initial=1000000000
03:19:53.991 INF Advanced timeout advanced=14027608779 initial=1000000000
03:19:53.991 INF Advanced timeout advanced=15027608779 initial=1000000000
03:19:53.991 INF Starting PBFT instance. first=104 last=164 segID=9
03:19:53.991 INF Starting serialized message processing. segID=9
03:19:54.591 INF Handling PREPREPARE. nReq=0 senderID=1 sn=106
03:19:54.596 INF Committed entry. latency=0 nReq=0 sn=106
03:19:54.670 INF Handling PREPREPARE. nReq=0 senderID=3 sn=104
03:19:54.675 INF Committed entry. latency=0 nReq=0 sn=104
03:19:54.675 INF Delivered batch. nReq=0 sn=104
03:19:54.675 INF Delivered batch. nReq=247 sn=105
03:19:54.684 INF Delivered batch. nReq=0 sn=106
03:19:54.684 INF Delivered batch. nReq=0 sn=107
03:19:54.684 INF Handling PREPREPARE. nReq=0 senderID=2 sn=111
03:19:54.688 INF Committed entry. latency=0 nReq=0 sn=111
03:19:54.782 INF Sending PREPREPARE. nReq=95 senderID=0 sn=109 view=0
03:19:54.798 INF Committed entry. latency=0 nReq=95 sn=109
03:19:55.592 INF Handling PREPREPARE. nReq=0 senderID=1 sn=110
03:19:55.598 INF Committed entry. latency=0 nReq=0 sn=110
03:19:55.672 INF Handling PREPREPARE. nReq=0 senderID=3 sn=108
03:19:55.677 INF Committed entry. latency=0 nReq=0 sn=108
03:19:55.677 INF Delivered batch. nReq=0 sn=108
03:19:55.678 INF Delivered batch. nReq=95 sn=109
03:19:55.678 INF Delivered batch. nReq=0 sn=110
03:19:55.678 INF Delivered batch. nReq=0 sn=111
03:19:55.691 INF Handling PREPREPARE. nReq=0 senderID=2 sn=115
03:19:55.697 INF Committed entry. latency=0 nReq=0 sn=115
03:19:55.786 INF Sending PREPREPARE. nReq=479 senderID=0 sn=113 view=0
03:19:55.841 INF Committed entry. latency=0 nReq=479 sn=113
03:19:56.593 INF Handling PREPREPARE. nReq=0 senderID=1 sn=114
03:19:56.599 INF Committed entry. latency=0 nReq=0 sn=114
03:19:56.673 INF Handling PREPREPARE. nReq=0 senderID=3 sn=112
03:19:56.678 INF Committed entry. latency=0 nReq=0 sn=112
03:19:56.679 INF Delivered batch. nReq=0 sn=112
03:19:56.679 INF Delivered batch. nReq=479 sn=113
03:19:56.680 INF Delivered batch. nReq=0 sn=114
03:19:56.680 INF Delivered batch. nReq=0 sn=115
03:19:56.712 INF Handling PREPREPARE. nReq=0 senderID=2 sn=119
03:19:56.717 INF Committed entry. latency=0 nReq=0 sn=119
03:19:56.785 INF Sending PREPREPARE. nReq=0 senderID=0 sn=117 view=0
03:19:56.790 INF Committed entry. latency=0 nReq=0 sn=117
03:19:57.594 INF Handling PREPREPARE. nReq=0 senderID=1 sn=118
03:19:57.601 INF Committed entry. latency=0 nReq=0 sn=118
03:19:57.673 INF Handling PREPREPARE. nReq=0 senderID=3 sn=116
03:19:57.679 INF Committed entry. latency=0 nReq=0 sn=116
03:19:57.679 INF Delivered batch. nReq=0 sn=116
03:19:57.679 INF Delivered batch. nReq=0 sn=117
03:19:57.680 INF Delivered batch. nReq=0 sn=118
03:19:57.680 INF Delivered batch. nReq=0 sn=119
03:19:57.706 INF Handling PREPREPARE. nReq=0 senderID=2 sn=123
03:19:57.711 INF Committed entry. latency=0 nReq=0 sn=123
03:19:57.786 INF Sending PREPREPARE. nReq=0 senderID=0 sn=121 view=0
03:19:57.792 INF Committed entry. latency=0 nReq=0 sn=121
03:19:57.861 INF Connection terminated. error="rpc error: code = Canceled desc = context canceled" address=127.0.0.1:38946
03:19:57.863 INF Finished sending bucket assignments to client. clId=0
03:19:58.399 INF Stopping profiler.
03:19:58.399 INF Stopping Tracer. events=1108 fileName=experiment-output/0000/slave-012/peer.trc
==================
WARNING: DATA RACE
Read at 0x00c000932cf8 by goroutine 109:
  github.com/hyperledger-labs/mirbft/tracing.(*BufferedTrace).Stop()
      /opt/gopath/src/github.com/hyperledger-labs/mirbft/tracing/bufferedtrace.go:237 +0x30e
  github.com/hyperledger-labs/mirbft/tracing.(*BufferedTrace).StopOnSignal.func1()
      /opt/gopath/src/github.com/hyperledger-labs/mirbft/tracing/bufferedtrace.go:298 +0x4e

Previous write at 0x00c000932cf8 by goroutine 108:
  github.com/hyperledger-labs/mirbft/tracing.(*BufferedTrace).Event()
      /opt/gopath/src/github.com/hyperledger-labs/mirbft/tracing/bufferedtrace.go:105 +0x2cd
  github.com/hyperledger-labs/mirbft/profiling.StartCPUTracing.func1()
      /opt/gopath/src/github.com/hyperledger-labs/mirbft/profiling/cpuusage.go:33 +0x95

Goroutine 109 (running) created at:
  github.com/hyperledger-labs/mirbft/tracing.(*BufferedTrace).StopOnSignal()
      /opt/gopath/src/github.com/hyperledger-labs/mirbft/tracing/bufferedtrace.go:292 +0x178
  main.setUpTracing()
      /opt/gopath/src/github.com/hyperledger-labs/mirbft/cmd/orderingpeer/main.go:408 +0xf5
  main.main()
      /opt/gopath/src/github.com/hyperledger-labs/mirbft/cmd/orderingpeer/main.go:110 +0x9e4
  runtime.deferreturn()
      /home/ubuntu/go/src/runtime/panic.go:476 +0x32
  main.main()
      /opt/gopath/src/github.com/hyperledger-labs/mirbft/cmd/orderingpeer/main.go:78 +0x56c

Goroutine 108 (running) created at:
  github.com/hyperledger-labs/mirbft/profiling.StartCPUTracing()
      /opt/gopath/src/github.com/hyperledger-labs/mirbft/profiling/cpuusage.go:30 +0xb9
  main.setUpTracing()
      /opt/gopath/src/github.com/hyperledger-labs/mirbft/cmd/orderingpeer/main.go:400 +0x85
  main.main()
      /opt/gopath/src/github.com/hyperledger-labs/mirbft/cmd/orderingpeer/main.go:110 +0x9e4
  runtime.deferreturn()
      /home/ubuntu/go/src/runtime/panic.go:476 +0x32
  main.main()
      /opt/gopath/src/github.com/hyperledger-labs/mirbft/cmd/orderingpeer/main.go:78 +0x56c
==================
03:19:58.404 INF Trace data written.
03:19:58.533 INF Connection terminated. error="rpc error: code = Canceled desc = context canceled" address=127.0.0.1:36218
03:19:58.533 INF Connection terminated. error="rpc error: code = Canceled desc = context canceled" address=127.0.0.1:36178
03:19:58.533 INF Connection terminated. error="rpc error: code = Canceled desc = context canceled" address=127.0.0.1:36158
03:19:58.534 INF Connection terminated. error="rpc error: code = Canceled desc = context canceled" address=127.0.0.1:35870
03:19:58.535 INF Connection terminated. error="rpc error: code = Canceled desc = context canceled" address=127.0.0.1:36288
03:19:58.535 INF Connection terminated. error="rpc error: code = Canceled desc = context canceled" address=127.0.0.1:35950
03:19:58.536 INF Connection terminated. error="rpc error: code = Canceled desc = context canceled" address=127.0.0.1:35966
03:19:58.536 INF Connection terminated. error="rpc error: code = Canceled desc = context canceled" address=127.0.0.1:35982
03:19:58.550 INF Connection terminated. error="rpc error: code = Canceled desc = context canceled" address=127.0.0.1:36300
03:19:58.550 INF Connection terminated. error="rpc error: code = Canceled desc = context canceled" address=127.0.0.1:36102
03:19:58.550 INF Connection terminated. error="rpc error: code = Canceled desc = context canceled" address=127.0.0.1:36098
03:19:58.551 INF Connection terminated. error="rpc error: code = Canceled desc = context canceled" address=127.0.0.1:36082
03:19:58.551 INF Connection terminated. error="rpc error: code = Canceled desc = context canceled" address=127.0.0.1:36066
03:19:58.551 INF Connection terminated. error="rpc error: code = Canceled desc = context canceled" address=127.0.0.1:36008
03:19:58.551 INF Connection terminated. error="rpc error: code = Canceled desc = context canceled" address=127.0.0.1:35962
03:19:58.551 INF Connection terminated. error="rpc error: code = Canceled desc = context canceled" address=127.0.0.1:35904
03:19:58.553 INF Connection terminated. error="rpc error: code = Canceled desc = context canceled" address=127.0.0.1:36204
03:19:58.553 INF Connection terminated. error="rpc error: code = Canceled desc = context canceled" address=127.0.0.1:36190
03:19:58.553 INF Connection terminated. error="rpc error: code = Canceled desc = context canceled" address=127.0.0.1:36292
03:19:58.553 INF Connection terminated. error="rpc error: code = Canceled desc = context canceled" address=127.0.0.1:36268
03:19:58.553 INF Connection terminated. error="rpc error: code = Canceled desc = context canceled" address=127.0.0.1:36232
03:19:58.553 INF Connection terminated. error="rpc error: code = Canceled desc = context canceled" address=127.0.0.1:36194
03:19:58.553 INF Connection terminated. error="rpc error: code = Canceled desc = context canceled" address=127.0.0.1:35994
03:19:58.554 INF Connection terminated. error="rpc error: code = Canceled desc = context canceled" address=127.0.0.1:35884
03:19:58.565 INF Connection terminated. error="rpc error: code = Canceled desc = context canceled" address=127.0.0.1:36262
03:19:58.565 INF Connection terminated. error="rpc error: code = Canceled desc = context canceled" address=127.0.0.1:36246
03:19:58.565 INF Connection terminated. error="rpc error: code = Canceled desc = context canceled" address=127.0.0.1:36280
03:19:58.565 INF Connection terminated. error="rpc error: code = Canceled desc = context canceled" address=127.0.0.1:36030
03:19:58.574 INF Connection terminated. error="rpc error: code = Canceled desc = context canceled" address=127.0.0.1:35936
03:19:58.574 INF Connection terminated. error="rpc error: code = Canceled desc = context canceled" address=127.0.0.1:35974
03:19:58.574 INF Connection terminated. error="rpc error: code = Canceled desc = context canceled" address=127.0.0.1:35914
03:19:58.574 INF Connection terminated. error="rpc error: code = Canceled desc = context canceled" address=127.0.0.1:35894
03:19:58.604 INF Connection terminated. error="rpc error: code = Canceled desc = context canceled" address=127.0.0.1:36040
03:19:58.604 INF Connection terminated. error="rpc error: code = Canceled desc = context canceled" address=127.0.0.1:35952
03:19:58.604 INF Connection terminated. error="rpc error: code = Canceled desc = context canceled" address=127.0.0.1:35928
03:19:58.604 INF Connection terminated. error="rpc error: code = Canceled desc = context canceled" address=127.0.0.1:35862
03:19:58.612 INF Connection terminated. error="rpc error: code = Canceled desc = context canceled" address=127.0.0.1:36172
03:19:58.613 INF Connection terminated. error="rpc error: code = Canceled desc = context canceled" address=127.0.0.1:36150
03:19:58.613 INF Connection terminated. error="rpc error: code = Canceled desc = context canceled" address=127.0.0.1:35908
03:19:58.613 INF Connection terminated. error="rpc error: code = Canceled desc = context canceled" address=127.0.0.1:35860
03:19:58.635 INF Profile data written. filename=experiment-output/0000/slave-012/prof.cpu name=cpu
03:19:58.645 INF Connection terminated. error="rpc error: code = Canceled desc = context canceled" address=127.0.0.1:36052
03:19:58.645 INF Connection terminated. error="rpc error: code = Canceled desc = context canceled" address=127.0.0.1:36038
03:19:58.645 INF Connection terminated. error="rpc error: code = Canceled desc = context canceled" address=127.0.0.1:36014
03:19:58.646 INF Connection terminated. error="rpc error: code = Canceled desc = context canceled" address=127.0.0.1:35938
03:19:58.671 INF Profile data written. filename=experiment-output/0000/slave-012/prof.block name=block
03:19:58.681 INF Profile data written. filename=experiment-output/0000/slave-012/prof.mutex name=mutex
