{"level":"debug","Logging":"info","time":"2025-08-01T03:03:52+08:00","message":"Config"}
{"level":"debug","UseTLS":false,"time":"2025-08-01T03:03:52+08:00","message":"Config"}
{"level":"debug","CACertFile":"tls-data/ca.pem","time":"2025-08-01T03:03:52+08:00","message":"Config"}
{"level":"debug","KeyFile":"tls-data/auth.key","time":"2025-08-01T03:03:52+08:00","message":"Config"}
{"level":"debug","CertFile":"tls-data/auth.pem","time":"2025-08-01T03:03:52+08:00","message":"Config"}
{"level":"debug","PriorityConnections":2,"time":"2025-08-01T03:03:52+08:00","message":"Config"}
{"level":"debug","BasicConnections":4,"time":"2025-08-01T03:03:52+08:00","message":"Config"}
{"level":"debug","TestConnections":false,"time":"2025-08-01T03:03:52+08:00","message":"Config"}
{"level":"debug","ExcessConnections":1,"time":"2025-08-01T03:03:52+08:00","message":"Config"}
{"level":"debug","ConnectionTestMsgs":4,"time":"2025-08-01T03:03:52+08:00","message":"Config"}
{"level":"debug","ConnectionTestPayload":131072,"time":"2025-08-01T03:03:52+08:00","message":"Config"}
{"level":"debug","OutMessageBufsize":1024,"time":"2025-08-01T03:03:52+08:00","message":"Config"}
{"level":"debug","OutMessageBufsize":1,"time":"2025-08-01T03:03:52+08:00","message":"Config"}
{"level":"debug","ThroughputCap":131072000,"time":"2025-08-01T03:03:52+08:00","message":"Config"}
{"level":"debug","StragglerTolerance":1000,"time":"2025-08-01T03:03:52+08:00","message":"Config"}
{"level":"debug","BatchSizeIncrement":256,"time":"2025-08-01T03:03:52+08:00","message":"Config"}
{"level":"debug","Orderer":"Pbft","time":"2025-08-01T03:03:52+08:00","message":"Config"}
{"level":"debug","Manager":"Mir","time":"2025-08-01T03:03:52+08:00","message":"Config"}
{"level":"debug","Failures":0,"time":"2025-08-01T03:03:52+08:00","message":"Config"}
{"level":"debug","CrashTiming":"EpochStart","time":"2025-08-01T03:03:52+08:00","message":"Config"}
{"level":"debug","CheckpointInterval":256,"time":"2025-08-01T03:03:52+08:00","message":"Config"}
{"level":"debug","WatermarkWindowSize":256,"time":"2025-08-01T03:03:52+08:00","message":"Config"}
{"level":"debug","EpochLength":256,"time":"2025-08-01T03:03:52+08:00","message":"Config"}
{"level":"debug","SegmentLength":64,"time":"2025-08-01T03:03:52+08:00","message":"Config"}
{"level":"debug","WaitForCheckpoints":true,"time":"2025-08-01T03:03:52+08:00","message":"Config"}
{"level":"debug","ClientWatermarkWindowSize":4194304,"time":"2025-08-01T03:03:52+08:00","message":"Config"}
{"level":"debug","ClientRequestBacklogSize":4194304,"time":"2025-08-01T03:03:52+08:00","message":"Config"}
{"level":"debug","RandomSeed":30014,"time":"2025-08-01T03:03:52+08:00","message":"Config"}
{"level":"debug","NodeToLeaderRatio":1,"time":"2025-08-01T03:03:52+08:00","message":"Config"}
{"level":"debug","LeaderPolicy":"Simple","time":"2025-08-01T03:03:52+08:00","message":"Config"}
{"level":"debug","DefaultLeaderBan":2,"time":"2025-08-01T03:03:52+08:00","message":"Config"}
{"level":"debug","NumBuckets":64,"time":"2025-08-01T03:03:52+08:00","message":"Config"}
{"level":"debug","BatchSize":4096,"time":"2025-08-01T03:03:52+08:00","message":"Config"}
{"level":"debug","BatchTimeoutMs":1000,"time":"2025-08-01T03:03:52+08:00","message":"Config"}
{"level":"debug","DisabledViewChange":false,"time":"2025-08-01T03:03:52+08:00","message":"Config"}
{"level":"debug","ViewChangeTimeout":60000,"time":"2025-08-01T03:03:52+08:00","message":"Config"}
{"level":"debug","ClientTraceSampling":10,"time":"2025-08-01T03:03:52+08:00","message":"Config"}
{"level":"debug","EventBufferSize":2097152,"time":"2025-08-01T03:03:52+08:00","message":"Config"}
{"level":"debug","TraceSampling":1,"time":"2025-08-01T03:03:52+08:00","message":"Config"}
{"level":"debug","ClientsPerProcess":1,"time":"2025-08-01T03:03:52+08:00","message":"Config"}
{"level":"debug","RequestsPerClient":7200000,"time":"2025-08-01T03:03:52+08:00","message":"Config"}
{"level":"debug","ClientRunTime":60000,"time":"2025-08-01T03:03:52+08:00","message":"Config"}
{"level":"debug","RequestRate":60000,"time":"2025-08-01T03:03:52+08:00","message":"Config"}
{"level":"debug","HardRequestRateLimit":false,"time":"2025-08-01T03:03:52+08:00","message":"Config"}
{"level":"debug","RequestPayloadSize":500,"time":"2025-08-01T03:03:52+08:00","message":"Config"}
{"level":"debug","SignRequests":true,"time":"2025-08-01T03:03:52+08:00","message":"Config"}
{"level":"debug","ClientPrivKeyFile":"tls-data/client-ecdsa-256.key","time":"2025-08-01T03:03:52+08:00","message":"Config"}
{"level":"debug","ClientPubKeyFile":"tls-data/client-ecdsa-256.pem","time":"2025-08-01T03:03:52+08:00","message":"Config"}
{"level":"debug","PrecomputeRequests":false,"time":"2025-08-01T03:03:52+08:00","message":"Config"}
{"level":"debug","RequestHandlerThreads":32,"time":"2025-08-01T03:03:52+08:00","message":"Config"}
{"level":"debug","RequestInputChannelBuffer":8192,"time":"2025-08-01T03:03:52+08:00","message":"Config"}
{"level":"debug","BatchVerifier":"external","time":"2025-08-01T03:03:52+08:00","message":"Config"}
03:03:52.014 INF Registered with discovery server. numPeers=4 ownID=0
03:03:52.015 INF Profiling enabled.
03:03:52.015 INF Setting up profiling.
03:03:52.015 INF Started Profiler: CPU
03:03:52.015 INF Started Profiler: BLOCK
03:03:52.015 INF Started Profiler: MUTEX
03:03:52.015 INF Profiler will stop on signal. exit=true
03:03:52.016 INF Tracing will stop on signal. exit=false
03:03:52.016 INF Started tracing. traceFile=experiment-output/0000/slave-003/peer.trc
03:03:52.017 INF Connecting to peer. addr=127.0.0.1:10011 basicConns=4 priorityConns=2
03:03:52.017 INF Connecting to peer. addr=127.0.0.1:10000 basicConns=4 priorityConns=2
03:03:52.017 INF Listening for connections. port=10000 useTLS=false
03:03:52.017 INF Connecting to peer. addr=127.0.0.1:10022 basicConns=4 priorityConns=2
03:03:52.017 INF Connecting to peer. addr=127.0.0.1:10033 basicConns=4 priorityConns=2
03:03:52.021 INF Incoming connection for protocol messages. addr=127.0.0.1:58076
03:03:52.021 INF Incoming connection for protocol messages. addr=127.0.0.1:58062
03:03:52.025 INF Incoming connection for protocol messages. addr=127.0.0.1:58074
03:03:52.027 INF Incoming connection for protocol messages. addr=127.0.0.1:58130
03:03:52.027 INF Incoming connection for protocol messages. addr=127.0.0.1:58086
03:03:52.029 INF Incoming connection for protocol messages. addr=127.0.0.1:58148
03:03:52.029 INF Incoming connection for protocol messages. addr=127.0.0.1:58150
03:03:52.028 INF Incoming connection for protocol messages. addr=127.0.0.1:58108
03:03:52.030 INF Incoming connection for protocol messages. addr=127.0.0.1:58190
03:03:52.031 INF Incoming connection for protocol messages. addr=127.0.0.1:58166
03:03:52.031 INF Incoming connection for protocol messages. addr=127.0.0.1:58136
03:03:52.031 INF Incoming connection for protocol messages. addr=127.0.0.1:58274
03:03:52.028 INF Incoming connection for protocol messages. addr=127.0.0.1:58094
03:03:52.032 INF Incoming connection for protocol messages. addr=127.0.0.1:58176
03:03:52.032 INF Incoming connection for protocol messages. addr=127.0.0.1:58214
03:03:52.032 INF Incoming connection for protocol messages. addr=127.0.0.1:58122
03:03:52.032 INF Incoming connection for protocol messages. addr=127.0.0.1:58194
03:03:52.032 INF Incoming connection for protocol messages. addr=127.0.0.1:58258
03:03:52.032 INF Incoming connection for protocol messages. addr=127.0.0.1:58242
03:03:52.032 INF Incoming connection for protocol messages. addr=127.0.0.1:58280
03:03:52.032 INF Incoming connection for protocol messages. addr=127.0.0.1:58230
03:03:52.032 INF Incoming connection for protocol messages. addr=127.0.0.1:58160
03:03:52.033 INF Incoming connection for protocol messages. addr=127.0.0.1:58202
03:03:52.033 INF Incoming connection for protocol messages. addr=127.0.0.1:58288
03:03:52.033 INF Connected to all peers.
03:03:53.027 INF All peers finished connecting. Starting ISS.
03:03:53.028 INF PbftOrderer received a new segment: [0 1 2 3 4 5 6 7 8 9 10 11 12 13 14 15 16 17 18 19 20 21 22 23 24 25 26 27 28 29 30 31 32 33 34 35 36 37 38 39 40 41 42 43 44 45 46 47 48 49 50 51 52 53 54 55 56 57 58 59 60 61 62 63] first leader=0 firstSN=0 lastSN=63 len=64 length=64 segId=0
03:03:53.067 INF Starting new view. segID=0 timeout=60000 view=0
03:03:53.068 INF Starting PBFT instance. first=0 last=63 segID=0
03:03:53.068 INF Starting serialized message processing. segID=0
03:03:54.068 INF Sending PREPREPARE. nReq=0 senderID=0 sn=0 view=0
03:03:54.077 INF Committed entry. latency=0 nReq=0 sn=0
03:03:54.078 INF Delivered batch. nReq=0 sn=0
03:03:55.069 INF Sending PREPREPARE. nReq=0 senderID=0 sn=1 view=0
03:03:55.073 INF Committed entry. latency=0 nReq=0 sn=1
03:03:55.073 INF Delivered batch. nReq=0 sn=1
03:03:55.117 INF Incoming connection for requests. addr=127.0.0.1:58298
03:03:55.504 INF Sending PREPREPARE. nReq=4096 senderID=0 sn=2 view=0
03:03:55.624 INF Committed entry. latency=0 nReq=4096 sn=2
03:03:55.624 INF Delivered batch. nReq=4096 sn=2
03:03:56.510 INF Sending PREPREPARE. nReq=2378 senderID=0 sn=3 view=0
03:03:56.594 INF Committed entry. latency=0 nReq=2378 sn=3
03:03:56.594 INF Delivered batch. nReq=2378 sn=3
03:03:57.502 INF Sending PREPREPARE. nReq=1236 senderID=0 sn=4 view=0
03:03:57.555 INF Committed entry. latency=0 nReq=1236 sn=4
03:03:57.555 INF Delivered batch. nReq=1236 sn=4
03:03:58.096 INF Sending PREPREPARE. nReq=4096 senderID=0 sn=5 view=0
03:03:58.205 INF Committed entry. latency=0 nReq=4096 sn=5
03:03:58.205 INF Delivered batch. nReq=4096 sn=5
03:03:59.096 INF Sending PREPREPARE. nReq=2381 senderID=0 sn=6 view=0
03:03:59.164 INF Committed entry. latency=0 nReq=2381 sn=6
03:03:59.164 INF Delivered batch. nReq=2381 sn=6
03:04:00.099 INF Sending PREPREPARE. nReq=4011 senderID=0 sn=7 view=0
03:04:00.205 INF Committed entry. latency=0 nReq=4011 sn=7
03:04:00.205 INF Delivered batch. nReq=4011 sn=7
03:04:01.098 INF Sending PREPREPARE. nReq=2201 senderID=0 sn=8 view=0
03:04:01.167 INF Committed entry. latency=0 nReq=2201 sn=8
03:04:01.167 INF Delivered batch. nReq=2201 sn=8
03:04:02.020 INF Sending PREPREPARE. nReq=4096 senderID=0 sn=9 view=0
03:04:02.168 INF Committed entry. latency=0 nReq=4096 sn=9
03:04:02.168 INF Delivered batch. nReq=4096 sn=9
03:04:03.029 INF Sending PREPREPARE. nReq=2665 senderID=0 sn=10 view=0
03:04:03.131 INF Committed entry. latency=0 nReq=2665 sn=10
03:04:03.131 INF Delivered batch. nReq=2665 sn=10
03:04:03.994 INF Sending PREPREPARE. nReq=4096 senderID=0 sn=11 view=0
03:04:04.108 INF Committed entry. latency=0 nReq=4096 sn=11
03:04:04.108 INF Delivered batch. nReq=4096 sn=11
03:04:05.003 INF Sending PREPREPARE. nReq=2416 senderID=0 sn=12 view=0
03:04:05.071 INF Committed entry. latency=0 nReq=2416 sn=12
03:04:05.071 INF Delivered batch. nReq=2416 sn=12
03:04:05.995 INF Sending PREPREPARE. nReq=1258 senderID=0 sn=13 view=0
03:04:06.077 INF Committed entry. latency=0 nReq=1258 sn=13
03:04:06.077 INF Delivered batch. nReq=1258 sn=13
03:04:06.649 INF Sending PREPREPARE. nReq=4096 senderID=0 sn=14 view=0
03:04:06.761 INF Committed entry. latency=0 nReq=4096 sn=14
03:04:06.761 INF Delivered batch. nReq=4096 sn=14
03:04:07.655 INF Sending PREPREPARE. nReq=2535 senderID=0 sn=15 view=0
03:04:07.741 INF Committed entry. latency=0 nReq=2535 sn=15
03:04:07.741 INF Delivered batch. nReq=2535 sn=15
03:04:08.652 INF Sending PREPREPARE. nReq=3771 senderID=0 sn=16 view=0
03:04:08.770 INF Committed entry. latency=0 nReq=3771 sn=16
03:04:08.770 INF Delivered batch. nReq=3771 sn=16
03:04:09.657 INF Sending PREPREPARE. nReq=2464 senderID=0 sn=17 view=0
03:04:09.732 INF Committed entry. latency=0 nReq=2464 sn=17
03:04:09.733 INF Delivered batch. nReq=2464 sn=17
03:04:10.593 INF Sending PREPREPARE. nReq=4096 senderID=0 sn=18 view=0
03:04:10.724 INF Committed entry. latency=0 nReq=4096 sn=18
03:04:10.724 INF Delivered batch. nReq=4096 sn=18
03:04:11.598 INF Sending PREPREPARE. nReq=2365 senderID=0 sn=19 view=0
03:04:11.664 INF Committed entry. latency=0 nReq=2365 sn=19
03:04:11.664 INF Delivered batch. nReq=2365 sn=19
03:04:12.599 INF Sending PREPREPARE. nReq=4049 senderID=0 sn=20 view=0
03:04:12.708 INF Committed entry. latency=0 nReq=4049 sn=20
03:04:12.709 INF Delivered batch. nReq=4049 sn=20
03:04:13.599 INF Sending PREPREPARE. nReq=2317 senderID=0 sn=21 view=0
03:04:13.658 INF Committed entry. latency=0 nReq=2317 sn=21
03:04:13.659 INF Delivered batch. nReq=2317 sn=21
03:04:14.602 INF Sending PREPREPARE. nReq=3646 senderID=0 sn=22 view=0
03:04:14.703 INF Committed entry. latency=0 nReq=3646 sn=22
03:04:14.703 INF Delivered batch. nReq=3646 sn=22
03:04:15.609 INF Sending PREPREPARE. nReq=2156 senderID=0 sn=23 view=0
03:04:15.670 INF Committed entry. latency=0 nReq=2156 sn=23
03:04:15.670 INF Delivered batch. nReq=2156 sn=23
03:04:16.433 INF Sending PREPREPARE. nReq=4096 senderID=0 sn=24 view=0
03:04:16.568 INF Committed entry. latency=0 nReq=4096 sn=24
03:04:16.568 INF Delivered batch. nReq=4096 sn=24
03:04:17.298 INF Sending PREPREPARE. nReq=4096 senderID=0 sn=25 view=0
03:04:17.408 INF Committed entry. latency=0 nReq=4096 sn=25
03:04:17.408 INF Delivered batch. nReq=4096 sn=25
03:04:18.304 INF Sending PREPREPARE. nReq=2551 senderID=0 sn=26 view=0
03:04:18.376 INF Committed entry. latency=0 nReq=2551 sn=26
03:04:18.376 INF Delivered batch. nReq=2551 sn=26
03:04:19.300 INF Sending PREPREPARE. nReq=2538 senderID=0 sn=27 view=0
03:04:19.386 INF Committed entry. latency=0 nReq=2538 sn=27
03:04:19.386 INF Delivered batch. nReq=2538 sn=27
03:04:20.241 INF Sending PREPREPARE. nReq=4096 senderID=0 sn=28 view=0
03:04:20.367 INF Committed entry. latency=0 nReq=4096 sn=28
03:04:20.367 INF Delivered batch. nReq=4096 sn=28
03:04:21.244 INF Sending PREPREPARE. nReq=2282 senderID=0 sn=29 view=0
03:04:21.318 INF Committed entry. latency=0 nReq=2282 sn=29
03:04:21.318 INF Delivered batch. nReq=2282 sn=29
03:04:22.260 INF Sending PREPREPARE. nReq=3585 senderID=0 sn=30 view=0
03:04:22.367 INF Committed entry. latency=0 nReq=3585 sn=30
03:04:22.367 INF Delivered batch. nReq=3585 sn=30
03:04:23.258 INF Sending PREPREPARE. nReq=2176 senderID=0 sn=31 view=0
03:04:23.319 INF Committed entry. latency=0 nReq=2176 sn=31
03:04:23.319 INF Delivered batch. nReq=2176 sn=31
03:04:24.125 INF Sending PREPREPARE. nReq=4096 senderID=0 sn=32 view=0
03:04:24.266 INF Committed entry. latency=0 nReq=4096 sn=32
03:04:24.266 INF Delivered batch. nReq=4096 sn=32
03:04:25.125 INF Sending PREPREPARE. nReq=2818 senderID=0 sn=33 view=0
03:04:25.204 INF Committed entry. latency=0 nReq=2818 sn=33
03:04:25.204 INF Delivered batch. nReq=2818 sn=33
03:04:26.125 INF Sending PREPREPARE. nReq=1056 senderID=0 sn=34 view=0
03:04:26.194 INF Committed entry. latency=0 nReq=1056 sn=34
03:04:26.194 INF Delivered batch. nReq=1056 sn=34
03:04:26.679 INF Sending PREPREPARE. nReq=4096 senderID=0 sn=35 view=0
03:04:26.794 INF Committed entry. latency=0 nReq=4096 sn=35
03:04:26.794 INF Delivered batch. nReq=4096 sn=35
03:04:27.681 INF Sending PREPREPARE. nReq=2759 senderID=0 sn=36 view=0
03:04:27.762 INF Committed entry. latency=0 nReq=2759 sn=36
03:04:27.762 INF Delivered batch. nReq=2759 sn=36
03:04:28.676 INF Sending PREPREPARE. nReq=871 senderID=0 sn=37 view=0
03:04:28.750 INF Committed entry. latency=0 nReq=871 sn=37
03:04:28.750 INF Delivered batch. nReq=871 sn=37
03:04:29.188 INF Sending PREPREPARE. nReq=4096 senderID=0 sn=38 view=0
03:04:29.292 INF Committed entry. latency=0 nReq=4096 sn=38
03:04:29.292 INF Delivered batch. nReq=4096 sn=38
03:04:30.195 INF Sending PREPREPARE. nReq=2454 senderID=0 sn=39 view=0
03:04:30.264 INF Committed entry. latency=0 nReq=2454 sn=39
03:04:30.264 INF Delivered batch. nReq=2454 sn=39
03:04:31.142 INF Sending PREPREPARE. nReq=4096 senderID=0 sn=40 view=0
03:04:31.290 INF Committed entry. latency=0 nReq=4096 sn=40
03:04:31.290 INF Delivered batch. nReq=4096 sn=40
03:04:32.137 INF Sending PREPREPARE. nReq=3394 senderID=0 sn=41 view=0
03:04:32.219 INF Committed entry. latency=0 nReq=3394 sn=41
03:04:32.219 INF Delivered batch. nReq=3394 sn=41
03:04:33.136 INF Sending PREPREPARE. nReq=744 senderID=0 sn=42 view=0
03:04:33.166 INF Committed entry. latency=0 nReq=744 sn=42
03:04:33.166 INF Delivered batch. nReq=744 sn=42
03:04:33.675 INF Sending PREPREPARE. nReq=4096 senderID=0 sn=43 view=0
03:04:33.803 INF Committed entry. latency=0 nReq=4096 sn=43
03:04:33.803 INF Delivered batch. nReq=4096 sn=43
03:04:34.675 INF Sending PREPREPARE. nReq=2566 senderID=0 sn=44 view=0
03:04:34.754 INF Committed entry. latency=0 nReq=2566 sn=44
03:04:34.754 INF Delivered batch. nReq=2566 sn=44
03:04:35.619 INF Sending PREPREPARE. nReq=4096 senderID=0 sn=45 view=0
03:04:35.728 INF Committed entry. latency=0 nReq=4096 sn=45
03:04:35.728 INF Delivered batch. nReq=4096 sn=45
03:04:36.626 INF Sending PREPREPARE. nReq=2514 senderID=0 sn=46 view=0
03:04:36.743 INF Committed entry. latency=0 nReq=2514 sn=46
03:04:36.743 INF Delivered batch. nReq=2514 sn=46
03:04:37.623 INF Sending PREPREPARE. nReq=2719 senderID=0 sn=47 view=0
03:04:37.699 INF Committed entry. latency=0 nReq=2719 sn=47
03:04:37.699 INF Delivered batch. nReq=2719 sn=47
03:04:38.557 INF Sending PREPREPARE. nReq=4096 senderID=0 sn=48 view=0
03:04:38.693 INF Committed entry. latency=0 nReq=4096 sn=48
03:04:38.693 INF Delivered batch. nReq=4096 sn=48
03:04:39.323 INF Sending PREPREPARE. nReq=4096 senderID=0 sn=49 view=0
03:04:39.466 INF Committed entry. latency=0 nReq=4096 sn=49
03:04:39.466 INF Delivered batch. nReq=4096 sn=49
03:04:40.331 INF Sending PREPREPARE. nReq=3532 senderID=0 sn=50 view=0
03:04:40.424 INF Committed entry. latency=0 nReq=3532 sn=50
03:04:40.424 INF Delivered batch. nReq=3532 sn=50
03:04:41.326 INF Sending PREPREPARE. nReq=796 senderID=0 sn=51 view=0
03:04:41.362 INF Committed entry. latency=0 nReq=796 sn=51
03:04:41.362 INF Delivered batch. nReq=796 sn=51
03:04:42.055 INF Sending PREPREPARE. nReq=4096 senderID=0 sn=52 view=0
03:04:42.178 INF Committed entry. latency=0 nReq=4096 sn=52
03:04:42.178 INF Delivered batch. nReq=4096 sn=52
03:04:43.065 INF Sending PREPREPARE. nReq=3288 senderID=0 sn=53 view=0
03:04:43.157 INF Committed entry. latency=0 nReq=3288 sn=53
03:04:43.157 INF Delivered batch. nReq=3288 sn=53
03:04:44.057 INF Sending PREPREPARE. nReq=1091 senderID=0 sn=54 view=0
03:04:44.129 INF Committed entry. latency=0 nReq=1091 sn=54
03:04:44.129 INF Delivered batch. nReq=1091 sn=54
03:04:44.542 INF Sending PREPREPARE. nReq=4096 senderID=0 sn=55 view=0
03:04:44.660 INF Committed entry. latency=0 nReq=4096 sn=55
03:04:44.660 INF Delivered batch. nReq=4096 sn=55
03:04:45.558 INF Sending PREPREPARE. nReq=3415 senderID=0 sn=56 view=0
03:04:45.691 INF Committed entry. latency=0 nReq=3415 sn=56
03:04:45.691 INF Delivered batch. nReq=3415 sn=56
03:04:46.566 INF Sending PREPREPARE. nReq=2443 senderID=0 sn=57 view=0
03:04:46.698 INF Committed entry. latency=0 nReq=2443 sn=57
03:04:46.698 INF Delivered batch. nReq=2443 sn=57
03:04:47.454 INF Sending PREPREPARE. nReq=4096 senderID=0 sn=58 view=0
03:04:47.592 INF Committed entry. latency=0 nReq=4096 sn=58
03:04:47.592 INF Delivered batch. nReq=4096 sn=58
03:04:48.453 INF Sending PREPREPARE. nReq=2509 senderID=0 sn=59 view=0
03:04:48.529 INF Committed entry. latency=0 nReq=2509 sn=59
03:04:48.529 INF Delivered batch. nReq=2509 sn=59
03:04:49.367 INF Sending PREPREPARE. nReq=4096 senderID=0 sn=60 view=0
03:04:49.470 INF Committed entry. latency=0 nReq=4096 sn=60
03:04:49.470 INF Delivered batch. nReq=4096 sn=60
03:04:50.376 INF Sending PREPREPARE. nReq=2704 senderID=0 sn=61 view=0
03:04:50.443 INF Committed entry. latency=0 nReq=2704 sn=61
03:04:50.443 INF Delivered batch. nReq=2704 sn=61
03:04:51.368 INF Sending PREPREPARE. nReq=1190 senderID=0 sn=62 view=0
03:04:51.428 INF Committed entry. latency=0 nReq=1190 sn=62
03:04:51.428 INF Delivered batch. nReq=1190 sn=62
03:04:51.937 INF Sending PREPREPARE. nReq=4096 senderID=0 sn=63 view=0
03:04:52.065 INF Committed entry. latency=0 nReq=4096 sn=63
03:04:52.065 INF Delivered batch. nReq=4096 sn=63
==================
WARNING: DATA RACE
Read at 0x000001303380 by goroutine 528:
  github.com/hyperledger-labs/mirbft/manager.(*MirManager).handleLogEntries()
      /opt/gopath/src/github.com/hyperledger-labs/mirbft/manager/mirmanager.go:170 +0x774
  github.com/hyperledger-labs/mirbft/manager.(*MirManager).Start.func2()
      /opt/gopath/src/github.com/hyperledger-labs/mirbft/manager/mirmanager.go:112 +0x47

Previous write at 0x000001303380 by goroutine 543:
  github.com/hyperledger-labs/mirbft/log.publishEntries()
      /opt/gopath/src/github.com/hyperledger-labs/mirbft/log/log.go:281 +0x2e4
  github.com/hyperledger-labs/mirbft/log.CommitEntry()
      /opt/gopath/src/github.com/hyperledger-labs/mirbft/log/log.go:108 +0x284
  github.com/hyperledger-labs/mirbft/announcer.Announce()
      /opt/gopath/src/github.com/hyperledger-labs/mirbft/announcer/announcer.go:26 +0x370
  github.com/hyperledger-labs/mirbft/orderer.(*pbftInstance).announce()
      /opt/gopath/src/github.com/hyperledger-labs/mirbft/orderer/pbftinstance.go:726 +0x36b
  github.com/hyperledger-labs/mirbft/orderer.(*pbftInstance).handleCommit()
      /opt/gopath/src/github.com/hyperledger-labs/mirbft/orderer/pbftinstance.go:664 +0x7bd
  github.com/hyperledger-labs/mirbft/orderer.(*pbftInstance).handleMessage()
      /opt/gopath/src/github.com/hyperledger-labs/mirbft/orderer/pbftinstance.go:1810 +0x2e5
  github.com/hyperledger-labs/mirbft/orderer.(*pbftInstance).processSerializedMessages()
      /opt/gopath/src/github.com/hyperledger-labs/mirbft/orderer/pbftinstance.go:1764 +0xdd
  github.com/hyperledger-labs/mirbft/orderer.(*PbftOrderer).runSegment.func2()
      /opt/gopath/src/github.com/hyperledger-labs/mirbft/orderer/pbftorderer.go:199 +0x39

Goroutine 528 (running) created at:
  github.com/hyperledger-labs/mirbft/manager.(*MirManager).Start()
      /opt/gopath/src/github.com/hyperledger-labs/mirbft/manager/mirmanager.go:112 +0x191
  main.main.func4()
      /opt/gopath/src/github.com/hyperledger-labs/mirbft/cmd/orderingpeer/main.go:185 +0x59

Goroutine 543 (running) created at:
  github.com/hyperledger-labs/mirbft/orderer.(*PbftOrderer).runSegment()
      /opt/gopath/src/github.com/hyperledger-labs/mirbft/orderer/pbftorderer.go:199 +0x3f6
  github.com/hyperledger-labs/mirbft/orderer.(*PbftOrderer).Start()
      /opt/gopath/src/github.com/hyperledger-labs/mirbft/orderer/pbftorderer.go:176 +0x344
  main.main.func5()
      /opt/gopath/src/github.com/hyperledger-labs/mirbft/cmd/orderingpeer/main.go:186 +0x59
==================
==================
WARNING: DATA RACE
Read at 0x000001303390 by goroutine 528:
  github.com/hyperledger-labs/mirbft/manager.(*MirManager).handleLogEntries()
      /opt/gopath/src/github.com/hyperledger-labs/mirbft/manager/mirmanager.go:171 +0x804
  github.com/hyperledger-labs/mirbft/manager.(*MirManager).Start.func2()
      /opt/gopath/src/github.com/hyperledger-labs/mirbft/manager/mirmanager.go:112 +0x47

Previous write at 0x000001303390 by goroutine 543:
  github.com/hyperledger-labs/mirbft/log.publishEntries()
      /opt/gopath/src/github.com/hyperledger-labs/mirbft/log/log.go:286 +0x6e4
  github.com/hyperledger-labs/mirbft/log.CommitEntry()
      /opt/gopath/src/github.com/hyperledger-labs/mirbft/log/log.go:108 +0x284
  github.com/hyperledger-labs/mirbft/announcer.Announce()
      /opt/gopath/src/github.com/hyperledger-labs/mirbft/announcer/announcer.go:26 +0x370
  github.com/hyperledger-labs/mirbft/orderer.(*pbftInstance).announce()
      /opt/gopath/src/github.com/hyperledger-labs/mirbft/orderer/pbftinstance.go:726 +0x36b
  github.com/hyperledger-labs/mirbft/orderer.(*pbftInstance).handleCommit()
      /opt/gopath/src/github.com/hyperledger-labs/mirbft/orderer/pbftinstance.go:664 +0x7bd
  github.com/hyperledger-labs/mirbft/orderer.(*pbftInstance).handleMessage()
      /opt/gopath/src/github.com/hyperledger-labs/mirbft/orderer/pbftinstance.go:1810 +0x2e5
  github.com/hyperledger-labs/mirbft/orderer.(*pbftInstance).processSerializedMessages()
      /opt/gopath/src/github.com/hyperledger-labs/mirbft/orderer/pbftinstance.go:1764 +0xdd
  github.com/hyperledger-labs/mirbft/orderer.(*PbftOrderer).runSegment.func2()
      /opt/gopath/src/github.com/hyperledger-labs/mirbft/orderer/pbftorderer.go:199 +0x39

Goroutine 528 (running) created at:
  github.com/hyperledger-labs/mirbft/manager.(*MirManager).Start()
      /opt/gopath/src/github.com/hyperledger-labs/mirbft/manager/mirmanager.go:112 +0x191
  main.main.func4()
      /opt/gopath/src/github.com/hyperledger-labs/mirbft/cmd/orderingpeer/main.go:185 +0x59

Goroutine 543 (running) created at:
  github.com/hyperledger-labs/mirbft/orderer.(*PbftOrderer).runSegment()
      /opt/gopath/src/github.com/hyperledger-labs/mirbft/orderer/pbftorderer.go:199 +0x3f6
  github.com/hyperledger-labs/mirbft/orderer.(*PbftOrderer).Start()
      /opt/gopath/src/github.com/hyperledger-labs/mirbft/orderer/pbftorderer.go:176 +0x344
  main.main.func5()
      /opt/gopath/src/github.com/hyperledger-labs/mirbft/cmd/orderingpeer/main.go:186 +0x59
==================
==================
WARNING: DATA RACE
Read at 0x000001303398 by goroutine 528:
  github.com/hyperledger-labs/mirbft/manager.(*MirManager).handleLogEntries()
      /opt/gopath/src/github.com/hyperledger-labs/mirbft/manager/mirmanager.go:172 +0x8a4
  github.com/hyperledger-labs/mirbft/manager.(*MirManager).Start.func2()
      /opt/gopath/src/github.com/hyperledger-labs/mirbft/manager/mirmanager.go:112 +0x47

Previous write at 0x000001303398 by goroutine 557:
  github.com/hyperledger-labs/mirbft/request.HandleRequest()
      /opt/gopath/src/github.com/hyperledger-labs/mirbft/request/requesthandler.go:49 +0x1d3
  github.com/hyperledger-labs/mirbft/messenger.(*messengerServer).Request()
      /opt/gopath/src/github.com/hyperledger-labs/mirbft/messenger/clients.go:77 +0x19d
  github.com/hyperledger-labs/mirbft/protobufs._Messenger_Request_Handler()
      /opt/gopath/src/github.com/hyperledger-labs/mirbft/protobufs/messenger.pb.go:1158 +0xc2
  google.golang.org/grpc.(*Server).processStreamingRPC()
      /opt/gopath/src/google.golang.org/grpc/server.go:1673 +0x1e87
  google.golang.org/grpc.(*Server).handleStream()
      /opt/gopath/src/google.golang.org/grpc/server.go:1794 +0x19c6
  google.golang.org/grpc.(*Server).serveStreams.func2.1()
      /opt/gopath/src/google.golang.org/grpc/server.go:1029 +0x125

Goroutine 528 (running) created at:
  github.com/hyperledger-labs/mirbft/manager.(*MirManager).Start()
      /opt/gopath/src/github.com/hyperledger-labs/mirbft/manager/mirmanager.go:112 +0x191
  main.main.func4()
      /opt/gopath/src/github.com/hyperledger-labs/mirbft/cmd/orderingpeer/main.go:185 +0x59

Goroutine 557 (running) created at:
  google.golang.org/grpc.(*Server).serveStreams.func2()
      /opt/gopath/src/google.golang.org/grpc/server.go:1040 +0x224
  google.golang.org/grpc/internal/transport.(*http2Server).operateHeaders()
      /opt/gopath/src/google.golang.org/grpc/internal/transport/http2_server.go:631 +0x389e
  google.golang.org/grpc/internal/transport.(*http2Server).HandleStreams()
      /opt/gopath/src/google.golang.org/grpc/internal/transport/http2_server.go:672 +0x258
  google.golang.org/grpc.(*Server).serveStreams()
      /opt/gopath/src/google.golang.org/grpc/server.go:1023 +0x68b
  google.golang.org/grpc.(*Server).handleRawConn.func1()
      /opt/gopath/src/google.golang.org/grpc/server.go:959 +0x9c
==================
03:04:52.075 INF Sending segment checkpoint. lastSn=63 segID=0
03:04:52.076 INF PBFT checkpoint ready. Scheduling catchup. lastSn=63 segID=0
03:04:52.078 INF fuck! epoch=64 epoch time (ms)=59037 leaders=3 viewtimeout=104000
03:04:52.078 INF Epoch finished. Waiting for stable checkpoint. sn=63
03:04:52.079 INF New stable checkpoint. sn=63
03:04:52.079 INF Closing message serializers. segID=0
03:04:52.079 INF Received stable checkpoint notification. sn=63
03:04:52.079 INF Epoch end confirmed. chkpSn=63
03:04:52.079 INF Statistics commitTs=1753988634077794171 duration=8468241 proposeTs=1753988634069325930 sn=0
03:04:52.079 INF Advancing watermarks. numEntries=64
03:04:52.079 INF Statistics commitTs=1753988635073034374 duration=3213300 proposeTs=1753988635069821074 sn=1
03:04:52.079 INF Statistics commitTs=1753988635620968493 duration=93198984 proposeTs=1753988635527769509 sn=2
03:04:52.079 INF Statistics commitTs=1753988636591599408 duration=60835439 proposeTs=1753988636530763969 sn=3
03:04:52.079 INF Statistics commitTs=1753988637553964177 duration=41265666 proposeTs=1753988637512698511 sn=4
03:04:52.079 INF Statistics commitTs=1753988638202426304 duration=82359009 proposeTs=1753988638120067295 sn=5
03:04:52.080 INF Statistics commitTs=1753988639163044099 duration=49137412 proposeTs=1753988639113906687 sn=6
03:04:52.080 INF Statistics commitTs=1753988640202472882 duration=83393823 proposeTs=1753988640119079059 sn=7
03:04:52.080 INF Statistics commitTs=1753988641164237002 duration=54951012 proposeTs=1753988641109285990 sn=8
03:04:52.080 INF Statistics commitTs=1753988642165185648 duration=115958875 proposeTs=1753988642049226773 sn=9
03:04:52.080 INF Statistics commitTs=1753988643128449556 duration=76878032 proposeTs=1753988643051571524 sn=10
03:04:52.080 INF Statistics commitTs=1753988644104605646 duration=86813088 proposeTs=1753988644017792558 sn=11
03:04:52.080 INF Statistics commitTs=1753988645069388503 duration=48957305 proposeTs=1753988645020431198 sn=12
03:04:52.080 INF Statistics commitTs=1753988646076448558 duration=70982417 proposeTs=1753988646005466141 sn=13
03:04:52.080 INF Statistics commitTs=1753988646757475692 duration=85007490 proposeTs=1753988646672468202 sn=14
03:04:52.080 INF Statistics commitTs=1753988647739379222 duration=53970995 proposeTs=1753988647685408227 sn=15
03:04:52.080 INF Statistics commitTs=1753988648767574086 duration=91409943 proposeTs=1753988648676164143 sn=16
03:04:52.080 INF Statistics commitTs=1753988649730594726 duration=55248088 proposeTs=1753988649675346638 sn=17
03:04:52.080 INF Statistics commitTs=1753988650721791210 duration=102960781 proposeTs=1753988650618830429 sn=18
03:04:52.081 INF Statistics commitTs=1753988651662512517 duration=45310019 proposeTs=1753988651617202498 sn=19
03:04:52.081 INF Statistics commitTs=1753988652705661952 duration=81109537 proposeTs=1753988652624552415 sn=20
03:04:52.081 INF Statistics commitTs=1753988653656727667 duration=44674145 proposeTs=1753988653612053522 sn=21
03:04:52.081 INF Statistics commitTs=1753988654700912307 duration=79833480 proposeTs=1753988654621078827 sn=22
03:04:52.081 INF Statistics commitTs=1753988655669268139 duration=39534957 proposeTs=1753988655629733182 sn=23
03:04:52.081 INF Statistics commitTs=1753988656563895292 duration=78475355 proposeTs=1753988656485419937 sn=24
03:04:52.081 INF Statistics commitTs=1753988657404836338 duration=80618361 proposeTs=1753988657324217977 sn=25
03:04:52.081 INF Statistics commitTs=1753988658374419134 duration=46295594 proposeTs=1753988658328123540 sn=26
03:04:52.081 INF Statistics commitTs=1753988659384300308 duration=67004801 proposeTs=1753988659317295507 sn=27
03:04:52.081 INF Statistics commitTs=1753988660363951146 duration=96651594 proposeTs=1753988660267299552 sn=28
03:04:52.081 INF Statistics commitTs=1753988661316443261 duration=51684897 proposeTs=1753988661264758364 sn=29
03:04:52.081 INF Statistics commitTs=1753988662363204596 duration=81656454 proposeTs=1753988662281548142 sn=30
03:04:52.081 INF Statistics commitTs=1753988663317681291 duration=45694765 proposeTs=1753988663271986526 sn=31
03:04:52.081 INF Statistics commitTs=1753988664262900640 duration=108029750 proposeTs=1753988664154870890 sn=32
03:04:52.081 INF Statistics commitTs=1753988665202593086 duration=60714681 proposeTs=1753988665141878405 sn=33
03:04:52.082 INF Statistics commitTs=1753988666193119278 duration=57628909 proposeTs=1753988666135490369 sn=34
03:04:52.082 INF Statistics commitTs=1753988666791026301 duration=87327426 proposeTs=1753988666703698875 sn=35
03:04:52.082 INF Statistics commitTs=1753988667760555456 duration=63080286 proposeTs=1753988667697475170 sn=36
03:04:52.082 INF Statistics commitTs=1753988668748604250 duration=59645666 proposeTs=1753988668688958584 sn=37
03:04:52.082 INF Statistics commitTs=1753988669289455148 duration=77783943 proposeTs=1753988669211671205 sn=38
03:04:52.082 INF Statistics commitTs=1753988670261526425 duration=50542984 proposeTs=1753988670210983441 sn=39
03:04:52.082 INF Statistics commitTs=1753988671286484829 duration=109090416 proposeTs=1753988671177394413 sn=40
03:04:52.082 INF Statistics commitTs=1753988672216220267 duration=61358016 proposeTs=1753988672154862251 sn=41
03:04:52.082 INF Statistics commitTs=1753988673165735081 duration=20130079 proposeTs=1753988673145605002 sn=42
03:04:52.082 INF Statistics commitTs=1753988673800297704 duration=101712696 proposeTs=1753988673698585008 sn=43
03:04:52.082 INF Statistics commitTs=1753988674752250639 duration=58200840 proposeTs=1753988674694049799 sn=44
03:04:52.083 INF Statistics commitTs=1753988675725180391 duration=80971588 proposeTs=1753988675644208803 sn=45
03:04:52.083 INF Statistics commitTs=1753988676741211876 duration=82897703 proposeTs=1753988676658314173 sn=46
03:04:52.083 INF Statistics commitTs=1753988677697107583 duration=55853680 proposeTs=1753988677641253903 sn=47
03:04:52.083 INF Statistics commitTs=1753988678689740748 duration=96561937 proposeTs=1753988678593178811 sn=48
03:04:52.083 INF Statistics commitTs=1753988679462436984 duration=109074100 proposeTs=1753988679353362884 sn=49
03:04:52.083 INF Statistics commitTs=1753988680421293022 duration=68623961 proposeTs=1753988680352669061 sn=50
03:04:52.083 INF Statistics commitTs=1753988681362138241 duration=23736825 proposeTs=1753988681338401416 sn=51
03:04:52.083 INF Statistics commitTs=1753988682174569935 duration=95606737 proposeTs=1753988682078963198 sn=52
03:04:52.083 INF Statistics commitTs=1753988683154766141 duration=65475011 proposeTs=1753988683089291130 sn=53
03:04:52.083 INF Statistics commitTs=1753988684128718268 duration=59311388 proposeTs=1753988684069406880 sn=54
03:04:52.083 INF Statistics commitTs=1753988684656056555 duration=88443329 proposeTs=1753988684567613226 sn=55
03:04:52.083 INF Statistics commitTs=1753988685688629991 duration=99676206 proposeTs=1753988685588953785 sn=56
03:04:52.084 INF Statistics commitTs=1753988686696200293 duration=92573370 proposeTs=1753988686603626923 sn=57
03:04:52.084 INF Statistics commitTs=1753988687588902623 duration=110869887 proposeTs=1753988687478032736 sn=58
03:04:52.084 INF Statistics commitTs=1753988688527587325 duration=57135982 proposeTs=1753988688470451343 sn=59
03:04:52.084 INF Statistics commitTs=1753988689466807605 duration=78124961 proposeTs=1753988689388682644 sn=60
03:04:52.084 INF Statistics commitTs=1753988690441589383 duration=48241482 proposeTs=1753988690393347901 sn=61
03:04:52.084 INF Statistics commitTs=1753988691426893821 duration=50203745 proposeTs=1753988691376690076 sn=62
03:04:52.084 INF Statistics commitTs=1753988692061738613 duration=95842248 proposeTs=1753988691965896365 sn=63
03:04:52.084 INF Median commit time commit=70982417 segID=0
03:04:52.618 INF PbftOrderer received a new segment: [64 67 70 73 76 79 82 85 88 91 94 97 100 103 106 109] first leader=0 firstSN=64 lastSN=109 len=16 length=16 segId=1
03:04:53.051 INF Starting new view. segID=1 timeout=104000 view=0
03:04:53.051 INF Advanced timeout advanced=70982417 initial=1000000000
03:04:53.052 INF Advanced timeout advanced=1070982417 initial=1000000000
03:04:53.052 INF Advanced timeout advanced=2070982417 initial=1000000000
03:04:53.052 INF Advanced timeout advanced=3070982417 initial=1000000000
03:04:53.052 INF Advanced timeout advanced=4070982417 initial=1000000000
03:04:53.052 INF Advanced timeout advanced=5070982417 initial=1000000000
03:04:53.052 INF Advanced timeout advanced=6070982417 initial=1000000000
03:04:53.052 INF Advanced timeout advanced=7070982417 initial=1000000000
03:04:53.052 INF Advanced timeout advanced=8070982417 initial=1000000000
03:04:53.052 INF Advanced timeout advanced=9070982417 initial=1000000000
03:04:53.052 INF Advanced timeout advanced=10070982417 initial=1000000000
03:04:53.052 INF Advanced timeout advanced=11070982417 initial=1000000000
03:04:53.052 INF Advanced timeout advanced=12070982417 initial=1000000000
03:04:53.052 INF Advanced timeout advanced=13070982417 initial=1000000000
03:04:53.052 INF Advanced timeout advanced=14070982417 initial=1000000000
03:04:53.052 INF Advanced timeout advanced=15070982417 initial=1000000000
03:04:53.053 INF Starting PBFT instance. first=64 last=109 segID=1
03:04:53.053 INF PbftOrderer received a new segment: [65 68 71 74 77 80 83 86 89 92 95 98 101 104 107 110] first leader=1 firstSN=65 lastSN=110 len=16 length=16 segId=2
03:04:53.057 INF Starting serialized message processing. segID=1
03:04:53.294 INF Starting new view. segID=2 timeout=104000 view=0
03:04:53.294 INF Advanced timeout advanced=70982417 initial=1000000000
03:04:53.295 INF Advanced timeout advanced=1070982417 initial=1000000000
03:04:53.295 INF Advanced timeout advanced=2070982417 initial=1000000000
03:04:53.295 INF Advanced timeout advanced=3070982417 initial=1000000000
03:04:53.295 INF Advanced timeout advanced=4070982417 initial=1000000000
03:04:53.295 INF Advanced timeout advanced=5070982417 initial=1000000000
03:04:53.295 INF Advanced timeout advanced=6070982417 initial=1000000000
03:04:53.295 INF Advanced timeout advanced=7070982417 initial=1000000000
03:04:53.295 INF Advanced timeout advanced=8070982417 initial=1000000000
03:04:53.295 INF Advanced timeout advanced=9070982417 initial=1000000000
03:04:53.295 INF Advanced timeout advanced=10070982417 initial=1000000000
03:04:53.295 INF Advanced timeout advanced=11070982417 initial=1000000000
03:04:53.295 INF Advanced timeout advanced=12070982417 initial=1000000000
03:04:53.295 INF Advanced timeout advanced=13070982417 initial=1000000000
03:04:53.295 INF Advanced timeout advanced=14070982417 initial=1000000000
03:04:53.295 INF Advanced timeout advanced=15070982417 initial=1000000000
03:04:53.295 INF Starting PBFT instance. first=65 last=110 segID=2
03:04:53.295 INF PbftOrderer received a new segment: [66 69 72 75 78 81 84 87 90 93 96 99 102 105 108 111] first leader=2 firstSN=66 lastSN=111 len=16 length=16 segId=3
==================
WARNING: DATA RACE
Write at 0x000001303398 by goroutine 528:
  github.com/hyperledger-labs/mirbft/manager.(*MirManager).handleLogEntries()
      /opt/gopath/src/github.com/hyperledger-labs/mirbft/manager/mirmanager.go:262 +0x15f4
  github.com/hyperledger-labs/mirbft/manager.(*MirManager).Start.func2()
      /opt/gopath/src/github.com/hyperledger-labs/mirbft/manager/mirmanager.go:112 +0x47

Previous write at 0x000001303398 by goroutine 557:
  github.com/hyperledger-labs/mirbft/request.HandleRequest()
      /opt/gopath/src/github.com/hyperledger-labs/mirbft/request/requesthandler.go:49 +0x1d3
  github.com/hyperledger-labs/mirbft/messenger.(*messengerServer).Request()
      /opt/gopath/src/github.com/hyperledger-labs/mirbft/messenger/clients.go:77 +0x19d
  github.com/hyperledger-labs/mirbft/protobufs._Messenger_Request_Handler()
      /opt/gopath/src/github.com/hyperledger-labs/mirbft/protobufs/messenger.pb.go:1158 +0xc2
  google.golang.org/grpc.(*Server).processStreamingRPC()
      /opt/gopath/src/google.golang.org/grpc/server.go:1673 +0x1e87
  google.golang.org/grpc.(*Server).handleStream()
      /opt/gopath/src/google.golang.org/grpc/server.go:1794 +0x19c6
  google.golang.org/grpc.(*Server).serveStreams.func2.1()
      /opt/gopath/src/google.golang.org/grpc/server.go:1029 +0x125

Goroutine 528 (running) created at:
  github.com/hyperledger-labs/mirbft/manager.(*MirManager).Start()
      /opt/gopath/src/github.com/hyperledger-labs/mirbft/manager/mirmanager.go:112 +0x191
  main.main.func4()
      /opt/gopath/src/github.com/hyperledger-labs/mirbft/cmd/orderingpeer/main.go:185 +0x59

Goroutine 557 (running) created at:
  google.golang.org/grpc.(*Server).serveStreams.func2()
      /opt/gopath/src/google.golang.org/grpc/server.go:1040 +0x224
  google.golang.org/grpc/internal/transport.(*http2Server).operateHeaders()
      /opt/gopath/src/google.golang.org/grpc/internal/transport/http2_server.go:631 +0x389e
  google.golang.org/grpc/internal/transport.(*http2Server).HandleStreams()
      /opt/gopath/src/google.golang.org/grpc/internal/transport/http2_server.go:672 +0x258
  google.golang.org/grpc.(*Server).serveStreams()
      /opt/gopath/src/google.golang.org/grpc/server.go:1023 +0x68b
  google.golang.org/grpc.(*Server).handleRawConn.func1()
      /opt/gopath/src/google.golang.org/grpc/server.go:959 +0x9c
==================
03:04:53.300 INF Starting serialized message processing. segID=2
03:04:53.461 INF Starting new view. segID=3 timeout=104000 view=0
03:04:53.461 INF Advanced timeout advanced=70982417 initial=1000000000
03:04:53.461 INF Advanced timeout advanced=1070982417 initial=1000000000
03:04:53.461 INF Advanced timeout advanced=2070982417 initial=1000000000
03:04:53.461 INF Advanced timeout advanced=3070982417 initial=1000000000
03:04:53.461 INF Advanced timeout advanced=4070982417 initial=1000000000
03:04:53.461 INF Advanced timeout advanced=5070982417 initial=1000000000
03:04:53.461 INF Advanced timeout advanced=6070982417 initial=1000000000
03:04:53.462 INF Advanced timeout advanced=7070982417 initial=1000000000
03:04:53.462 INF Advanced timeout advanced=8070982417 initial=1000000000
03:04:53.462 INF Advanced timeout advanced=9070982417 initial=1000000000
03:04:53.462 INF Advanced timeout advanced=10070982417 initial=1000000000
03:04:53.462 INF Advanced timeout advanced=11070982417 initial=1000000000
03:04:53.462 INF Advanced timeout advanced=12070982417 initial=1000000000
03:04:53.462 INF Advanced timeout advanced=13070982417 initial=1000000000
03:04:53.462 INF Advanced timeout advanced=14070982417 initial=1000000000
03:04:53.462 INF Advanced timeout advanced=15070982417 initial=1000000000
03:04:53.462 INF Starting PBFT instance. first=66 last=111 segID=3
03:04:53.462 INF Starting serialized message processing. segID=3
03:04:53.895 INF Sending PREPREPARE. nReq=4096 senderID=0 sn=64 view=0
03:04:53.942 INF Handling PREPREPARE. nReq=4096 senderID=1 sn=65
03:04:53.996 INF Handling PREPREPARE. nReq=4096 senderID=2 sn=66
03:04:54.049 INF Committed entry. latency=0 nReq=4096 sn=65
03:04:54.064 INF Committed entry. latency=0 nReq=4096 sn=64
03:04:54.064 INF Delivered batch. nReq=4096 sn=64
03:04:54.069 INF Committed entry. latency=0 nReq=4096 sn=66
03:04:54.069 INF Delivered batch. nReq=4096 sn=65
03:04:54.080 INF Delivered batch. nReq=4096 sn=66
03:04:54.854 INF Handling PREPREPARE. nReq=962 senderID=1 sn=68
03:04:54.884 INF Committed entry. latency=0 nReq=962 sn=68
03:04:54.889 INF Sending PREPREPARE. nReq=758 senderID=0 sn=67 view=0
03:04:54.926 INF Handling PREPREPARE. nReq=758 senderID=2 sn=69
03:04:54.947 INF Committed entry. latency=0 nReq=758 sn=67
03:04:54.947 INF Delivered batch. nReq=758 sn=67
03:04:54.947 INF Delivered batch. nReq=962 sn=68
03:04:54.952 INF Committed entry. latency=0 nReq=758 sn=69
03:04:54.952 INF Delivered batch. nReq=758 sn=69
03:04:55.815 INF Handling PREPREPARE. nReq=115 senderID=1 sn=71
03:04:55.821 INF Committed entry. latency=0 nReq=115 sn=71
03:04:55.889 INF Sending PREPREPARE. nReq=85 senderID=0 sn=70 view=0
03:04:55.894 INF Handling PREPREPARE. nReq=84 senderID=2 sn=72
03:04:55.899 INF Committed entry. latency=0 nReq=84 sn=72
03:04:55.899 INF Committed entry. latency=0 nReq=85 sn=70
03:04:55.899 INF Delivered batch. nReq=85 sn=70
03:04:55.900 INF Delivered batch. nReq=115 sn=71
03:04:55.900 INF Delivered batch. nReq=84 sn=72
03:04:56.812 INF Handling PREPREPARE. nReq=0 senderID=1 sn=74
03:04:56.815 INF Committed entry. latency=0 nReq=0 sn=74
03:04:56.889 INF Sending PREPREPARE. nReq=0 senderID=0 sn=73 view=0
03:04:56.890 INF Handling PREPREPARE. nReq=0 senderID=2 sn=75
03:04:56.892 INF Committed entry. latency=0 nReq=0 sn=75
03:04:56.892 INF Committed entry. latency=0 nReq=0 sn=73
03:04:56.892 INF Delivered batch. nReq=0 sn=73
03:04:56.892 INF Delivered batch. nReq=0 sn=74
03:04:56.893 INF Delivered batch. nReq=0 sn=75
03:04:57.130 INF Connection terminated. error="rpc error: code = Canceled desc = context canceled" address=127.0.0.1:58298
03:04:57.132 INF Finished sending bucket assignments to client. clId=0
03:04:57.753 INF Stopping profiler.
03:04:57.753 INF Stopping Tracer. events=343 fileName=experiment-output/0000/slave-003/peer.trc
==================
WARNING: DATA RACE
Read at 0x00c000a23570 by goroutine 109:
  github.com/hyperledger-labs/mirbft/tracing.(*BufferedTrace).Stop()
      /opt/gopath/src/github.com/hyperledger-labs/mirbft/tracing/bufferedtrace.go:237 +0x30e
  github.com/hyperledger-labs/mirbft/tracing.(*BufferedTrace).StopOnSignal.func1()
      /opt/gopath/src/github.com/hyperledger-labs/mirbft/tracing/bufferedtrace.go:298 +0x4e

Previous write at 0x00c000a23570 by goroutine 108:
  github.com/hyperledger-labs/mirbft/tracing.(*BufferedTrace).Event()
      /opt/gopath/src/github.com/hyperledger-labs/mirbft/tracing/bufferedtrace.go:105 +0x2cd
  github.com/hyperledger-labs/mirbft/profiling.StartCPUTracing.func1()
      /opt/gopath/src/github.com/hyperledger-labs/mirbft/profiling/cpuusage.go:33 +0x95

Goroutine 109 (running) created at:
  github.com/hyperledger-labs/mirbft/tracing.(*BufferedTrace).StopOnSignal()
      /opt/gopath/src/github.com/hyperledger-labs/mirbft/tracing/bufferedtrace.go:292 +0x178
  main.setUpTracing()
      /opt/gopath/src/github.com/hyperledger-labs/mirbft/cmd/orderingpeer/main.go:408 +0xf5
  main.main()
      /opt/gopath/src/github.com/hyperledger-labs/mirbft/cmd/orderingpeer/main.go:110 +0x9e4
  runtime.deferreturn()
      /home/ubuntu/go/src/runtime/panic.go:476 +0x32
  main.main()
      /opt/gopath/src/github.com/hyperledger-labs/mirbft/cmd/orderingpeer/main.go:78 +0x56c

Goroutine 108 (running) created at:
  github.com/hyperledger-labs/mirbft/profiling.StartCPUTracing()
      /opt/gopath/src/github.com/hyperledger-labs/mirbft/profiling/cpuusage.go:30 +0xb9
  main.setUpTracing()
      /opt/gopath/src/github.com/hyperledger-labs/mirbft/cmd/orderingpeer/main.go:400 +0x85
  main.main()
      /opt/gopath/src/github.com/hyperledger-labs/mirbft/cmd/orderingpeer/main.go:110 +0x9e4
  runtime.deferreturn()
      /home/ubuntu/go/src/runtime/panic.go:476 +0x32
  main.main()
      /opt/gopath/src/github.com/hyperledger-labs/mirbft/cmd/orderingpeer/main.go:78 +0x56c
==================
03:04:57.755 INF Trace data written.
03:04:57.813 INF Handling PREPREPARE. nReq=0 senderID=1 sn=77
03:04:57.816 INF Committed entry. latency=0 nReq=0 sn=77
03:04:57.842 INF Profile data written. filename=experiment-output/0000/slave-003/prof.cpu name=cpu
03:04:57.862 INF Profile data written. filename=experiment-output/0000/slave-003/prof.block name=block
03:04:57.872 INF Profile data written. filename=experiment-output/0000/slave-003/prof.mutex name=mutex
