{"level":"debug","Logging":"info","time":"2026-04-29T15:49:48+08:00","message":"Config"}
{"level":"debug","UseTLS":false,"time":"2026-04-29T15:49:48+08:00","message":"Config"}
{"level":"debug","CACertFile":"tls-data/ca.pem","time":"2026-04-29T15:49:48+08:00","message":"Config"}
{"level":"debug","KeyFile":"tls-data/auth.key","time":"2026-04-29T15:49:48+08:00","message":"Config"}
{"level":"debug","CertFile":"tls-data/auth.pem","time":"2026-04-29T15:49:48+08:00","message":"Config"}
{"level":"debug","PriorityConnections":2,"time":"2026-04-29T15:49:48+08:00","message":"Config"}
{"level":"debug","BasicConnections":4,"time":"2026-04-29T15:49:48+08:00","message":"Config"}
{"level":"debug","TestConnections":false,"time":"2026-04-29T15:49:48+08:00","message":"Config"}
{"level":"debug","ExcessConnections":1,"time":"2026-04-29T15:49:48+08:00","message":"Config"}
{"level":"debug","ConnectionTestMsgs":4,"time":"2026-04-29T15:49:48+08:00","message":"Config"}
{"level":"debug","ConnectionTestPayload":131072,"time":"2026-04-29T15:49:48+08:00","message":"Config"}
{"level":"debug","OutMessageBufsize":1024,"time":"2026-04-29T15:49:48+08:00","message":"Config"}
{"level":"debug","OutMessageBufsize":1,"time":"2026-04-29T15:49:48+08:00","message":"Config"}
{"level":"debug","ThroughputCap":131072000,"time":"2026-04-29T15:49:48+08:00","message":"Config"}
{"level":"debug","StragglerTolerance":1000,"time":"2026-04-29T15:49:48+08:00","message":"Config"}
{"level":"debug","BatchSizeIncrement":256,"time":"2026-04-29T15:49:48+08:00","message":"Config"}
{"level":"debug","Orderer":"Pbft","time":"2026-04-29T15:49:48+08:00","message":"Config"}
{"level":"debug","Manager":"Mir","time":"2026-04-29T15:49:48+08:00","message":"Config"}
{"level":"debug","Failures":0,"time":"2026-04-29T15:49:48+08:00","message":"Config"}
{"level":"debug","CrashTiming":"EpochStart","time":"2026-04-29T15:49:48+08:00","message":"Config"}
{"level":"debug","CheckpointInterval":256,"time":"2026-04-29T15:49:48+08:00","message":"Config"}
{"level":"debug","WatermarkWindowSize":256,"time":"2026-04-29T15:49:48+08:00","message":"Config"}
{"level":"debug","EpochLength":256,"time":"2026-04-29T15:49:48+08:00","message":"Config"}
{"level":"debug","SegmentLength":64,"time":"2026-04-29T15:49:48+08:00","message":"Config"}
{"level":"debug","WaitForCheckpoints":true,"time":"2026-04-29T15:49:48+08:00","message":"Config"}
{"level":"debug","ClientWatermarkWindowSize":4194304,"time":"2026-04-29T15:49:48+08:00","message":"Config"}
{"level":"debug","ClientRequestBacklogSize":4194304,"time":"2026-04-29T15:49:48+08:00","message":"Config"}
{"level":"debug","RandomSeed":24502,"time":"2026-04-29T15:49:48+08:00","message":"Config"}
{"level":"debug","NodeToLeaderRatio":1,"time":"2026-04-29T15:49:48+08:00","message":"Config"}
{"level":"debug","LeaderPolicy":"Simple","time":"2026-04-29T15:49:48+08:00","message":"Config"}
{"level":"debug","DefaultLeaderBan":2,"time":"2026-04-29T15:49:48+08:00","message":"Config"}
{"level":"debug","NumBuckets":64,"time":"2026-04-29T15:49:48+08:00","message":"Config"}
{"level":"debug","BatchSize":4096,"time":"2026-04-29T15:49:48+08:00","message":"Config"}
{"level":"debug","BatchTimeoutMs":1000,"time":"2026-04-29T15:49:48+08:00","message":"Config"}
{"level":"debug","DisabledViewChange":false,"time":"2026-04-29T15:49:48+08:00","message":"Config"}
{"level":"debug","ViewChangeTimeout":60000,"time":"2026-04-29T15:49:48+08:00","message":"Config"}
{"level":"debug","ClientTraceSampling":10,"time":"2026-04-29T15:49:48+08:00","message":"Config"}
{"level":"debug","EventBufferSize":2097152,"time":"2026-04-29T15:49:48+08:00","message":"Config"}
{"level":"debug","TraceSampling":1,"time":"2026-04-29T15:49:48+08:00","message":"Config"}
{"level":"debug","ClientsPerProcess":1,"time":"2026-04-29T15:49:48+08:00","message":"Config"}
{"level":"debug","RequestsPerClient":3600000,"time":"2026-04-29T15:49:48+08:00","message":"Config"}
{"level":"debug","ClientRunTime":30000,"time":"2026-04-29T15:49:48+08:00","message":"Config"}
{"level":"debug","RequestRate":60000,"time":"2026-04-29T15:49:48+08:00","message":"Config"}
{"level":"debug","HardRequestRateLimit":false,"time":"2026-04-29T15:49:48+08:00","message":"Config"}
{"level":"debug","RequestPayloadSize":500,"time":"2026-04-29T15:49:48+08:00","message":"Config"}
{"level":"debug","SignRequests":true,"time":"2026-04-29T15:49:48+08:00","message":"Config"}
{"level":"debug","ClientPrivKeyFile":"tls-data/client-ecdsa-256.key","time":"2026-04-29T15:49:48+08:00","message":"Config"}
{"level":"debug","ClientPubKeyFile":"tls-data/client-ecdsa-256.pem","time":"2026-04-29T15:49:48+08:00","message":"Config"}
{"level":"debug","PrecomputeRequests":false,"time":"2026-04-29T15:49:48+08:00","message":"Config"}
{"level":"debug","RequestHandlerThreads":32,"time":"2026-04-29T15:49:48+08:00","message":"Config"}
{"level":"debug","RequestInputChannelBuffer":8192,"time":"2026-04-29T15:49:48+08:00","message":"Config"}
{"level":"debug","BatchVerifier":"external","time":"2026-04-29T15:49:48+08:00","message":"Config"}
15:49:48.408 INF Registered with discovery server. numPeers=4 ownID=0
15:49:48.408 INF Profiling enabled.
15:49:48.408 INF Setting up profiling.
15:49:48.408 INF Started Profiler: CPU
15:49:48.408 INF Started Profiler: BLOCK
15:49:48.408 INF Started Profiler: MUTEX
15:49:48.408 INF Profiler will stop on signal. exit=true
15:49:48.409 INF Tracing will stop on signal. exit=false
15:49:48.411 INF Started tracing. traceFile=experiment-output/0000/slave-001/peer.trc
15:49:48.411 INF Connecting to peer. addr=127.0.0.1:10022 basicConns=4 priorityConns=2
15:49:48.411 INF Listening for connections. port=10000 useTLS=false
15:49:48.411 INF Connecting to peer. addr=127.0.0.1:10000 basicConns=4 priorityConns=2
15:49:48.411 INF Connecting to peer. addr=127.0.0.1:10033 basicConns=4 priorityConns=2
15:49:48.411 INF Connecting to peer. addr=127.0.0.1:10011 basicConns=4 priorityConns=2
15:49:48.419 INF Incoming connection for protocol messages. addr=127.0.0.1:44870
15:49:48.423 INF Incoming connection for protocol messages. addr=127.0.0.1:44910
15:49:48.423 INF Incoming connection for protocol messages. addr=127.0.0.1:44886
15:49:48.424 INF Incoming connection for protocol messages. addr=127.0.0.1:44868
15:49:48.424 INF Incoming connection for protocol messages. addr=127.0.0.1:44898
15:49:48.425 INF Incoming connection for protocol messages. addr=127.0.0.1:44968
15:49:48.425 INF Incoming connection for protocol messages. addr=127.0.0.1:44914
15:49:48.425 INF Incoming connection for protocol messages. addr=127.0.0.1:44900
15:49:48.427 INF Incoming connection for protocol messages. addr=127.0.0.1:44946
15:49:48.427 INF Incoming connection for protocol messages. addr=127.0.0.1:44996
15:49:48.428 INF Incoming connection for protocol messages. addr=127.0.0.1:44964
15:49:48.428 INF Incoming connection for protocol messages. addr=127.0.0.1:44970
15:49:48.428 INF Incoming connection for protocol messages. addr=127.0.0.1:44950
15:49:48.428 INF Incoming connection for protocol messages. addr=127.0.0.1:44904
15:49:48.428 INF Incoming connection for protocol messages. addr=127.0.0.1:44978
15:49:48.428 INF Incoming connection for protocol messages. addr=127.0.0.1:44960
15:49:48.429 INF Incoming connection for protocol messages. addr=127.0.0.1:44924
15:49:48.429 INF Incoming connection for protocol messages. addr=127.0.0.1:45004
15:49:48.429 INF Incoming connection for protocol messages. addr=127.0.0.1:44930
15:49:48.429 INF Incoming connection for protocol messages. addr=127.0.0.1:45006
15:49:48.430 INF Incoming connection for protocol messages. addr=127.0.0.1:44990
15:49:48.431 INF Incoming connection for protocol messages. addr=127.0.0.1:45032
15:49:48.431 INF Incoming connection for protocol messages. addr=127.0.0.1:45022
15:49:48.431 INF Incoming connection for protocol messages. addr=127.0.0.1:45046
15:49:48.432 INF Connected to all peers.
15:49:48.434 INF All peers finished connecting. Starting ISS.
15:49:48.435 INF PbftOrderer received a new segment: [0 1 2 3 4 5 6 7 8 9 10 11 12 13 14 15 16 17 18 19 20 21 22 23 24 25 26 27 28 29 30 31 32 33 34 35 36 37 38 39 40 41 42 43 44 45 46 47 48 49 50 51 52 53 54 55 56 57 58 59 60 61 62 63] first leader=0 firstSN=0 lastSN=63 len=64 length=64 segId=0
15:49:48.456 INF Starting new view. segID=0 timeout=60000 view=0
15:49:48.456 INF Starting PBFT instance. first=0 last=63 segID=0
15:49:48.456 INF Starting serialized message processing. segID=0
15:49:49.457 INF Sending PREPREPARE. nReq=0 senderID=0 sn=0 view=0
15:49:49.466 INF Committed entry. latency=0 nReq=0 sn=0
15:49:49.466 INF Delivered batch. nReq=0 sn=0
15:49:50.458 INF Sending PREPREPARE. nReq=0 senderID=0 sn=1 view=0
15:49:50.461 INF Committed entry. latency=0 nReq=0 sn=1
15:49:50.462 INF Delivered batch. nReq=0 sn=1
15:49:50.478 INF Incoming connection for requests. addr=127.0.0.1:50838
15:49:50.917 INF Sending PREPREPARE. nReq=4096 senderID=0 sn=2 view=0
15:49:51.039 INF Committed entry. latency=0 nReq=4096 sn=2
15:49:51.039 INF Delivered batch. nReq=4096 sn=2
15:49:51.919 INF Sending PREPREPARE. nReq=2523 senderID=0 sn=3 view=0
15:49:52.081 INF Committed entry. latency=0 nReq=2523 sn=3
15:49:52.082 INF Delivered batch. nReq=2523 sn=3
15:49:52.917 INF Sending PREPREPARE. nReq=3044 senderID=0 sn=4 view=0
15:49:53.003 INF Committed entry. latency=0 nReq=3044 sn=4
15:49:53.003 INF Delivered batch. nReq=3044 sn=4
15:49:53.921 INF Sending PREPREPARE. nReq=2212 senderID=0 sn=5 view=0
15:49:54.000 INF Committed entry. latency=0 nReq=2212 sn=5
15:49:54.000 INF Delivered batch. nReq=2212 sn=5
15:49:54.829 INF Sending PREPREPARE. nReq=4096 senderID=0 sn=6 view=0
15:49:54.975 INF Committed entry. latency=0 nReq=4096 sn=6
15:49:54.975 INF Delivered batch. nReq=4096 sn=6
15:49:55.834 INF Sending PREPREPARE. nReq=2471 senderID=0 sn=7 view=0
15:49:55.908 INF Committed entry. latency=0 nReq=2471 sn=7
15:49:55.908 INF Delivered batch. nReq=2471 sn=7
15:49:56.830 INF Sending PREPREPARE. nReq=2358 senderID=0 sn=8 view=0
15:49:56.904 INF Committed entry. latency=0 nReq=2358 sn=8
15:49:56.904 INF Delivered batch. nReq=2358 sn=8
15:49:57.704 INF Sending PREPREPARE. nReq=4096 senderID=0 sn=9 view=0
15:49:57.836 INF Committed entry. latency=0 nReq=4096 sn=9
15:49:57.837 INF Delivered batch. nReq=4096 sn=9
15:49:58.713 INF Sending PREPREPARE. nReq=2547 senderID=0 sn=10 view=0
15:49:58.785 INF Committed entry. latency=0 nReq=2547 sn=10
15:49:58.785 INF Delivered batch. nReq=2547 sn=10
15:49:59.706 INF Sending PREPREPARE. nReq=1453 senderID=0 sn=11 view=0
15:49:59.761 INF Committed entry. latency=0 nReq=1453 sn=11
15:49:59.761 INF Delivered batch. nReq=1453 sn=11
15:50:00.425 INF Sending PREPREPARE. nReq=4096 senderID=0 sn=12 view=0
15:50:00.563 INF Committed entry. latency=0 nReq=4096 sn=12
15:50:00.563 INF Delivered batch. nReq=4096 sn=12
15:50:01.433 INF Sending PREPREPARE. nReq=2563 senderID=0 sn=13 view=0
15:50:01.509 INF Committed entry. latency=0 nReq=2563 sn=13
15:50:01.510 INF Delivered batch. nReq=2563 sn=13
15:50:02.426 INF Sending PREPREPARE. nReq=1723 senderID=0 sn=14 view=0
15:50:02.479 INF Committed entry. latency=0 nReq=1723 sn=14
15:50:02.479 INF Delivered batch. nReq=1723 sn=14
15:50:03.140 INF Sending PREPREPARE. nReq=4096 senderID=0 sn=15 view=0
15:50:03.263 INF Committed entry. latency=0 nReq=4096 sn=15
15:50:03.263 INF Delivered batch. nReq=4096 sn=15
15:50:04.152 INF Sending PREPREPARE. nReq=2514 senderID=0 sn=16 view=0
15:50:04.223 INF Committed entry. latency=0 nReq=2514 sn=16
15:50:04.223 INF Delivered batch. nReq=2514 sn=16
15:50:05.147 INF Sending PREPREPARE. nReq=2866 senderID=0 sn=17 view=0
15:50:05.286 INF Committed entry. latency=0 nReq=2866 sn=17
15:50:05.286 INF Delivered batch. nReq=2866 sn=17
15:50:05.822 INF Sending PREPREPARE. nReq=4096 senderID=0 sn=18 view=0
15:50:05.946 INF Committed entry. latency=0 nReq=4096 sn=18
15:50:05.946 INF Delivered batch. nReq=4096 sn=18
15:50:06.822 INF Sending PREPREPARE. nReq=2560 senderID=0 sn=19 view=0
15:50:06.888 INF Committed entry. latency=0 nReq=2560 sn=19
15:50:06.888 INF Delivered batch. nReq=2560 sn=19
15:50:07.823 INF Sending PREPREPARE. nReq=2120 senderID=0 sn=20 view=0
15:50:07.913 INF Committed entry. latency=0 nReq=2120 sn=20
15:50:07.914 INF Delivered batch. nReq=2120 sn=20
15:50:08.589 INF Sending PREPREPARE. nReq=4096 senderID=0 sn=21 view=0
15:50:08.722 INF Committed entry. latency=0 nReq=4096 sn=21
15:50:08.722 INF Delivered batch. nReq=4096 sn=21
15:50:09.598 INF Sending PREPREPARE. nReq=2767 senderID=0 sn=22 view=0
15:50:09.682 INF Committed entry. latency=0 nReq=2767 sn=22
15:50:09.682 INF Delivered batch. nReq=2767 sn=22
15:50:10.591 INF Sending PREPREPARE. nReq=881 senderID=0 sn=23 view=0
15:50:10.658 INF Committed entry. latency=0 nReq=881 sn=23
15:50:10.658 INF Delivered batch. nReq=881 sn=23
15:50:11.110 INF Sending PREPREPARE. nReq=4096 senderID=0 sn=24 view=0
15:50:11.220 INF Committed entry. latency=0 nReq=4096 sn=24
15:50:11.220 INF Delivered batch. nReq=4096 sn=24
15:50:12.120 INF Sending PREPREPARE. nReq=2384 senderID=0 sn=25 view=0
15:50:12.185 INF Committed entry. latency=0 nReq=2384 sn=25
15:50:12.185 INF Delivered batch. nReq=2384 sn=25
15:50:13.113 INF Sending PREPREPARE. nReq=4096 senderID=0 sn=26 view=0
15:50:13.226 INF Committed entry. latency=0 nReq=4096 sn=26
15:50:13.226 INF Delivered batch. nReq=4096 sn=26
15:50:14.116 INF Sending PREPREPARE. nReq=2376 senderID=0 sn=27 view=0
15:50:14.178 INF Committed entry. latency=0 nReq=2376 sn=27
15:50:14.178 INF Delivered batch. nReq=2376 sn=27
15:50:15.116 INF Sending PREPREPARE. nReq=2637 senderID=0 sn=28 view=0
15:50:15.225 INF Committed entry. latency=0 nReq=2637 sn=28
15:50:15.225 INF Delivered batch. nReq=2637 sn=28
15:50:15.953 INF Sending PREPREPARE. nReq=4096 senderID=0 sn=29 view=0
15:50:16.066 INF Committed entry. latency=0 nReq=4096 sn=29
15:50:16.066 INF Delivered batch. nReq=4096 sn=29
15:50:16.951 INF Sending PREPREPARE. nReq=2485 senderID=0 sn=30 view=0
15:50:17.034 INF Committed entry. latency=0 nReq=2485 sn=30
15:50:17.034 INF Delivered batch. nReq=2485 sn=30
15:50:17.949 INF Sending PREPREPARE. nReq=816 senderID=0 sn=31 view=0
15:50:18.020 INF Committed entry. latency=0 nReq=816 sn=31
15:50:18.021 INF Delivered batch. nReq=816 sn=31
15:50:18.465 INF Sending PREPREPARE. nReq=4096 senderID=0 sn=32 view=0
15:50:18.588 INF Committed entry. latency=0 nReq=4096 sn=32
15:50:18.588 INF Delivered batch. nReq=4096 sn=32
15:50:19.476 INF Sending PREPREPARE. nReq=2765 senderID=0 sn=33 view=0
15:50:19.558 INF Committed entry. latency=0 nReq=2765 sn=33
15:50:19.558 INF Delivered batch. nReq=2765 sn=33
15:50:20.471 INF Sending PREPREPARE. nReq=802 senderID=0 sn=34 view=0
15:50:20.518 INF Committed entry. latency=0 nReq=802 sn=34
15:50:20.518 INF Delivered batch. nReq=802 sn=34
15:50:21.471 INF Sending PREPREPARE. nReq=87 senderID=0 sn=35 view=0
15:50:21.482 INF Committed entry. latency=0 nReq=87 sn=35
15:50:21.483 INF Delivered batch. nReq=87 sn=35
15:50:22.471 INF Sending PREPREPARE. nReq=0 senderID=0 sn=36 view=0
15:50:22.474 INF Committed entry. latency=0 nReq=0 sn=36
15:50:22.474 INF Delivered batch. nReq=0 sn=36
15:50:22.508 INF Connection terminated. error="rpc error: code = Canceled desc = context canceled" address=127.0.0.1:50838
15:50:22.510 INF Finished sending bucket assignments to client. clId=0
15:50:22.960 INF Stopping profiler.
15:50:22.960 INF Stopping Tracer. events=146 fileName=experiment-output/0000/slave-001/peer.trc
==================
WARNING: DATA RACE
Read at 0x00c0009256a8 by goroutine 109:
  github.com/hyperledger-labs/mirbft/tracing.(*BufferedTrace).Stop()
      /opt/gopath/src/github.com/hyperledger-labs/mirbft/tracing/bufferedtrace.go:237 +0x30e
  github.com/hyperledger-labs/mirbft/tracing.(*BufferedTrace).StopOnSignal.func1()
      /opt/gopath/src/github.com/hyperledger-labs/mirbft/tracing/bufferedtrace.go:298 +0x4e

Previous write at 0x00c0009256a8 by goroutine 108:
  github.com/hyperledger-labs/mirbft/tracing.(*BufferedTrace).Event()
      /opt/gopath/src/github.com/hyperledger-labs/mirbft/tracing/bufferedtrace.go:105 +0x2cd
  github.com/hyperledger-labs/mirbft/profiling.StartCPUTracing.func1()
      /opt/gopath/src/github.com/hyperledger-labs/mirbft/profiling/cpuusage.go:33 +0x95

Goroutine 109 (running) created at:
  github.com/hyperledger-labs/mirbft/tracing.(*BufferedTrace).StopOnSignal()
      /opt/gopath/src/github.com/hyperledger-labs/mirbft/tracing/bufferedtrace.go:292 +0x178
  main.setUpTracing()
      /opt/gopath/src/github.com/hyperledger-labs/mirbft/cmd/orderingpeer/main.go:408 +0xf5
  main.main()
      /opt/gopath/src/github.com/hyperledger-labs/mirbft/cmd/orderingpeer/main.go:110 +0x9e4
  runtime.deferreturn()
      /home/ubuntu/go/src/runtime/panic.go:476 +0x32
  main.main()
      /opt/gopath/src/github.com/hyperledger-labs/mirbft/cmd/orderingpeer/main.go:78 +0x56c

Goroutine 108 (running) created at:
  github.com/hyperledger-labs/mirbft/profiling.StartCPUTracing()
      /opt/gopath/src/github.com/hyperledger-labs/mirbft/profiling/cpuusage.go:30 +0xb9
  main.setUpTracing()
      /opt/gopath/src/github.com/hyperledger-labs/mirbft/cmd/orderingpeer/main.go:400 +0x85
  main.main()
      /opt/gopath/src/github.com/hyperledger-labs/mirbft/cmd/orderingpeer/main.go:110 +0x9e4
  runtime.deferreturn()
      /home/ubuntu/go/src/runtime/panic.go:476 +0x32
  main.main()
      /opt/gopath/src/github.com/hyperledger-labs/mirbft/cmd/orderingpeer/main.go:78 +0x56c
==================
15:50:22.961 INF Trace data written.
15:50:22.981 INF Profile data written. filename=experiment-output/0000/slave-001/prof.cpu name=cpu
15:50:23.009 INF Profile data written. filename=experiment-output/0000/slave-001/prof.block name=block
15:50:23.017 INF Profile data written. filename=experiment-output/0000/slave-001/prof.mutex name=mutex
