{"level":"debug","Logging":"info","time":"2025-08-01T03:14:26+08:00","message":"Config"}
{"level":"debug","UseTLS":false,"time":"2025-08-01T03:14:26+08:00","message":"Config"}
{"level":"debug","CACertFile":"tls-data/ca.pem","time":"2025-08-01T03:14:26+08:00","message":"Config"}
{"level":"debug","KeyFile":"tls-data/auth.key","time":"2025-08-01T03:14:26+08:00","message":"Config"}
{"level":"debug","CertFile":"tls-data/auth.pem","time":"2025-08-01T03:14:26+08:00","message":"Config"}
{"level":"debug","PriorityConnections":2,"time":"2025-08-01T03:14:26+08:00","message":"Config"}
{"level":"debug","BasicConnections":2,"time":"2025-08-01T03:14:26+08:00","message":"Config"}
{"level":"debug","TestConnections":false,"time":"2025-08-01T03:14:26+08:00","message":"Config"}
{"level":"debug","ExcessConnections":1,"time":"2025-08-01T03:14:26+08:00","message":"Config"}
{"level":"debug","ConnectionTestMsgs":4,"time":"2025-08-01T03:14:26+08:00","message":"Config"}
{"level":"debug","ConnectionTestPayload":131072,"time":"2025-08-01T03:14:26+08:00","message":"Config"}
{"level":"debug","OutMessageBufsize":1024,"time":"2025-08-01T03:14:26+08:00","message":"Config"}
{"level":"debug","OutMessageBufsize":2,"time":"2025-08-01T03:14:26+08:00","message":"Config"}
{"level":"debug","ThroughputCap":131072000,"time":"2025-08-01T03:14:26+08:00","message":"Config"}
{"level":"debug","StragglerTolerance":1000,"time":"2025-08-01T03:14:26+08:00","message":"Config"}
{"level":"debug","BatchSizeIncrement":256,"time":"2025-08-01T03:14:26+08:00","message":"Config"}
{"level":"debug","Orderer":"Pbft","time":"2025-08-01T03:14:26+08:00","message":"Config"}
{"level":"debug","Manager":"Mir","time":"2025-08-01T03:14:26+08:00","message":"Config"}
{"level":"debug","Failures":0,"time":"2025-08-01T03:14:26+08:00","message":"Config"}
{"level":"debug","CrashTiming":"EpochStart","time":"2025-08-01T03:14:26+08:00","message":"Config"}
{"level":"debug","CheckpointInterval":256,"time":"2025-08-01T03:14:26+08:00","message":"Config"}
{"level":"debug","WatermarkWindowSize":256,"time":"2025-08-01T03:14:26+08:00","message":"Config"}
{"level":"debug","EpochLength":256,"time":"2025-08-01T03:14:26+08:00","message":"Config"}
{"level":"debug","SegmentLength":32,"time":"2025-08-01T03:14:26+08:00","message":"Config"}
{"level":"debug","WaitForCheckpoints":true,"time":"2025-08-01T03:14:26+08:00","message":"Config"}
{"level":"debug","ClientWatermarkWindowSize":4194304,"time":"2025-08-01T03:14:26+08:00","message":"Config"}
{"level":"debug","ClientRequestBacklogSize":4194304,"time":"2025-08-01T03:14:26+08:00","message":"Config"}
{"level":"debug","RandomSeed":17594,"time":"2025-08-01T03:14:26+08:00","message":"Config"}
{"level":"debug","NodeToLeaderRatio":1,"time":"2025-08-01T03:14:26+08:00","message":"Config"}
{"level":"debug","LeaderPolicy":"Simple","time":"2025-08-01T03:14:26+08:00","message":"Config"}
{"level":"debug","DefaultLeaderBan":2,"time":"2025-08-01T03:14:26+08:00","message":"Config"}
{"level":"debug","NumBuckets":128,"time":"2025-08-01T03:14:26+08:00","message":"Config"}
{"level":"debug","BatchSize":4096,"time":"2025-08-01T03:14:26+08:00","message":"Config"}
{"level":"debug","BatchTimeoutMs":1000,"time":"2025-08-01T03:14:26+08:00","message":"Config"}
{"level":"debug","DisabledViewChange":false,"time":"2025-08-01T03:14:26+08:00","message":"Config"}
{"level":"debug","ViewChangeTimeout":60000,"time":"2025-08-01T03:14:26+08:00","message":"Config"}
{"level":"debug","ClientTraceSampling":10,"time":"2025-08-01T03:14:26+08:00","message":"Config"}
{"level":"debug","EventBufferSize":2097152,"time":"2025-08-01T03:14:26+08:00","message":"Config"}
{"level":"debug","TraceSampling":1,"time":"2025-08-01T03:14:26+08:00","message":"Config"}
{"level":"debug","ClientsPerProcess":1,"time":"2025-08-01T03:14:26+08:00","message":"Config"}
{"level":"debug","RequestsPerClient":7200000,"time":"2025-08-01T03:14:26+08:00","message":"Config"}
{"level":"debug","ClientRunTime":60000,"time":"2025-08-01T03:14:26+08:00","message":"Config"}
{"level":"debug","RequestRate":60000,"time":"2025-08-01T03:14:26+08:00","message":"Config"}
{"level":"debug","HardRequestRateLimit":false,"time":"2025-08-01T03:14:26+08:00","message":"Config"}
{"level":"debug","RequestPayloadSize":500,"time":"2025-08-01T03:14:26+08:00","message":"Config"}
{"level":"debug","SignRequests":true,"time":"2025-08-01T03:14:26+08:00","message":"Config"}
{"level":"debug","ClientPrivKeyFile":"tls-data/client-ecdsa-256.key","time":"2025-08-01T03:14:26+08:00","message":"Config"}
{"level":"debug","ClientPubKeyFile":"tls-data/client-ecdsa-256.pem","time":"2025-08-01T03:14:26+08:00","message":"Config"}
{"level":"debug","PrecomputeRequests":false,"time":"2025-08-01T03:14:26+08:00","message":"Config"}
{"level":"debug","RequestHandlerThreads":32,"time":"2025-08-01T03:14:26+08:00","message":"Config"}
{"level":"debug","RequestInputChannelBuffer":8192,"time":"2025-08-01T03:14:26+08:00","message":"Config"}
{"level":"debug","BatchVerifier":"external","time":"2025-08-01T03:14:26+08:00","message":"Config"}
03:14:26.537 INF Registered with discovery server. numPeers=8 ownID=2
03:14:26.537 INF Profiling enabled.
03:14:26.537 INF Setting up profiling.
03:14:26.538 INF Started Profiler: CPU
03:14:26.538 INF Started Profiler: BLOCK
03:14:26.538 INF Started Profiler: MUTEX
03:14:26.538 INF Profiler will stop on signal. exit=true
03:14:26.539 INF Tracing will stop on signal. exit=false
03:14:26.539 INF Started tracing. traceFile=experiment-output/0000/slave-004/peer.trc
03:14:26.541 INF Listening for connections. port=10022 useTLS=false
03:14:26.541 INF Connecting to peer. addr=127.0.0.1:10011 basicConns=2 priorityConns=2
03:14:26.541 INF Connecting to peer. addr=127.0.0.1:10033 basicConns=2 priorityConns=2
03:14:26.541 INF Connecting to peer. addr=127.0.0.1:10044 basicConns=2 priorityConns=2
03:14:26.541 INF Connecting to peer. addr=127.0.0.1:10022 basicConns=2 priorityConns=2
03:14:26.541 INF Connecting to peer. addr=127.0.0.1:10000 basicConns=2 priorityConns=2
03:14:26.541 INF Connecting to peer. addr=127.0.0.1:10055 basicConns=2 priorityConns=2
03:14:26.542 INF Connecting to peer. addr=127.0.0.1:10066 basicConns=2 priorityConns=2
03:14:26.543 INF Connecting to peer. addr=127.0.0.1:10077 basicConns=2 priorityConns=2
03:14:26.550 INF Incoming connection for protocol messages. addr=127.0.0.1:54208
03:14:26.551 INF Incoming connection for protocol messages. addr=127.0.0.1:54198
03:14:26.554 INF Incoming connection for protocol messages. addr=127.0.0.1:54252
03:14:26.554 INF Incoming connection for protocol messages. addr=127.0.0.1:54244
03:14:26.555 INF Incoming connection for protocol messages. addr=127.0.0.1:54268
03:14:26.555 INF Incoming connection for protocol messages. addr=127.0.0.1:54282
03:14:26.560 INF Incoming connection for protocol messages. addr=127.0.0.1:54196
03:14:26.564 INF Incoming connection for protocol messages. addr=127.0.0.1:54304
03:14:26.565 INF Incoming connection for protocol messages. addr=127.0.0.1:54320
03:14:26.565 INF Incoming connection for protocol messages. addr=127.0.0.1:54232
03:14:26.566 INF Incoming connection for protocol messages. addr=127.0.0.1:54312
03:14:26.570 INF Incoming connection for protocol messages. addr=127.0.0.1:54258
03:14:26.570 INF Incoming connection for protocol messages. addr=127.0.0.1:54358
03:14:26.571 INF Incoming connection for protocol messages. addr=127.0.0.1:54418
03:14:26.572 INF Incoming connection for protocol messages. addr=127.0.0.1:54416
03:14:26.572 INF Incoming connection for protocol messages. addr=127.0.0.1:54224
03:14:26.574 INF Incoming connection for protocol messages. addr=127.0.0.1:54406
03:14:26.575 INF Incoming connection for protocol messages. addr=127.0.0.1:54336
03:14:26.575 INF Incoming connection for protocol messages. addr=127.0.0.1:54352
03:14:26.575 INF Incoming connection for protocol messages. addr=127.0.0.1:54402
03:14:26.576 INF Incoming connection for protocol messages. addr=127.0.0.1:54364
03:14:26.576 INF Incoming connection for protocol messages. addr=127.0.0.1:54354
03:14:26.576 INF Incoming connection for protocol messages. addr=127.0.0.1:54428
03:14:26.577 INF Incoming connection for protocol messages. addr=127.0.0.1:54450
03:14:26.577 INF Incoming connection for protocol messages. addr=127.0.0.1:54290
03:14:26.577 INF Incoming connection for protocol messages. addr=127.0.0.1:54476
03:14:26.577 INF Incoming connection for protocol messages. addr=127.0.0.1:54344
03:14:26.580 INF Incoming connection for protocol messages. addr=127.0.0.1:54388
03:14:26.580 INF Incoming connection for protocol messages. addr=127.0.0.1:54460
03:14:26.581 INF Incoming connection for protocol messages. addr=127.0.0.1:54488
03:14:26.581 INF Incoming connection for protocol messages. addr=127.0.0.1:54434
03:14:26.581 INF Incoming connection for protocol messages. addr=127.0.0.1:54376
03:14:26.583 INF Connected to all peers.
03:14:27.553 INF All peers finished connecting. Starting ISS.
03:14:27.553 INF PbftOrderer received a new segment: [0 1 2 3 4 5 6 7 8 9 10 11 12 13 14 15 16 17 18 19 20 21 22 23 24 25 26 27 28 29 30 31] first leader=0 firstSN=0 lastSN=31 len=32 length=32 segId=0
03:14:27.610 INF Starting new view. segID=0 timeout=60000 view=0
03:14:27.611 INF Starting PBFT instance. first=0 last=31 segID=0
03:14:27.611 INF Starting serialized message processing. segID=0
03:14:28.619 INF Handling PREPREPARE. nReq=0 senderID=0 sn=0
03:14:28.624 INF Committed entry. latency=0 nReq=0 sn=0
03:14:28.624 INF Delivered batch. nReq=0 sn=0
03:14:29.614 INF Handling PREPREPARE. nReq=0 senderID=0 sn=1
03:14:29.617 INF Committed entry. latency=0 nReq=0 sn=1
03:14:29.617 INF Delivered batch. nReq=0 sn=1
03:14:29.640 INF Incoming connection for requests. addr=127.0.0.1:54502
03:14:30.059 INF Handling PREPREPARE. nReq=4096 senderID=0 sn=2
03:14:30.116 INF Committed entry. latency=0 nReq=4096 sn=2
03:14:30.116 INF Delivered batch. nReq=4096 sn=2
03:14:31.076 INF Handling PREPREPARE. nReq=2335 senderID=0 sn=3
03:14:31.115 INF Committed entry. latency=0 nReq=2335 sn=3
03:14:31.115 INF Delivered batch. nReq=2335 sn=3
03:14:32.005 INF Handling PREPREPARE. nReq=894 senderID=0 sn=4
03:14:32.028 INF Committed entry. latency=0 nReq=894 sn=4
03:14:32.028 INF Delivered batch. nReq=894 sn=4
03:14:32.682 INF Handling PREPREPARE. nReq=4096 senderID=0 sn=5
03:14:32.738 INF Committed entry. latency=0 nReq=4096 sn=5
03:14:32.738 INF Delivered batch. nReq=4096 sn=5
03:14:33.673 INF Handling PREPREPARE. nReq=2560 senderID=0 sn=6
03:14:33.710 INF Committed entry. latency=0 nReq=2560 sn=6
03:14:33.711 INF Delivered batch. nReq=2560 sn=6
03:14:34.641 INF Handling PREPREPARE. nReq=1740 senderID=0 sn=7
03:14:34.673 INF Committed entry. latency=0 nReq=1740 sn=7
03:14:34.673 INF Delivered batch. nReq=1740 sn=7
03:14:35.407 INF Handling PREPREPARE. nReq=4096 senderID=0 sn=8
03:14:35.468 INF Committed entry. latency=0 nReq=4096 sn=8
03:14:35.468 INF Delivered batch. nReq=4096 sn=8
03:14:36.457 INF Handling PREPREPARE. nReq=2403 senderID=0 sn=9
03:14:36.497 INF Committed entry. latency=0 nReq=2403 sn=9
03:14:36.497 INF Delivered batch. nReq=2403 sn=9
03:14:37.382 INF Handling PREPREPARE. nReq=4096 senderID=0 sn=10
03:14:37.446 INF Committed entry. latency=0 nReq=4096 sn=10
03:14:37.446 INF Delivered batch. nReq=4096 sn=10
03:14:38.382 INF Handling PREPREPARE. nReq=2871 senderID=0 sn=11
03:14:38.424 INF Committed entry. latency=0 nReq=2871 sn=11
03:14:38.424 INF Delivered batch. nReq=2871 sn=11
03:14:39.350 INF Handling PREPREPARE. nReq=782 senderID=0 sn=12
03:14:39.382 INF Committed entry. latency=0 nReq=782 sn=12
03:14:39.382 INF Delivered batch. nReq=782 sn=12
03:14:40.133 INF Handling PREPREPARE. nReq=4096 senderID=0 sn=13
03:14:40.189 INF Committed entry. latency=0 nReq=4096 sn=13
03:14:40.189 INF Delivered batch. nReq=4096 sn=13
03:14:41.124 INF Handling PREPREPARE. nReq=2602 senderID=0 sn=14
03:14:41.158 INF Committed entry. latency=0 nReq=2602 sn=14
03:14:41.158 INF Delivered batch. nReq=2602 sn=14
03:14:42.073 INF Handling PREPREPARE. nReq=809 senderID=0 sn=15
03:14:42.096 INF Committed entry. latency=0 nReq=809 sn=15
03:14:42.096 INF Delivered batch. nReq=809 sn=15
03:14:42.664 INF Handling PREPREPARE. nReq=4096 senderID=0 sn=16
03:14:42.719 INF Committed entry. latency=0 nReq=4096 sn=16
03:14:42.719 INF Delivered batch. nReq=4096 sn=16
03:14:43.697 INF Handling PREPREPARE. nReq=2678 senderID=0 sn=17
03:14:43.734 INF Committed entry. latency=0 nReq=2678 sn=17
03:14:43.734 INF Delivered batch. nReq=2678 sn=17
03:14:44.643 INF Handling PREPREPARE. nReq=911 senderID=0 sn=18
03:14:44.670 INF Committed entry. latency=0 nReq=911 sn=18
03:14:44.670 INF Delivered batch. nReq=911 sn=18
03:14:45.157 INF Handling PREPREPARE. nReq=4096 senderID=0 sn=19
03:14:45.222 INF Committed entry. latency=0 nReq=4096 sn=19
03:14:45.222 INF Delivered batch. nReq=4096 sn=19
03:14:46.171 INF Handling PREPREPARE. nReq=2566 senderID=0 sn=20
03:14:46.207 INF Committed entry. latency=0 nReq=2566 sn=20
03:14:46.207 INF Delivered batch. nReq=2566 sn=20
03:14:47.110 INF Handling PREPREPARE. nReq=851 senderID=0 sn=21
03:14:47.139 INF Committed entry. latency=0 nReq=851 sn=21
03:14:47.139 INF Delivered batch. nReq=851 sn=21
03:14:47.904 INF Handling PREPREPARE. nReq=4096 senderID=0 sn=22
03:14:47.959 INF Committed entry. latency=0 nReq=4096 sn=22
03:14:47.959 INF Delivered batch. nReq=4096 sn=22
03:14:48.886 INF Handling PREPREPARE. nReq=2554 senderID=0 sn=23
03:14:48.925 INF Committed entry. latency=0 nReq=2554 sn=23
03:14:48.925 INF Delivered batch. nReq=2554 sn=23
03:14:49.853 INF Handling PREPREPARE. nReq=733 senderID=0 sn=24
03:14:49.884 INF Committed entry. latency=0 nReq=733 sn=24
03:14:49.885 INF Delivered batch. nReq=733 sn=24
03:14:50.545 INF Handling PREPREPARE. nReq=4096 senderID=0 sn=25
03:14:50.597 INF Committed entry. latency=0 nReq=4096 sn=25
03:14:50.597 INF Delivered batch. nReq=4096 sn=25
03:14:51.525 INF Handling PREPREPARE. nReq=2402 senderID=0 sn=26
03:14:51.562 INF Committed entry. latency=0 nReq=2402 sn=26
03:14:51.562 INF Delivered batch. nReq=2402 sn=26
03:14:52.514 INF Handling PREPREPARE. nReq=859 senderID=0 sn=27
03:14:52.535 INF Committed entry. latency=0 nReq=859 sn=27
03:14:52.535 INF Delivered batch. nReq=859 sn=27
03:14:53.064 INF Handling PREPREPARE. nReq=4096 senderID=0 sn=28
03:14:53.125 INF Committed entry. latency=0 nReq=4096 sn=28
03:14:53.125 INF Delivered batch. nReq=4096 sn=28
03:14:54.080 INF Handling PREPREPARE. nReq=2547 senderID=0 sn=29
03:14:54.114 INF Committed entry. latency=0 nReq=2547 sn=29
03:14:54.114 INF Delivered batch. nReq=2547 sn=29
03:14:55.050 INF Handling PREPREPARE. nReq=860 senderID=0 sn=30
03:14:55.075 INF Committed entry. latency=0 nReq=860 sn=30
03:14:55.075 INF Delivered batch. nReq=860 sn=30
03:14:55.487 INF Handling PREPREPARE. nReq=4096 senderID=0 sn=31
03:14:55.550 INF Committed entry. latency=0 nReq=4096 sn=31
03:14:55.550 INF Delivered batch. nReq=4096 sn=31
==================
WARNING: DATA RACE
Read at 0x000001304380 by goroutine 670:
  github.com/hyperledger-labs/mirbft/manager.(*MirManager).handleLogEntries()
      /opt/gopath/src/github.com/hyperledger-labs/mirbft/manager/mirmanager.go:171 +0x854
  github.com/hyperledger-labs/mirbft/manager.(*MirManager).Start.func2()
      /opt/gopath/src/github.com/hyperledger-labs/mirbft/manager/mirmanager.go:112 +0x47

Previous write at 0x000001304380 by goroutine 679:
  github.com/hyperledger-labs/mirbft/log.publishEntries()
      /opt/gopath/src/github.com/hyperledger-labs/mirbft/log/log.go:281 +0x2e4
  github.com/hyperledger-labs/mirbft/log.CommitEntry()
      /opt/gopath/src/github.com/hyperledger-labs/mirbft/log/log.go:108 +0x284
  github.com/hyperledger-labs/mirbft/announcer.Announce()
      /opt/gopath/src/github.com/hyperledger-labs/mirbft/announcer/announcer.go:26 +0x370
  github.com/hyperledger-labs/mirbft/orderer.(*pbftInstance).announce()
      /opt/gopath/src/github.com/hyperledger-labs/mirbft/orderer/pbftinstance.go:726 +0x36b
  github.com/hyperledger-labs/mirbft/orderer.(*pbftInstance).handleCommit()
      /opt/gopath/src/github.com/hyperledger-labs/mirbft/orderer/pbftinstance.go:664 +0x7bd
  github.com/hyperledger-labs/mirbft/orderer.(*pbftInstance).handleMessage()
      /opt/gopath/src/github.com/hyperledger-labs/mirbft/orderer/pbftinstance.go:1810 +0x2e5
  github.com/hyperledger-labs/mirbft/orderer.(*pbftInstance).processSerializedMessages()
      /opt/gopath/src/github.com/hyperledger-labs/mirbft/orderer/pbftinstance.go:1764 +0xdd
  github.com/hyperledger-labs/mirbft/orderer.(*PbftOrderer).runSegment.func2()
      /opt/gopath/src/github.com/hyperledger-labs/mirbft/orderer/pbftorderer.go:199 +0x39

Goroutine 670 (running) created at:
  github.com/hyperledger-labs/mirbft/manager.(*MirManager).Start()
      /opt/gopath/src/github.com/hyperledger-labs/mirbft/manager/mirmanager.go:112 +0x191
  main.main.func4()
      /opt/gopath/src/github.com/hyperledger-labs/mirbft/cmd/orderingpeer/main.go:185 +0x59

Goroutine 679 (running) created at:
  github.com/hyperledger-labs/mirbft/orderer.(*PbftOrderer).runSegment()
      /opt/gopath/src/github.com/hyperledger-labs/mirbft/orderer/pbftorderer.go:199 +0x3f6
  github.com/hyperledger-labs/mirbft/orderer.(*PbftOrderer).Start()
      /opt/gopath/src/github.com/hyperledger-labs/mirbft/orderer/pbftorderer.go:176 +0x344
  main.main.func5()
      /opt/gopath/src/github.com/hyperledger-labs/mirbft/cmd/orderingpeer/main.go:186 +0x59
==================
03:14:55.554 INF Sending segment checkpoint. lastSn=31 segID=0
03:14:55.555 INF PBFT checkpoint ready. Scheduling catchup. lastSn=31 segID=0
03:14:55.579 INF New stable checkpoint. sn=31
03:14:55.579 INF fuck! epoch=128 epoch time (ms)=27997 leaders=2 viewtimeout=104000
03:14:55.579 INF Epoch finished. Waiting for stable checkpoint. sn=31
03:14:55.579 INF Received stable checkpoint notification. sn=31
03:14:55.579 INF Epoch end confirmed. chkpSn=31
03:14:55.579 INF Closing message serializers. segID=0
03:14:55.579 INF Advancing watermarks. numEntries=32
03:14:55.579 INF Statistics commitTs=1753989268623950634 duration=4583652 proposeTs=1753989268619366982 sn=0
03:14:55.579 INF Statistics commitTs=1753989269617585768 duration=3355560 proposeTs=1753989269614230208 sn=1
03:14:55.579 INF Statistics commitTs=1753989270111764845 duration=52482375 proposeTs=1753989270059282470 sn=2
03:14:55.580 INF Statistics commitTs=1753989271114107993 duration=38033677 proposeTs=1753989271076074316 sn=3
03:14:55.580 INF Statistics commitTs=1753989272027280504 duration=21897704 proposeTs=1753989272005382800 sn=4
03:14:55.582 INF Statistics commitTs=1753989272737070951 duration=54601288 proposeTs=1753989272682469663 sn=5
03:14:55.582 INF Statistics commitTs=1753989273709461883 duration=35778829 proposeTs=1753989273673683054 sn=6
03:14:55.582 INF Statistics commitTs=1753989274670507105 duration=29435489 proposeTs=1753989274641071616 sn=7
03:14:55.582 INF Statistics commitTs=1753989275466365528 duration=59128882 proposeTs=1753989275407236646 sn=8
03:14:55.582 INF Statistics commitTs=1753989276495391694 duration=38147172 proposeTs=1753989276457244522 sn=9
03:14:55.582 INF Statistics commitTs=1753989277442628391 duration=60363261 proposeTs=1753989277382265130 sn=10
03:14:55.582 INF Statistics commitTs=1753989278423252299 duration=41127547 proposeTs=1753989278382124752 sn=11
03:14:55.582 INF Statistics commitTs=1753989279381370250 duration=30572180 proposeTs=1753989279350798070 sn=12
03:14:55.583 INF Statistics commitTs=1753989280185267346 duration=52224188 proposeTs=1753989280133043158 sn=13
03:14:55.583 INF Statistics commitTs=1753989281157039322 duration=32097840 proposeTs=1753989281124941482 sn=14
03:14:55.583 INF Statistics commitTs=1753989282095166156 duration=21606924 proposeTs=1753989282073559232 sn=15
03:14:55.583 INF Statistics commitTs=1753989282716837804 duration=52243204 proposeTs=1753989282664594600 sn=16
03:14:55.583 INF Statistics commitTs=1753989283732244865 duration=34853932 proposeTs=1753989283697390933 sn=17
03:14:55.583 INF Statistics commitTs=1753989284669366373 duration=25624179 proposeTs=1753989284643742194 sn=18
03:14:55.583 INF Statistics commitTs=1753989285219370143 duration=62031157 proposeTs=1753989285157338986 sn=19
03:14:55.584 INF Statistics commitTs=1753989286204101551 duration=33095502 proposeTs=1753989286171006049 sn=20
03:14:55.584 INF Statistics commitTs=1753989287137891766 duration=27340916 proposeTs=1753989287110550850 sn=21
03:14:55.584 INF Statistics commitTs=1753989287956810407 duration=52033422 proposeTs=1753989287904776985 sn=22
03:14:55.584 INF Statistics commitTs=1753989288924302130 duration=37389698 proposeTs=1753989288886912432 sn=23
03:14:55.584 INF Statistics commitTs=1753989289883646941 duration=30071133 proposeTs=1753989289853575808 sn=24
03:14:55.584 INF Statistics commitTs=1753989290592598765 duration=46798347 proposeTs=1753989290545800418 sn=25
03:14:55.584 INF Statistics commitTs=1753989291560956132 duration=35460240 proposeTs=1753989291525495892 sn=26
03:14:55.584 INF Statistics commitTs=1753989292534599071 duration=20358198 proposeTs=1753989292514240873 sn=27
03:14:55.584 INF Statistics commitTs=1753989293123011361 duration=58944288 proposeTs=1753989293064067073 sn=28
03:14:55.584 INF Statistics commitTs=1753989294113004816 duration=32504060 proposeTs=1753989294080500756 sn=29
03:14:55.585 INF Statistics commitTs=1753989295074455261 duration=23941578 proposeTs=1753989295050513683 sn=30
03:14:55.585 INF Statistics commitTs=1753989295547604077 duration=60412947 proposeTs=1753989295487191130 sn=31
03:14:55.585 INF Median commit time commit=35778829 segID=0
03:14:55.748 INF PbftOrderer received a new segment: [32 34 36 38 40 42 44 46 48 50 52 54 56 58 60 62] first leader=0 firstSN=32 lastSN=62 len=16 length=16 segId=1
03:14:56.079 INF Starting new view. segID=1 timeout=104000 view=0
03:14:56.079 INF Advanced timeout advanced=35778829 initial=1000000000
03:14:56.079 INF Advanced timeout advanced=1035778829 initial=1000000000
03:14:56.079 INF Advanced timeout advanced=2035778829 initial=1000000000
03:14:56.079 INF Advanced timeout advanced=3035778829 initial=1000000000
03:14:56.079 INF Advanced timeout advanced=4035778829 initial=1000000000
03:14:56.079 INF Advanced timeout advanced=5035778829 initial=1000000000
03:14:56.079 INF Advanced timeout advanced=6035778829 initial=1000000000
03:14:56.079 INF Advanced timeout advanced=7035778829 initial=1000000000
03:14:56.079 INF Advanced timeout advanced=8035778829 initial=1000000000
03:14:56.079 INF Advanced timeout advanced=9035778829 initial=1000000000
03:14:56.079 INF Advanced timeout advanced=10035778829 initial=1000000000
03:14:56.079 INF Advanced timeout advanced=11035778829 initial=1000000000
03:14:56.079 INF Advanced timeout advanced=12035778829 initial=1000000000
03:14:56.079 INF Advanced timeout advanced=13035778829 initial=1000000000
03:14:56.080 INF Advanced timeout advanced=14035778829 initial=1000000000
03:14:56.080 INF Advanced timeout advanced=15035778829 initial=1000000000
03:14:56.080 INF Starting PBFT instance. first=32 last=62 segID=1
03:14:56.080 INF Starting serialized message processing. segID=1
03:14:56.080 INF fuck1 epoch change time (ms)=530
03:14:56.080 INF PbftOrderer received a new segment: [33 35 37 39 41 43 45 47 49 51 53 55 57 59 61 63] first leader=1 firstSN=33 lastSN=63 len=16 length=16 segId=2
03:14:56.376 INF Starting new view. segID=2 timeout=104000 view=0
03:14:56.376 INF Advanced timeout advanced=35778829 initial=1000000000
03:14:56.376 INF Advanced timeout advanced=1035778829 initial=1000000000
03:14:56.376 INF Advanced timeout advanced=2035778829 initial=1000000000
03:14:56.376 INF Advanced timeout advanced=3035778829 initial=1000000000
03:14:56.377 INF Advanced timeout advanced=4035778829 initial=1000000000
03:14:56.377 INF Advanced timeout advanced=5035778829 initial=1000000000
03:14:56.377 INF Advanced timeout advanced=6035778829 initial=1000000000
03:14:56.377 INF Advanced timeout advanced=7035778829 initial=1000000000
03:14:56.377 INF Advanced timeout advanced=8035778829 initial=1000000000
03:14:56.377 INF Advanced timeout advanced=9035778829 initial=1000000000
03:14:56.377 INF Advanced timeout advanced=10035778829 initial=1000000000
03:14:56.377 INF Advanced timeout advanced=11035778829 initial=1000000000
03:14:56.377 INF Advanced timeout advanced=12035778829 initial=1000000000
03:14:56.377 INF Advanced timeout advanced=13035778829 initial=1000000000
03:14:56.377 INF Advanced timeout advanced=14035778829 initial=1000000000
03:14:56.377 INF Advanced timeout advanced=15035778829 initial=1000000000
03:14:56.378 INF Starting PBFT instance. first=33 last=63 segID=2
03:14:56.382 INF Starting serialized message processing. segID=2
03:14:57.426 INF Handling PREPREPARE. nReq=3214 senderID=1 sn=33
03:14:57.490 INF Committed entry. latency=0 nReq=3214 sn=33
03:14:57.524 INF Handling PREPREPARE. nReq=3525 senderID=0 sn=32
03:14:57.576 INF Committed entry. latency=0 nReq=3525 sn=32
03:14:57.577 INF Delivered batch. nReq=3525 sn=32
03:14:57.577 INF Delivered batch. nReq=3214 sn=33
03:14:58.426 INF Handling PREPREPARE. nReq=1758 senderID=1 sn=35
03:14:58.466 INF Committed entry. latency=0 nReq=1758 sn=35
03:14:58.473 INF Handling PREPREPARE. nReq=1481 senderID=0 sn=34
03:14:58.495 INF Committed entry. latency=0 nReq=1481 sn=34
03:14:58.495 INF Delivered batch. nReq=1481 sn=34
03:14:58.495 INF Delivered batch. nReq=1758 sn=35
03:14:59.371 INF Handling PREPREPARE. nReq=503 senderID=1 sn=37
03:14:59.382 INF Committed entry. latency=0 nReq=503 sn=37
03:14:59.433 INF Handling PREPREPARE. nReq=474 senderID=0 sn=36
03:14:59.443 INF Committed entry. latency=0 nReq=474 sn=36
03:14:59.444 INF Delivered batch. nReq=474 sn=36
03:14:59.444 INF Delivered batch. nReq=503 sn=37
03:15:00.391 INF Handling PREPREPARE. nReq=471 senderID=1 sn=39
03:15:00.412 INF Committed entry. latency=0 nReq=471 sn=39
03:15:00.449 INF Handling PREPREPARE. nReq=502 senderID=0 sn=38
03:15:00.470 INF Committed entry. latency=0 nReq=502 sn=38
03:15:00.470 INF Delivered batch. nReq=502 sn=38
03:15:00.470 INF Delivered batch. nReq=471 sn=39
03:15:01.455 INF Handling PREPREPARE. nReq=2321 senderID=1 sn=41
03:15:01.509 INF Committed entry. latency=0 nReq=2321 sn=41
03:15:01.519 INF Handling PREPREPARE. nReq=2487 senderID=0 sn=40
03:15:01.554 INF Committed entry. latency=0 nReq=2487 sn=40
03:15:01.554 INF Delivered batch. nReq=2487 sn=40
03:15:01.555 INF Delivered batch. nReq=2321 sn=41
03:15:02.428 INF Handling PREPREPARE. nReq=1336 senderID=1 sn=43
03:15:02.463 INF Committed entry. latency=0 nReq=1336 sn=43
03:15:02.472 INF Handling PREPREPARE. nReq=1169 senderID=0 sn=42
03:15:02.490 INF Committed entry. latency=0 nReq=1169 sn=42
03:15:02.490 INF Delivered batch. nReq=1169 sn=42
03:15:02.490 INF Delivered batch. nReq=1336 sn=43
03:15:03.404 INF Handling PREPREPARE. nReq=599 senderID=1 sn=45
03:15:03.429 INF Committed entry. latency=0 nReq=599 sn=45
03:15:03.450 INF Handling PREPREPARE. nReq=592 senderID=0 sn=44
03:15:03.463 INF Committed entry. latency=0 nReq=592 sn=44
03:15:03.463 INF Delivered batch. nReq=592 sn=44
03:15:03.463 INF Delivered batch. nReq=599 sn=45
03:15:04.441 INF Handling PREPREPARE. nReq=2301 senderID=1 sn=47
03:15:04.478 INF Committed entry. latency=0 nReq=2301 sn=47
03:15:04.500 INF Handling PREPREPARE. nReq=2572 senderID=0 sn=46
03:15:04.538 INF Committed entry. latency=0 nReq=2572 sn=46
03:15:04.538 INF Delivered batch. nReq=2572 sn=46
03:15:04.539 INF Delivered batch. nReq=2301 sn=47
03:15:05.450 INF Handling PREPREPARE. nReq=1336 senderID=1 sn=49
03:15:05.479 INF Handling PREPREPARE. nReq=1065 senderID=0 sn=48
03:15:05.484 INF Committed entry. latency=0 nReq=1336 sn=49
03:15:05.500 INF Committed entry. latency=0 nReq=1065 sn=48
03:15:05.500 INF Delivered batch. nReq=1065 sn=48
03:15:05.501 INF Delivered batch. nReq=1336 sn=49
03:15:06.384 INF Handling PREPREPARE. nReq=474 senderID=1 sn=51
03:15:06.396 INF Committed entry. latency=0 nReq=474 sn=51
03:15:06.466 INF Handling PREPREPARE. nReq=531 senderID=0 sn=50
03:15:06.489 INF Committed entry. latency=0 nReq=531 sn=50
03:15:06.490 INF Delivered batch. nReq=531 sn=50
03:15:06.490 INF Delivered batch. nReq=474 sn=51
03:15:07.430 INF Handling PREPREPARE. nReq=2462 senderID=1 sn=53
03:15:07.468 INF Committed entry. latency=0 nReq=2462 sn=53
03:15:07.508 INF Handling PREPREPARE. nReq=2807 senderID=0 sn=52
03:15:07.556 INF Committed entry. latency=0 nReq=2807 sn=52
03:15:07.557 INF Delivered batch. nReq=2807 sn=52
03:15:07.557 INF Delivered batch. nReq=2462 sn=53
03:15:08.438 INF Handling PREPREPARE. nReq=1663 senderID=1 sn=55
03:15:08.461 INF Committed entry. latency=0 nReq=1663 sn=55
03:15:08.478 INF Handling PREPREPARE. nReq=1274 senderID=0 sn=54
03:15:08.499 INF Committed entry. latency=0 nReq=1274 sn=54
03:15:08.499 INF Delivered batch. nReq=1274 sn=54
03:15:08.499 INF Delivered batch. nReq=1663 sn=55
03:15:09.410 INF Handling PREPREPARE. nReq=553 senderID=1 sn=57
03:15:09.434 INF Committed entry. latency=0 nReq=553 sn=57
03:15:09.465 INF Handling PREPREPARE. nReq=548 senderID=0 sn=56
03:15:09.490 INF Committed entry. latency=0 nReq=548 sn=56
03:15:09.490 INF Delivered batch. nReq=548 sn=56
03:15:09.490 INF Delivered batch. nReq=553 sn=57
03:15:10.421 INF Handling PREPREPARE. nReq=1191 senderID=1 sn=59
03:15:10.444 INF Committed entry. latency=0 nReq=1191 sn=59
03:15:10.473 INF Handling PREPREPARE. nReq=1445 senderID=0 sn=58
03:15:10.496 INF Committed entry. latency=0 nReq=1445 sn=58
03:15:10.496 INF Delivered batch. nReq=1445 sn=58
03:15:10.496 INF Delivered batch. nReq=1191 sn=59
03:15:11.450 INF Handling PREPREPARE. nReq=2385 senderID=1 sn=61
03:15:11.495 INF Committed entry. latency=0 nReq=2385 sn=61
03:15:11.512 INF Handling PREPREPARE. nReq=2354 senderID=0 sn=60
03:15:11.550 INF Committed entry. latency=0 nReq=2354 sn=60
03:15:11.550 INF Delivered batch. nReq=2354 sn=60
03:15:11.550 INF Delivered batch. nReq=2385 sn=61
03:15:12.423 INF Handling PREPREPARE. nReq=1267 senderID=1 sn=63
03:15:12.452 INF Committed entry. latency=0 nReq=1267 sn=63
03:15:12.452 INF Sending segment checkpoint. lastSn=63 segID=2
03:15:12.455 INF PBFT checkpoint ready. Scheduling catchup. lastSn=63 segID=2
03:15:12.479 INF Handling PREPREPARE. nReq=1069 senderID=0 sn=62
03:15:12.495 INF Committed entry. latency=0 nReq=1069 sn=62
03:15:12.495 INF Delivered batch. nReq=1069 sn=62
03:15:12.495 INF Delivered batch. nReq=1267 sn=63
03:15:12.497 INF Sending segment checkpoint. lastSn=62 segID=1
03:15:12.502 INF PBFT checkpoint ready. Scheduling catchup. lastSn=62 segID=1
03:15:12.509 INF fuck! epoch=128 epoch time (ms)=16415 leaders=3 viewtimeout=120000
03:15:12.509 INF Epoch finished. Waiting for stable checkpoint. sn=63
03:15:12.521 INF New stable checkpoint. sn=63
03:15:12.522 INF Epoch end confirmed. chkpSn=63
03:15:12.522 INF Received stable checkpoint notification. sn=63
03:15:12.522 INF Closing message serializers. segID=2
03:15:12.522 INF Closing message serializers. segID=1
03:15:12.522 INF Advancing watermarks. numEntries=32
03:15:12.522 INF Statistics commitTs=1753989297488624340 duration=61899944 proposeTs=1753989297426724396 sn=33
03:15:12.522 INF Statistics commitTs=1753989297575458442 duration=50900298 proposeTs=1753989297524558144 sn=32
03:15:12.522 INF Statistics commitTs=1753989298464900702 duration=38319552 proposeTs=1753989298426581150 sn=35
03:15:12.522 INF Statistics commitTs=1753989298494226868 duration=21189060 proposeTs=1753989298473037808 sn=34
03:15:12.522 INF Statistics commitTs=1753989299382327709 duration=11261838 proposeTs=1753989299371065871 sn=37
03:15:12.522 INF Statistics commitTs=1753989299443583109 duration=10502024 proposeTs=1753989299433081085 sn=36
03:15:12.522 INF Statistics commitTs=1753989300411729254 duration=20379136 proposeTs=1753989300391350118 sn=39
03:15:12.522 INF Statistics commitTs=1753989300469391470 duration=20134356 proposeTs=1753989300449257114 sn=38
03:15:12.522 INF Statistics commitTs=1753989301501774767 duration=46787752 proposeTs=1753989301454987015 sn=41
03:15:12.522 INF Statistics commitTs=1753989301551810511 duration=32722497 proposeTs=1753989301519088014 sn=40
03:15:12.522 INF Statistics commitTs=1753989302462654627 duration=34156906 proposeTs=1753989302428497721 sn=43
03:15:12.522 INF Statistics commitTs=1753989302489441258 duration=16862300 proposeTs=1753989302472578958 sn=42
03:15:12.522 INF Statistics commitTs=1753989303428644038 duration=24210802 proposeTs=1753989303404433236 sn=45
03:15:12.522 INF Statistics commitTs=1753989303463136458 duration=12840621 proposeTs=1753989303450295837 sn=44
03:15:12.522 INF Statistics commitTs=1753989304477867117 duration=36060318 proposeTs=1753989304441806799 sn=47
03:15:12.522 INF Statistics commitTs=1753989304536733576 duration=36609510 proposeTs=1753989304500124066 sn=46
03:15:12.522 INF Statistics commitTs=1753989305483096373 duration=32649362 proposeTs=1753989305450447011 sn=49
03:15:12.523 INF Statistics commitTs=1753989305499470105 duration=20517456 proposeTs=1753989305478952649 sn=48
03:15:12.523 INF Statistics commitTs=1753989306395535042 duration=10702506 proposeTs=1753989306384832536 sn=51
03:15:12.523 INF Statistics commitTs=1753989306488699553 duration=22017464 proposeTs=1753989306466682089 sn=50
03:15:12.523 INF Statistics commitTs=1753989307467016870 duration=36127754 proposeTs=1753989307430889116 sn=53
03:15:12.523 INF Statistics commitTs=1753989307553906799 duration=45633454 proposeTs=1753989307508273345 sn=52
03:15:12.523 INF Statistics commitTs=1753989308460665923 duration=22456880 proposeTs=1753989308438209043 sn=55
03:15:12.523 INF Statistics commitTs=1753989308497617322 duration=18806808 proposeTs=1753989308478810514 sn=54
03:15:12.523 INF Statistics commitTs=1753989309489494496 duration=24001968 proposeTs=1753989309465492528 sn=56
03:15:12.523 INF Statistics commitTs=1753989309434139261 duration=23453545 proposeTs=1753989309410685716 sn=57
03:15:12.523 INF Statistics commitTs=1753989310443656182 duration=22491753 proposeTs=1753989310421164429 sn=59
03:15:12.523 INF Statistics commitTs=1753989310495306503 duration=21701899 proposeTs=1753989310473604604 sn=58
03:15:12.523 INF Statistics commitTs=1753989311547972191 duration=35135406 proposeTs=1753989311512836785 sn=60
03:15:12.523 INF Statistics commitTs=1753989311493220437 duration=42947627 proposeTs=1753989311450272810 sn=61
03:15:12.523 INF Statistics commitTs=1753989312495008522 duration=15929574 proposeTs=1753989312479078948 sn=62
03:15:12.523 INF Statistics commitTs=1753989312451414696 duration=28384791 proposeTs=1753989312423029905 sn=63
==================
WARNING: DATA RACE
Write at 0x00c00020c0d0 by goroutine 80146:
  github.com/hyperledger-labs/mirbft/orderer.(*PbftOrderer).setMedianCommitTime()
      /opt/gopath/src/github.com/hyperledger-labs/mirbft/orderer/pbftorderer.go:268 +0x45b
  github.com/hyperledger-labs/mirbft/orderer.(*PbftOrderer).killSegment()
      /opt/gopath/src/github.com/hyperledger-labs/mirbft/orderer/pbftorderer.go:241 +0x335
  github.com/hyperledger-labs/mirbft/orderer.(*PbftOrderer).Start.func2()
      /opt/gopath/src/github.com/hyperledger-labs/mirbft/orderer/pbftorderer.go:177 +0x58

Previous write at 0x00c00020c0d0 by goroutine 80144:
  github.com/hyperledger-labs/mirbft/orderer.(*PbftOrderer).setMedianCommitTime()
      /opt/gopath/src/github.com/hyperledger-labs/mirbft/orderer/pbftorderer.go:268 +0x45b
  github.com/hyperledger-labs/mirbft/orderer.(*PbftOrderer).killSegment()
      /opt/gopath/src/github.com/hyperledger-labs/mirbft/orderer/pbftorderer.go:241 +0x335
  github.com/hyperledger-labs/mirbft/orderer.(*PbftOrderer).Start.func2()
      /opt/gopath/src/github.com/hyperledger-labs/mirbft/orderer/pbftorderer.go:177 +0x58

Goroutine 80146 (running) created at:
  github.com/hyperledger-labs/mirbft/orderer.(*PbftOrderer).Start()
      /opt/gopath/src/github.com/hyperledger-labs/mirbft/orderer/pbftorderer.go:177 +0xed
  main.main.func5()
      /opt/gopath/src/github.com/hyperledger-labs/mirbft/cmd/orderingpeer/main.go:186 +0x59

Goroutine 80144 (running) created at:
  github.com/hyperledger-labs/mirbft/orderer.(*PbftOrderer).Start()
      /opt/gopath/src/github.com/hyperledger-labs/mirbft/orderer/pbftorderer.go:177 +0xed
  main.main.func5()
      /opt/gopath/src/github.com/hyperledger-labs/mirbft/cmd/orderingpeer/main.go:186 +0x59
==================
03:15:12.524 INF Median commit time commit=32649362 segID=2
03:15:12.523 INF Median commit time commit=21701899 segID=1
03:15:12.660 INF PbftOrderer received a new segment: [64 67 70 73 76 79 82 85 88 91 94 97 100 103 106 109] first leader=0 firstSN=64 lastSN=109 len=16 length=16 segId=3
03:15:13.089 INF Starting new view. segID=3 timeout=120000 view=0
03:15:13.089 INF Advanced timeout advanced=32649362 initial=1000000000
03:15:13.089 INF Advanced timeout advanced=1032649362 initial=1000000000
03:15:13.089 INF Advanced timeout advanced=2032649362 initial=1000000000
03:15:13.089 INF Advanced timeout advanced=3032649362 initial=1000000000
03:15:13.089 INF Advanced timeout advanced=4032649362 initial=1000000000
03:15:13.089 INF Advanced timeout advanced=5032649362 initial=1000000000
03:15:13.089 INF Advanced timeout advanced=6032649362 initial=1000000000
03:15:13.089 INF Advanced timeout advanced=7032649362 initial=1000000000
03:15:13.089 INF Advanced timeout advanced=8032649362 initial=1000000000
03:15:13.089 INF Advanced timeout advanced=9032649362 initial=1000000000
03:15:13.089 INF Advanced timeout advanced=10032649362 initial=1000000000
03:15:13.089 INF Advanced timeout advanced=11032649362 initial=1000000000
03:15:13.089 INF Advanced timeout advanced=12032649362 initial=1000000000
03:15:13.089 INF Advanced timeout advanced=13032649362 initial=1000000000
03:15:13.090 INF Advanced timeout advanced=14032649362 initial=1000000000
03:15:13.090 INF Advanced timeout advanced=15032649362 initial=1000000000
03:15:13.090 INF Starting PBFT instance. first=64 last=109 segID=3
03:15:13.090 INF PbftOrderer received a new segment: [65 68 71 74 77 80 83 86 89 92 95 98 101 104 107 110] first leader=1 firstSN=65 lastSN=110 len=16 length=16 segId=4
03:15:13.111 INF Starting serialized message processing. segID=3
03:15:13.414 INF Starting new view. segID=4 timeout=120000 view=0
03:15:13.414 INF Advanced timeout advanced=32649362 initial=1000000000
03:15:13.414 INF Advanced timeout advanced=1032649362 initial=1000000000
03:15:13.414 INF Advanced timeout advanced=2032649362 initial=1000000000
03:15:13.414 INF Advanced timeout advanced=3032649362 initial=1000000000
03:15:13.414 INF Advanced timeout advanced=4032649362 initial=1000000000
03:15:13.414 INF Advanced timeout advanced=5032649362 initial=1000000000
03:15:13.414 INF Advanced timeout advanced=6032649362 initial=1000000000
03:15:13.414 INF Advanced timeout advanced=7032649362 initial=1000000000
03:15:13.414 INF Advanced timeout advanced=8032649362 initial=1000000000
03:15:13.415 INF Advanced timeout advanced=9032649362 initial=1000000000
03:15:13.415 INF Advanced timeout advanced=10032649362 initial=1000000000
03:15:13.415 INF Advanced timeout advanced=11032649362 initial=1000000000
03:15:13.415 INF Advanced timeout advanced=12032649362 initial=1000000000
03:15:13.415 INF Advanced timeout advanced=13032649362 initial=1000000000
03:15:13.415 INF Advanced timeout advanced=14032649362 initial=1000000000
03:15:13.415 INF Advanced timeout advanced=15032649362 initial=1000000000
03:15:13.415 INF Starting PBFT instance. first=65 last=110 segID=4
03:15:13.415 INF Starting serialized message processing. segID=4
03:15:13.416 INF PbftOrderer received a new segment: [66 69 72 75 78 81 84 87 90 93 96 99 102 105 108 111] first leader=2 firstSN=66 lastSN=111 len=16 length=16 segId=5
03:15:13.416 INF fuck1 epoch change time (ms)=921
==================
WARNING: DATA RACE
Write at 0x000001304398 by goroutine 670:
  github.com/hyperledger-labs/mirbft/manager.(*MirManager).handleLogEntries()
      /opt/gopath/src/github.com/hyperledger-labs/mirbft/manager/mirmanager.go:265 +0x17d3
  github.com/hyperledger-labs/mirbft/manager.(*MirManager).Start.func2()
      /opt/gopath/src/github.com/hyperledger-labs/mirbft/manager/mirmanager.go:112 +0x47

Previous write at 0x000001304398 by goroutine 693:
  github.com/hyperledger-labs/mirbft/request.HandleRequest()
      /opt/gopath/src/github.com/hyperledger-labs/mirbft/request/requesthandler.go:49 +0x1d3
  github.com/hyperledger-labs/mirbft/messenger.(*messengerServer).Request()
      /opt/gopath/src/github.com/hyperledger-labs/mirbft/messenger/clients.go:77 +0x19d
  github.com/hyperledger-labs/mirbft/protobufs._Messenger_Request_Handler()
      /opt/gopath/src/github.com/hyperledger-labs/mirbft/protobufs/messenger.pb.go:1158 +0xc2
  google.golang.org/grpc.(*Server).processStreamingRPC()
      /opt/gopath/src/google.golang.org/grpc/server.go:1673 +0x1e87
  google.golang.org/grpc.(*Server).handleStream()
      /opt/gopath/src/google.golang.org/grpc/server.go:1794 +0x19c6
  google.golang.org/grpc.(*Server).serveStreams.func2.1()
      /opt/gopath/src/google.golang.org/grpc/server.go:1029 +0x125

Goroutine 670 (running) created at:
  github.com/hyperledger-labs/mirbft/manager.(*MirManager).Start()
      /opt/gopath/src/github.com/hyperledger-labs/mirbft/manager/mirmanager.go:112 +0x191
  main.main.func4()
      /opt/gopath/src/github.com/hyperledger-labs/mirbft/cmd/orderingpeer/main.go:185 +0x59

Goroutine 693 (running) created at:
  google.golang.org/grpc.(*Server).serveStreams.func2()
      /opt/gopath/src/google.golang.org/grpc/server.go:1040 +0x224
  google.golang.org/grpc/internal/transport.(*http2Server).operateHeaders()
      /opt/gopath/src/google.golang.org/grpc/internal/transport/http2_server.go:631 +0x389e
  google.golang.org/grpc/internal/transport.(*http2Server).HandleStreams()
      /opt/gopath/src/google.golang.org/grpc/internal/transport/http2_server.go:672 +0x258
  google.golang.org/grpc.(*Server).serveStreams()
      /opt/gopath/src/google.golang.org/grpc/server.go:1023 +0x68b
  google.golang.org/grpc.(*Server).handleRawConn.func1()
      /opt/gopath/src/google.golang.org/grpc/server.go:959 +0x9c
==================
03:15:13.673 INF Starting new view. segID=5 timeout=120000 view=0
03:15:13.674 INF Advanced timeout advanced=32649362 initial=1000000000
03:15:13.674 INF Advanced timeout advanced=1032649362 initial=1000000000
03:15:13.674 INF Advanced timeout advanced=2032649362 initial=1000000000
03:15:13.674 INF Advanced timeout advanced=3032649362 initial=1000000000
03:15:13.674 INF Advanced timeout advanced=4032649362 initial=1000000000
03:15:13.674 INF Advanced timeout advanced=5032649362 initial=1000000000
03:15:13.674 INF Advanced timeout advanced=6032649362 initial=1000000000
03:15:13.674 INF Advanced timeout advanced=7032649362 initial=1000000000
03:15:13.674 INF Advanced timeout advanced=8032649362 initial=1000000000
03:15:13.674 INF Advanced timeout advanced=9032649362 initial=1000000000
03:15:13.674 INF Advanced timeout advanced=10032649362 initial=1000000000
03:15:13.674 INF Advanced timeout advanced=11032649362 initial=1000000000
03:15:13.674 INF Advanced timeout advanced=12032649362 initial=1000000000
03:15:13.674 INF Advanced timeout advanced=13032649362 initial=1000000000
03:15:13.674 INF Advanced timeout advanced=14032649362 initial=1000000000
03:15:13.674 INF Advanced timeout advanced=15032649362 initial=1000000000
03:15:13.675 INF Starting PBFT instance. first=66 last=111 segID=5
03:15:13.675 INF Starting serialized message processing. segID=5
03:15:14.132 INF Handling PREPREPARE. nReq=1136 senderID=0 sn=64
03:15:14.196 INF Committed entry. latency=0 nReq=1136 sn=64
03:15:14.196 INF Delivered batch. nReq=1136 sn=64
03:15:14.685 INF Sending PREPREPARE. nReq=2378 senderID=2 sn=66 view=0
03:15:14.809 INF Committed entry. latency=0 nReq=2378 sn=66
03:15:14.848 INF Handling PREPREPARE. nReq=2577 senderID=1 sn=65
03:15:14.892 INF Committed entry. latency=0 nReq=2577 sn=65
03:15:14.892 INF Delivered batch. nReq=2577 sn=65
03:15:14.893 INF Delivered batch. nReq=2378 sn=66
03:15:15.144 INF Handling PREPREPARE. nReq=1993 senderID=0 sn=67
03:15:15.179 INF Committed entry. latency=0 nReq=1993 sn=67
03:15:15.180 INF Delivered batch. nReq=1993 sn=67
03:15:15.683 INF Sending PREPREPARE. nReq=1030 senderID=2 sn=69 view=0
03:15:15.765 INF Committed entry. latency=0 nReq=1030 sn=69
03:15:15.805 INF Handling PREPREPARE. nReq=766 senderID=1 sn=68
03:15:15.826 INF Committed entry. latency=0 nReq=766 sn=68
03:15:15.826 INF Delivered batch. nReq=766 sn=68
03:15:15.826 INF Delivered batch. nReq=1030 sn=69
03:15:16.074 INF Handling PREPREPARE. nReq=457 senderID=0 sn=70
03:15:16.095 INF Committed entry. latency=0 nReq=457 sn=70
03:15:16.095 INF Delivered batch. nReq=457 sn=70
03:15:16.682 INF Sending PREPREPARE. nReq=393 senderID=2 sn=72 view=0
03:15:16.725 INF Committed entry. latency=0 nReq=393 sn=72
03:15:16.793 INF Handling PREPREPARE. nReq=375 senderID=1 sn=71
03:15:16.811 INF Committed entry. latency=0 nReq=375 sn=71
03:15:16.812 INF Delivered batch. nReq=375 sn=71
03:15:16.812 INF Delivered batch. nReq=393 sn=72
03:15:17.067 INF Handling PREPREPARE. nReq=299 senderID=0 sn=73
03:15:17.082 INF Committed entry. latency=0 nReq=299 sn=73
03:15:17.083 INF Delivered batch. nReq=299 sn=73
03:15:17.682 INF Sending PREPREPARE. nReq=276 senderID=2 sn=75 view=0
03:15:17.698 INF Committed entry. latency=0 nReq=276 sn=75
03:15:17.798 INF Handling PREPREPARE. nReq=292 senderID=1 sn=74
03:15:17.813 INF Committed entry. latency=0 nReq=292 sn=74
03:15:17.813 INF Delivered batch. nReq=292 sn=74
03:15:17.813 INF Delivered batch. nReq=276 sn=75
03:15:18.064 INF Handling PREPREPARE. nReq=315 senderID=0 sn=76
03:15:18.081 INF Committed entry. latency=0 nReq=315 sn=76
03:15:18.081 INF Delivered batch. nReq=315 sn=76
03:15:18.684 INF Sending PREPREPARE. nReq=1280 senderID=2 sn=78 view=0
03:15:18.740 INF Committed entry. latency=0 nReq=1280 sn=78
03:15:18.817 INF Handling PREPREPARE. nReq=1552 senderID=1 sn=77
03:15:18.851 INF Committed entry. latency=0 nReq=1552 sn=77
03:15:18.852 INF Delivered batch. nReq=1552 sn=77
03:15:18.852 INF Delivered batch. nReq=1280 sn=78
03:15:19.145 INF Handling PREPREPARE. nReq=1844 senderID=0 sn=79
03:15:19.177 INF Committed entry. latency=0 nReq=1844 sn=79
03:15:19.177 INF Delivered batch. nReq=1844 sn=79
03:15:19.688 INF Sending PREPREPARE. nReq=990 senderID=2 sn=81 view=0
03:15:19.763 INF Committed entry. latency=0 nReq=990 sn=81
03:15:19.803 INF Handling PREPREPARE. nReq=667 senderID=1 sn=80
03:15:19.829 INF Committed entry. latency=0 nReq=667 sn=80
03:15:19.829 INF Delivered batch. nReq=667 sn=80
03:15:19.829 INF Delivered batch. nReq=990 sn=81
03:15:20.079 INF Handling PREPREPARE. nReq=411 senderID=0 sn=82
03:15:20.099 INF Committed entry. latency=0 nReq=411 sn=82
03:15:20.099 INF Delivered batch. nReq=411 sn=82
03:15:20.688 INF Sending PREPREPARE. nReq=517 senderID=2 sn=84 view=0
03:15:20.728 INF Committed entry. latency=0 nReq=517 sn=84
03:15:20.801 INF Handling PREPREPARE. nReq=761 senderID=1 sn=83
03:15:20.817 INF Committed entry. latency=0 nReq=761 sn=83
03:15:20.817 INF Delivered batch. nReq=761 sn=83
03:15:20.817 INF Delivered batch. nReq=517 sn=84
03:15:21.107 INF Handling PREPREPARE. nReq=933 senderID=0 sn=85
03:15:21.143 INF Committed entry. latency=0 nReq=933 sn=85
03:15:21.144 INF Delivered batch. nReq=933 sn=85
03:15:21.692 INF Sending PREPREPARE. nReq=1131 senderID=2 sn=87 view=0
03:15:21.752 INF Committed entry. latency=0 nReq=1131 sn=87
03:15:21.812 INF Handling PREPREPARE. nReq=1115 senderID=1 sn=86
03:15:21.833 INF Committed entry. latency=0 nReq=1115 sn=86
03:15:21.834 INF Delivered batch. nReq=1115 sn=86
03:15:21.834 INF Delivered batch. nReq=1131 sn=87
03:15:22.120 INF Handling PREPREPARE. nReq=1204 senderID=0 sn=88
03:15:22.158 INF Committed entry. latency=0 nReq=1204 sn=88
03:15:22.158 INF Delivered batch. nReq=1204 sn=88
03:15:22.691 INF Sending PREPREPARE. nReq=800 senderID=2 sn=90 view=0
03:15:22.733 INF Committed entry. latency=0 nReq=800 sn=90
03:15:22.815 INF Handling PREPREPARE. nReq=566 senderID=1 sn=89
03:15:22.835 INF Committed entry. latency=0 nReq=566 sn=89
03:15:22.835 INF Delivered batch. nReq=566 sn=89
03:15:22.835 INF Delivered batch. nReq=800 sn=90
03:15:23.086 INF Handling PREPREPARE. nReq=467 senderID=0 sn=91
03:15:23.106 INF Committed entry. latency=0 nReq=467 sn=91
03:15:23.106 INF Delivered batch. nReq=467 sn=91
03:15:23.692 INF Sending PREPREPARE. nReq=1275 senderID=2 sn=93 view=0
03:15:23.742 INF Committed entry. latency=0 nReq=1275 sn=93
03:15:23.825 INF Handling PREPREPARE. nReq=1476 senderID=1 sn=92
03:15:23.851 INF Committed entry. latency=0 nReq=1476 sn=92
03:15:23.851 INF Delivered batch. nReq=1476 sn=92
03:15:23.852 INF Delivered batch. nReq=1275 sn=93
03:15:24.141 INF Handling PREPREPARE. nReq=1692 senderID=0 sn=94
03:15:24.173 INF Committed entry. latency=0 nReq=1692 sn=94
03:15:24.173 INF Delivered batch. nReq=1692 sn=94
03:15:24.696 INF Sending PREPREPARE. nReq=891 senderID=2 sn=96 view=0
03:15:24.767 INF Committed entry. latency=0 nReq=891 sn=96
03:15:24.805 INF Handling PREPREPARE. nReq=586 senderID=1 sn=95
03:15:24.826 INF Committed entry. latency=0 nReq=586 sn=95
03:15:24.826 INF Delivered batch. nReq=586 sn=95
03:15:24.826 INF Delivered batch. nReq=891 sn=96
03:15:25.080 INF Handling PREPREPARE. nReq=366 senderID=0 sn=97
03:15:25.097 INF Committed entry. latency=0 nReq=366 sn=97
03:15:25.097 INF Delivered batch. nReq=366 sn=97
==================
WARNING: DATA RACE
Write at 0x000002381870 by goroutine 693:
  github.com/hyperledger-labs/mirbft/request.HandleRequest()
      /opt/gopath/src/github.com/hyperledger-labs/mirbft/request/requesthandler.go:51 +0x337
  github.com/hyperledger-labs/mirbft/messenger.(*messengerServer).Request()
      /opt/gopath/src/github.com/hyperledger-labs/mirbft/messenger/clients.go:77 +0x19d
  github.com/hyperledger-labs/mirbft/protobufs._Messenger_Request_Handler()
      /opt/gopath/src/github.com/hyperledger-labs/mirbft/protobufs/messenger.pb.go:1158 +0xc2
  google.golang.org/grpc.(*Server).processStreamingRPC()
      /opt/gopath/src/google.golang.org/grpc/server.go:1673 +0x1e87
  google.golang.org/grpc.(*Server).handleStream()
      /opt/gopath/src/google.golang.org/grpc/server.go:1794 +0x19c6
  google.golang.org/grpc.(*Server).serveStreams.func2.1()
      /opt/gopath/src/google.golang.org/grpc/server.go:1029 +0x125

Previous read at 0x000002381870 by goroutine 128306:
  github.com/hyperledger-labs/mirbft/log.publishEntries()
      /opt/gopath/src/github.com/hyperledger-labs/mirbft/log/log.go:285 +0x59a
  github.com/hyperledger-labs/mirbft/log.CommitEntry()
      /opt/gopath/src/github.com/hyperledger-labs/mirbft/log/log.go:108 +0x284
  github.com/hyperledger-labs/mirbft/announcer.Announce()
      /opt/gopath/src/github.com/hyperledger-labs/mirbft/announcer/announcer.go:26 +0x370
  github.com/hyperledger-labs/mirbft/orderer.(*pbftInstance).announce()
      /opt/gopath/src/github.com/hyperledger-labs/mirbft/orderer/pbftinstance.go:726 +0x36b
  github.com/hyperledger-labs/mirbft/orderer.(*pbftInstance).handleCommit()
      /opt/gopath/src/github.com/hyperledger-labs/mirbft/orderer/pbftinstance.go:664 +0x7bd
  github.com/hyperledger-labs/mirbft/orderer.(*pbftInstance).handleMessage()
      /opt/gopath/src/github.com/hyperledger-labs/mirbft/orderer/pbftinstance.go:1810 +0x2e5
  github.com/hyperledger-labs/mirbft/orderer.(*pbftInstance).processSerializedMessages()
      /opt/gopath/src/github.com/hyperledger-labs/mirbft/orderer/pbftinstance.go:1764 +0xdd
  github.com/hyperledger-labs/mirbft/orderer.(*PbftOrderer).runSegment.func2()
      /opt/gopath/src/github.com/hyperledger-labs/mirbft/orderer/pbftorderer.go:199 +0x39

Goroutine 693 (running) created at:
  google.golang.org/grpc.(*Server).serveStreams.func2()
      /opt/gopath/src/google.golang.org/grpc/server.go:1040 +0x224
  google.golang.org/grpc/internal/transport.(*http2Server).operateHeaders()
      /opt/gopath/src/google.golang.org/grpc/internal/transport/http2_server.go:631 +0x389e
  google.golang.org/grpc/internal/transport.(*http2Server).HandleStreams()
      /opt/gopath/src/google.golang.org/grpc/internal/transport/http2_server.go:672 +0x258
  google.golang.org/grpc.(*Server).serveStreams()
      /opt/gopath/src/google.golang.org/grpc/server.go:1023 +0x68b
  google.golang.org/grpc.(*Server).handleRawConn.func1()
      /opt/gopath/src/google.golang.org/grpc/server.go:959 +0x9c

Goroutine 128306 (running) created at:
  github.com/hyperledger-labs/mirbft/orderer.(*PbftOrderer).runSegment()
      /opt/gopath/src/github.com/hyperledger-labs/mirbft/orderer/pbftorderer.go:199 +0x3f6
  github.com/hyperledger-labs/mirbft/orderer.(*PbftOrderer).Start()
      /opt/gopath/src/github.com/hyperledger-labs/mirbft/orderer/pbftorderer.go:176 +0x344
  main.main.func5()
      /opt/gopath/src/github.com/hyperledger-labs/mirbft/cmd/orderingpeer/main.go:186 +0x59
==================
03:15:25.695 INF Sending PREPREPARE. nReq=321 senderID=2 sn=99 view=0
03:15:25.731 INF Committed entry. latency=0 nReq=321 sn=99
03:15:25.812 INF Handling PREPREPARE. nReq=371 senderID=1 sn=98
03:15:25.828 INF Committed entry. latency=0 nReq=371 sn=98
03:15:25.828 INF Delivered batch. nReq=371 sn=98
03:15:25.828 INF Delivered batch. nReq=321 sn=99
03:15:26.098 INF Handling PREPREPARE. nReq=596 senderID=0 sn=100
03:15:26.115 INF Committed entry. latency=0 nReq=596 sn=100
03:15:26.115 INF Delivered batch. nReq=596 sn=100
03:15:26.703 INF Sending PREPREPARE. nReq=2303 senderID=2 sn=102 view=0
03:15:26.798 INF Committed entry. latency=0 nReq=2303 sn=102
03:15:26.840 INF Handling PREPREPARE. nReq=2441 senderID=1 sn=101
03:15:26.889 INF Committed entry. latency=0 nReq=2441 sn=101
03:15:26.889 INF Delivered batch. nReq=2441 sn=101
03:15:26.891 INF Delivered batch. nReq=2303 sn=102
03:15:27.155 INF Handling PREPREPARE. nReq=2717 senderID=0 sn=103
03:15:27.197 INF Committed entry. latency=0 nReq=2717 sn=103
03:15:27.197 INF Delivered batch. nReq=2717 sn=103
03:15:27.744 INF Sending PREPREPARE. nReq=1050 senderID=2 sn=105 view=0
03:15:27.795 INF Committed entry. latency=0 nReq=1050 sn=105
03:15:27.812 INF Handling PREPREPARE. nReq=786 senderID=1 sn=104
03:15:27.835 INF Committed entry. latency=0 nReq=786 sn=104
03:15:27.835 INF Delivered batch. nReq=786 sn=104
03:15:27.837 INF Delivered batch. nReq=1050 sn=105
03:15:28.091 INF Handling PREPREPARE. nReq=356 senderID=0 sn=106
03:15:28.116 INF Committed entry. latency=0 nReq=356 sn=106
03:15:28.116 INF Delivered batch. nReq=356 sn=106
03:15:28.705 INF Sending PREPREPARE. nReq=426 senderID=2 sn=108 view=0
03:15:28.746 INF Committed entry. latency=0 nReq=426 sn=108
03:15:28.805 INF Handling PREPREPARE. nReq=363 senderID=1 sn=107
03:15:28.818 INF Committed entry. latency=0 nReq=363 sn=107
03:15:28.818 INF Delivered batch. nReq=363 sn=107
03:15:28.819 INF Delivered batch. nReq=426 sn=108
03:15:29.087 INF Handling PREPREPARE. nReq=324 senderID=0 sn=109
03:15:29.104 INF Committed entry. latency=0 nReq=324 sn=109
03:15:29.104 INF Delivered batch. nReq=324 sn=109
03:15:29.105 INF Sending segment checkpoint. lastSn=109 segID=3
03:15:29.110 INF PBFT checkpoint ready. Scheduling catchup. lastSn=109 segID=3
03:15:29.512 INF PBFT catching up. lastSn=109 missingSns=0 segID=3
03:15:29.707 INF Sending PREPREPARE. nReq=201 senderID=2 sn=111 view=0
03:15:29.733 INF Committed entry. latency=0 nReq=201 sn=111
03:15:29.734 INF Sending segment checkpoint. lastSn=111 segID=5
03:15:29.735 INF PBFT checkpoint ready. Scheduling catchup. lastSn=111 segID=5
03:15:29.807 INF Handling PREPREPARE. nReq=196 senderID=1 sn=110
03:15:29.818 INF Committed entry. latency=0 nReq=196 sn=110
03:15:29.819 INF Delivered batch. nReq=196 sn=110
03:15:29.819 INF Delivered batch. nReq=201 sn=111
==================
WARNING: DATA RACE
Read at 0x000001304390 by goroutine 670:
  github.com/hyperledger-labs/mirbft/manager.(*MirManager).handleLogEntries()
      /opt/gopath/src/github.com/hyperledger-labs/mirbft/manager/mirmanager.go:172 +0x8e4
  github.com/hyperledger-labs/mirbft/manager.(*MirManager).Start.func2()
      /opt/gopath/src/github.com/hyperledger-labs/mirbft/manager/mirmanager.go:112 +0x47

Previous write at 0x000001304390 by goroutine 128308:
  github.com/hyperledger-labs/mirbft/log.publishEntries()
      /opt/gopath/src/github.com/hyperledger-labs/mirbft/log/log.go:286 +0x6e4
  github.com/hyperledger-labs/mirbft/log.CommitEntry()
      /opt/gopath/src/github.com/hyperledger-labs/mirbft/log/log.go:108 +0x284
  github.com/hyperledger-labs/mirbft/announcer.Announce()
      /opt/gopath/src/github.com/hyperledger-labs/mirbft/announcer/announcer.go:26 +0x370
  github.com/hyperledger-labs/mirbft/orderer.(*pbftInstance).announce()
      /opt/gopath/src/github.com/hyperledger-labs/mirbft/orderer/pbftinstance.go:726 +0x36b
  github.com/hyperledger-labs/mirbft/orderer.(*pbftInstance).handleCommit()
      /opt/gopath/src/github.com/hyperledger-labs/mirbft/orderer/pbftinstance.go:664 +0x7bd
  github.com/hyperledger-labs/mirbft/orderer.(*pbftInstance).handleMessage()
      /opt/gopath/src/github.com/hyperledger-labs/mirbft/orderer/pbftinstance.go:1810 +0x2e5
  github.com/hyperledger-labs/mirbft/orderer.(*pbftInstance).processSerializedMessages()
      /opt/gopath/src/github.com/hyperledger-labs/mirbft/orderer/pbftinstance.go:1764 +0xdd
  github.com/hyperledger-labs/mirbft/orderer.(*PbftOrderer).runSegment.func2()
      /opt/gopath/src/github.com/hyperledger-labs/mirbft/orderer/pbftorderer.go:199 +0x39

Goroutine 670 (running) created at:
  github.com/hyperledger-labs/mirbft/manager.(*MirManager).Start()
      /opt/gopath/src/github.com/hyperledger-labs/mirbft/manager/mirmanager.go:112 +0x191
  main.main.func4()
      /opt/gopath/src/github.com/hyperledger-labs/mirbft/cmd/orderingpeer/main.go:185 +0x59

Goroutine 128308 (running) created at:
  github.com/hyperledger-labs/mirbft/orderer.(*PbftOrderer).runSegment()
      /opt/gopath/src/github.com/hyperledger-labs/mirbft/orderer/pbftorderer.go:199 +0x3f6
  github.com/hyperledger-labs/mirbft/orderer.(*PbftOrderer).Start()
      /opt/gopath/src/github.com/hyperledger-labs/mirbft/orderer/pbftorderer.go:176 +0x344
  main.main.func5()
      /opt/gopath/src/github.com/hyperledger-labs/mirbft/cmd/orderingpeer/main.go:186 +0x59
==================
03:15:29.828 INF Sending segment checkpoint. lastSn=110 segID=4
03:15:29.830 INF PBFT checkpoint ready. Scheduling catchup. lastSn=110 segID=4
03:15:29.846 INF New stable checkpoint. sn=111
03:15:29.846 INF Received stable checkpoint notification. sn=111
03:15:29.846 INF Closing message serializers. segID=3
03:15:29.846 INF Closing message serializers. segID=4
03:15:29.846 INF Closing message serializers. segID=5
03:15:29.846 INF Statistics commitTs=1753989314194690968 duration=61849744 proposeTs=1753989314132841224 sn=64
03:15:29.846 INF Statistics commitTs=1753989314888943610 duration=40400903 proposeTs=1753989314848542707 sn=65
03:15:29.846 INF Statistics commitTs=1753989314806518776 duration=87489150 proposeTs=1753989314719029626 sn=66
03:15:29.846 INF Statistics commitTs=1753989315825054614 duration=20109369 proposeTs=1753989315804945245 sn=68
03:15:29.846 INF Statistics commitTs=1753989315176251526 duration=32018093 proposeTs=1753989315144233433 sn=67
03:15:29.847 INF Statistics commitTs=1753989315764143667 duration=70069860 proposeTs=1753989315694073807 sn=69
03:15:29.847 INF Statistics commitTs=1753989316810999700 duration=17199909 proposeTs=1753989316793799791 sn=71
03:15:29.847 INF Statistics commitTs=1753989316094301710 duration=20287768 proposeTs=1753989316074013942 sn=70
03:15:29.847 INF Statistics commitTs=1753989316724833119 duration=36398277 proposeTs=1753989316688434842 sn=72
03:15:29.847 INF Statistics commitTs=1753989317812238930 duration=13865648 proposeTs=1753989317798373282 sn=74
03:15:29.847 INF Statistics commitTs=1753989317698175317 duration=14120461 proposeTs=1753989317684054856 sn=75
03:15:29.847 INF Statistics commitTs=1753989317081932943 duration=14618131 proposeTs=1753989317067314812 sn=73
03:15:29.847 INF Statistics commitTs=1753989318848099619 duration=30944901 proposeTs=1753989318817154718 sn=77
03:15:29.847 INF Statistics commitTs=1753989318739092527 duration=47306485 proposeTs=1753989318691786042 sn=78
03:15:29.847 INF Statistics commitTs=1753989319828497466 duration=24802845 proposeTs=1753989319803694621 sn=80
03:15:29.847 INF Statistics commitTs=1753989318080837245 duration=16888138 proposeTs=1753989318063949107 sn=76
03:15:29.847 INF Statistics commitTs=1753989319762479265 duration=60076093 proposeTs=1753989319702403172 sn=81
03:15:29.847 INF Statistics commitTs=1753989320816465208 duration=14743486 proposeTs=1753989320801721722 sn=83
03:15:29.847 INF Statistics commitTs=1753989319174036147 duration=28859471 proposeTs=1753989319145176676 sn=79
03:15:29.848 INF Statistics commitTs=1753989320728110666 duration=32001106 proposeTs=1753989320696109560 sn=84
03:15:29.848 INF Statistics commitTs=1753989321832312669 duration=20119157 proposeTs=1753989321812193512 sn=86
03:15:29.848 INF Statistics commitTs=1753989320098265203 duration=19191795 proposeTs=1753989320079073408 sn=82
03:15:29.848 INF Statistics commitTs=1753989322834350453 duration=18425298 proposeTs=1753989322815925155 sn=89
03:15:29.848 INF Statistics commitTs=1753989321751519225 duration=41411517 proposeTs=1753989321710107708 sn=87
03:15:29.848 INF Statistics commitTs=1753989323849586563 duration=24243858 proposeTs=1753989323825342705 sn=92
03:15:29.848 INF Statistics commitTs=1753989321142905147 duration=35224670 proposeTs=1753989321107680477 sn=85
03:15:29.848 INF Statistics commitTs=1753989322732731121 duration=34360135 proposeTs=1753989322698370986 sn=90
03:15:29.848 INF Statistics commitTs=1753989324825041848 duration=19928781 proposeTs=1753989324805113067 sn=95
03:15:29.848 INF Statistics commitTs=1753989322156418831 duration=35942176 proposeTs=1753989322120476655 sn=88
03:15:29.848 INF Statistics commitTs=1753989323741192518 duration=39672289 proposeTs=1753989323701520229 sn=93
03:15:29.848 INF Statistics commitTs=1753989325827795475 duration=14908399 proposeTs=1753989325812887076 sn=98
03:15:29.848 INF Statistics commitTs=1753989324766642397 duration=56937266 proposeTs=1753989324709705131 sn=96
03:15:29.848 INF Statistics commitTs=1753989323105263740 duration=18780455 proposeTs=1753989323086483285 sn=91
03:15:29.848 INF Statistics commitTs=1753989326884123337 duration=43626494 proposeTs=1753989326840496843 sn=101
03:15:29.849 INF Statistics commitTs=1753989327834350952 duration=21711519 proposeTs=1753989327812639433 sn=104
03:15:29.849 INF Statistics commitTs=1753989325730620233 duration=29429879 proposeTs=1753989325701190354 sn=99
03:15:29.849 INF Statistics commitTs=1753989324171387753 duration=29880015 proposeTs=1753989324141507738 sn=94
03:15:29.849 INF Statistics commitTs=1753989326795836868 duration=71681701 proposeTs=1753989326724155167 sn=102
03:15:29.849 INF Statistics commitTs=1753989325097032702 duration=16736080 proposeTs=1753989325080296622 sn=97
03:15:29.849 INF Statistics commitTs=1753989328818141017 duration=12768336 proposeTs=1753989328805372681 sn=107
03:15:29.849 INF Statistics commitTs=1753989327794304979 duration=39314451 proposeTs=1753989327754990528 sn=105
03:15:29.849 INF Statistics commitTs=1753989326114465949 duration=15573776 proposeTs=1753989326098892173 sn=100
03:15:29.849 INF Statistics commitTs=1753989329818339641 duration=11167438 proposeTs=1753989329807172203 sn=110
03:15:29.849 INF Statistics commitTs=1753989328745210155 duration=35562925 proposeTs=1753989328709647230 sn=108
03:15:29.849 INF Median commit time commit=20109369 segID=4
03:15:29.849 INF Statistics commitTs=1753989327193836143 duration=38327106 proposeTs=1753989327155509037 sn=103
03:15:29.850 INF Statistics commitTs=1753989328115143542 duration=23972793 proposeTs=1753989328091170749 sn=106
03:15:29.850 INF Statistics commitTs=1753989329103859933 duration=16630011 proposeTs=1753989329087229922 sn=109
03:15:29.850 INF Median commit time commit=23972793 segID=3
03:15:29.850 INF Statistics commitTs=1753989329732951658 duration=21602318 proposeTs=1753989329711349340 sn=111
03:15:29.851 INF Median commit time commit=39672289 segID=5
03:15:29.866 INF fuck! epoch=128 epoch time (ms)=16403 leaders=4 viewtimeout=120000
03:15:29.867 INF Epoch finished. Waiting for stable checkpoint. sn=111
03:15:29.867 INF Epoch end confirmed. chkpSn=111
03:15:29.867 INF Advancing watermarks. numEntries=48
03:15:30.027 INF PbftOrderer received a new segment: [112 116 120 124 128 132 136 140 144 148 152 156 160 164 168 172] first leader=0 firstSN=112 lastSN=172 len=16 length=16 segId=6
03:15:30.579 INF Starting new view. segID=6 timeout=120000 view=0
03:15:30.579 INF Advanced timeout advanced=39672289 initial=1000000000
03:15:30.579 INF Advanced timeout advanced=1039672289 initial=1000000000
03:15:30.579 INF Advanced timeout advanced=2039672289 initial=1000000000
03:15:30.579 INF Advanced timeout advanced=3039672289 initial=1000000000
03:15:30.579 INF Advanced timeout advanced=4039672289 initial=1000000000
03:15:30.579 INF Advanced timeout advanced=5039672289 initial=1000000000
03:15:30.579 INF Advanced timeout advanced=6039672289 initial=1000000000
03:15:30.579 INF Advanced timeout advanced=7039672289 initial=1000000000
03:15:30.580 INF Advanced timeout advanced=8039672289 initial=1000000000
03:15:30.580 INF Advanced timeout advanced=9039672289 initial=1000000000
03:15:30.580 INF Advanced timeout advanced=10039672289 initial=1000000000
03:15:30.580 INF Advanced timeout advanced=11039672289 initial=1000000000
03:15:30.580 INF Advanced timeout advanced=12039672289 initial=1000000000
03:15:30.580 INF Advanced timeout advanced=13039672289 initial=1000000000
03:15:30.580 INF Advanced timeout advanced=14039672289 initial=1000000000
03:15:30.580 INF Advanced timeout advanced=15039672289 initial=1000000000
03:15:30.581 INF Starting PBFT instance. first=112 last=172 segID=6
03:15:30.581 INF Starting serialized message processing. segID=6
03:15:30.581 INF PbftOrderer received a new segment: [113 117 121 125 129 133 137 141 145 149 153 157 161 165 169 173] first leader=1 firstSN=113 lastSN=173 len=16 length=16 segId=7
03:15:31.178 INF Starting new view. segID=7 timeout=120000 view=0
03:15:31.178 INF Advanced timeout advanced=39672289 initial=1000000000
03:15:31.178 INF Advanced timeout advanced=1039672289 initial=1000000000
03:15:31.178 INF Advanced timeout advanced=2039672289 initial=1000000000
03:15:31.178 INF Advanced timeout advanced=3039672289 initial=1000000000
03:15:31.178 INF Advanced timeout advanced=4039672289 initial=1000000000
03:15:31.178 INF Advanced timeout advanced=5039672289 initial=1000000000
03:15:31.178 INF Advanced timeout advanced=6039672289 initial=1000000000
03:15:31.178 INF Advanced timeout advanced=7039672289 initial=1000000000
03:15:31.178 INF Advanced timeout advanced=8039672289 initial=1000000000
03:15:31.179 INF Advanced timeout advanced=9039672289 initial=1000000000
03:15:31.179 INF Advanced timeout advanced=10039672289 initial=1000000000
03:15:31.179 INF Advanced timeout advanced=11039672289 initial=1000000000
03:15:31.179 INF Advanced timeout advanced=12039672289 initial=1000000000
03:15:31.179 INF Advanced timeout advanced=13039672289 initial=1000000000
03:15:31.179 INF Advanced timeout advanced=14039672289 initial=1000000000
03:15:31.179 INF Advanced timeout advanced=15039672289 initial=1000000000
03:15:31.179 INF Starting PBFT instance. first=113 last=173 segID=7
03:15:31.180 INF Starting serialized message processing. segID=7
03:15:31.184 INF PbftOrderer received a new segment: [114 118 122 126 130 134 138 142 146 150 154 158 162 166 170 174] first leader=2 firstSN=114 lastSN=174 len=16 length=16 segId=8
03:15:31.633 INF Handling PREPREPARE. nReq=55 senderID=1 sn=113
03:15:31.658 INF Committed entry. latency=0 nReq=55 sn=113
03:15:31.701 INF Starting new view. segID=8 timeout=120000 view=0
03:15:31.701 INF Advanced timeout advanced=39672289 initial=1000000000
03:15:31.701 INF Advanced timeout advanced=1039672289 initial=1000000000
03:15:31.701 INF Advanced timeout advanced=2039672289 initial=1000000000
03:15:31.701 INF Advanced timeout advanced=3039672289 initial=1000000000
03:15:31.701 INF Advanced timeout advanced=4039672289 initial=1000000000
03:15:31.702 INF Advanced timeout advanced=5039672289 initial=1000000000
03:15:31.702 INF Advanced timeout advanced=6039672289 initial=1000000000
03:15:31.702 INF Advanced timeout advanced=7039672289 initial=1000000000
03:15:31.702 INF Advanced timeout advanced=8039672289 initial=1000000000
03:15:31.702 INF Advanced timeout advanced=9039672289 initial=1000000000
03:15:31.702 INF Advanced timeout advanced=10039672289 initial=1000000000
03:15:31.702 INF Advanced timeout advanced=11039672289 initial=1000000000
03:15:31.702 INF Advanced timeout advanced=12039672289 initial=1000000000
03:15:31.702 INF Advanced timeout advanced=13039672289 initial=1000000000
03:15:31.702 INF Advanced timeout advanced=14039672289 initial=1000000000
03:15:31.702 INF Advanced timeout advanced=15039672289 initial=1000000000
03:15:31.703 INF Starting PBFT instance. first=114 last=174 segID=8
03:15:31.703 INF PbftOrderer received a new segment: [115 119 123 127 131 135 139 143 147 151 155 159 163 167 171 175] first leader=3 firstSN=115 lastSN=175 len=16 length=16 segId=9
03:15:31.708 INF Starting serialized message processing. segID=8
03:15:31.708 INF fuck1 epoch change time (ms)=1889
03:15:32.047 INF Starting new view. segID=9 timeout=120000 view=0
03:15:32.048 INF Advanced timeout advanced=39672289 initial=1000000000
03:15:32.048 INF Advanced timeout advanced=1039672289 initial=1000000000
03:15:32.048 INF Advanced timeout advanced=2039672289 initial=1000000000
03:15:32.048 INF Advanced timeout advanced=3039672289 initial=1000000000
03:15:32.048 INF Advanced timeout advanced=4039672289 initial=1000000000
03:15:32.048 INF Advanced timeout advanced=5039672289 initial=1000000000
03:15:32.048 INF Advanced timeout advanced=6039672289 initial=1000000000
03:15:32.048 INF Advanced timeout advanced=7039672289 initial=1000000000
03:15:32.048 INF Advanced timeout advanced=8039672289 initial=1000000000
03:15:32.048 INF Advanced timeout advanced=9039672289 initial=1000000000
03:15:32.049 INF Advanced timeout advanced=10039672289 initial=1000000000
03:15:32.049 INF Advanced timeout advanced=11039672289 initial=1000000000
03:15:32.049 INF Advanced timeout advanced=12039672289 initial=1000000000
03:15:32.049 INF Advanced timeout advanced=13039672289 initial=1000000000
03:15:32.049 INF Advanced timeout advanced=14039672289 initial=1000000000
03:15:32.049 INF Advanced timeout advanced=15039672289 initial=1000000000
03:15:32.050 INF Starting PBFT instance. first=115 last=175 segID=9
03:15:32.050 INF Starting serialized message processing. segID=9
03:15:32.631 INF Handling PREPREPARE. nReq=0 senderID=1 sn=117
03:15:32.636 INF Committed entry. latency=0 nReq=0 sn=117
03:15:32.709 INF Sending PREPREPARE. nReq=38 senderID=2 sn=114 view=0
03:15:32.719 INF Committed entry. latency=0 nReq=38 sn=114
03:15:32.964 INF Handling PREPREPARE. nReq=36 senderID=3 sn=115
03:15:32.971 INF Committed entry. latency=0 nReq=36 sn=115
03:15:33.243 INF Handling PREPREPARE. nReq=21 senderID=0 sn=112
03:15:33.249 INF Committed entry. latency=0 nReq=21 sn=112
03:15:33.249 INF Delivered batch. nReq=21 sn=112
==================
WARNING: DATA RACE
Read at 0x000001304380 by goroutine 174166:
  github.com/hyperledger-labs/mirbft/log.publishEntries()
      /opt/gopath/src/github.com/hyperledger-labs/mirbft/log/log.go:281 +0x2c4
  github.com/hyperledger-labs/mirbft/log.CommitEntry()
      /opt/gopath/src/github.com/hyperledger-labs/mirbft/log/log.go:108 +0x284
  github.com/hyperledger-labs/mirbft/announcer.Announce()
      /opt/gopath/src/github.com/hyperledger-labs/mirbft/announcer/announcer.go:26 +0x370
  github.com/hyperledger-labs/mirbft/orderer.(*pbftInstance).announce()
      /opt/gopath/src/github.com/hyperledger-labs/mirbft/orderer/pbftinstance.go:726 +0x36b
  github.com/hyperledger-labs/mirbft/orderer.(*pbftInstance).handleCommit()
      /opt/gopath/src/github.com/hyperledger-labs/mirbft/orderer/pbftinstance.go:664 +0x7bd
  github.com/hyperledger-labs/mirbft/orderer.(*pbftInstance).handleMessage()
      /opt/gopath/src/github.com/hyperledger-labs/mirbft/orderer/pbftinstance.go:1810 +0x2e5
  github.com/hyperledger-labs/mirbft/orderer.(*pbftInstance).processSerializedMessages()
      /opt/gopath/src/github.com/hyperledger-labs/mirbft/orderer/pbftinstance.go:1764 +0xdd
  github.com/hyperledger-labs/mirbft/orderer.(*PbftOrderer).runSegment.func2()
      /opt/gopath/src/github.com/hyperledger-labs/mirbft/orderer/pbftorderer.go:199 +0x39

Previous write at 0x000001304380 by goroutine 670:
  github.com/hyperledger-labs/mirbft/manager.(*MirManager).handleLogEntries()
      /opt/gopath/src/github.com/hyperledger-labs/mirbft/manager/mirmanager.go:266 +0x17ea
  github.com/hyperledger-labs/mirbft/manager.(*MirManager).Start.func2()
      /opt/gopath/src/github.com/hyperledger-labs/mirbft/manager/mirmanager.go:112 +0x47

Goroutine 174166 (running) created at:
  github.com/hyperledger-labs/mirbft/orderer.(*PbftOrderer).runSegment()
      /opt/gopath/src/github.com/hyperledger-labs/mirbft/orderer/pbftorderer.go:199 +0x3f6
  github.com/hyperledger-labs/mirbft/orderer.(*PbftOrderer).Start()
      /opt/gopath/src/github.com/hyperledger-labs/mirbft/orderer/pbftorderer.go:176 +0x344
  main.main.func5()
      /opt/gopath/src/github.com/hyperledger-labs/mirbft/cmd/orderingpeer/main.go:186 +0x59

Goroutine 670 (running) created at:
  github.com/hyperledger-labs/mirbft/manager.(*MirManager).Start()
      /opt/gopath/src/github.com/hyperledger-labs/mirbft/manager/mirmanager.go:112 +0x191
  main.main.func4()
      /opt/gopath/src/github.com/hyperledger-labs/mirbft/cmd/orderingpeer/main.go:185 +0x59
==================
==================
WARNING: DATA RACE
Read at 0x000001304390 by goroutine 174166:
  github.com/hyperledger-labs/mirbft/log.publishEntries()
      /opt/gopath/src/github.com/hyperledger-labs/mirbft/log/log.go:286 +0x5c4
  github.com/hyperledger-labs/mirbft/log.CommitEntry()
      /opt/gopath/src/github.com/hyperledger-labs/mirbft/log/log.go:108 +0x284
  github.com/hyperledger-labs/mirbft/announcer.Announce()
      /opt/gopath/src/github.com/hyperledger-labs/mirbft/announcer/announcer.go:26 +0x370
  github.com/hyperledger-labs/mirbft/orderer.(*pbftInstance).announce()
      /opt/gopath/src/github.com/hyperledger-labs/mirbft/orderer/pbftinstance.go:726 +0x36b
  github.com/hyperledger-labs/mirbft/orderer.(*pbftInstance).handleCommit()
      /opt/gopath/src/github.com/hyperledger-labs/mirbft/orderer/pbftinstance.go:664 +0x7bd
  github.com/hyperledger-labs/mirbft/orderer.(*pbftInstance).handleMessage()
      /opt/gopath/src/github.com/hyperledger-labs/mirbft/orderer/pbftinstance.go:1810 +0x2e5
  github.com/hyperledger-labs/mirbft/orderer.(*pbftInstance).processSerializedMessages()
      /opt/gopath/src/github.com/hyperledger-labs/mirbft/orderer/pbftinstance.go:1764 +0xdd
  github.com/hyperledger-labs/mirbft/orderer.(*PbftOrderer).runSegment.func2()
      /opt/gopath/src/github.com/hyperledger-labs/mirbft/orderer/pbftorderer.go:199 +0x39

Previous write at 0x000001304390 by goroutine 670:
  github.com/hyperledger-labs/mirbft/manager.(*MirManager).handleLogEntries()
      /opt/gopath/src/github.com/hyperledger-labs/mirbft/manager/mirmanager.go:267 +0x1804
  github.com/hyperledger-labs/mirbft/manager.(*MirManager).Start.func2()
      /opt/gopath/src/github.com/hyperledger-labs/mirbft/manager/mirmanager.go:112 +0x47

Goroutine 174166 (running) created at:
  github.com/hyperledger-labs/mirbft/orderer.(*PbftOrderer).runSegment()
      /opt/gopath/src/github.com/hyperledger-labs/mirbft/orderer/pbftorderer.go:199 +0x3f6
  github.com/hyperledger-labs/mirbft/orderer.(*PbftOrderer).Start()
      /opt/gopath/src/github.com/hyperledger-labs/mirbft/orderer/pbftorderer.go:176 +0x344
  main.main.func5()
      /opt/gopath/src/github.com/hyperledger-labs/mirbft/cmd/orderingpeer/main.go:186 +0x59

Goroutine 670 (running) created at:
  github.com/hyperledger-labs/mirbft/manager.(*MirManager).Start()
      /opt/gopath/src/github.com/hyperledger-labs/mirbft/manager/mirmanager.go:112 +0x191
  main.main.func4()
      /opt/gopath/src/github.com/hyperledger-labs/mirbft/cmd/orderingpeer/main.go:185 +0x59
==================
03:15:33.251 INF Delivered batch. nReq=55 sn=113
03:15:33.252 INF Delivered batch. nReq=38 sn=114
03:15:33.252 INF Delivered batch. nReq=36 sn=115
03:15:33.632 INF Handling PREPREPARE. nReq=0 senderID=1 sn=121
03:15:33.636 INF Committed entry. latency=0 nReq=0 sn=121
03:15:33.657 INF Connection terminated. error="rpc error: code = Canceled desc = context canceled" address=127.0.0.1:54502
03:15:33.659 INF Finished sending bucket assignments to client. clId=0
03:15:33.710 INF Sending PREPREPARE. nReq=0 senderID=2 sn=118 view=0
03:15:33.714 INF Committed entry. latency=0 nReq=0 sn=118
03:15:33.962 INF Handling PREPREPARE. nReq=0 senderID=3 sn=119
03:15:33.967 INF Committed entry. latency=0 nReq=0 sn=119
03:15:34.240 INF Handling PREPREPARE. nReq=0 senderID=0 sn=116
03:15:34.244 INF Committed entry. latency=0 nReq=0 sn=116
03:15:34.244 INF Delivered batch. nReq=0 sn=116
03:15:34.244 INF Delivered batch. nReq=0 sn=117
03:15:34.244 INF Delivered batch. nReq=0 sn=118
03:15:34.244 INF Delivered batch. nReq=0 sn=119
03:15:34.301 INF Stopping profiler.
03:15:34.301 INF Stopping Tracer. events=676 fileName=experiment-output/0000/slave-004/peer.trc
==================
WARNING: DATA RACE
Read at 0x00c0008a6978 by goroutine 109:
  github.com/hyperledger-labs/mirbft/tracing.(*BufferedTrace).Stop()
      /opt/gopath/src/github.com/hyperledger-labs/mirbft/tracing/bufferedtrace.go:237 +0x30e
  github.com/hyperledger-labs/mirbft/tracing.(*BufferedTrace).StopOnSignal.func1()
      /opt/gopath/src/github.com/hyperledger-labs/mirbft/tracing/bufferedtrace.go:298 +0x4e

Previous write at 0x00c0008a6978 by goroutine 108:
  github.com/hyperledger-labs/mirbft/tracing.(*BufferedTrace).Event()
      /opt/gopath/src/github.com/hyperledger-labs/mirbft/tracing/bufferedtrace.go:105 +0x2cd
  github.com/hyperledger-labs/mirbft/profiling.StartCPUTracing.func1()
      /opt/gopath/src/github.com/hyperledger-labs/mirbft/profiling/cpuusage.go:33 +0x95

Goroutine 109 (running) created at:
  github.com/hyperledger-labs/mirbft/tracing.(*BufferedTrace).StopOnSignal()
      /opt/gopath/src/github.com/hyperledger-labs/mirbft/tracing/bufferedtrace.go:292 +0x178
  main.setUpTracing()
      /opt/gopath/src/github.com/hyperledger-labs/mirbft/cmd/orderingpeer/main.go:408 +0xf5
  main.main()
      /opt/gopath/src/github.com/hyperledger-labs/mirbft/cmd/orderingpeer/main.go:110 +0x9e4
  runtime.deferreturn()
      /home/ubuntu/go/src/runtime/panic.go:476 +0x32
  main.main()
      /opt/gopath/src/github.com/hyperledger-labs/mirbft/cmd/orderingpeer/main.go:78 +0x56c

Goroutine 108 (running) created at:
  github.com/hyperledger-labs/mirbft/profiling.StartCPUTracing()
      /opt/gopath/src/github.com/hyperledger-labs/mirbft/profiling/cpuusage.go:30 +0xb9
  main.setUpTracing()
      /opt/gopath/src/github.com/hyperledger-labs/mirbft/cmd/orderingpeer/main.go:400 +0x85
  main.main()
      /opt/gopath/src/github.com/hyperledger-labs/mirbft/cmd/orderingpeer/main.go:110 +0x9e4
  runtime.deferreturn()
      /home/ubuntu/go/src/runtime/panic.go:476 +0x32
  main.main()
      /opt/gopath/src/github.com/hyperledger-labs/mirbft/cmd/orderingpeer/main.go:78 +0x56c
==================
03:15:34.304 INF Trace data written.
03:15:34.329 INF Profile data written. filename=experiment-output/0000/slave-004/prof.block name=block
03:15:34.337 INF Profile data written. filename=experiment-output/0000/slave-004/prof.mutex name=mutex
03:15:34.381 INF Connection terminated. error="rpc error: code = Canceled desc = context canceled" address=127.0.0.1:54450
03:15:34.381 INF Connection terminated. error="rpc error: code = Canceled desc = context canceled" address=127.0.0.1:54418
03:15:34.381 INF Connection terminated. error="rpc error: code = Canceled desc = context canceled" address=127.0.0.1:54312
03:15:34.381 INF Connection terminated. error="rpc error: code = Canceled desc = context canceled" address=127.0.0.1:54244
03:15:34.440 INF Connection terminated. error="rpc error: code = Canceled desc = context canceled" address=127.0.0.1:54336
03:15:34.440 INF Connection terminated. error="rpc error: code = Canceled desc = context canceled" address=127.0.0.1:54358
03:15:34.440 INF Connection terminated. error="rpc error: code = Canceled desc = context canceled" address=127.0.0.1:54304
03:15:34.440 INF Connection terminated. error="rpc error: code = Canceled desc = context canceled" address=127.0.0.1:54416
03:15:34.446 INF Connection terminated. error="rpc error: code = Canceled desc = context canceled" address=127.0.0.1:54406
03:15:34.446 INF Connection terminated. error="rpc error: code = Canceled desc = context canceled" address=127.0.0.1:54320
03:15:34.446 INF Connection terminated. error="rpc error: code = Canceled desc = context canceled" address=127.0.0.1:54354
03:15:34.447 INF Connection terminated. error="rpc error: code = Canceled desc = context canceled" address=127.0.0.1:54282
03:15:34.523 INF Connection terminated. error="rpc error: code = Canceled desc = context canceled" address=127.0.0.1:54232
03:15:34.523 INF Connection terminated. error="rpc error: code = Canceled desc = context canceled" address=127.0.0.1:54198
03:15:34.523 INF Connection terminated. error="rpc error: code = Canceled desc = context canceled" address=127.0.0.1:54196
03:15:34.523 INF Connection terminated. error="rpc error: code = Canceled desc = context canceled" address=127.0.0.1:54252
03:15:34.537 INF Profile data written. filename=experiment-output/0000/slave-004/prof.cpu name=cpu
