{"level":"debug","Logging":"info","time":"2025-08-01T03:14:26+08:00","message":"Config"}
{"level":"debug","UseTLS":false,"time":"2025-08-01T03:14:26+08:00","message":"Config"}
{"level":"debug","CACertFile":"tls-data/ca.pem","time":"2025-08-01T03:14:26+08:00","message":"Config"}
{"level":"debug","KeyFile":"tls-data/auth.key","time":"2025-08-01T03:14:26+08:00","message":"Config"}
{"level":"debug","CertFile":"tls-data/auth.pem","time":"2025-08-01T03:14:26+08:00","message":"Config"}
{"level":"debug","PriorityConnections":2,"time":"2025-08-01T03:14:26+08:00","message":"Config"}
{"level":"debug","BasicConnections":2,"time":"2025-08-01T03:14:26+08:00","message":"Config"}
{"level":"debug","TestConnections":false,"time":"2025-08-01T03:14:26+08:00","message":"Config"}
{"level":"debug","ExcessConnections":1,"time":"2025-08-01T03:14:26+08:00","message":"Config"}
{"level":"debug","ConnectionTestMsgs":4,"time":"2025-08-01T03:14:26+08:00","message":"Config"}
{"level":"debug","ConnectionTestPayload":131072,"time":"2025-08-01T03:14:26+08:00","message":"Config"}
{"level":"debug","OutMessageBufsize":1024,"time":"2025-08-01T03:14:26+08:00","message":"Config"}
{"level":"debug","OutMessageBufsize":2,"time":"2025-08-01T03:14:26+08:00","message":"Config"}
{"level":"debug","ThroughputCap":131072000,"time":"2025-08-01T03:14:26+08:00","message":"Config"}
{"level":"debug","StragglerTolerance":1000,"time":"2025-08-01T03:14:26+08:00","message":"Config"}
{"level":"debug","BatchSizeIncrement":256,"time":"2025-08-01T03:14:26+08:00","message":"Config"}
{"level":"debug","Orderer":"Pbft","time":"2025-08-01T03:14:26+08:00","message":"Config"}
{"level":"debug","Manager":"Mir","time":"2025-08-01T03:14:26+08:00","message":"Config"}
{"level":"debug","Failures":0,"time":"2025-08-01T03:14:26+08:00","message":"Config"}
{"level":"debug","CrashTiming":"EpochStart","time":"2025-08-01T03:14:26+08:00","message":"Config"}
{"level":"debug","CheckpointInterval":256,"time":"2025-08-01T03:14:26+08:00","message":"Config"}
{"level":"debug","WatermarkWindowSize":256,"time":"2025-08-01T03:14:26+08:00","message":"Config"}
{"level":"debug","EpochLength":256,"time":"2025-08-01T03:14:26+08:00","message":"Config"}
{"level":"debug","SegmentLength":32,"time":"2025-08-01T03:14:26+08:00","message":"Config"}
{"level":"debug","WaitForCheckpoints":true,"time":"2025-08-01T03:14:26+08:00","message":"Config"}
{"level":"debug","ClientWatermarkWindowSize":4194304,"time":"2025-08-01T03:14:26+08:00","message":"Config"}
{"level":"debug","ClientRequestBacklogSize":4194304,"time":"2025-08-01T03:14:26+08:00","message":"Config"}
{"level":"debug","RandomSeed":17594,"time":"2025-08-01T03:14:26+08:00","message":"Config"}
{"level":"debug","NodeToLeaderRatio":1,"time":"2025-08-01T03:14:26+08:00","message":"Config"}
{"level":"debug","LeaderPolicy":"Simple","time":"2025-08-01T03:14:26+08:00","message":"Config"}
{"level":"debug","DefaultLeaderBan":2,"time":"2025-08-01T03:14:26+08:00","message":"Config"}
{"level":"debug","NumBuckets":128,"time":"2025-08-01T03:14:26+08:00","message":"Config"}
{"level":"debug","BatchSize":4096,"time":"2025-08-01T03:14:26+08:00","message":"Config"}
{"level":"debug","BatchTimeoutMs":1000,"time":"2025-08-01T03:14:26+08:00","message":"Config"}
{"level":"debug","DisabledViewChange":false,"time":"2025-08-01T03:14:26+08:00","message":"Config"}
{"level":"debug","ViewChangeTimeout":60000,"time":"2025-08-01T03:14:26+08:00","message":"Config"}
{"level":"debug","ClientTraceSampling":10,"time":"2025-08-01T03:14:26+08:00","message":"Config"}
{"level":"debug","EventBufferSize":2097152,"time":"2025-08-01T03:14:26+08:00","message":"Config"}
{"level":"debug","TraceSampling":1,"time":"2025-08-01T03:14:26+08:00","message":"Config"}
{"level":"debug","ClientsPerProcess":1,"time":"2025-08-01T03:14:26+08:00","message":"Config"}
{"level":"debug","RequestsPerClient":7200000,"time":"2025-08-01T03:14:26+08:00","message":"Config"}
{"level":"debug","ClientRunTime":60000,"time":"2025-08-01T03:14:26+08:00","message":"Config"}
{"level":"debug","RequestRate":60000,"time":"2025-08-01T03:14:26+08:00","message":"Config"}
{"level":"debug","HardRequestRateLimit":false,"time":"2025-08-01T03:14:26+08:00","message":"Config"}
{"level":"debug","RequestPayloadSize":500,"time":"2025-08-01T03:14:26+08:00","message":"Config"}
{"level":"debug","SignRequests":true,"time":"2025-08-01T03:14:26+08:00","message":"Config"}
{"level":"debug","ClientPrivKeyFile":"tls-data/client-ecdsa-256.key","time":"2025-08-01T03:14:26+08:00","message":"Config"}
{"level":"debug","ClientPubKeyFile":"tls-data/client-ecdsa-256.pem","time":"2025-08-01T03:14:26+08:00","message":"Config"}
{"level":"debug","PrecomputeRequests":false,"time":"2025-08-01T03:14:26+08:00","message":"Config"}
{"level":"debug","RequestHandlerThreads":32,"time":"2025-08-01T03:14:26+08:00","message":"Config"}
{"level":"debug","RequestInputChannelBuffer":8192,"time":"2025-08-01T03:14:26+08:00","message":"Config"}
{"level":"debug","BatchVerifier":"external","time":"2025-08-01T03:14:26+08:00","message":"Config"}
03:14:26.537 INF Registered with discovery server. numPeers=8 ownID=5
03:14:26.538 INF Profiling enabled.
03:14:26.538 INF Setting up profiling.
03:14:26.538 INF Started Profiler: CPU
03:14:26.538 INF Started Profiler: BLOCK
03:14:26.538 INF Started Profiler: MUTEX
03:14:26.538 INF Profiler will stop on signal. exit=true
03:14:26.540 INF Tracing will stop on signal. exit=false
03:14:26.540 INF Started tracing. traceFile=experiment-output/0000/slave-001/peer.trc
03:14:26.541 INF Listening for connections. port=10055 useTLS=false
03:14:26.541 INF Connecting to peer. addr=127.0.0.1:10022 basicConns=2 priorityConns=2
03:14:26.541 INF Connecting to peer. addr=127.0.0.1:10000 basicConns=2 priorityConns=2
03:14:26.541 INF Connecting to peer. addr=127.0.0.1:10044 basicConns=2 priorityConns=2
03:14:26.541 INF Connecting to peer. addr=127.0.0.1:10055 basicConns=2 priorityConns=2
03:14:26.542 INF Connecting to peer. addr=127.0.0.1:10066 basicConns=2 priorityConns=2
03:14:26.542 INF Connecting to peer. addr=127.0.0.1:10011 basicConns=2 priorityConns=2
03:14:26.543 INF Connecting to peer. addr=127.0.0.1:10077 basicConns=2 priorityConns=2
03:14:26.543 INF Connecting to peer. addr=127.0.0.1:10033 basicConns=2 priorityConns=2
03:14:26.554 INF Incoming connection for protocol messages. addr=127.0.0.1:57270
03:14:26.555 INF Incoming connection for protocol messages. addr=127.0.0.1:57304
03:14:26.566 INF Incoming connection for protocol messages. addr=127.0.0.1:57348
03:14:26.566 INF Incoming connection for protocol messages. addr=127.0.0.1:57344
03:14:26.566 INF Incoming connection for protocol messages. addr=127.0.0.1:57288
03:14:26.566 INF Incoming connection for protocol messages. addr=127.0.0.1:57232
03:14:26.566 INF Incoming connection for protocol messages. addr=127.0.0.1:57222
03:14:26.567 INF Incoming connection for protocol messages. addr=127.0.0.1:57228
03:14:26.567 INF Incoming connection for protocol messages. addr=127.0.0.1:57262
03:14:26.567 INF Incoming connection for protocol messages. addr=127.0.0.1:57240
03:14:26.568 INF Incoming connection for protocol messages. addr=127.0.0.1:57350
03:14:26.568 INF Incoming connection for protocol messages. addr=127.0.0.1:57362
03:14:26.569 INF Incoming connection for protocol messages. addr=127.0.0.1:57388
03:14:26.569 INF Incoming connection for protocol messages. addr=127.0.0.1:57374
03:14:26.571 INF Incoming connection for protocol messages. addr=127.0.0.1:57306
03:14:26.571 INF Incoming connection for protocol messages. addr=127.0.0.1:57390
03:14:26.571 INF Incoming connection for protocol messages. addr=127.0.0.1:57274
03:14:26.571 INF Incoming connection for protocol messages. addr=127.0.0.1:57418
03:14:26.578 INF Incoming connection for protocol messages. addr=127.0.0.1:57322
03:14:26.579 INF Incoming connection for protocol messages. addr=127.0.0.1:57444
03:14:26.579 INF Incoming connection for protocol messages. addr=127.0.0.1:57248
03:14:26.579 INF Incoming connection for protocol messages. addr=127.0.0.1:57450
03:14:26.580 INF Incoming connection for protocol messages. addr=127.0.0.1:57422
03:14:26.580 INF Incoming connection for protocol messages. addr=127.0.0.1:57428
03:14:26.580 INF Incoming connection for protocol messages. addr=127.0.0.1:57490
03:14:26.581 INF Incoming connection for protocol messages. addr=127.0.0.1:57464
03:14:26.581 INF Incoming connection for protocol messages. addr=127.0.0.1:57482
03:14:26.582 INF Incoming connection for protocol messages. addr=127.0.0.1:57434
03:14:26.582 INF Incoming connection for protocol messages. addr=127.0.0.1:57466
03:14:26.582 INF Incoming connection for protocol messages. addr=127.0.0.1:57480
03:14:26.582 INF Incoming connection for protocol messages. addr=127.0.0.1:57332
03:14:26.583 INF Connected to all peers.
03:14:26.584 INF Incoming connection for protocol messages. addr=127.0.0.1:57494
03:14:27.553 INF All peers finished connecting. Starting ISS.
03:14:27.554 INF PbftOrderer received a new segment: [0 1 2 3 4 5 6 7 8 9 10 11 12 13 14 15 16 17 18 19 20 21 22 23 24 25 26 27 28 29 30 31] first leader=0 firstSN=0 lastSN=31 len=32 length=32 segId=0
03:14:27.608 INF Starting new view. segID=0 timeout=60000 view=0
03:14:27.609 INF Starting PBFT instance. first=0 last=31 segID=0
03:14:27.609 INF Starting serialized message processing. segID=0
03:14:28.620 INF Handling PREPREPARE. nReq=0 senderID=0 sn=0
03:14:28.624 INF Committed entry. latency=0 nReq=0 sn=0
03:14:28.624 INF Delivered batch. nReq=0 sn=0
03:14:29.614 INF Handling PREPREPARE. nReq=0 senderID=0 sn=1
03:14:29.617 INF Committed entry. latency=0 nReq=0 sn=1
03:14:29.617 INF Delivered batch. nReq=0 sn=1
03:14:29.640 INF Incoming connection for requests. addr=127.0.0.1:57508
03:14:30.052 INF Handling PREPREPARE. nReq=4096 senderID=0 sn=2
03:14:30.113 INF Committed entry. latency=0 nReq=4096 sn=2
03:14:30.113 INF Delivered batch. nReq=4096 sn=2
03:14:31.083 INF Handling PREPREPARE. nReq=2335 senderID=0 sn=3
03:14:31.113 INF Committed entry. latency=0 nReq=2335 sn=3
03:14:31.113 INF Delivered batch. nReq=2335 sn=3
03:14:32.005 INF Handling PREPREPARE. nReq=894 senderID=0 sn=4
03:14:32.027 INF Committed entry. latency=0 nReq=894 sn=4
03:14:32.027 INF Delivered batch. nReq=894 sn=4
03:14:32.679 INF Handling PREPREPARE. nReq=4096 senderID=0 sn=5
03:14:32.741 INF Committed entry. latency=0 nReq=4096 sn=5
03:14:32.741 INF Delivered batch. nReq=4096 sn=5
03:14:33.673 INF Handling PREPREPARE. nReq=2560 senderID=0 sn=6
03:14:33.712 INF Committed entry. latency=0 nReq=2560 sn=6
03:14:33.712 INF Delivered batch. nReq=2560 sn=6
03:14:34.648 INF Handling PREPREPARE. nReq=1740 senderID=0 sn=7
03:14:34.672 INF Committed entry. latency=0 nReq=1740 sn=7
03:14:34.673 INF Delivered batch. nReq=1740 sn=7
03:14:35.428 INF Handling PREPREPARE. nReq=4096 senderID=0 sn=8
03:14:35.487 INF Committed entry. latency=0 nReq=4096 sn=8
03:14:35.488 INF Delivered batch. nReq=4096 sn=8
03:14:36.452 INF Handling PREPREPARE. nReq=2403 senderID=0 sn=9
03:14:36.487 INF Committed entry. latency=0 nReq=2403 sn=9
03:14:36.487 INF Delivered batch. nReq=2403 sn=9
03:14:37.377 INF Handling PREPREPARE. nReq=4096 senderID=0 sn=10
03:14:37.444 INF Committed entry. latency=0 nReq=4096 sn=10
03:14:37.444 INF Delivered batch. nReq=4096 sn=10
03:14:38.376 INF Handling PREPREPARE. nReq=2871 senderID=0 sn=11
03:14:38.424 INF Committed entry. latency=0 nReq=2871 sn=11
03:14:38.424 INF Delivered batch. nReq=2871 sn=11
03:14:39.348 INF Handling PREPREPARE. nReq=782 senderID=0 sn=12
03:14:39.382 INF Committed entry. latency=0 nReq=782 sn=12
03:14:39.382 INF Delivered batch. nReq=782 sn=12
03:14:40.127 INF Handling PREPREPARE. nReq=4096 senderID=0 sn=13
03:14:40.187 INF Committed entry. latency=0 nReq=4096 sn=13
03:14:40.187 INF Delivered batch. nReq=4096 sn=13
03:14:41.122 INF Handling PREPREPARE. nReq=2602 senderID=0 sn=14
03:14:41.158 INF Committed entry. latency=0 nReq=2602 sn=14
03:14:41.158 INF Delivered batch. nReq=2602 sn=14
03:14:42.075 INF Handling PREPREPARE. nReq=809 senderID=0 sn=15
03:14:42.096 INF Committed entry. latency=0 nReq=809 sn=15
03:14:42.096 INF Delivered batch. nReq=809 sn=15
03:14:42.666 INF Handling PREPREPARE. nReq=4096 senderID=0 sn=16
03:14:42.731 INF Committed entry. latency=0 nReq=4096 sn=16
03:14:42.731 INF Delivered batch. nReq=4096 sn=16
03:14:43.690 INF Handling PREPREPARE. nReq=2678 senderID=0 sn=17
03:14:43.735 INF Committed entry. latency=0 nReq=2678 sn=17
03:14:43.735 INF Delivered batch. nReq=2678 sn=17
03:14:44.641 INF Handling PREPREPARE. nReq=911 senderID=0 sn=18
03:14:44.670 INF Committed entry. latency=0 nReq=911 sn=18
03:14:44.670 INF Delivered batch. nReq=911 sn=18
03:14:45.141 INF Handling PREPREPARE. nReq=4096 senderID=0 sn=19
03:14:45.202 INF Committed entry. latency=0 nReq=4096 sn=19
03:14:45.202 INF Delivered batch. nReq=4096 sn=19
03:14:46.171 INF Handling PREPREPARE. nReq=2566 senderID=0 sn=20
03:14:46.206 INF Committed entry. latency=0 nReq=2566 sn=20
03:14:46.206 INF Delivered batch. nReq=2566 sn=20
03:14:47.110 INF Handling PREPREPARE. nReq=851 senderID=0 sn=21
03:14:47.139 INF Committed entry. latency=0 nReq=851 sn=21
03:14:47.139 INF Delivered batch. nReq=851 sn=21
03:14:47.888 INF Handling PREPREPARE. nReq=4096 senderID=0 sn=22
03:14:47.948 INF Committed entry. latency=0 nReq=4096 sn=22
03:14:47.948 INF Delivered batch. nReq=4096 sn=22
03:14:48.876 INF Handling PREPREPARE. nReq=2554 senderID=0 sn=23
03:14:48.909 INF Committed entry. latency=0 nReq=2554 sn=23
03:14:48.909 INF Delivered batch. nReq=2554 sn=23
03:14:49.854 INF Handling PREPREPARE. nReq=733 senderID=0 sn=24
03:14:49.884 INF Committed entry. latency=0 nReq=733 sn=24
03:14:49.885 INF Delivered batch. nReq=733 sn=24
03:14:50.552 INF Handling PREPREPARE. nReq=4096 senderID=0 sn=25
03:14:50.600 INF Committed entry. latency=0 nReq=4096 sn=25
03:14:50.601 INF Delivered batch. nReq=4096 sn=25
03:14:51.529 INF Handling PREPREPARE. nReq=2402 senderID=0 sn=26
03:14:51.562 INF Committed entry. latency=0 nReq=2402 sn=26
03:14:51.562 INF Delivered batch. nReq=2402 sn=26
03:14:52.511 INF Handling PREPREPARE. nReq=859 senderID=0 sn=27
03:14:52.536 INF Committed entry. latency=0 nReq=859 sn=27
03:14:52.536 INF Delivered batch. nReq=859 sn=27
03:14:53.093 INF Handling PREPREPARE. nReq=4096 senderID=0 sn=28
03:14:53.159 INF Committed entry. latency=0 nReq=4096 sn=28
03:14:53.159 INF Delivered batch. nReq=4096 sn=28
03:14:54.091 INF Handling PREPREPARE. nReq=2547 senderID=0 sn=29
03:14:54.130 INF Committed entry. latency=0 nReq=2547 sn=29
03:14:54.130 INF Delivered batch. nReq=2547 sn=29
03:14:55.049 INF Handling PREPREPARE. nReq=860 senderID=0 sn=30
03:14:55.075 INF Committed entry. latency=0 nReq=860 sn=30
03:14:55.075 INF Delivered batch. nReq=860 sn=30
03:14:55.491 INF Handling PREPREPARE. nReq=4096 senderID=0 sn=31
03:14:55.548 INF Committed entry. latency=0 nReq=4096 sn=31
03:14:55.548 INF Delivered batch. nReq=4096 sn=31
==================
WARNING: DATA RACE
Read at 0x000001304380 by goroutine 669:
  github.com/hyperledger-labs/mirbft/manager.(*MirManager).handleLogEntries()
      /opt/gopath/src/github.com/hyperledger-labs/mirbft/manager/mirmanager.go:171 +0x854
  github.com/hyperledger-labs/mirbft/manager.(*MirManager).Start.func2()
      /opt/gopath/src/github.com/hyperledger-labs/mirbft/manager/mirmanager.go:112 +0x47

Previous write at 0x000001304380 by goroutine 681:
  github.com/hyperledger-labs/mirbft/log.publishEntries()
      /opt/gopath/src/github.com/hyperledger-labs/mirbft/log/log.go:281 +0x2e4
  github.com/hyperledger-labs/mirbft/log.CommitEntry()
      /opt/gopath/src/github.com/hyperledger-labs/mirbft/log/log.go:108 +0x284
  github.com/hyperledger-labs/mirbft/announcer.Announce()
      /opt/gopath/src/github.com/hyperledger-labs/mirbft/announcer/announcer.go:26 +0x370
  github.com/hyperledger-labs/mirbft/orderer.(*pbftInstance).announce()
      /opt/gopath/src/github.com/hyperledger-labs/mirbft/orderer/pbftinstance.go:726 +0x36b
  github.com/hyperledger-labs/mirbft/orderer.(*pbftInstance).handleCommit()
      /opt/gopath/src/github.com/hyperledger-labs/mirbft/orderer/pbftinstance.go:664 +0x7bd
  github.com/hyperledger-labs/mirbft/orderer.(*pbftInstance).handleMessage()
      /opt/gopath/src/github.com/hyperledger-labs/mirbft/orderer/pbftinstance.go:1810 +0x2e5
  github.com/hyperledger-labs/mirbft/orderer.(*pbftInstance).processSerializedMessages()
      /opt/gopath/src/github.com/hyperledger-labs/mirbft/orderer/pbftinstance.go:1764 +0xdd
  github.com/hyperledger-labs/mirbft/orderer.(*PbftOrderer).runSegment.func2()
      /opt/gopath/src/github.com/hyperledger-labs/mirbft/orderer/pbftorderer.go:199 +0x39

Goroutine 669 (running) created at:
  github.com/hyperledger-labs/mirbft/manager.(*MirManager).Start()
      /opt/gopath/src/github.com/hyperledger-labs/mirbft/manager/mirmanager.go:112 +0x191
  main.main.func4()
      /opt/gopath/src/github.com/hyperledger-labs/mirbft/cmd/orderingpeer/main.go:185 +0x59

Goroutine 681 (running) created at:
  github.com/hyperledger-labs/mirbft/orderer.(*PbftOrderer).runSegment()
      /opt/gopath/src/github.com/hyperledger-labs/mirbft/orderer/pbftorderer.go:199 +0x3f6
  github.com/hyperledger-labs/mirbft/orderer.(*PbftOrderer).Start()
      /opt/gopath/src/github.com/hyperledger-labs/mirbft/orderer/pbftorderer.go:176 +0x344
  main.main.func5()
      /opt/gopath/src/github.com/hyperledger-labs/mirbft/cmd/orderingpeer/main.go:186 +0x59
==================
03:14:55.550 INF Sending segment checkpoint. lastSn=31 segID=0
03:14:55.556 INF PBFT checkpoint ready. Scheduling catchup. lastSn=31 segID=0
03:14:55.576 INF fuck! epoch=128 epoch time (ms)=27995 leaders=2 viewtimeout=104000
03:14:55.576 INF Epoch finished. Waiting for stable checkpoint. sn=31
03:14:55.579 INF New stable checkpoint. sn=31
03:14:55.579 INF Epoch end confirmed. chkpSn=31
03:14:55.579 INF Received stable checkpoint notification. sn=31
03:14:55.579 INF Closing message serializers. segID=0
03:14:55.579 INF Advancing watermarks. numEntries=32
03:14:55.579 INF Statistics commitTs=1753989268624258641 duration=4252709 proposeTs=1753989268620005932 sn=0
03:14:55.579 INF Statistics commitTs=1753989269617388350 duration=3113671 proposeTs=1753989269614274679 sn=1
03:14:55.579 INF Statistics commitTs=1753989270110709404 duration=58054267 proposeTs=1753989270052655137 sn=2
03:14:55.579 INF Statistics commitTs=1753989271112554919 duration=29076836 proposeTs=1753989271083478083 sn=3
03:14:55.579 INF Statistics commitTs=1753989272026572236 duration=20868747 proposeTs=1753989272005703489 sn=4
03:14:55.580 INF Statistics commitTs=1753989272737485300 duration=58225717 proposeTs=1753989272679259583 sn=5
03:14:55.580 INF Statistics commitTs=1753989273709465849 duration=35688537 proposeTs=1753989273673777312 sn=6
03:14:55.580 INF Statistics commitTs=1753989274671515415 duration=23219003 proposeTs=1753989274648296412 sn=7
03:14:55.580 INF Statistics commitTs=1753989275485040830 duration=56677918 proposeTs=1753989275428362912 sn=8
03:14:55.580 INF Statistics commitTs=1753989276486114196 duration=33541429 proposeTs=1753989276452572767 sn=9
03:14:55.580 INF Statistics commitTs=1753989277442549021 duration=64654761 proposeTs=1753989277377894260 sn=10
03:14:55.580 INF Statistics commitTs=1753989278422829554 duration=46528839 proposeTs=1753989278376300715 sn=11
03:14:55.580 INF Statistics commitTs=1753989279381352768 duration=32600451 proposeTs=1753989279348752317 sn=12
03:14:55.580 INF Statistics commitTs=1753989280185386085 duration=58004658 proposeTs=1753989280127381427 sn=13
03:14:55.580 INF Statistics commitTs=1753989281156759843 duration=34353964 proposeTs=1753989281122405879 sn=14
03:14:55.580 INF Statistics commitTs=1753989282095251504 duration=20271280 proposeTs=1753989282074980224 sn=15
03:14:55.580 INF Statistics commitTs=1753989282726695379 duration=60373663 proposeTs=1753989282666321716 sn=16
03:14:55.581 INF Statistics commitTs=1753989283732308290 duration=41825049 proposeTs=1753989283690483241 sn=17
03:14:55.581 INF Statistics commitTs=1753989284669499872 duration=28437498 proposeTs=1753989284641062374 sn=18
03:14:55.581 INF Statistics commitTs=1753989285197510344 duration=56213090 proposeTs=1753989285141297254 sn=19
03:14:55.581 INF Statistics commitTs=1753989286204181879 duration=32273414 proposeTs=1753989286171908465 sn=20
03:14:55.581 INF Statistics commitTs=1753989287137834906 duration=27007545 proposeTs=1753989287110827361 sn=21
03:14:55.581 INF Statistics commitTs=1753989287945640691 duration=57470602 proposeTs=1753989287888170089 sn=22
03:14:55.581 INF Statistics commitTs=1753989288907825193 duration=31246473 proposeTs=1753989288876578720 sn=23
03:14:55.581 INF Statistics commitTs=1753989289883835997 duration=29102549 proposeTs=1753989289854733448 sn=24
03:14:55.581 INF Statistics commitTs=1753989290598790682 duration=46461522 proposeTs=1753989290552329160 sn=25
03:14:55.581 INF Statistics commitTs=1753989291561343913 duration=31522953 proposeTs=1753989291529820960 sn=26
03:14:55.582 INF Statistics commitTs=1753989292534940156 duration=23565725 proposeTs=1753989292511374431 sn=27
03:14:55.582 INF Statistics commitTs=1753989293158491232 duration=64555125 proposeTs=1753989293093936107 sn=28
03:14:55.582 INF Statistics commitTs=1753989294128776220 duration=37121128 proposeTs=1753989294091655092 sn=29
03:14:55.582 INF Statistics commitTs=1753989295074479172 duration=25538840 proposeTs=1753989295048940332 sn=30
03:14:55.582 INF Statistics commitTs=1753989295545003266 duration=53681054 proposeTs=1753989295491322212 sn=31
03:14:55.582 INF Median commit time commit=34353964 segID=0
03:14:55.746 INF PbftOrderer received a new segment: [32 34 36 38 40 42 44 46 48 50 52 54 56 58 60 62] first leader=0 firstSN=32 lastSN=62 len=16 length=16 segId=1
03:14:56.082 INF Starting new view. segID=1 timeout=104000 view=0
03:14:56.082 INF Advanced timeout advanced=34353964 initial=1000000000
03:14:56.082 INF Advanced timeout advanced=1034353964 initial=1000000000
03:14:56.082 INF Advanced timeout advanced=2034353964 initial=1000000000
03:14:56.082 INF Advanced timeout advanced=3034353964 initial=1000000000
03:14:56.082 INF Advanced timeout advanced=4034353964 initial=1000000000
03:14:56.082 INF Advanced timeout advanced=5034353964 initial=1000000000
03:14:56.082 INF Advanced timeout advanced=6034353964 initial=1000000000
03:14:56.082 INF Advanced timeout advanced=7034353964 initial=1000000000
03:14:56.083 INF Advanced timeout advanced=8034353964 initial=1000000000
03:14:56.083 INF Advanced timeout advanced=9034353964 initial=1000000000
03:14:56.083 INF Advanced timeout advanced=10034353964 initial=1000000000
03:14:56.083 INF Advanced timeout advanced=11034353964 initial=1000000000
03:14:56.083 INF Advanced timeout advanced=12034353964 initial=1000000000
03:14:56.083 INF Advanced timeout advanced=13034353964 initial=1000000000
03:14:56.083 INF Advanced timeout advanced=14034353964 initial=1000000000
03:14:56.083 INF Advanced timeout advanced=15034353964 initial=1000000000
03:14:56.084 INF Starting PBFT instance. first=32 last=62 segID=1
03:14:56.084 INF fuck1 epoch change time (ms)=536
03:14:56.084 INF Starting serialized message processing. segID=1
03:14:56.084 INF PbftOrderer received a new segment: [33 35 37 39 41 43 45 47 49 51 53 55 57 59 61 63] first leader=1 firstSN=33 lastSN=63 len=16 length=16 segId=2
03:14:56.338 INF Starting new view. segID=2 timeout=104000 view=0
03:14:56.338 INF Advanced timeout advanced=34353964 initial=1000000000
03:14:56.338 INF Advanced timeout advanced=1034353964 initial=1000000000
03:14:56.338 INF Advanced timeout advanced=2034353964 initial=1000000000
03:14:56.338 INF Advanced timeout advanced=3034353964 initial=1000000000
03:14:56.339 INF Advanced timeout advanced=4034353964 initial=1000000000
03:14:56.339 INF Advanced timeout advanced=5034353964 initial=1000000000
03:14:56.339 INF Advanced timeout advanced=6034353964 initial=1000000000
03:14:56.339 INF Advanced timeout advanced=7034353964 initial=1000000000
03:14:56.339 INF Advanced timeout advanced=8034353964 initial=1000000000
03:14:56.339 INF Advanced timeout advanced=9034353964 initial=1000000000
03:14:56.339 INF Advanced timeout advanced=10034353964 initial=1000000000
03:14:56.339 INF Advanced timeout advanced=11034353964 initial=1000000000
03:14:56.339 INF Advanced timeout advanced=12034353964 initial=1000000000
03:14:56.339 INF Advanced timeout advanced=13034353964 initial=1000000000
03:14:56.339 INF Advanced timeout advanced=14034353964 initial=1000000000
03:14:56.339 INF Advanced timeout advanced=15034353964 initial=1000000000
03:14:56.339 INF Starting PBFT instance. first=33 last=63 segID=2
03:14:56.339 INF Starting serialized message processing. segID=2
03:14:57.443 INF Handling PREPREPARE. nReq=3214 senderID=1 sn=33
03:14:57.497 INF Committed entry. latency=0 nReq=3214 sn=33
03:14:57.527 INF Handling PREPREPARE. nReq=3525 senderID=0 sn=32
03:14:57.580 INF Committed entry. latency=0 nReq=3525 sn=32
03:14:57.580 INF Delivered batch. nReq=3525 sn=32
03:14:57.581 INF Delivered batch. nReq=3214 sn=33
03:14:58.427 INF Handling PREPREPARE. nReq=1758 senderID=1 sn=35
03:14:58.466 INF Committed entry. latency=0 nReq=1758 sn=35
03:14:58.469 INF Handling PREPREPARE. nReq=1481 senderID=0 sn=34
03:14:58.495 INF Committed entry. latency=0 nReq=1481 sn=34
03:14:58.495 INF Delivered batch. nReq=1481 sn=34
03:14:58.496 INF Delivered batch. nReq=1758 sn=35
03:14:59.371 INF Handling PREPREPARE. nReq=503 senderID=1 sn=37
03:14:59.382 INF Committed entry. latency=0 nReq=503 sn=37
03:14:59.433 INF Handling PREPREPARE. nReq=474 senderID=0 sn=36
03:14:59.444 INF Committed entry. latency=0 nReq=474 sn=36
03:14:59.444 INF Delivered batch. nReq=474 sn=36
03:14:59.444 INF Delivered batch. nReq=503 sn=37
03:15:00.391 INF Handling PREPREPARE. nReq=471 senderID=1 sn=39
03:15:00.412 INF Committed entry. latency=0 nReq=471 sn=39
03:15:00.452 INF Handling PREPREPARE. nReq=502 senderID=0 sn=38
03:15:00.470 INF Committed entry. latency=0 nReq=502 sn=38
03:15:00.470 INF Delivered batch. nReq=502 sn=38
03:15:00.470 INF Delivered batch. nReq=471 sn=39
03:15:01.459 INF Handling PREPREPARE. nReq=2321 senderID=1 sn=41
03:15:01.506 INF Committed entry. latency=0 nReq=2321 sn=41
03:15:01.517 INF Handling PREPREPARE. nReq=2487 senderID=0 sn=40
03:15:01.553 INF Committed entry. latency=0 nReq=2487 sn=40
03:15:01.553 INF Delivered batch. nReq=2487 sn=40
03:15:01.554 INF Delivered batch. nReq=2321 sn=41
03:15:02.424 INF Handling PREPREPARE. nReq=1336 senderID=1 sn=43
03:15:02.458 INF Committed entry. latency=0 nReq=1336 sn=43
03:15:02.471 INF Handling PREPREPARE. nReq=1169 senderID=0 sn=42
03:15:02.490 INF Committed entry. latency=0 nReq=1169 sn=42
03:15:02.490 INF Delivered batch. nReq=1169 sn=42
03:15:02.490 INF Delivered batch. nReq=1336 sn=43
03:15:03.405 INF Handling PREPREPARE. nReq=599 senderID=1 sn=45
03:15:03.430 INF Committed entry. latency=0 nReq=599 sn=45
03:15:03.447 INF Handling PREPREPARE. nReq=592 senderID=0 sn=44
03:15:03.463 INF Committed entry. latency=0 nReq=592 sn=44
03:15:03.463 INF Delivered batch. nReq=592 sn=44
03:15:03.463 INF Delivered batch. nReq=599 sn=45
03:15:04.437 INF Handling PREPREPARE. nReq=2301 senderID=1 sn=47
03:15:04.480 INF Committed entry. latency=0 nReq=2301 sn=47
03:15:04.504 INF Handling PREPREPARE. nReq=2572 senderID=0 sn=46
03:15:04.538 INF Committed entry. latency=0 nReq=2572 sn=46
03:15:04.538 INF Delivered batch. nReq=2572 sn=46
03:15:04.539 INF Delivered batch. nReq=2301 sn=47
03:15:05.444 INF Handling PREPREPARE. nReq=1336 senderID=1 sn=49
03:15:05.482 INF Handling PREPREPARE. nReq=1065 senderID=0 sn=48
03:15:05.484 INF Committed entry. latency=0 nReq=1336 sn=49
03:15:05.500 INF Committed entry. latency=0 nReq=1065 sn=48
03:15:05.500 INF Delivered batch. nReq=1065 sn=48
03:15:05.500 INF Delivered batch. nReq=1336 sn=49
03:15:06.384 INF Handling PREPREPARE. nReq=474 senderID=1 sn=51
03:15:06.395 INF Committed entry. latency=0 nReq=474 sn=51
03:15:06.464 INF Handling PREPREPARE. nReq=531 senderID=0 sn=50
03:15:06.489 INF Committed entry. latency=0 nReq=531 sn=50
03:15:06.490 INF Delivered batch. nReq=531 sn=50
03:15:06.490 INF Delivered batch. nReq=474 sn=51
03:15:07.429 INF Handling PREPREPARE. nReq=2462 senderID=1 sn=53
03:15:07.470 INF Committed entry. latency=0 nReq=2462 sn=53
03:15:07.514 INF Handling PREPREPARE. nReq=2807 senderID=0 sn=52
03:15:07.559 INF Committed entry. latency=0 nReq=2807 sn=52
03:15:07.559 INF Delivered batch. nReq=2807 sn=52
03:15:07.560 INF Delivered batch. nReq=2462 sn=53
03:15:08.436 INF Handling PREPREPARE. nReq=1663 senderID=1 sn=55
03:15:08.461 INF Committed entry. latency=0 nReq=1663 sn=55
03:15:08.477 INF Handling PREPREPARE. nReq=1274 senderID=0 sn=54
03:15:08.495 INF Committed entry. latency=0 nReq=1274 sn=54
03:15:08.495 INF Delivered batch. nReq=1274 sn=54
03:15:08.495 INF Delivered batch. nReq=1663 sn=55
03:15:09.409 INF Handling PREPREPARE. nReq=553 senderID=1 sn=57
03:15:09.435 INF Committed entry. latency=0 nReq=553 sn=57
03:15:09.467 INF Handling PREPREPARE. nReq=548 senderID=0 sn=56
03:15:09.490 INF Committed entry. latency=0 nReq=548 sn=56
03:15:09.490 INF Delivered batch. nReq=548 sn=56
03:15:09.490 INF Delivered batch. nReq=553 sn=57
03:15:10.422 INF Handling PREPREPARE. nReq=1191 senderID=1 sn=59
03:15:10.444 INF Committed entry. latency=0 nReq=1191 sn=59
03:15:10.472 INF Handling PREPREPARE. nReq=1445 senderID=0 sn=58
03:15:10.496 INF Committed entry. latency=0 nReq=1445 sn=58
03:15:10.496 INF Delivered batch. nReq=1445 sn=58
03:15:10.496 INF Delivered batch. nReq=1191 sn=59
03:15:11.456 INF Handling PREPREPARE. nReq=2385 senderID=1 sn=61
03:15:11.494 INF Committed entry. latency=0 nReq=2385 sn=61
03:15:11.512 INF Handling PREPREPARE. nReq=2354 senderID=0 sn=60
03:15:11.549 INF Committed entry. latency=0 nReq=2354 sn=60
03:15:11.549 INF Delivered batch. nReq=2354 sn=60
03:15:11.549 INF Delivered batch. nReq=2385 sn=61
03:15:12.419 INF Handling PREPREPARE. nReq=1267 senderID=1 sn=63
03:15:12.452 INF Committed entry. latency=0 nReq=1267 sn=63
03:15:12.452 INF Sending segment checkpoint. lastSn=63 segID=2
03:15:12.453 INF PBFT checkpoint ready. Scheduling catchup. lastSn=63 segID=2
03:15:12.475 INF Handling PREPREPARE. nReq=1069 senderID=0 sn=62
03:15:12.496 INF Committed entry. latency=0 nReq=1069 sn=62
03:15:12.496 INF Delivered batch. nReq=1069 sn=62
03:15:12.496 INF Delivered batch. nReq=1267 sn=63
03:15:12.499 INF Sending segment checkpoint. lastSn=62 segID=1
03:15:12.503 INF PBFT checkpoint ready. Scheduling catchup. lastSn=62 segID=1
03:15:12.521 INF fuck! epoch=128 epoch time (ms)=16412 leaders=3 viewtimeout=120000
03:15:12.521 INF Epoch finished. Waiting for stable checkpoint. sn=63
03:15:12.521 INF New stable checkpoint. sn=63
03:15:12.522 INF Epoch end confirmed. chkpSn=63
03:15:12.522 INF Received stable checkpoint notification. sn=63
03:15:12.522 INF Closing message serializers. segID=2
03:15:12.522 INF Closing message serializers. segID=1
03:15:12.522 INF Advancing watermarks. numEntries=32
03:15:12.522 INF Statistics commitTs=1753989297496107533 duration=52557072 proposeTs=1753989297443550461 sn=33
03:15:12.522 INF Statistics commitTs=1753989297575605521 duration=48096656 proposeTs=1753989297527508865 sn=32
03:15:12.522 INF Statistics commitTs=1753989298464336711 duration=36460953 proposeTs=1753989298427875758 sn=35
03:15:12.522 INF Statistics commitTs=1753989298494167351 duration=24764182 proposeTs=1753989298469403169 sn=34
03:15:12.522 INF Statistics commitTs=1753989299382295405 duration=11075626 proposeTs=1753989299371219779 sn=37
03:15:12.522 INF Statistics commitTs=1753989299443633251 duration=9838783 proposeTs=1753989299433794468 sn=36
03:15:12.522 INF Statistics commitTs=1753989300411221248 duration=20009207 proposeTs=1753989300391212041 sn=39
03:15:12.522 INF Statistics commitTs=1753989301502602482 duration=43125276 proposeTs=1753989301459477206 sn=41
03:15:12.522 INF Statistics commitTs=1753989300469503956 duration=17441247 proposeTs=1753989300452062709 sn=38
03:15:12.522 INF Statistics commitTs=1753989302457869618 duration=33488670 proposeTs=1753989302424380948 sn=43
03:15:12.522 INF Statistics commitTs=1753989301551778438 duration=34154605 proposeTs=1753989301517623833 sn=40
03:15:12.522 INF Statistics commitTs=1753989303428922291 duration=23280156 proposeTs=1753989303405642135 sn=45
03:15:12.522 INF Statistics commitTs=1753989302489432174 duration=17463096 proposeTs=1753989302471969078 sn=42
03:15:12.522 INF Statistics commitTs=1753989304477862216 duration=40146001 proposeTs=1753989304437716215 sn=47
03:15:12.522 INF Statistics commitTs=1753989303463078486 duration=15555476 proposeTs=1753989303447523010 sn=44
03:15:12.522 INF Statistics commitTs=1753989305483189660 duration=38950308 proposeTs=1753989305444239352 sn=49
03:15:12.522 INF Statistics commitTs=1753989304536927880 duration=32765666 proposeTs=1753989304504162214 sn=46
03:15:12.522 INF Statistics commitTs=1753989306395679917 duration=10858885 proposeTs=1753989306384821032 sn=51
03:15:12.522 INF Statistics commitTs=1753989305499559058 duration=17014333 proposeTs=1753989305482544725 sn=48
03:15:12.522 INF Statistics commitTs=1753989307467308354 duration=37917111 proposeTs=1753989307429391243 sn=53
03:15:12.523 INF Statistics commitTs=1753989306488905277 duration=24451438 proposeTs=1753989306464453839 sn=50
03:15:12.523 INF Statistics commitTs=1753989308460805822 duration=24288221 proposeTs=1753989308436517601 sn=55
03:15:12.523 INF Statistics commitTs=1753989307557538034 duration=43400071 proposeTs=1753989307514137963 sn=52
03:15:12.523 INF Statistics commitTs=1753989308494654174 duration=17503143 proposeTs=1753989308477151031 sn=54
03:15:12.523 INF Statistics commitTs=1753989309489503741 duration=22123228 proposeTs=1753989309467380513 sn=56
03:15:12.523 INF Statistics commitTs=1753989310495395767 duration=22749408 proposeTs=1753989310472646359 sn=58
03:15:12.523 INF Statistics commitTs=1753989311547501780 duration=35173049 proposeTs=1753989311512328731 sn=60
03:15:12.523 INF Statistics commitTs=1753989312495078499 duration=19815046 proposeTs=1753989312475263453 sn=62
03:15:12.523 INF Median commit time commit=22749408 segID=1
03:15:12.523 INF Statistics commitTs=1753989309434366071 duration=25273649 proposeTs=1753989309409092422 sn=57
03:15:12.523 INF Statistics commitTs=1753989310443410691 duration=20867316 proposeTs=1753989310422543375 sn=59
03:15:12.523 INF Statistics commitTs=1753989311493103371 duration=37047742 proposeTs=1753989311456055629 sn=61
03:15:12.524 INF Statistics commitTs=1753989312451575024 duration=32214335 proposeTs=1753989312419360689 sn=63
03:15:12.524 INF Median commit time commit=33488670 segID=2
03:15:12.680 INF PbftOrderer received a new segment: [64 67 70 73 76 79 82 85 88 91 94 97 100 103 106 109] first leader=0 firstSN=64 lastSN=109 len=16 length=16 segId=3
03:15:12.975 INF Starting new view. segID=3 timeout=120000 view=0
03:15:12.976 INF Advanced timeout advanced=33488670 initial=1000000000
03:15:12.976 INF Advanced timeout advanced=1033488670 initial=1000000000
03:15:12.976 INF Advanced timeout advanced=2033488670 initial=1000000000
03:15:12.976 INF Advanced timeout advanced=3033488670 initial=1000000000
03:15:12.976 INF Advanced timeout advanced=4033488670 initial=1000000000
03:15:12.976 INF Advanced timeout advanced=5033488670 initial=1000000000
03:15:12.976 INF Advanced timeout advanced=6033488670 initial=1000000000
03:15:12.976 INF Advanced timeout advanced=7033488670 initial=1000000000
03:15:12.976 INF Advanced timeout advanced=8033488670 initial=1000000000
03:15:12.976 INF Advanced timeout advanced=9033488670 initial=1000000000
03:15:12.976 INF Advanced timeout advanced=10033488670 initial=1000000000
03:15:12.976 INF Advanced timeout advanced=11033488670 initial=1000000000
03:15:12.976 INF Advanced timeout advanced=12033488670 initial=1000000000
03:15:12.976 INF Advanced timeout advanced=13033488670 initial=1000000000
03:15:12.976 INF Advanced timeout advanced=14033488670 initial=1000000000
03:15:12.976 INF Advanced timeout advanced=15033488670 initial=1000000000
03:15:12.977 INF Starting PBFT instance. first=64 last=109 segID=3
03:15:12.977 INF PbftOrderer received a new segment: [65 68 71 74 77 80 83 86 89 92 95 98 101 104 107 110] first leader=1 firstSN=65 lastSN=110 len=16 length=16 segId=4
03:15:12.977 INF Starting serialized message processing. segID=3
03:15:13.276 INF Starting new view. segID=4 timeout=120000 view=0
03:15:13.276 INF Advanced timeout advanced=33488670 initial=1000000000
03:15:13.276 INF Advanced timeout advanced=1033488670 initial=1000000000
03:15:13.276 INF Advanced timeout advanced=2033488670 initial=1000000000
03:15:13.276 INF Advanced timeout advanced=3033488670 initial=1000000000
03:15:13.276 INF Advanced timeout advanced=4033488670 initial=1000000000
03:15:13.276 INF Advanced timeout advanced=5033488670 initial=1000000000
03:15:13.277 INF Advanced timeout advanced=6033488670 initial=1000000000
03:15:13.277 INF Advanced timeout advanced=7033488670 initial=1000000000
03:15:13.277 INF Advanced timeout advanced=8033488670 initial=1000000000
03:15:13.277 INF Advanced timeout advanced=9033488670 initial=1000000000
03:15:13.279 INF Advanced timeout advanced=10033488670 initial=1000000000
03:15:13.279 INF Advanced timeout advanced=11033488670 initial=1000000000
03:15:13.279 INF Advanced timeout advanced=12033488670 initial=1000000000
03:15:13.279 INF Advanced timeout advanced=13033488670 initial=1000000000
03:15:13.279 INF Advanced timeout advanced=14033488670 initial=1000000000
03:15:13.279 INF Advanced timeout advanced=15033488670 initial=1000000000
03:15:13.279 INF Starting PBFT instance. first=65 last=110 segID=4
03:15:13.279 INF PbftOrderer received a new segment: [66 69 72 75 78 81 84 87 90 93 96 99 102 105 108 111] first leader=2 firstSN=66 lastSN=111 len=16 length=16 segId=5
03:15:13.294 INF fuck1 epoch change time (ms)=798
03:15:13.294 INF Starting serialized message processing. segID=4
03:15:13.584 INF Starting new view. segID=5 timeout=120000 view=0
03:15:13.584 INF Advanced timeout advanced=33488670 initial=1000000000
03:15:13.584 INF Advanced timeout advanced=1033488670 initial=1000000000
03:15:13.584 INF Advanced timeout advanced=2033488670 initial=1000000000
03:15:13.584 INF Advanced timeout advanced=3033488670 initial=1000000000
03:15:13.584 INF Advanced timeout advanced=4033488670 initial=1000000000
03:15:13.584 INF Advanced timeout advanced=5033488670 initial=1000000000
03:15:13.585 INF Advanced timeout advanced=6033488670 initial=1000000000
03:15:13.585 INF Advanced timeout advanced=7033488670 initial=1000000000
03:15:13.585 INF Advanced timeout advanced=8033488670 initial=1000000000
03:15:13.585 INF Advanced timeout advanced=9033488670 initial=1000000000
03:15:13.585 INF Advanced timeout advanced=10033488670 initial=1000000000
03:15:13.585 INF Advanced timeout advanced=11033488670 initial=1000000000
03:15:13.585 INF Advanced timeout advanced=12033488670 initial=1000000000
03:15:13.585 INF Advanced timeout advanced=13033488670 initial=1000000000
03:15:13.585 INF Advanced timeout advanced=14033488670 initial=1000000000
03:15:13.585 INF Advanced timeout advanced=15033488670 initial=1000000000
03:15:13.587 INF Starting PBFT instance. first=66 last=111 segID=5
03:15:13.587 INF Starting serialized message processing. segID=5
03:15:14.129 INF Handling PREPREPARE. nReq=1136 senderID=0 sn=64
03:15:14.200 INF Committed entry. latency=0 nReq=1136 sn=64
03:15:14.200 INF Delivered batch. nReq=1136 sn=64
03:15:14.770 INF Handling PREPREPARE. nReq=2378 senderID=2 sn=66
03:15:14.807 INF Committed entry. latency=0 nReq=2378 sn=66
03:15:14.841 INF Handling PREPREPARE. nReq=2577 senderID=1 sn=65
03:15:14.882 INF Committed entry. latency=0 nReq=2577 sn=65
03:15:14.882 INF Delivered batch. nReq=2577 sn=65
03:15:14.882 INF Delivered batch. nReq=2378 sn=66
03:15:15.143 INF Handling PREPREPARE. nReq=1993 senderID=0 sn=67
03:15:15.179 INF Committed entry. latency=0 nReq=1993 sn=67
03:15:15.179 INF Delivered batch. nReq=1993 sn=67
03:15:15.732 INF Handling PREPREPARE. nReq=1030 senderID=2 sn=69
03:15:15.764 INF Committed entry. latency=0 nReq=1030 sn=69
03:15:15.800 INF Handling PREPREPARE. nReq=766 senderID=1 sn=68
03:15:15.825 INF Committed entry. latency=0 nReq=766 sn=68
03:15:15.826 INF Delivered batch. nReq=766 sn=68
03:15:15.826 INF Delivered batch. nReq=1030 sn=69
03:15:16.073 INF Handling PREPREPARE. nReq=457 senderID=0 sn=70
03:15:16.094 INF Committed entry. latency=0 nReq=457 sn=70
03:15:16.094 INF Delivered batch. nReq=457 sn=70
03:15:16.705 INF Handling PREPREPARE. nReq=393 senderID=2 sn=72
03:15:16.725 INF Committed entry. latency=0 nReq=393 sn=72
03:15:16.794 INF Handling PREPREPARE. nReq=375 senderID=1 sn=71
03:15:16.811 INF Committed entry. latency=0 nReq=375 sn=71
03:15:16.811 INF Delivered batch. nReq=375 sn=71
03:15:16.812 INF Delivered batch. nReq=393 sn=72
03:15:17.067 INF Handling PREPREPARE. nReq=299 senderID=0 sn=73
03:15:17.082 INF Committed entry. latency=0 nReq=299 sn=73
03:15:17.082 INF Delivered batch. nReq=299 sn=73
03:15:17.688 INF Handling PREPREPARE. nReq=276 senderID=2 sn=75
03:15:17.698 INF Committed entry. latency=0 nReq=276 sn=75
03:15:17.798 INF Handling PREPREPARE. nReq=292 senderID=1 sn=74
03:15:17.813 INF Committed entry. latency=0 nReq=292 sn=74
03:15:17.813 INF Delivered batch. nReq=292 sn=74
03:15:17.813 INF Delivered batch. nReq=276 sn=75
03:15:18.065 INF Handling PREPREPARE. nReq=315 senderID=0 sn=76
03:15:18.081 INF Committed entry. latency=0 nReq=315 sn=76
03:15:18.081 INF Delivered batch. nReq=315 sn=76
03:15:18.718 INF Handling PREPREPARE. nReq=1280 senderID=2 sn=78
03:15:18.742 INF Committed entry. latency=0 nReq=1280 sn=78
03:15:18.818 INF Handling PREPREPARE. nReq=1552 senderID=1 sn=77
03:15:18.849 INF Committed entry. latency=0 nReq=1552 sn=77
03:15:18.849 INF Delivered batch. nReq=1552 sn=77
03:15:18.849 INF Delivered batch. nReq=1280 sn=78
03:15:19.138 INF Handling PREPREPARE. nReq=1844 senderID=0 sn=79
03:15:19.175 INF Committed entry. latency=0 nReq=1844 sn=79
03:15:19.175 INF Delivered batch. nReq=1844 sn=79
03:15:19.739 INF Handling PREPREPARE. nReq=990 senderID=2 sn=81
03:15:19.763 INF Committed entry. latency=0 nReq=990 sn=81
03:15:19.809 INF Handling PREPREPARE. nReq=667 senderID=1 sn=80
03:15:19.829 INF Committed entry. latency=0 nReq=667 sn=80
03:15:19.829 INF Delivered batch. nReq=667 sn=80
03:15:19.829 INF Delivered batch. nReq=990 sn=81
03:15:20.079 INF Handling PREPREPARE. nReq=411 senderID=0 sn=82
03:15:20.099 INF Committed entry. latency=0 nReq=411 sn=82
03:15:20.099 INF Delivered batch. nReq=411 sn=82
03:15:20.711 INF Handling PREPREPARE. nReq=517 senderID=2 sn=84
03:15:20.728 INF Committed entry. latency=0 nReq=517 sn=84
03:15:20.802 INF Handling PREPREPARE. nReq=761 senderID=1 sn=83
03:15:20.818 INF Committed entry. latency=0 nReq=761 sn=83
03:15:20.818 INF Delivered batch. nReq=761 sn=83
03:15:20.818 INF Delivered batch. nReq=517 sn=84
03:15:21.108 INF Handling PREPREPARE. nReq=933 senderID=0 sn=85
03:15:21.144 INF Committed entry. latency=0 nReq=933 sn=85
03:15:21.144 INF Delivered batch. nReq=933 sn=85
03:15:21.734 INF Handling PREPREPARE. nReq=1131 senderID=2 sn=87
03:15:21.752 INF Committed entry. latency=0 nReq=1131 sn=87
03:15:21.809 INF Handling PREPREPARE. nReq=1115 senderID=1 sn=86
03:15:21.831 INF Committed entry. latency=0 nReq=1115 sn=86
03:15:21.832 INF Delivered batch. nReq=1115 sn=86
03:15:21.832 INF Delivered batch. nReq=1131 sn=87
03:15:22.118 INF Handling PREPREPARE. nReq=1204 senderID=0 sn=88
03:15:22.157 INF Committed entry. latency=0 nReq=1204 sn=88
03:15:22.157 INF Delivered batch. nReq=1204 sn=88
03:15:22.711 INF Handling PREPREPARE. nReq=800 senderID=2 sn=90
03:15:22.733 INF Committed entry. latency=0 nReq=800 sn=90
03:15:22.813 INF Handling PREPREPARE. nReq=566 senderID=1 sn=89
03:15:22.834 INF Committed entry. latency=0 nReq=566 sn=89
03:15:22.834 INF Delivered batch. nReq=566 sn=89
03:15:22.834 INF Delivered batch. nReq=800 sn=90
03:15:23.084 INF Handling PREPREPARE. nReq=467 senderID=0 sn=91
03:15:23.106 INF Committed entry. latency=0 nReq=467 sn=91
03:15:23.106 INF Delivered batch. nReq=467 sn=91
03:15:23.721 INF Handling PREPREPARE. nReq=1275 senderID=2 sn=93
03:15:23.741 INF Committed entry. latency=0 nReq=1275 sn=93
03:15:23.821 INF Handling PREPREPARE. nReq=1476 senderID=1 sn=92
03:15:23.851 INF Committed entry. latency=0 nReq=1476 sn=92
03:15:23.851 INF Delivered batch. nReq=1476 sn=92
03:15:23.851 INF Delivered batch. nReq=1275 sn=93
03:15:24.134 INF Handling PREPREPARE. nReq=1692 senderID=0 sn=94
03:15:24.172 INF Committed entry. latency=0 nReq=1692 sn=94
03:15:24.173 INF Delivered batch. nReq=1692 sn=94
03:15:24.743 INF Handling PREPREPARE. nReq=891 senderID=2 sn=96
03:15:24.767 INF Committed entry. latency=0 nReq=891 sn=96
03:15:24.804 INF Handling PREPREPARE. nReq=586 senderID=1 sn=95
03:15:24.825 INF Committed entry. latency=0 nReq=586 sn=95
03:15:24.825 INF Delivered batch. nReq=586 sn=95
03:15:24.826 INF Delivered batch. nReq=891 sn=96
03:15:25.078 INF Handling PREPREPARE. nReq=366 senderID=0 sn=97
03:15:25.097 INF Committed entry. latency=0 nReq=366 sn=97
03:15:25.097 INF Delivered batch. nReq=366 sn=97
03:15:25.716 INF Handling PREPREPARE. nReq=321 senderID=2 sn=99
03:15:25.731 INF Committed entry. latency=0 nReq=321 sn=99
03:15:25.811 INF Handling PREPREPARE. nReq=371 senderID=1 sn=98
03:15:25.828 INF Committed entry. latency=0 nReq=371 sn=98
03:15:25.828 INF Delivered batch. nReq=371 sn=98
03:15:25.828 INF Delivered batch. nReq=321 sn=99
03:15:26.101 INF Handling PREPREPARE. nReq=596 senderID=0 sn=100
03:15:26.114 INF Committed entry. latency=0 nReq=596 sn=100
03:15:26.114 INF Delivered batch. nReq=596 sn=100
03:15:26.760 INF Handling PREPREPARE. nReq=2303 senderID=2 sn=102
03:15:26.798 INF Committed entry. latency=0 nReq=2303 sn=102
03:15:26.843 INF Handling PREPREPARE. nReq=2441 senderID=1 sn=101
03:15:26.884 INF Committed entry. latency=0 nReq=2441 sn=101
03:15:26.885 INF Delivered batch. nReq=2441 sn=101
03:15:26.885 INF Delivered batch. nReq=2303 sn=102
03:15:27.160 INF Handling PREPREPARE. nReq=2717 senderID=0 sn=103
03:15:27.195 INF Committed entry. latency=0 nReq=2717 sn=103
03:15:27.195 INF Delivered batch. nReq=2717 sn=103
03:15:27.776 INF Handling PREPREPARE. nReq=1050 senderID=2 sn=105
03:15:27.794 INF Committed entry. latency=0 nReq=1050 sn=105
03:15:27.813 INF Handling PREPREPARE. nReq=786 senderID=1 sn=104
03:15:27.834 INF Committed entry. latency=0 nReq=786 sn=104
03:15:27.834 INF Delivered batch. nReq=786 sn=104
03:15:27.835 INF Delivered batch. nReq=1050 sn=105
03:15:28.091 INF Handling PREPREPARE. nReq=356 senderID=0 sn=106
03:15:28.116 INF Committed entry. latency=0 nReq=356 sn=106
03:15:28.116 INF Delivered batch. nReq=356 sn=106
03:15:28.725 INF Handling PREPREPARE. nReq=426 senderID=2 sn=108
03:15:28.745 INF Committed entry. latency=0 nReq=426 sn=108
03:15:28.805 INF Handling PREPREPARE. nReq=363 senderID=1 sn=107
03:15:28.818 INF Committed entry. latency=0 nReq=363 sn=107
03:15:28.818 INF Delivered batch. nReq=363 sn=107
03:15:28.818 INF Delivered batch. nReq=426 sn=108
03:15:29.087 INF Handling PREPREPARE. nReq=324 senderID=0 sn=109
03:15:29.104 INF Committed entry. latency=0 nReq=324 sn=109
03:15:29.105 INF Delivered batch. nReq=324 sn=109
03:15:29.105 INF Sending segment checkpoint. lastSn=109 segID=3
03:15:29.109 INF PBFT checkpoint ready. Scheduling catchup. lastSn=109 segID=3
03:15:29.510 INF PBFT catching up. lastSn=109 missingSns=0 segID=3
03:15:29.719 INF Handling PREPREPARE. nReq=201 senderID=2 sn=111
03:15:29.732 INF Committed entry. latency=0 nReq=201 sn=111
03:15:29.733 INF Sending segment checkpoint. lastSn=111 segID=5
03:15:29.735 INF PBFT checkpoint ready. Scheduling catchup. lastSn=111 segID=5
03:15:29.807 INF Handling PREPREPARE. nReq=196 senderID=1 sn=110
03:15:29.818 INF Committed entry. latency=0 nReq=196 sn=110
03:15:29.819 INF Delivered batch. nReq=196 sn=110
03:15:29.819 INF Delivered batch. nReq=201 sn=111
03:15:29.819 INF Sending segment checkpoint. lastSn=110 segID=4
03:15:29.829 INF PBFT checkpoint ready. Scheduling catchup. lastSn=110 segID=4
03:15:29.844 INF fuck! epoch=128 epoch time (ms)=16526 leaders=4 viewtimeout=120000
03:15:29.844 INF Epoch finished. Waiting for stable checkpoint. sn=111
03:15:29.846 INF New stable checkpoint. sn=111
03:15:29.846 INF Closing message serializers. segID=5
03:15:29.846 INF Statistics commitTs=1753989314806057776 duration=35924687 proposeTs=1753989314770133089 sn=66
03:15:29.846 INF Statistics commitTs=1753989315763864482 duration=31003391 proposeTs=1753989315732861091 sn=69
03:15:29.846 INF Statistics commitTs=1753989316724434207 duration=19179539 proposeTs=1753989316705254668 sn=72
03:15:29.846 INF Statistics commitTs=1753989317698329243 duration=9639485 proposeTs=1753989317688689758 sn=75
03:15:29.847 INF Statistics commitTs=1753989318741633595 duration=22845224 proposeTs=1753989318718788371 sn=78
03:15:29.847 INF Statistics commitTs=1753989319763039482 duration=24053273 proposeTs=1753989319738986209 sn=81
03:15:29.847 INF Statistics commitTs=1753989320728224717 duration=16361010 proposeTs=1753989320711863707 sn=84
03:15:29.847 INF Statistics commitTs=1753989321751476699 duration=17129001 proposeTs=1753989321734347698 sn=87
03:15:29.847 INF Statistics commitTs=1753989322732744086 duration=21769022 proposeTs=1753989322710975064 sn=90
03:15:29.847 INF Statistics commitTs=1753989323740940934 duration=19901061 proposeTs=1753989323721039873 sn=93
03:15:29.848 INF Statistics commitTs=1753989324766667760 duration=22903825 proposeTs=1753989324743763935 sn=96
03:15:29.848 INF Statistics commitTs=1753989325730795014 duration=14305009 proposeTs=1753989325716490005 sn=99
03:15:29.848 INF Epoch end confirmed. chkpSn=111
03:15:29.848 INF Received stable checkpoint notification. sn=111
03:15:29.848 INF Statistics commitTs=1753989326795786287 duration=35286871 proposeTs=1753989326760499416 sn=102
03:15:29.848 INF Advancing watermarks. numEntries=48
03:15:29.848 INF Closing message serializers. segID=4
03:15:29.848 INF Statistics commitTs=1753989327794341068 duration=17655496 proposeTs=1753989327776685572 sn=105
03:15:29.848 INF Statistics commitTs=1753989328745050462 duration=19881018 proposeTs=1753989328725169444 sn=108
03:15:29.848 INF Statistics commitTs=1753989314880684021 duration=39631564 proposeTs=1753989314841052457 sn=65
03:15:29.849 INF Statistics commitTs=1753989329732440866 duration=12743112 proposeTs=1753989329719697754 sn=111
03:15:29.849 INF Statistics commitTs=1753989315824798083 duration=24304628 proposeTs=1753989315800493455 sn=68
03:15:29.849 INF Median commit time commit=19901061 segID=5
03:15:29.849 INF Statistics commitTs=1753989316811017336 duration=16579253 proposeTs=1753989316794438083 sn=71
03:15:29.849 INF Closing message serializers. segID=3
03:15:29.849 INF Statistics commitTs=1753989317812571121 duration=14362218 proposeTs=1753989317798208903 sn=74
03:15:29.849 INF Statistics commitTs=1753989314199484901 duration=70055799 proposeTs=1753989314129429102 sn=64
03:15:29.849 INF Statistics commitTs=1753989318848058810 duration=29926670 proposeTs=1753989318818132140 sn=77
03:15:29.849 INF Statistics commitTs=1753989315176685287 duration=33611153 proposeTs=1753989315143074134 sn=67
03:15:29.849 INF Statistics commitTs=1753989319829032394 duration=19960376 proposeTs=1753989319809072018 sn=80
03:15:29.850 INF Statistics commitTs=1753989316093677081 duration=20012621 proposeTs=1753989316073664460 sn=70
03:15:29.850 INF Statistics commitTs=1753989320817444850 duration=15095585 proposeTs=1753989320802349265 sn=83
03:15:29.850 INF Statistics commitTs=1753989317081651377 duration=14551061 proposeTs=1753989317067100316 sn=73
03:15:29.850 INF Statistics commitTs=1753989321831131850 duration=21591871 proposeTs=1753989321809539979 sn=86
03:15:29.850 INF Statistics commitTs=1753989318080694599 duration=15261370 proposeTs=1753989318065433229 sn=76
03:15:29.850 INF Statistics commitTs=1753989322833933794 duration=20316832 proposeTs=1753989322813616962 sn=89
03:15:29.850 INF Statistics commitTs=1753989319173431152 duration=34958993 proposeTs=1753989319138472159 sn=79
03:15:29.850 INF Statistics commitTs=1753989323850004470 duration=28511853 proposeTs=1753989323821492617 sn=92
03:15:29.850 INF Statistics commitTs=1753989320098431908 duration=19262253 proposeTs=1753989320079169655 sn=82
03:15:29.850 INF Statistics commitTs=1753989324824982449 duration=20841437 proposeTs=1753989324804141012 sn=95
03:15:29.850 INF Statistics commitTs=1753989321143078841 duration=34879128 proposeTs=1753989321108199713 sn=85
03:15:29.850 INF Statistics commitTs=1753989325827578452 duration=15830831 proposeTs=1753989325811747621 sn=98
03:15:29.851 INF Statistics commitTs=1753989322156325379 duration=37918635 proposeTs=1753989322118406744 sn=88
03:15:29.851 INF Statistics commitTs=1753989326883695931 duration=40033558 proposeTs=1753989326843662373 sn=101
03:15:29.851 INF Statistics commitTs=1753989323105657847 duration=20828816 proposeTs=1753989323084829031 sn=91
03:15:29.851 INF Statistics commitTs=1753989327834439585 duration=20526992 proposeTs=1753989327813912593 sn=104
03:15:29.851 INF Statistics commitTs=1753989324171342402 duration=36759965 proposeTs=1753989324134582437 sn=94
03:15:29.851 INF Statistics commitTs=1753989328818197976 duration=12518603 proposeTs=1753989328805679373 sn=107
03:15:29.851 INF Statistics commitTs=1753989325096697225 duration=17988959 proposeTs=1753989325078708266 sn=97
03:15:29.851 INF Statistics commitTs=1753989326114387022 duration=13201792 proposeTs=1753989326101185230 sn=100
03:15:29.851 INF Statistics commitTs=1753989329818348185 duration=10458506 proposeTs=1753989329807889679 sn=110
03:15:29.851 INF Statistics commitTs=1753989327194322789 duration=33650966 proposeTs=1753989327160671823 sn=103
03:15:29.851 INF Median commit time commit=20526992 segID=4
03:15:29.851 INF Statistics commitTs=1753989328115571397 duration=23731658 proposeTs=1753989328091839739 sn=106
03:15:29.852 INF Statistics commitTs=1753989329104137786 duration=16615799 proposeTs=1753989329087521987 sn=109
03:15:29.852 INF Median commit time commit=23731658 segID=3
03:15:29.955 INF PbftOrderer received a new segment: [112 116 120 124 128 132 136 140 144 148 152 156 160 164 168 172] first leader=0 firstSN=112 lastSN=172 len=16 length=16 segId=6
03:15:30.411 INF Starting new view. segID=6 timeout=120000 view=0
03:15:30.412 INF Advanced timeout advanced=23731658 initial=1000000000
03:15:30.412 INF Advanced timeout advanced=1023731658 initial=1000000000
03:15:30.412 INF Advanced timeout advanced=2023731658 initial=1000000000
03:15:30.412 INF Advanced timeout advanced=3023731658 initial=1000000000
03:15:30.412 INF Advanced timeout advanced=4023731658 initial=1000000000
03:15:30.412 INF Advanced timeout advanced=5023731658 initial=1000000000
03:15:30.412 INF Advanced timeout advanced=6023731658 initial=1000000000
03:15:30.412 INF Advanced timeout advanced=7023731658 initial=1000000000
03:15:30.412 INF Advanced timeout advanced=8023731658 initial=1000000000
03:15:30.412 INF Advanced timeout advanced=9023731658 initial=1000000000
03:15:30.412 INF Advanced timeout advanced=10023731658 initial=1000000000
03:15:30.412 INF Advanced timeout advanced=11023731658 initial=1000000000
03:15:30.412 INF Advanced timeout advanced=12023731658 initial=1000000000
03:15:30.413 INF Advanced timeout advanced=13023731658 initial=1000000000
03:15:30.413 INF Advanced timeout advanced=14023731658 initial=1000000000
03:15:30.413 INF Advanced timeout advanced=15023731658 initial=1000000000
03:15:30.413 INF Starting PBFT instance. first=112 last=172 segID=6
03:15:30.413 INF Starting serialized message processing. segID=6
03:15:30.413 INF PbftOrderer received a new segment: [113 117 121 125 129 133 137 141 145 149 153 157 161 165 169 173] first leader=1 firstSN=113 lastSN=173 len=16 length=16 segId=7
03:15:30.912 INF Starting new view. segID=7 timeout=120000 view=0
03:15:30.912 INF Advanced timeout advanced=23731658 initial=1000000000
03:15:30.912 INF Advanced timeout advanced=1023731658 initial=1000000000
03:15:30.912 INF Advanced timeout advanced=2023731658 initial=1000000000
03:15:30.912 INF Advanced timeout advanced=3023731658 initial=1000000000
03:15:30.912 INF Advanced timeout advanced=4023731658 initial=1000000000
03:15:30.912 INF Advanced timeout advanced=5023731658 initial=1000000000
03:15:30.912 INF Advanced timeout advanced=6023731658 initial=1000000000
03:15:30.913 INF Advanced timeout advanced=7023731658 initial=1000000000
03:15:30.913 INF Advanced timeout advanced=8023731658 initial=1000000000
03:15:30.913 INF Advanced timeout advanced=9023731658 initial=1000000000
03:15:30.913 INF Advanced timeout advanced=10023731658 initial=1000000000
03:15:30.913 INF Advanced timeout advanced=11023731658 initial=1000000000
03:15:30.913 INF Advanced timeout advanced=12023731658 initial=1000000000
03:15:30.913 INF Advanced timeout advanced=13023731658 initial=1000000000
03:15:30.913 INF Advanced timeout advanced=14023731658 initial=1000000000
03:15:30.913 INF Advanced timeout advanced=15023731658 initial=1000000000
03:15:30.913 INF Starting PBFT instance. first=113 last=173 segID=7
03:15:30.914 INF PbftOrderer received a new segment: [114 118 122 126 130 134 138 142 146 150 154 158 162 166 170 174] first leader=2 firstSN=114 lastSN=174 len=16 length=16 segId=8
03:15:30.919 INF Starting serialized message processing. segID=7
03:15:31.433 INF Starting new view. segID=8 timeout=120000 view=0
03:15:31.434 INF Advanced timeout advanced=23731658 initial=1000000000
03:15:31.434 INF Advanced timeout advanced=1023731658 initial=1000000000
03:15:31.434 INF Advanced timeout advanced=2023731658 initial=1000000000
03:15:31.434 INF Advanced timeout advanced=3023731658 initial=1000000000
03:15:31.434 INF Advanced timeout advanced=4023731658 initial=1000000000
03:15:31.434 INF Advanced timeout advanced=5023731658 initial=1000000000
03:15:31.434 INF Advanced timeout advanced=6023731658 initial=1000000000
03:15:31.434 INF Advanced timeout advanced=7023731658 initial=1000000000
03:15:31.434 INF Advanced timeout advanced=8023731658 initial=1000000000
03:15:31.434 INF Advanced timeout advanced=9023731658 initial=1000000000
03:15:31.434 INF Advanced timeout advanced=10023731658 initial=1000000000
03:15:31.434 INF Advanced timeout advanced=11023731658 initial=1000000000
03:15:31.434 INF Advanced timeout advanced=12023731658 initial=1000000000
03:15:31.434 INF Advanced timeout advanced=13023731658 initial=1000000000
03:15:31.435 INF Advanced timeout advanced=14023731658 initial=1000000000
03:15:31.435 INF Advanced timeout advanced=15023731658 initial=1000000000
03:15:31.435 INF Starting PBFT instance. first=114 last=174 segID=8
03:15:31.435 INF fuck1 epoch change time (ms)=1616
03:15:31.435 INF PbftOrderer received a new segment: [115 119 123 127 131 135 139 143 147 151 155 159 163 167 171 175] first leader=3 firstSN=115 lastSN=175 len=16 length=16 segId=9
03:15:31.435 INF Starting serialized message processing. segID=8
03:15:31.648 INF Handling PREPREPARE. nReq=55 senderID=1 sn=113
03:15:31.655 INF Committed entry. latency=0 nReq=55 sn=113
03:15:31.890 INF Starting new view. segID=9 timeout=120000 view=0
03:15:31.890 INF Advanced timeout advanced=23731658 initial=1000000000
03:15:31.890 INF Advanced timeout advanced=1023731658 initial=1000000000
03:15:31.890 INF Advanced timeout advanced=2023731658 initial=1000000000
03:15:31.890 INF Advanced timeout advanced=3023731658 initial=1000000000
03:15:31.890 INF Advanced timeout advanced=4023731658 initial=1000000000
03:15:31.890 INF Advanced timeout advanced=5023731658 initial=1000000000
03:15:31.890 INF Advanced timeout advanced=6023731658 initial=1000000000
03:15:31.890 INF Advanced timeout advanced=7023731658 initial=1000000000
03:15:31.890 INF Advanced timeout advanced=8023731658 initial=1000000000
03:15:31.890 INF Advanced timeout advanced=9023731658 initial=1000000000
03:15:31.890 INF Advanced timeout advanced=10023731658 initial=1000000000
03:15:31.893 INF Advanced timeout advanced=11023731658 initial=1000000000
03:15:31.894 INF Advanced timeout advanced=12023731658 initial=1000000000
03:15:31.894 INF Advanced timeout advanced=13023731658 initial=1000000000
03:15:31.894 INF Advanced timeout advanced=14023731658 initial=1000000000
03:15:31.894 INF Advanced timeout advanced=15023731658 initial=1000000000
03:15:31.894 INF Starting PBFT instance. first=115 last=175 segID=9
03:15:31.894 INF Starting serialized message processing. segID=9
03:15:32.631 INF Handling PREPREPARE. nReq=0 senderID=1 sn=117
03:15:32.636 INF Committed entry. latency=0 nReq=0 sn=117
03:15:32.712 INF Handling PREPREPARE. nReq=38 senderID=2 sn=114
03:15:32.719 INF Committed entry. latency=0 nReq=38 sn=114
03:15:32.964 INF Handling PREPREPARE. nReq=36 senderID=3 sn=115
03:15:32.970 INF Committed entry. latency=0 nReq=36 sn=115
03:15:33.243 INF Handling PREPREPARE. nReq=21 senderID=0 sn=112
03:15:33.248 INF Committed entry. latency=0 nReq=21 sn=112
03:15:33.248 INF Delivered batch. nReq=21 sn=112
03:15:33.248 INF Delivered batch. nReq=55 sn=113
03:15:33.249 INF Delivered batch. nReq=38 sn=114
03:15:33.249 INF Delivered batch. nReq=36 sn=115
03:15:33.632 INF Handling PREPREPARE. nReq=0 senderID=1 sn=121
03:15:33.636 INF Committed entry. latency=0 nReq=0 sn=121
03:15:33.654 INF Connection terminated. error="rpc error: code = Canceled desc = context canceled" address=127.0.0.1:57508
03:15:33.659 INF Finished sending bucket assignments to client. clId=0
03:15:33.710 INF Handling PREPREPARE. nReq=0 senderID=2 sn=118
03:15:33.714 INF Committed entry. latency=0 nReq=0 sn=118
03:15:33.962 INF Handling PREPREPARE. nReq=0 senderID=3 sn=119
03:15:33.966 INF Committed entry. latency=0 nReq=0 sn=119
03:15:34.241 INF Handling PREPREPARE. nReq=0 senderID=0 sn=116
03:15:34.244 INF Committed entry. latency=0 nReq=0 sn=116
03:15:34.244 INF Delivered batch. nReq=0 sn=116
03:15:34.244 INF Delivered batch. nReq=0 sn=117
03:15:34.244 INF Delivered batch. nReq=0 sn=118
03:15:34.244 INF Delivered batch. nReq=0 sn=119
03:15:34.301 INF Stopping profiler.
03:15:34.301 INF Stopping Tracer. events=658 fileName=experiment-output/0000/slave-001/peer.trc
==================
WARNING: DATA RACE
Read at 0x00c0009a66a8 by goroutine 109:
  github.com/hyperledger-labs/mirbft/tracing.(*BufferedTrace).Stop()
      /opt/gopath/src/github.com/hyperledger-labs/mirbft/tracing/bufferedtrace.go:237 +0x30e
  github.com/hyperledger-labs/mirbft/tracing.(*BufferedTrace).StopOnSignal.func1()
      /opt/gopath/src/github.com/hyperledger-labs/mirbft/tracing/bufferedtrace.go:298 +0x4e

Previous write at 0x00c0009a66a8 by goroutine 108:
  github.com/hyperledger-labs/mirbft/tracing.(*BufferedTrace).Event()
      /opt/gopath/src/github.com/hyperledger-labs/mirbft/tracing/bufferedtrace.go:105 +0x2cd
  github.com/hyperledger-labs/mirbft/profiling.StartCPUTracing.func1()
      /opt/gopath/src/github.com/hyperledger-labs/mirbft/profiling/cpuusage.go:33 +0x95

Goroutine 109 (running) created at:
  github.com/hyperledger-labs/mirbft/tracing.(*BufferedTrace).StopOnSignal()
      /opt/gopath/src/github.com/hyperledger-labs/mirbft/tracing/bufferedtrace.go:292 +0x178
  main.setUpTracing()
      /opt/gopath/src/github.com/hyperledger-labs/mirbft/cmd/orderingpeer/main.go:408 +0xf5
  main.main()
      /opt/gopath/src/github.com/hyperledger-labs/mirbft/cmd/orderingpeer/main.go:110 +0x9e4
  runtime.deferreturn()
      /home/ubuntu/go/src/runtime/panic.go:476 +0x32
  main.main()
      /opt/gopath/src/github.com/hyperledger-labs/mirbft/cmd/orderingpeer/main.go:78 +0x56c

Goroutine 108 (running) created at:
  github.com/hyperledger-labs/mirbft/profiling.StartCPUTracing()
      /opt/gopath/src/github.com/hyperledger-labs/mirbft/profiling/cpuusage.go:30 +0xb9
  main.setUpTracing()
      /opt/gopath/src/github.com/hyperledger-labs/mirbft/cmd/orderingpeer/main.go:400 +0x85
  main.main()
      /opt/gopath/src/github.com/hyperledger-labs/mirbft/cmd/orderingpeer/main.go:110 +0x9e4
  runtime.deferreturn()
      /home/ubuntu/go/src/runtime/panic.go:476 +0x32
  main.main()
      /opt/gopath/src/github.com/hyperledger-labs/mirbft/cmd/orderingpeer/main.go:78 +0x56c
==================
03:15:34.305 INF Trace data written.
03:15:34.326 INF Profile data written. filename=experiment-output/0000/slave-001/prof.mutex name=mutex
03:15:34.381 INF Connection terminated. error="rpc error: code = Canceled desc = context canceled" address=127.0.0.1:57494
03:15:34.381 INF Connection terminated. error="rpc error: code = Canceled desc = context canceled" address=127.0.0.1:57332
03:15:34.381 INF Connection terminated. error="rpc error: code = Canceled desc = context canceled" address=127.0.0.1:57274
03:15:34.381 INF Connection terminated. error="rpc error: code = Canceled desc = context canceled" address=127.0.0.1:57232
03:15:34.440 INF Connection terminated. error="rpc error: code = Canceled desc = context canceled" address=127.0.0.1:57374
03:15:34.440 INF Connection terminated. error="rpc error: code = Canceled desc = context canceled" address=127.0.0.1:57348
03:15:34.440 INF Connection terminated. error="rpc error: code = Canceled desc = context canceled" address=127.0.0.1:57390
03:15:34.440 INF Connection terminated. error="rpc error: code = Canceled desc = context canceled" address=127.0.0.1:57288
03:15:34.446 INF Connection terminated. error="rpc error: code = Canceled desc = context canceled" address=127.0.0.1:57418
03:15:34.447 INF Connection terminated. error="rpc error: code = Canceled desc = context canceled" address=127.0.0.1:57344
03:15:34.447 INF Connection terminated. error="rpc error: code = Canceled desc = context canceled" address=127.0.0.1:57304
03:15:34.447 INF Connection terminated. error="rpc error: code = Canceled desc = context canceled" address=127.0.0.1:57222
03:15:34.523 INF Connection terminated. error="rpc error: code = Canceled desc = context canceled" address=127.0.0.1:57350
03:15:34.523 INF Connection terminated. error="rpc error: code = Canceled desc = context canceled" address=127.0.0.1:57270
03:15:34.523 INF Connection terminated. error="rpc error: code = Canceled desc = context canceled" address=127.0.0.1:57240
03:15:34.523 INF Connection terminated. error="rpc error: code = Canceled desc = context canceled" address=127.0.0.1:57228
03:15:34.524 INF Profile data written. filename=experiment-output/0000/slave-001/prof.cpu name=cpu
03:15:34.538 INF Profile data written. filename=experiment-output/0000/slave-001/prof.block name=block
