3:05AM INF Received own slave ID. ownSlaveId=3
3:05AM INF OK status=0
3:05AM INF Received command. cmdId=3
3:05AM INF Received an ExecStart command args="[-p experiment-output/0000/slave-__id__/config]" cmd=mkdir outFile=/dev/null
3:05AM INF OK status=0
3:05AM INF Received command. cmdId=4
3:05AM INF Received command. cmdType=ExecWait
3:05AM INF OK status=0
3:05AM INF Received command. cmdId=7
3:05AM INF Received an ExecStart command args="[config/config-0000.yml experiment-output/0000/slave-__id__/config/config.yml]" cmd=cp outFile=/dev/null
3:05AM INF OK status=0
3:05AM INF Received command. cmdId=8
3:05AM INF Received command. cmdType=ExecWait
3:05AM INF OK status=0
3:05AM INF Received command. cmdId=10
3:05AM INF Received command. cmdType=Noop
3:05AM INF Noop. Doing nothing. status=033:05AM INF Received command. cmdId=15
3:05AM INF Received an ExecStart command args="[experiment-output/0000/slave-__id__/config/config.yml 127.0.0.1:9999 experiment-output/0000/slave-__id__/client experiment-output/0000/slave-__id__/prof-client]" cmd=orderingclient outFile=experiment-output/0000/slave-__id__/clients.log
3:05AM INF OK status=0
3:05AM INF Received command. cmdId=16
3:05AM INF Received command. cmdType=ExecWait
