{"level":"debug","Logging":"info","time":"2025-08-01T03:17:04+08:00","message":"Config"}
{"level":"debug","UseTLS":false,"time":"2025-08-01T03:17:04+08:00","message":"Config"}
{"level":"debug","CACertFile":"tls-data/ca.pem","time":"2025-08-01T03:17:04+08:00","message":"Config"}
{"level":"debug","KeyFile":"tls-data/auth.key","time":"2025-08-01T03:17:04+08:00","message":"Config"}
{"level":"debug","CertFile":"tls-data/auth.pem","time":"2025-08-01T03:17:04+08:00","message":"Config"}
{"level":"debug","PriorityConnections":2,"time":"2025-08-01T03:17:04+08:00","message":"Config"}
{"level":"debug","BasicConnections":2,"time":"2025-08-01T03:17:04+08:00","message":"Config"}
{"level":"debug","TestConnections":false,"time":"2025-08-01T03:17:04+08:00","message":"Config"}
{"level":"debug","ExcessConnections":1,"time":"2025-08-01T03:17:04+08:00","message":"Config"}
{"level":"debug","ConnectionTestMsgs":4,"time":"2025-08-01T03:17:04+08:00","message":"Config"}
{"level":"debug","ConnectionTestPayload":131072,"time":"2025-08-01T03:17:04+08:00","message":"Config"}
{"level":"debug","OutMessageBufsize":1024,"time":"2025-08-01T03:17:04+08:00","message":"Config"}
{"level":"debug","OutMessageBufsize":3,"time":"2025-08-01T03:17:04+08:00","message":"Config"}
{"level":"debug","ThroughputCap":131072000,"time":"2025-08-01T03:17:04+08:00","message":"Config"}
{"level":"debug","StragglerTolerance":1000,"time":"2025-08-01T03:17:04+08:00","message":"Config"}
{"level":"debug","BatchSizeIncrement":256,"time":"2025-08-01T03:17:04+08:00","message":"Config"}
{"level":"debug","Orderer":"Pbft","time":"2025-08-01T03:17:04+08:00","message":"Config"}
{"level":"debug","Manager":"Mir","time":"2025-08-01T03:17:04+08:00","message":"Config"}
{"level":"debug","Failures":0,"time":"2025-08-01T03:17:04+08:00","message":"Config"}
{"level":"debug","CrashTiming":"EpochStart","time":"2025-08-01T03:17:04+08:00","message":"Config"}
{"level":"debug","CheckpointInterval":256,"time":"2025-08-01T03:17:04+08:00","message":"Config"}
{"level":"debug","WatermarkWindowSize":256,"time":"2025-08-01T03:17:04+08:00","message":"Config"}
{"level":"debug","EpochLength":256,"time":"2025-08-01T03:17:04+08:00","message":"Config"}
{"level":"debug","SegmentLength":21,"time":"2025-08-01T03:17:04+08:00","message":"Config"}
{"level":"debug","WaitForCheckpoints":true,"time":"2025-08-01T03:17:04+08:00","message":"Config"}
{"level":"debug","ClientWatermarkWindowSize":4194304,"time":"2025-08-01T03:17:04+08:00","message":"Config"}
{"level":"debug","ClientRequestBacklogSize":4194304,"time":"2025-08-01T03:17:04+08:00","message":"Config"}
{"level":"debug","RandomSeed":7086,"time":"2025-08-01T03:17:04+08:00","message":"Config"}
{"level":"debug","NodeToLeaderRatio":1,"time":"2025-08-01T03:17:04+08:00","message":"Config"}
{"level":"debug","LeaderPolicy":"Simple","time":"2025-08-01T03:17:04+08:00","message":"Config"}
{"level":"debug","DefaultLeaderBan":2,"time":"2025-08-01T03:17:04+08:00","message":"Config"}
{"level":"debug","NumBuckets":192,"time":"2025-08-01T03:17:04+08:00","message":"Config"}
{"level":"debug","BatchSize":4096,"time":"2025-08-01T03:17:04+08:00","message":"Config"}
{"level":"debug","BatchTimeoutMs":1000,"time":"2025-08-01T03:17:04+08:00","message":"Config"}
{"level":"debug","DisabledViewChange":false,"time":"2025-08-01T03:17:04+08:00","message":"Config"}
{"level":"debug","ViewChangeTimeout":60000,"time":"2025-08-01T03:17:04+08:00","message":"Config"}
{"level":"debug","ClientTraceSampling":10,"time":"2025-08-01T03:17:04+08:00","message":"Config"}
{"level":"debug","EventBufferSize":2097152,"time":"2025-08-01T03:17:04+08:00","message":"Config"}
{"level":"debug","TraceSampling":1,"time":"2025-08-01T03:17:04+08:00","message":"Config"}
{"level":"debug","ClientsPerProcess":1,"time":"2025-08-01T03:17:04+08:00","message":"Config"}
{"level":"debug","RequestsPerClient":7200000,"time":"2025-08-01T03:17:04+08:00","message":"Config"}
{"level":"debug","ClientRunTime":60000,"time":"2025-08-01T03:17:04+08:00","message":"Config"}
{"level":"debug","RequestRate":60000,"time":"2025-08-01T03:17:04+08:00","message":"Config"}
{"level":"debug","HardRequestRateLimit":false,"time":"2025-08-01T03:17:04+08:00","message":"Config"}
{"level":"debug","RequestPayloadSize":500,"time":"2025-08-01T03:17:04+08:00","message":"Config"}
{"level":"debug","SignRequests":true,"time":"2025-08-01T03:17:04+08:00","message":"Config"}
{"level":"debug","ClientPrivKeyFile":"tls-data/client-ecdsa-256.key","time":"2025-08-01T03:17:04+08:00","message":"Config"}
{"level":"debug","ClientPubKeyFile":"tls-data/client-ecdsa-256.pem","time":"2025-08-01T03:17:04+08:00","message":"Config"}
{"level":"debug","PrecomputeRequests":false,"time":"2025-08-01T03:17:04+08:00","message":"Config"}
{"level":"debug","RequestHandlerThreads":32,"time":"2025-08-01T03:17:04+08:00","message":"Config"}
{"level":"debug","RequestInputChannelBuffer":8192,"time":"2025-08-01T03:17:04+08:00","message":"Config"}
{"level":"debug","BatchVerifier":"external","time":"2025-08-01T03:17:04+08:00","message":"Config"}
03:17:04.608 INF Registered with discovery server. numPeers=12 ownID=2
03:17:04.609 INF Profiling enabled.
03:17:04.609 INF Setting up profiling.
03:17:04.609 INF Started Profiler: CPU
03:17:04.609 INF Started Profiler: BLOCK
03:17:04.609 INF Started Profiler: MUTEX
03:17:04.610 INF Profiler will stop on signal. exit=true
03:17:04.611 INF Tracing will stop on signal. exit=false
03:17:04.613 INF Started tracing. traceFile=experiment-output/0000/slave-010/peer.trc
03:17:04.614 INF Connecting to peer. addr=127.0.0.1:10011 basicConns=2 priorityConns=2
03:17:04.615 INF Listening for connections. port=10022 useTLS=false
03:17:04.615 INF Connecting to peer. addr=127.0.0.1:10088 basicConns=2 priorityConns=2
03:17:04.615 INF Connecting to peer. addr=127.0.0.1:10110 basicConns=2 priorityConns=2
03:17:04.616 INF Connecting to peer. addr=127.0.0.1:10121 basicConns=2 priorityConns=2
03:17:04.616 INF Connecting to peer. addr=127.0.0.1:10022 basicConns=2 priorityConns=2
03:17:04.616 INF Connecting to peer. addr=127.0.0.1:10000 basicConns=2 priorityConns=2
03:17:04.617 INF Connecting to peer. addr=127.0.0.1:10044 basicConns=2 priorityConns=2
03:17:04.617 INF Connecting to peer. addr=127.0.0.1:10033 basicConns=2 priorityConns=2
03:17:04.618 INF Connecting to peer. addr=127.0.0.1:10055 basicConns=2 priorityConns=2
03:17:04.618 INF Connecting to peer. addr=127.0.0.1:10077 basicConns=2 priorityConns=2
03:17:04.619 INF Connecting to peer. addr=127.0.0.1:10066 basicConns=2 priorityConns=2
03:17:04.619 INF Connecting to peer. addr=127.0.0.1:10099 basicConns=2 priorityConns=2
03:17:04.646 INF Incoming connection for protocol messages. addr=127.0.0.1:41186
03:17:04.652 INF Incoming connection for protocol messages. addr=127.0.0.1:41150
03:17:04.656 INF Incoming connection for protocol messages. addr=127.0.0.1:41252
03:17:04.658 INF Incoming connection for protocol messages. addr=127.0.0.1:41146
03:17:04.658 INF Incoming connection for protocol messages. addr=127.0.0.1:41240
03:17:04.659 INF Incoming connection for protocol messages. addr=127.0.0.1:41324
03:17:04.659 INF Incoming connection for protocol messages. addr=127.0.0.1:41308
03:17:04.663 INF Incoming connection for protocol messages. addr=127.0.0.1:41166
03:17:04.663 INF Incoming connection for protocol messages. addr=127.0.0.1:41244
03:17:04.664 INF Incoming connection for protocol messages. addr=127.0.0.1:41278
03:17:04.665 INF Incoming connection for protocol messages. addr=127.0.0.1:41134
03:17:04.665 INF Incoming connection for protocol messages. addr=127.0.0.1:41200
03:17:04.665 INF Incoming connection for protocol messages. addr=127.0.0.1:41336
03:17:04.666 INF Incoming connection for protocol messages. addr=127.0.0.1:41228
03:17:04.666 INF Incoming connection for protocol messages. addr=127.0.0.1:41296
03:17:04.667 INF Incoming connection for protocol messages. addr=127.0.0.1:41412
03:17:04.668 INF Incoming connection for protocol messages. addr=127.0.0.1:41426
03:17:04.658 INF Incoming connection for protocol messages. addr=127.0.0.1:41364
03:17:04.667 INF Incoming connection for protocol messages. addr=127.0.0.1:41330
03:17:04.677 INF Incoming connection for protocol messages. addr=127.0.0.1:41212
03:17:04.678 INF Incoming connection for protocol messages. addr=127.0.0.1:41180
03:17:04.678 INF Incoming connection for protocol messages. addr=127.0.0.1:41342
03:17:04.679 INF Incoming connection for protocol messages. addr=127.0.0.1:41310
03:17:04.680 INF Incoming connection for protocol messages. addr=127.0.0.1:41386
03:17:04.683 INF Incoming connection for protocol messages. addr=127.0.0.1:41480
03:17:04.684 INF Incoming connection for protocol messages. addr=127.0.0.1:41498
03:17:04.685 INF Incoming connection for protocol messages. addr=127.0.0.1:41532
03:17:04.686 INF Incoming connection for protocol messages. addr=127.0.0.1:41554
03:17:04.687 INF Incoming connection for protocol messages. addr=127.0.0.1:41472
03:17:04.687 INF Incoming connection for protocol messages. addr=127.0.0.1:41488
03:17:04.689 INF Incoming connection for protocol messages. addr=127.0.0.1:41164
03:17:04.690 INF Incoming connection for protocol messages. addr=127.0.0.1:41284
03:17:04.690 INF Incoming connection for protocol messages. addr=127.0.0.1:41266
03:17:04.691 INF Incoming connection for protocol messages. addr=127.0.0.1:41572
03:17:04.692 INF Incoming connection for protocol messages. addr=127.0.0.1:41356
03:17:04.692 INF Incoming connection for protocol messages. addr=127.0.0.1:41434
03:17:04.694 INF Incoming connection for protocol messages. addr=127.0.0.1:41568
03:17:04.695 INF Incoming connection for protocol messages. addr=127.0.0.1:41370
03:17:04.695 INF Incoming connection for protocol messages. addr=127.0.0.1:41578
03:17:04.696 INF Incoming connection for protocol messages. addr=127.0.0.1:41458
03:17:04.696 INF Incoming connection for protocol messages. addr=127.0.0.1:41450
03:17:04.697 INF Incoming connection for protocol messages. addr=127.0.0.1:41582
03:17:04.698 INF Incoming connection for protocol messages. addr=127.0.0.1:41520
03:17:04.703 INF Incoming connection for protocol messages. addr=127.0.0.1:41546
03:17:04.704 INF Incoming connection for protocol messages. addr=127.0.0.1:41360
03:17:04.705 INF Incoming connection for protocol messages. addr=127.0.0.1:41500
03:17:04.705 INF Incoming connection for protocol messages. addr=127.0.0.1:41398
03:17:04.705 INF Incoming connection for protocol messages. addr=127.0.0.1:41506
03:17:04.706 INF Connected to all peers.
03:17:04.709 INF All peers finished connecting. Starting ISS.
03:17:04.710 INF PbftOrderer received a new segment: [0 1 2 3 4 5 6 7 8 9 10 11 12 13 14 15 16 17 18 19 20] first leader=0 firstSN=0 lastSN=20 len=21 length=21 segId=0
03:17:04.752 INF Starting new view. segID=0 timeout=60000 view=0
03:17:04.753 INF Starting PBFT instance. first=0 last=20 segID=0
03:17:04.753 INF Starting serialized message processing. segID=0
03:17:05.761 INF Handling PREPREPARE. nReq=0 senderID=0 sn=0
03:17:05.766 INF Committed entry. latency=0 nReq=0 sn=0
03:17:05.766 INF Delivered batch. nReq=0 sn=0
03:17:06.767 INF Handling PREPREPARE. nReq=0 senderID=0 sn=1
03:17:06.770 INF Committed entry. latency=0 nReq=0 sn=1
03:17:06.770 INF Delivered batch. nReq=0 sn=1
03:17:06.783 INF Incoming connection for requests. addr=127.0.0.1:57134
03:17:07.312 INF Handling PREPREPARE. nReq=4096 senderID=0 sn=2
03:17:07.401 INF Committed entry. latency=0 nReq=4096 sn=2
03:17:07.401 INF Delivered batch. nReq=4096 sn=2
03:17:08.317 INF Handling PREPREPARE. nReq=2472 senderID=0 sn=3
03:17:08.382 INF Committed entry. latency=0 nReq=2472 sn=3
03:17:08.382 INF Delivered batch. nReq=2472 sn=3
03:17:09.236 INF Handling PREPREPARE. nReq=802 senderID=0 sn=4
03:17:09.258 INF Committed entry. latency=0 nReq=802 sn=4
03:17:09.259 INF Delivered batch. nReq=802 sn=4
03:17:09.932 INF Handling PREPREPARE. nReq=4096 senderID=0 sn=5
03:17:10.003 INF Committed entry. latency=0 nReq=4096 sn=5
03:17:10.004 INF Delivered batch. nReq=4096 sn=5
03:17:10.874 INF Handling PREPREPARE. nReq=2550 senderID=0 sn=6
03:17:10.927 INF Committed entry. latency=0 nReq=2550 sn=6
03:17:10.928 INF Delivered batch. nReq=2550 sn=6
03:17:11.868 INF Handling PREPREPARE. nReq=945 senderID=0 sn=7
03:17:11.898 INF Committed entry. latency=0 nReq=945 sn=7
03:17:11.898 INF Delivered batch. nReq=945 sn=7
03:17:12.875 INF Handling PREPREPARE. nReq=4096 senderID=0 sn=8
03:17:12.964 INF Committed entry. latency=0 nReq=4096 sn=8
03:17:12.964 INF Delivered batch. nReq=4096 sn=8
03:17:13.902 INF Handling PREPREPARE. nReq=2794 senderID=0 sn=9
03:17:13.958 INF Committed entry. latency=0 nReq=2794 sn=9
03:17:13.958 INF Delivered batch. nReq=2794 sn=9
03:17:14.799 INF Handling PREPREPARE. nReq=987 senderID=0 sn=10
03:17:14.822 INF Committed entry. latency=0 nReq=987 sn=10
03:17:14.822 INF Delivered batch. nReq=987 sn=10
03:17:15.442 INF Handling PREPREPARE. nReq=4096 senderID=0 sn=11
03:17:15.518 INF Committed entry. latency=0 nReq=4096 sn=11
03:17:15.518 INF Delivered batch. nReq=4096 sn=11
03:17:16.432 INF Handling PREPREPARE. nReq=2951 senderID=0 sn=12
03:17:16.487 INF Committed entry. latency=0 nReq=2951 sn=12
03:17:16.487 INF Delivered batch. nReq=2951 sn=12
03:17:17.406 INF Handling PREPREPARE. nReq=850 senderID=0 sn=13
03:17:17.434 INF Committed entry. latency=0 nReq=850 sn=13
03:17:17.434 INF Delivered batch. nReq=850 sn=13
03:17:18.379 INF Handling PREPREPARE. nReq=4096 senderID=0 sn=14
03:17:18.474 INF Committed entry. latency=0 nReq=4096 sn=14
03:17:18.474 INF Delivered batch. nReq=4096 sn=14
03:17:19.383 INF Handling PREPREPARE. nReq=2803 senderID=0 sn=15
03:17:19.436 INF Committed entry. latency=0 nReq=2803 sn=15
03:17:19.436 INF Delivered batch. nReq=2803 sn=15
03:17:20.352 INF Handling PREPREPARE. nReq=778 senderID=0 sn=16
03:17:20.380 INF Committed entry. latency=0 nReq=778 sn=16
03:17:20.380 INF Delivered batch. nReq=778 sn=16
03:17:21.384 INF Handling PREPREPARE. nReq=4096 senderID=0 sn=17
03:17:21.469 INF Committed entry. latency=0 nReq=4096 sn=17
03:17:21.469 INF Delivered batch. nReq=4096 sn=17
03:17:25.015 INF Handling PREPREPARE. nReq=4096 senderID=0 sn=18
03:17:25.107 INF Committed entry. latency=0 nReq=4096 sn=18
03:17:25.108 INF Delivered batch. nReq=4096 sn=18
03:17:26.001 INF Handling PREPREPARE. nReq=3967 senderID=0 sn=19
03:17:26.138 INF Committed entry. latency=0 nReq=3967 sn=19
03:17:26.139 INF Delivered batch. nReq=3967 sn=19
03:17:26.969 INF Handling PREPREPARE. nReq=845 senderID=0 sn=20
03:17:26.996 INF Committed entry. latency=0 nReq=845 sn=20
03:17:26.997 INF Delivered batch. nReq=845 sn=20
==================
WARNING: DATA RACE
Read at 0x000001304380 by goroutine 940:
  github.com/hyperledger-labs/mirbft/manager.(*MirManager).handleLogEntries()
      /opt/gopath/src/github.com/hyperledger-labs/mirbft/manager/mirmanager.go:171 +0x854
  github.com/hyperledger-labs/mirbft/manager.(*MirManager).Start.func2()
      /opt/gopath/src/github.com/hyperledger-labs/mirbft/manager/mirmanager.go:112 +0x47

Previous write at 0x000001304380 by goroutine 945:
  github.com/hyperledger-labs/mirbft/log.publishEntries()
      /opt/gopath/src/github.com/hyperledger-labs/mirbft/log/log.go:281 +0x2e4
  github.com/hyperledger-labs/mirbft/log.CommitEntry()
      /opt/gopath/src/github.com/hyperledger-labs/mirbft/log/log.go:108 +0x284
  github.com/hyperledger-labs/mirbft/announcer.Announce()
      /opt/gopath/src/github.com/hyperledger-labs/mirbft/announcer/announcer.go:26 +0x370
  github.com/hyperledger-labs/mirbft/orderer.(*pbftInstance).announce()
      /opt/gopath/src/github.com/hyperledger-labs/mirbft/orderer/pbftinstance.go:726 +0x36b
  github.com/hyperledger-labs/mirbft/orderer.(*pbftInstance).handleCommit()
      /opt/gopath/src/github.com/hyperledger-labs/mirbft/orderer/pbftinstance.go:664 +0x7bd
  github.com/hyperledger-labs/mirbft/orderer.(*pbftInstance).handleMessage()
      /opt/gopath/src/github.com/hyperledger-labs/mirbft/orderer/pbftinstance.go:1810 +0x2e5
  github.com/hyperledger-labs/mirbft/orderer.(*pbftInstance).processSerializedMessages()
      /opt/gopath/src/github.com/hyperledger-labs/mirbft/orderer/pbftinstance.go:1764 +0xdd
  github.com/hyperledger-labs/mirbft/orderer.(*PbftOrderer).runSegment.func2()
      /opt/gopath/src/github.com/hyperledger-labs/mirbft/orderer/pbftorderer.go:199 +0x39

Goroutine 940 (running) created at:
  github.com/hyperledger-labs/mirbft/manager.(*MirManager).Start()
      /opt/gopath/src/github.com/hyperledger-labs/mirbft/manager/mirmanager.go:112 +0x191
  main.main.func4()
      /opt/gopath/src/github.com/hyperledger-labs/mirbft/cmd/orderingpeer/main.go:185 +0x59

Goroutine 945 (running) created at:
  github.com/hyperledger-labs/mirbft/orderer.(*PbftOrderer).runSegment()
      /opt/gopath/src/github.com/hyperledger-labs/mirbft/orderer/pbftorderer.go:199 +0x3f6
  github.com/hyperledger-labs/mirbft/orderer.(*PbftOrderer).Start()
      /opt/gopath/src/github.com/hyperledger-labs/mirbft/orderer/pbftorderer.go:176 +0x344
  main.main.func5()
      /opt/gopath/src/github.com/hyperledger-labs/mirbft/cmd/orderingpeer/main.go:186 +0x59
==================
03:17:27.000 INF Sending segment checkpoint. lastSn=20 segID=0
03:17:27.004 INF PBFT checkpoint ready. Scheduling catchup. lastSn=20 segID=0
03:17:27.025 INF fuck! epoch=192 epoch time (ms)=22288 leaders=2 viewtimeout=104000
03:17:27.025 INF Epoch finished. Waiting for stable checkpoint. sn=20
03:17:27.029 INF New stable checkpoint. sn=20
03:17:27.029 INF Closing message serializers. segID=0
03:17:27.029 INF Statistics commitTs=1753989425766617741 duration=5595381 proposeTs=1753989425761022360 sn=0
03:17:27.029 INF Statistics commitTs=1753989426769983121 duration=2452454 proposeTs=1753989426767530667 sn=1
03:17:27.029 INF Statistics commitTs=1753989427395712421 duration=83485346 proposeTs=1753989427312227075 sn=2
03:17:27.030 INF Statistics commitTs=1753989428379876052 duration=62138456 proposeTs=1753989428317737596 sn=3
03:17:27.030 INF Statistics commitTs=1753989429257420464 duration=20740656 proposeTs=1753989429236679808 sn=4
03:17:27.030 INF Statistics commitTs=1753989429998979529 duration=66369016 proposeTs=1753989429932610513 sn=5
03:17:27.030 INF Statistics commitTs=1753989430923211630 duration=48972758 proposeTs=1753989430874238872 sn=6
03:17:27.030 INF Statistics commitTs=1753989431897037916 duration=28473623 proposeTs=1753989431868564293 sn=7
03:17:27.030 INF Statistics commitTs=1753989432961304038 duration=86127985 proposeTs=1753989432875176053 sn=8
03:17:27.030 INF Statistics commitTs=1753989433955766441 duration=53591817 proposeTs=1753989433902174624 sn=9
03:17:27.030 INF Statistics commitTs=1753989434820352706 duration=20825795 proposeTs=1753989434799526911 sn=10
03:17:27.030 INF Statistics commitTs=1753989435514726313 duration=72486002 proposeTs=1753989435442240311 sn=11
03:17:27.030 INF Statistics commitTs=1753989436482695268 duration=50022010 proposeTs=1753989436432673258 sn=12
03:17:27.031 INF Statistics commitTs=1753989437432264748 duration=26312452 proposeTs=1753989437405952296 sn=13
03:17:27.031 INF Statistics commitTs=1753989438469219886 duration=90090076 proposeTs=1753989438379129810 sn=14
03:17:27.031 INF Statistics commitTs=1753989439433158064 duration=49743485 proposeTs=1753989439383414579 sn=15
03:17:27.031 INF Statistics commitTs=1753989440379534025 duration=27406029 proposeTs=1753989440352127996 sn=16
03:17:27.031 INF Received stable checkpoint notification. sn=20
03:17:27.031 INF Epoch end confirmed. chkpSn=20
03:17:27.031 INF Statistics commitTs=1753989441465620799 duration=80740513 proposeTs=1753989441384880286 sn=17
03:17:27.031 INF Advancing watermarks. numEntries=21
03:17:27.031 INF Statistics commitTs=1753989445104568413 duration=89253442 proposeTs=1753989445015314971 sn=18
03:17:27.031 INF Statistics commitTs=1753989446129279901 duration=128320066 proposeTs=1753989446000959835 sn=19
03:17:27.031 INF Statistics commitTs=1753989446995924595 duration=26396303 proposeTs=1753989446969528292 sn=20
03:17:27.031 INF Median commit time commit=50022010 segID=0
03:17:27.196 INF PbftOrderer received a new segment: [21 23 25 27 29 31 33 35 37 39 41 43 45 47 49 51] first leader=0 firstSN=21 lastSN=51 len=16 length=16 segId=1
03:17:27.517 INF Starting new view. segID=1 timeout=104000 view=0
03:17:27.517 INF Advanced timeout advanced=50022010 initial=1000000000
03:17:27.517 INF Advanced timeout advanced=1050022010 initial=1000000000
03:17:27.517 INF Advanced timeout advanced=2050022010 initial=1000000000
03:17:27.518 INF Advanced timeout advanced=3050022010 initial=1000000000
03:17:27.518 INF Advanced timeout advanced=4050022010 initial=1000000000
03:17:27.518 INF Advanced timeout advanced=5050022010 initial=1000000000
03:17:27.518 INF Advanced timeout advanced=6050022010 initial=1000000000
03:17:27.518 INF Advanced timeout advanced=7050022010 initial=1000000000
03:17:27.518 INF Advanced timeout advanced=8050022010 initial=1000000000
03:17:27.518 INF Advanced timeout advanced=9050022010 initial=1000000000
03:17:27.518 INF Advanced timeout advanced=10050022010 initial=1000000000
03:17:27.518 INF Advanced timeout advanced=11050022010 initial=1000000000
03:17:27.518 INF Advanced timeout advanced=12050022010 initial=1000000000
03:17:27.518 INF Advanced timeout advanced=13050022010 initial=1000000000
03:17:27.518 INF Advanced timeout advanced=14050022010 initial=1000000000
03:17:27.518 INF Advanced timeout advanced=15050022010 initial=1000000000
03:17:27.522 INF Starting PBFT instance. first=21 last=51 segID=1
03:17:27.523 INF PbftOrderer received a new segment: [22 24 26 28 30 32 34 36 38 40 42 44 46 48 50 52] first leader=1 firstSN=22 lastSN=52 len=16 length=16 segId=2
03:17:27.533 INF Starting serialized message processing. segID=1
03:17:27.533 INF fuck1 epoch change time (ms)=536
03:17:27.749 INF Starting new view. segID=2 timeout=104000 view=0
03:17:27.750 INF Advanced timeout advanced=50022010 initial=1000000000
03:17:27.750 INF Advanced timeout advanced=1050022010 initial=1000000000
03:17:27.750 INF Advanced timeout advanced=2050022010 initial=1000000000
03:17:27.750 INF Advanced timeout advanced=3050022010 initial=1000000000
03:17:27.750 INF Advanced timeout advanced=4050022010 initial=1000000000
03:17:27.750 INF Advanced timeout advanced=5050022010 initial=1000000000
03:17:27.750 INF Advanced timeout advanced=6050022010 initial=1000000000
03:17:27.750 INF Advanced timeout advanced=7050022010 initial=1000000000
03:17:27.750 INF Advanced timeout advanced=8050022010 initial=1000000000
03:17:27.750 INF Advanced timeout advanced=9050022010 initial=1000000000
03:17:27.750 INF Advanced timeout advanced=10050022010 initial=1000000000
03:17:27.750 INF Advanced timeout advanced=11050022010 initial=1000000000
03:17:27.750 INF Advanced timeout advanced=12050022010 initial=1000000000
03:17:27.752 INF Advanced timeout advanced=13050022010 initial=1000000000
03:17:27.752 INF Advanced timeout advanced=14050022010 initial=1000000000
03:17:27.752 INF Advanced timeout advanced=15050022010 initial=1000000000
03:17:27.753 INF Starting PBFT instance. first=22 last=52 segID=2
03:17:27.753 INF Starting serialized message processing. segID=2
03:17:28.725 INF Handling PREPREPARE. nReq=505 senderID=0 sn=21
03:17:28.746 INF Committed entry. latency=0 nReq=505 sn=21
03:17:28.746 INF Delivered batch. nReq=505 sn=21
03:17:28.780 INF Handling PREPREPARE. nReq=1371 senderID=1 sn=22
03:17:28.817 INF Committed entry. latency=0 nReq=1371 sn=22
03:17:28.817 INF Delivered batch. nReq=1371 sn=22
03:17:29.777 INF Handling PREPREPARE. nReq=1531 senderID=0 sn=23
03:17:29.817 INF Committed entry. latency=0 nReq=1531 sn=23
03:17:29.817 INF Delivered batch. nReq=1531 sn=23
03:17:29.889 INF Handling PREPREPARE. nReq=4096 senderID=1 sn=24
03:17:29.958 INF Committed entry. latency=0 nReq=4096 sn=24
03:19:33.140 INF Delivered batch. nReq=4096 sn=24
03:19:13.568 WRN Timeout segId=1 sn=25 view=0
03:19:33.141 WRN Timeout segId=2 sn=26 view=0
03:19:33.142 INF Starting new view. segID=1 timeout=208000 view=1
03:19:33.142 INF Starting new view. segID=2 timeout=208000 view=1
03:19:33.142 INF Advanced timeout advanced=50022010 initial=1000000000
03:19:33.142 INF Advanced timeout advanced=50022010 initial=1000000000
03:19:33.142 INF Advanced timeout advanced=1050022010 initial=1000000000
03:19:33.142 INF Advanced timeout advanced=1050022010 initial=1000000000
03:19:33.143 INF Advanced timeout advanced=2050022010 initial=1000000000
03:19:33.143 INF Advanced timeout advanced=2050022010 initial=1000000000
03:19:33.143 INF Advanced timeout advanced=3050022010 initial=1000000000
03:19:33.143 INF Advanced timeout advanced=3050022010 initial=1000000000
03:19:33.143 INF Advanced timeout advanced=4050022010 initial=1000000000
03:19:33.143 INF Advanced timeout advanced=4050022010 initial=1000000000
03:19:33.143 INF Advanced timeout advanced=5050022010 initial=1000000000
03:19:33.143 INF Advanced timeout advanced=5050022010 initial=1000000000
03:19:33.143 INF Advanced timeout advanced=6050022010 initial=1000000000
03:19:33.144 INF Advanced timeout advanced=7050022010 initial=1000000000
03:19:33.144 INF Advanced timeout advanced=8050022010 initial=1000000000
03:19:33.144 INF Advanced timeout advanced=9050022010 initial=1000000000
03:19:33.143 INF Advanced timeout advanced=6050022010 initial=1000000000
03:19:33.147 INF Advanced timeout advanced=7050022010 initial=1000000000
03:19:33.147 INF Advanced timeout advanced=8050022010 initial=1000000000
03:19:33.147 INF Advanced timeout advanced=9050022010 initial=1000000000
03:19:33.147 INF Advanced timeout advanced=10050022010 initial=1000000000
03:19:33.147 INF Advanced timeout advanced=11050022010 initial=1000000000
03:19:33.147 INF Advanced timeout advanced=12050022010 initial=1000000000
03:19:33.148 INF Advanced timeout advanced=13050022010 initial=1000000000
03:19:33.148 INF Advanced timeout advanced=14050022010 initial=1000000000
03:19:33.148 INF Advanced timeout advanced=15050022010 initial=1000000000
03:19:33.148 INF Requesting VIEWCHANGE. receiverID=2 segID=2 senderID=2 view=1
03:19:33.148 INF Handling VIEWCHANGE. msgView=1 ownView=1 segID=2 senderID=11
03:19:33.148 INF Adding view change message. currentView=1 msgView=1 numViewChanges=2
03:19:33.148 INF Handling VIEWCHANGE. msgView=1 ownView=1 segID=2 senderID=5
03:19:33.148 INF Adding view change message. currentView=1 msgView=1 numViewChanges=3
03:19:33.149 INF Handling VIEWCHANGE. msgView=1 ownView=1 segID=2 senderID=6
03:19:33.149 INF Adding view change message. currentView=1 msgView=1 numViewChanges=4
03:19:33.149 INF Handling VIEWCHANGE. msgView=1 ownView=1 segID=2 senderID=8
03:19:33.149 INF Adding view change message. currentView=1 msgView=1 numViewChanges=5
03:19:33.149 INF Handling VIEWCHANGE. msgView=1 ownView=1 segID=2 senderID=10
03:19:33.149 INF Adding view change message. currentView=1 msgView=1 numViewChanges=6
03:19:33.149 INF Handling VIEWCHANGE. msgView=1 ownView=1 segID=2 senderID=4
03:19:33.149 INF Adding view change message. currentView=1 msgView=1 numViewChanges=7
03:19:33.144 INF Advanced timeout advanced=10050022010 initial=1000000000
03:19:33.163 INF Advanced timeout advanced=11050022010 initial=1000000000
03:19:33.163 INF Advanced timeout advanced=12050022010 initial=1000000000
03:19:33.163 INF Advanced timeout advanced=13050022010 initial=1000000000
03:19:33.164 INF Advanced timeout advanced=14050022010 initial=1000000000
03:19:33.164 INF Advanced timeout advanced=15050022010 initial=1000000000
03:19:33.164 INF Requesting VIEWCHANGE. receiverID=1 segID=1 senderID=2 view=1
03:19:33.190 INF Handling PREPREPARE. nReq=0 senderID=0 sn=27
03:19:33.199 INF Handling PREPREPARE. nReq=406 senderID=0 sn=25
03:19:33.226 INF Sending NEWVIEW. segID=2 senderID=2 view=1
03:19:33.252 INF Handling VIEWCHANGE. msgView=1 ownView=1 segID=2 senderID=9
03:19:33.252 INF Handling VIEWCHANGE. msgView=1 ownView=1 segID=2 senderID=3
03:19:33.252 INF Handling VIEWCHANGE. msgView=1 ownView=1 segID=2 senderID=7
03:19:33.252 INF Handling VIEWCHANGE. msgView=1 ownView=1 segID=2 senderID=0
03:19:33.394 INF Handling VIEWCHANGE. msgView=1 ownView=1 segID=2 senderID=1
03:19:33.400 INF Handling NEWVIEW. currentView=1 msgView=1 segID=1 senderID=1
03:19:33.421 INF Handling PREPREPARE. nReq=1043 senderID=1 sn=26
03:19:33.494 INF Committed entry. latency=0 nReq=0 sn=35
03:19:33.495 INF Committed entry. latency=0 nReq=0 sn=41
03:19:33.495 INF Committed entry. latency=0 nReq=0 sn=37
03:19:33.495 INF Committed entry. latency=0 nReq=0 sn=45
03:19:33.497 INF Committed entry. latency=0 nReq=0 sn=33
03:19:33.497 INF Committed entry. latency=0 nReq=0 sn=27
03:19:33.497 INF Committed entry. latency=0 nReq=0 sn=49
03:19:33.498 INF Committed entry. latency=0 nReq=0 sn=51
03:19:33.498 INF Committed entry. latency=0 nReq=0 sn=25
03:19:33.498 INF Delivered batch. nReq=0 sn=25
03:19:33.498 INF Committed entry. latency=0 nReq=0 sn=29
03:19:33.498 INF Committed entry. latency=0 nReq=0 sn=31
03:19:33.498 INF Committed entry. latency=0 nReq=0 sn=47
03:19:33.498 INF Committed entry. latency=0 nReq=0 sn=39
03:19:33.498 INF Committed entry. latency=0 nReq=0 sn=43
03:19:33.498 INF Sending segment checkpoint. lastSn=51 segID=1
03:19:33.506 INF PBFT checkpoint ready. Scheduling catchup. lastSn=51 segID=1
03:19:33.518 INF Committed entry. latency=0 nReq=0 sn=46
03:19:33.518 INF Committed entry. latency=0 nReq=0 sn=50
03:19:33.518 INF Committed entry. latency=0 nReq=0 sn=32
03:19:33.518 INF Committed entry. latency=0 nReq=0 sn=34
03:19:33.518 INF Committed entry. latency=0 nReq=0 sn=38
03:19:33.518 INF Committed entry. latency=0 nReq=0 sn=42
03:19:33.518 INF Committed entry. latency=0 nReq=0 sn=28
03:19:33.519 INF Committed entry. latency=0 nReq=0 sn=52
03:19:33.519 INF Committed entry. latency=0 nReq=0 sn=40
03:19:33.519 INF Committed entry. latency=0 nReq=0 sn=36
03:19:33.519 INF Committed entry. latency=0 nReq=0 sn=44
03:19:33.519 INF Committed entry. latency=0 nReq=0 sn=48
03:19:33.519 INF Committed entry. latency=0 nReq=0 sn=26
03:19:33.519 INF Delivered batch. nReq=0 sn=26
03:19:33.519 INF Delivered batch. nReq=0 sn=27
03:19:33.519 INF Delivered batch. nReq=0 sn=28
03:19:33.519 INF Delivered batch. nReq=0 sn=29
03:19:33.521 INF Committed entry. latency=0 nReq=0 sn=30
03:19:33.521 INF Delivered batch. nReq=0 sn=30
03:19:33.522 INF Delivered batch. nReq=0 sn=31
03:19:33.522 INF Delivered batch. nReq=0 sn=32
03:19:33.522 INF Delivered batch. nReq=0 sn=33
03:19:33.522 INF Delivered batch. nReq=0 sn=34
03:19:33.522 INF Delivered batch. nReq=0 sn=35
03:19:33.522 INF Delivered batch. nReq=0 sn=36
03:19:33.522 INF Delivered batch. nReq=0 sn=37
03:19:33.523 INF Delivered batch. nReq=0 sn=38
03:19:33.523 INF Delivered batch. nReq=0 sn=39
03:19:33.523 INF Delivered batch. nReq=0 sn=40
03:19:33.523 INF Delivered batch. nReq=0 sn=41
03:19:33.523 INF Delivered batch. nReq=0 sn=42
03:19:33.523 INF Delivered batch. nReq=0 sn=43
03:19:33.523 INF Delivered batch. nReq=0 sn=44
03:19:33.523 INF Delivered batch. nReq=0 sn=45
03:19:33.523 INF Delivered batch. nReq=0 sn=46
03:19:33.523 INF Delivered batch. nReq=0 sn=47
03:19:33.523 INF Delivered batch. nReq=0 sn=48
03:19:33.523 INF Delivered batch. nReq=0 sn=49
03:19:33.523 INF Delivered batch. nReq=0 sn=50
03:19:33.524 INF Delivered batch. nReq=0 sn=51
03:19:33.524 INF Delivered batch. nReq=0 sn=52
03:19:33.524 INF Sending segment checkpoint. lastSn=52 segID=2
03:19:33.533 INF PBFT checkpoint ready. Scheduling catchup. lastSn=52 segID=2
03:19:33.548 INF fuck! epoch=192 epoch time (ms)=125991 leaders=3 viewtimeout=120000
03:19:33.548 INF Epoch finished. Waiting for stable checkpoint. sn=52
03:19:33.568 INF New stable checkpoint. sn=52
03:19:33.568 INF Received stable checkpoint notification. sn=52
03:19:33.568 INF Epoch end confirmed. chkpSn=52
03:19:33.568 INF Closing message serializers. segID=1
03:19:33.568 INF Statistics commitTs=1753989448745536218 duration=19909191 proposeTs=1753989448725627027 sn=21
03:19:33.568 INF Statistics commitTs=1753989449816275290 duration=38347790 proposeTs=1753989449777927500 sn=23
03:19:33.568 INF Statistics commitTs=1753989573497505652 duration=125978489204 proposeTs=1753989447519016448 sn=25
03:19:33.568 INF Statistics commitTs=1753989573497502934 duration=125978486486 proposeTs=1753989447519016448 sn=27
03:19:33.568 INF Statistics commitTs=1753989573497506569 duration=125978490121 proposeTs=1753989447519016448 sn=29
03:19:33.569 INF Statistics commitTs=1753989573497507566 duration=125978491118 proposeTs=1753989447519016448 sn=31
03:19:33.569 INF Statistics commitTs=1753989573497495999 duration=125978479551 proposeTs=1753989447519016448 sn=33
03:19:33.569 INF Statistics commitTs=1753989573494275985 duration=125975259537 proposeTs=1753989447519016448 sn=35
03:19:33.569 INF Statistics commitTs=1753989573494293016 duration=125975276568 proposeTs=1753989447519016448 sn=37
03:19:33.569 INF Statistics commitTs=1753989573497510880 duration=125978494432 proposeTs=1753989447519016448 sn=39
03:19:33.569 INF Statistics commitTs=1753989573494277309 duration=125975260861 proposeTs=1753989447519016448 sn=41
03:19:33.569 INF Statistics commitTs=1753989573498814234 duration=125979797786 proposeTs=1753989447519016448 sn=43
03:19:33.569 INF Statistics commitTs=1753989573494295067 duration=125975278619 proposeTs=1753989447519016448 sn=45
03:19:33.569 INF Statistics commitTs=1753989573497510107 duration=125978493659 proposeTs=1753989447519016448 sn=47
03:19:33.569 INF Statistics commitTs=1753989573497504095 duration=125978487647 proposeTs=1753989447519016448 sn=49
03:19:33.569 INF Statistics commitTs=1753989573497504908 duration=125978488460 proposeTs=1753989447519016448 sn=51
03:19:33.569 INF Median commit time commit=125978487647 segID=1
03:19:33.570 INF Closing message serializers. segID=2
03:19:33.570 INF Statistics commitTs=1753989448816175849 duration=35655703 proposeTs=1753989448780520146 sn=22
03:19:33.570 INF Statistics commitTs=1753989449956405923 duration=66647672 proposeTs=1753989449889758251 sn=24
03:19:33.570 INF Statistics commitTs=1753989573518360423 duration=125765348354 proposeTs=1753989447753012069 sn=26
03:19:33.570 INF Statistics commitTs=1753989573518347895 duration=125765335826 proposeTs=1753989447753012069 sn=28
03:19:33.570 INF Statistics commitTs=1753989573521212750 duration=125768200681 proposeTs=1753989447753012069 sn=30
03:19:33.572 INF Advancing watermarks. numEntries=32
03:19:33.570 INF Statistics commitTs=1753989573518340246 duration=125765328177 proposeTs=1753989447753012069 sn=32
03:19:33.574 INF Statistics commitTs=1753989573518342608 duration=125765330539 proposeTs=1753989447753012069 sn=34
03:19:33.575 INF Statistics commitTs=1753989573518350892 duration=125765338823 proposeTs=1753989447753012069 sn=36
03:19:33.575 INF Statistics commitTs=1753989573518343463 duration=125765331394 proposeTs=1753989447753012069 sn=38
03:19:33.575 INF Statistics commitTs=1753989573518350019 duration=125765337950 proposeTs=1753989447753012069 sn=40
03:19:33.575 INF Statistics commitTs=1753989573518346909 duration=125765334840 proposeTs=1753989447753012069 sn=42
03:19:33.575 INF Statistics commitTs=1753989573518351702 duration=125765339633 proposeTs=1753989447753012069 sn=44
03:19:33.575 INF Statistics commitTs=1753989573518331970 duration=125765319901 proposeTs=1753989447753012069 sn=46
03:19:33.575 INF Statistics commitTs=1753989573518352821 duration=125765340752 proposeTs=1753989447753012069 sn=48
03:19:33.575 INF Statistics commitTs=1753989573518337849 duration=125765325780 proposeTs=1753989447753012069 sn=50
03:19:33.575 INF Statistics commitTs=1753989573518348937 duration=125765336868 proposeTs=1753989447753012069 sn=52
03:19:33.575 INF Median commit time commit=125765335826 segID=2
03:19:33.582 INF PbftOrderer received a new segment: [53 56 59 62 65 68 71 74 77 80 83 86 89 92 95 98] first leader=0 firstSN=53 lastSN=98 len=16 length=16 segId=3
03:19:33.963 INF Starting new view. segID=3 timeout=120000 view=0
03:19:33.963 INF Advanced timeout advanced=125765335826 initial=1000000000
03:19:33.963 INF Advanced timeout advanced=126765335826 initial=1000000000
03:19:33.963 INF Advanced timeout advanced=127765335826 initial=1000000000
03:19:33.963 INF Advanced timeout advanced=128765335826 initial=1000000000
03:19:33.963 INF Advanced timeout advanced=129765335826 initial=1000000000
03:19:33.963 INF Advanced timeout advanced=130765335826 initial=1000000000
03:19:33.963 INF Advanced timeout advanced=131765335826 initial=1000000000
03:19:33.963 INF Advanced timeout advanced=132765335826 initial=1000000000
03:19:33.963 INF Advanced timeout advanced=133765335826 initial=1000000000
03:19:33.963 INF Advanced timeout advanced=134765335826 initial=1000000000
03:19:33.963 INF Advanced timeout advanced=135765335826 initial=1000000000
03:19:33.964 INF Advanced timeout advanced=136765335826 initial=1000000000
03:19:33.964 INF Advanced timeout advanced=137765335826 initial=1000000000
03:19:33.964 INF Advanced timeout advanced=138765335826 initial=1000000000
03:19:33.964 INF Advanced timeout advanced=139765335826 initial=1000000000
03:19:33.964 INF Advanced timeout advanced=140765335826 initial=1000000000
03:19:33.964 INF Starting PBFT instance. first=53 last=98 segID=3
03:19:33.964 INF PbftOrderer received a new segment: [54 57 60 63 66 69 72 75 78 81 84 87 90 93 96 99] first leader=1 firstSN=54 lastSN=99 len=16 length=16 segId=4
03:19:33.964 INF Starting serialized message processing. segID=3
03:19:34.279 INF Starting new view. segID=4 timeout=120000 view=0
03:19:34.279 INF Advanced timeout advanced=125765335826 initial=1000000000
03:19:34.279 INF Advanced timeout advanced=126765335826 initial=1000000000
03:19:34.279 INF Advanced timeout advanced=127765335826 initial=1000000000
03:19:34.279 INF Advanced timeout advanced=128765335826 initial=1000000000
03:19:34.279 INF Advanced timeout advanced=129765335826 initial=1000000000
03:19:34.279 INF Advanced timeout advanced=130765335826 initial=1000000000
03:19:34.279 INF Advanced timeout advanced=131765335826 initial=1000000000
03:19:34.279 INF Advanced timeout advanced=132765335826 initial=1000000000
03:19:34.279 INF Advanced timeout advanced=133765335826 initial=1000000000
03:19:34.279 INF Advanced timeout advanced=134765335826 initial=1000000000
03:19:34.279 INF Advanced timeout advanced=135765335826 initial=1000000000
03:19:34.279 INF Advanced timeout advanced=136765335826 initial=1000000000
03:19:34.279 INF Advanced timeout advanced=137765335826 initial=1000000000
03:19:34.279 INF Advanced timeout advanced=138765335826 initial=1000000000
03:19:34.280 INF Advanced timeout advanced=139765335826 initial=1000000000
03:19:34.280 INF Advanced timeout advanced=140765335826 initial=1000000000
03:19:34.280 INF Starting PBFT instance. first=54 last=99 segID=4
03:19:34.280 INF PbftOrderer received a new segment: [55 58 61 64 67 70 73 76 79 82 85 88 91 94 97 100] first leader=2 firstSN=55 lastSN=100 len=16 length=16 segId=5
03:19:34.296 INF Starting serialized message processing. segID=4
03:19:34.298 INF fuck1 epoch change time (ms)=774
==================
WARNING: DATA RACE
Read at 0x000001304398 by goroutine 963:
  github.com/hyperledger-labs/mirbft/request.HandleRequest()
      /opt/gopath/src/github.com/hyperledger-labs/mirbft/request/requesthandler.go:49 +0x1bb
  github.com/hyperledger-labs/mirbft/messenger.(*messengerServer).Request()
      /opt/gopath/src/github.com/hyperledger-labs/mirbft/messenger/clients.go:77 +0x19d
  github.com/hyperledger-labs/mirbft/protobufs._Messenger_Request_Handler()
      /opt/gopath/src/github.com/hyperledger-labs/mirbft/protobufs/messenger.pb.go:1158 +0xc2
  google.golang.org/grpc.(*Server).processStreamingRPC()
      /opt/gopath/src/google.golang.org/grpc/server.go:1673 +0x1e87
  google.golang.org/grpc.(*Server).handleStream()
      /opt/gopath/src/google.golang.org/grpc/server.go:1794 +0x19c6
  google.golang.org/grpc.(*Server).serveStreams.func2.1()
      /opt/gopath/src/google.golang.org/grpc/server.go:1029 +0x125

Previous write at 0x000001304398 by goroutine 940:
  github.com/hyperledger-labs/mirbft/manager.(*MirManager).handleLogEntries()
      /opt/gopath/src/github.com/hyperledger-labs/mirbft/manager/mirmanager.go:265 +0x17d3
  github.com/hyperledger-labs/mirbft/manager.(*MirManager).Start.func2()
      /opt/gopath/src/github.com/hyperledger-labs/mirbft/manager/mirmanager.go:112 +0x47

Goroutine 963 (running) created at:
  google.golang.org/grpc.(*Server).serveStreams.func2()
      /opt/gopath/src/google.golang.org/grpc/server.go:1040 +0x224
  google.golang.org/grpc/internal/transport.(*http2Server).operateHeaders()
      /opt/gopath/src/google.golang.org/grpc/internal/transport/http2_server.go:631 +0x389e
  google.golang.org/grpc/internal/transport.(*http2Server).HandleStreams()
      /opt/gopath/src/google.golang.org/grpc/internal/transport/http2_server.go:672 +0x258
  google.golang.org/grpc.(*Server).serveStreams()
      /opt/gopath/src/google.golang.org/grpc/server.go:1023 +0x68b
  google.golang.org/grpc.(*Server).handleRawConn.func1()
      /opt/gopath/src/google.golang.org/grpc/server.go:959 +0x9c

Goroutine 940 (running) created at:
  github.com/hyperledger-labs/mirbft/manager.(*MirManager).Start()
      /opt/gopath/src/github.com/hyperledger-labs/mirbft/manager/mirmanager.go:112 +0x191
  main.main.func4()
      /opt/gopath/src/github.com/hyperledger-labs/mirbft/cmd/orderingpeer/main.go:185 +0x59
==================
03:19:34.571 INF Starting new view. segID=5 timeout=120000 view=0
03:19:34.571 INF Advanced timeout advanced=125765335826 initial=1000000000
03:19:34.572 INF Advanced timeout advanced=126765335826 initial=1000000000
03:19:34.572 INF Advanced timeout advanced=127765335826 initial=1000000000
03:19:34.572 INF Advanced timeout advanced=128765335826 initial=1000000000
03:19:34.572 INF Advanced timeout advanced=129765335826 initial=1000000000
03:19:34.572 INF Advanced timeout advanced=130765335826 initial=1000000000
03:19:34.572 INF Advanced timeout advanced=131765335826 initial=1000000000
03:19:34.572 INF Advanced timeout advanced=132765335826 initial=1000000000
03:19:34.572 INF Advanced timeout advanced=133765335826 initial=1000000000
03:19:34.572 INF Advanced timeout advanced=134765335826 initial=1000000000
03:19:34.572 INF Advanced timeout advanced=135765335826 initial=1000000000
03:19:34.572 INF Advanced timeout advanced=136765335826 initial=1000000000
03:19:34.572 INF Advanced timeout advanced=137765335826 initial=1000000000
03:19:34.572 INF Advanced timeout advanced=138765335826 initial=1000000000
03:19:34.572 INF Advanced timeout advanced=139765335826 initial=1000000000
03:19:34.572 INF Advanced timeout advanced=140765335826 initial=1000000000
03:19:34.573 INF Starting PBFT instance. first=55 last=100 segID=5
03:19:34.573 INF Starting serialized message processing. segID=5
03:19:35.261 INF Handling PREPREPARE. nReq=1028 senderID=0 sn=53
03:19:35.293 INF Committed entry. latency=0 nReq=1028 sn=53
03:19:35.293 INF Delivered batch. nReq=1028 sn=53
03:19:35.487 INF Handling PREPREPARE. nReq=4096 senderID=1 sn=54
03:19:35.565 INF Committed entry. latency=0 nReq=4096 sn=54
03:19:35.565 INF Delivered batch. nReq=4096 sn=54
==================
WARNING: DATA RACE
Write at 0x0000022f9b98 by goroutine 963:
  github.com/hyperledger-labs/mirbft/request.HandleRequest()
      /opt/gopath/src/github.com/hyperledger-labs/mirbft/request/requesthandler.go:51 +0x337
  github.com/hyperledger-labs/mirbft/messenger.(*messengerServer).Request()
      /opt/gopath/src/github.com/hyperledger-labs/mirbft/messenger/clients.go:77 +0x19d
  github.com/hyperledger-labs/mirbft/protobufs._Messenger_Request_Handler()
      /opt/gopath/src/github.com/hyperledger-labs/mirbft/protobufs/messenger.pb.go:1158 +0xc2
  google.golang.org/grpc.(*Server).processStreamingRPC()
      /opt/gopath/src/google.golang.org/grpc/server.go:1673 +0x1e87
  google.golang.org/grpc.(*Server).handleStream()
      /opt/gopath/src/google.golang.org/grpc/server.go:1794 +0x19c6
  google.golang.org/grpc.(*Server).serveStreams.func2.1()
      /opt/gopath/src/google.golang.org/grpc/server.go:1029 +0x125

Previous read at 0x0000022f9b98 by goroutine 68529:
  github.com/hyperledger-labs/mirbft/log.publishEntries()
      /opt/gopath/src/github.com/hyperledger-labs/mirbft/log/log.go:285 +0x59a
  github.com/hyperledger-labs/mirbft/log.CommitEntry()
      /opt/gopath/src/github.com/hyperledger-labs/mirbft/log/log.go:108 +0x284
  github.com/hyperledger-labs/mirbft/announcer.Announce()
      /opt/gopath/src/github.com/hyperledger-labs/mirbft/announcer/announcer.go:26 +0x370
  github.com/hyperledger-labs/mirbft/orderer.(*pbftInstance).announce()
      /opt/gopath/src/github.com/hyperledger-labs/mirbft/orderer/pbftinstance.go:726 +0x36b
  github.com/hyperledger-labs/mirbft/orderer.(*pbftInstance).handleCommit()
      /opt/gopath/src/github.com/hyperledger-labs/mirbft/orderer/pbftinstance.go:664 +0x7bd
  github.com/hyperledger-labs/mirbft/orderer.(*pbftInstance).handleMessage()
      /opt/gopath/src/github.com/hyperledger-labs/mirbft/orderer/pbftinstance.go:1810 +0x2e5
  github.com/hyperledger-labs/mirbft/orderer.(*pbftInstance).processSerializedMessages()
      /opt/gopath/src/github.com/hyperledger-labs/mirbft/orderer/pbftinstance.go:1764 +0xdd
  github.com/hyperledger-labs/mirbft/orderer.(*PbftOrderer).runSegment.func2()
      /opt/gopath/src/github.com/hyperledger-labs/mirbft/orderer/pbftorderer.go:199 +0x39

Goroutine 963 (running) created at:
  google.golang.org/grpc.(*Server).serveStreams.func2()
      /opt/gopath/src/google.golang.org/grpc/server.go:1040 +0x224
  google.golang.org/grpc/internal/transport.(*http2Server).operateHeaders()
      /opt/gopath/src/google.golang.org/grpc/internal/transport/http2_server.go:631 +0x389e
  google.golang.org/grpc/internal/transport.(*http2Server).HandleStreams()
      /opt/gopath/src/google.golang.org/grpc/internal/transport/http2_server.go:672 +0x258
  google.golang.org/grpc.(*Server).serveStreams()
      /opt/gopath/src/google.golang.org/grpc/server.go:1023 +0x68b
  google.golang.org/grpc.(*Server).handleRawConn.func1()
      /opt/gopath/src/google.golang.org/grpc/server.go:959 +0x9c

Goroutine 68529 (running) created at:
  github.com/hyperledger-labs/mirbft/orderer.(*PbftOrderer).runSegment()
      /opt/gopath/src/github.com/hyperledger-labs/mirbft/orderer/pbftorderer.go:199 +0x3f6
  github.com/hyperledger-labs/mirbft/orderer.(*PbftOrderer).Start()
      /opt/gopath/src/github.com/hyperledger-labs/mirbft/orderer/pbftorderer.go:176 +0x344
  main.main.func5()
      /opt/gopath/src/github.com/hyperledger-labs/mirbft/cmd/orderingpeer/main.go:186 +0x59
==================
03:19:35.578 INF Sending PREPREPARE. nReq=1118 senderID=2 sn=55 view=0
03:19:35.638 INF Committed entry. latency=0 nReq=1118 sn=55
03:19:35.639 INF Delivered batch. nReq=1118 sn=55
03:19:36.219 INF Handling PREPREPARE. nReq=317 senderID=0 sn=56
03:19:36.239 INF Committed entry. latency=0 nReq=317 sn=56
03:19:36.239 INF Delivered batch. nReq=317 sn=56
03:19:36.381 INF Handling PREPREPARE. nReq=1105 senderID=1 sn=57
03:19:36.408 INF Committed entry. latency=0 nReq=1105 sn=57
03:19:36.409 INF Delivered batch. nReq=1105 sn=57
03:19:36.577 INF Sending PREPREPARE. nReq=440 senderID=2 sn=58 view=0
03:19:36.623 INF Committed entry. latency=0 nReq=440 sn=58
03:19:36.623 INF Delivered batch. nReq=440 sn=58
03:19:37.218 INF Handling PREPREPARE. nReq=308 senderID=0 sn=59
03:19:37.238 INF Committed entry. latency=0 nReq=308 sn=59
03:19:37.238 INF Delivered batch. nReq=308 sn=59
03:19:37.406 INF Handling PREPREPARE. nReq=1293 senderID=1 sn=60
03:19:37.432 INF Committed entry. latency=0 nReq=1293 sn=60
03:19:37.433 INF Delivered batch. nReq=1293 sn=60
03:19:37.581 INF Sending PREPREPARE. nReq=860 senderID=2 sn=61 view=0
03:19:37.654 INF Committed entry. latency=0 nReq=860 sn=61
03:19:37.654 INF Delivered batch. nReq=860 sn=61
03:19:38.227 INF Handling PREPREPARE. nReq=286 senderID=0 sn=62
03:19:38.242 INF Committed entry. latency=0 nReq=286 sn=62
03:19:38.242 INF Delivered batch. nReq=286 sn=62
03:19:38.377 INF Handling PREPREPARE. nReq=1246 senderID=1 sn=63
03:19:38.412 INF Committed entry. latency=0 nReq=1246 sn=63
03:19:38.414 INF Delivered batch. nReq=1246 sn=63
03:19:38.586 INF Sending PREPREPARE. nReq=1769 senderID=2 sn=64 view=0
03:19:38.685 INF Committed entry. latency=0 nReq=1769 sn=64
03:19:38.686 INF Delivered batch. nReq=1769 sn=64
03:19:39.233 INF Handling PREPREPARE. nReq=485 senderID=0 sn=65
03:19:39.253 INF Committed entry. latency=0 nReq=485 sn=65
03:19:39.253 INF Delivered batch. nReq=485 sn=65
03:19:39.402 INF Handling PREPREPARE. nReq=1718 senderID=1 sn=66
03:19:39.455 INF Committed entry. latency=0 nReq=1718 sn=66
03:19:39.456 INF Delivered batch. nReq=1718 sn=66
03:19:39.587 INF Sending PREPREPARE. nReq=2040 senderID=2 sn=67 view=0
03:19:39.711 INF Committed entry. latency=0 nReq=2040 sn=67
03:19:39.711 INF Delivered batch. nReq=2040 sn=67
03:19:40.241 INF Handling PREPREPARE. nReq=474 senderID=0 sn=68
03:19:40.263 INF Committed entry. latency=0 nReq=474 sn=68
03:19:40.263 INF Delivered batch. nReq=474 sn=68
03:19:40.399 INF Handling PREPREPARE. nReq=1620 senderID=1 sn=69
03:19:40.430 INF Committed entry. latency=0 nReq=1620 sn=69
03:19:40.430 INF Delivered batch. nReq=1620 sn=69
03:19:40.588 INF Sending PREPREPARE. nReq=1264 senderID=2 sn=70 view=0
03:19:40.673 INF Committed entry. latency=0 nReq=1264 sn=70
03:19:40.674 INF Delivered batch. nReq=1264 sn=70
03:19:41.225 INF Handling PREPREPARE. nReq=279 senderID=0 sn=71
03:19:41.246 INF Committed entry. latency=0 nReq=279 sn=71
03:19:41.246 INF Delivered batch. nReq=279 sn=71
03:19:41.380 INF Handling PREPREPARE. nReq=1285 senderID=1 sn=72
03:19:41.410 INF Committed entry. latency=0 nReq=1285 sn=72
03:19:41.410 INF Delivered batch. nReq=1285 sn=72
03:19:41.593 INF Sending PREPREPARE. nReq=1472 senderID=2 sn=73 view=0
03:19:41.702 INF Committed entry. latency=0 nReq=1472 sn=73
03:19:41.702 INF Delivered batch. nReq=1472 sn=73
03:19:42.229 INF Handling PREPREPARE. nReq=382 senderID=0 sn=74
03:19:42.244 INF Committed entry. latency=0 nReq=382 sn=74
03:19:42.244 INF Delivered batch. nReq=382 sn=74
03:19:42.415 INF Handling PREPREPARE. nReq=1612 senderID=1 sn=75
03:19:42.453 INF Committed entry. latency=0 nReq=1612 sn=75
03:19:42.453 INF Delivered batch. nReq=1612 sn=75
03:19:42.597 INF Sending PREPREPARE. nReq=2422 senderID=2 sn=76 view=0
03:19:42.738 INF Committed entry. latency=0 nReq=2422 sn=76
03:19:42.739 INF Delivered batch. nReq=2422 sn=76
03:19:43.249 INF Handling PREPREPARE. nReq=518 senderID=0 sn=77
03:19:43.274 INF Committed entry. latency=0 nReq=518 sn=77
03:19:43.274 INF Delivered batch. nReq=518 sn=77
03:19:43.402 INF Handling PREPREPARE. nReq=1629 senderID=1 sn=78
03:19:43.454 INF Committed entry. latency=0 nReq=1629 sn=78
03:19:43.454 INF Delivered batch. nReq=1629 sn=78
03:19:43.593 INF Sending PREPREPARE. nReq=1319 senderID=2 sn=79 view=0
03:19:43.687 INF Committed entry. latency=0 nReq=1319 sn=79
03:19:43.687 INF Delivered batch. nReq=1319 sn=79
03:19:44.222 INF Handling PREPREPARE. nReq=305 senderID=0 sn=80
03:19:44.241 INF Committed entry. latency=0 nReq=305 sn=80
03:19:44.242 INF Delivered batch. nReq=305 sn=80
03:19:44.368 INF Handling PREPREPARE. nReq=838 senderID=1 sn=81
03:19:44.394 INF Committed entry. latency=0 nReq=838 sn=81
03:19:44.394 INF Delivered batch. nReq=838 sn=81
03:19:44.596 INF Sending PREPREPARE. nReq=1444 senderID=2 sn=82 view=0
03:19:44.685 INF Committed entry. latency=0 nReq=1444 sn=82
03:19:44.685 INF Delivered batch. nReq=1444 sn=82
03:19:45.294 INF Handling PREPREPARE. nReq=1166 senderID=0 sn=83
03:19:45.321 INF Committed entry. latency=0 nReq=1166 sn=83
03:19:45.321 INF Delivered batch. nReq=1166 sn=83
03:19:45.349 INF Handling PREPREPARE. nReq=761 senderID=1 sn=84
03:19:45.372 INF Committed entry. latency=0 nReq=761 sn=84
03:19:45.372 INF Delivered batch. nReq=761 sn=84
03:19:45.601 INF Sending PREPREPARE. nReq=1866 senderID=2 sn=85 view=0
03:19:45.718 INF Committed entry. latency=0 nReq=1866 sn=85
03:19:45.719 INF Delivered batch. nReq=1866 sn=85
03:19:46.223 INF Handling PREPREPARE. nReq=529 senderID=0 sn=86
03:19:46.240 INF Committed entry. latency=0 nReq=529 sn=86
03:19:46.240 INF Delivered batch. nReq=529 sn=86
03:19:46.335 INF Handling PREPREPARE. nReq=0 senderID=1 sn=87
03:19:46.342 INF Committed entry. latency=0 nReq=0 sn=87
03:19:46.342 INF Delivered batch. nReq=0 sn=87
03:19:46.594 INF Sending PREPREPARE. nReq=0 senderID=2 sn=88 view=0
03:19:46.601 INF Committed entry. latency=0 nReq=0 sn=88
03:19:46.601 INF Delivered batch. nReq=0 sn=88
03:19:47.276 INF Handling PREPREPARE. nReq=764 senderID=0 sn=89
03:19:47.311 INF Committed entry. latency=0 nReq=764 sn=89
03:19:47.311 INF Delivered batch. nReq=764 sn=89
03:19:47.336 INF Handling PREPREPARE. nReq=0 senderID=1 sn=90
03:19:47.341 INF Committed entry. latency=0 nReq=0 sn=90
03:19:47.342 INF Delivered batch. nReq=0 sn=90
03:19:47.595 INF Sending PREPREPARE. nReq=0 senderID=2 sn=91 view=0
03:19:47.602 INF Committed entry. latency=0 nReq=0 sn=91
03:19:47.602 INF Delivered batch. nReq=0 sn=91
03:19:48.338 INF Handling PREPREPARE. nReq=0 senderID=1 sn=93
03:19:48.347 INF Committed entry. latency=0 nReq=0 sn=93
03:19:48.357 INF Handling PREPREPARE. nReq=2645 senderID=0 sn=92
03:19:48.441 INF Committed entry. latency=0 nReq=2645 sn=92
03:19:48.442 INF Delivered batch. nReq=2645 sn=92
03:19:48.446 INF Delivered batch. nReq=0 sn=93
03:19:48.596 INF Sending PREPREPARE. nReq=0 senderID=2 sn=94 view=0
03:19:48.601 INF Committed entry. latency=0 nReq=0 sn=94
03:19:48.602 INF Delivered batch. nReq=0 sn=94
03:19:49.288 INF Handling PREPREPARE. nReq=877 senderID=0 sn=95
03:19:49.324 INF Committed entry. latency=0 nReq=877 sn=95
03:19:49.324 INF Delivered batch. nReq=877 sn=95
03:19:49.343 INF Handling PREPREPARE. nReq=0 senderID=1 sn=96
03:19:49.350 INF Committed entry. latency=0 nReq=0 sn=96
03:19:49.350 INF Delivered batch. nReq=0 sn=96
03:19:49.597 INF Sending PREPREPARE. nReq=0 senderID=2 sn=97 view=0
03:19:49.603 INF Committed entry. latency=0 nReq=0 sn=97
03:19:49.604 INF Delivered batch. nReq=0 sn=97
03:19:50.312 INF Handling PREPREPARE. nReq=1420 senderID=0 sn=98
03:19:50.343 INF Handling PREPREPARE. nReq=0 senderID=1 sn=99
03:19:50.359 INF Committed entry. latency=0 nReq=0 sn=99
03:19:50.359 INF Sending segment checkpoint. lastSn=99 segID=4
03:19:50.362 INF PBFT checkpoint ready. Scheduling catchup. lastSn=99 segID=4
03:19:50.367 INF Committed entry. latency=0 nReq=1420 sn=98
03:19:50.367 INF Delivered batch. nReq=1420 sn=98
03:19:50.368 INF Delivered batch. nReq=0 sn=99
03:19:50.368 INF Sending segment checkpoint. lastSn=98 segID=3
03:19:50.369 INF PBFT checkpoint ready. Scheduling catchup. lastSn=98 segID=3
03:19:50.597 INF Sending PREPREPARE. nReq=0 senderID=2 sn=100 view=0
03:19:50.605 INF Committed entry. latency=0 nReq=0 sn=100
03:19:50.605 INF Delivered batch. nReq=0 sn=100
03:19:50.605 INF Sending segment checkpoint. lastSn=100 segID=5
03:19:50.615 INF PBFT checkpoint ready. Scheduling catchup. lastSn=100 segID=5
03:19:50.643 INF New stable checkpoint. sn=100
03:19:50.643 INF Closing message serializers. segID=5
03:19:50.643 INF Received stable checkpoint notification. sn=100
03:19:50.644 INF Statistics commitTs=1753989575636866276 duration=45412456 proposeTs=1753989575591453820 sn=55
03:19:50.644 INF Statistics commitTs=1753989576622122675 duration=39842177 proposeTs=1753989576582280498 sn=58
03:19:50.644 INF Closing message serializers. segID=3
03:19:50.644 INF Statistics commitTs=1753989577652899258 duration=60362958 proposeTs=1753989577592536300 sn=61
03:19:50.644 INF Statistics commitTs=1753989575291475267 duration=29640124 proposeTs=1753989575261835143 sn=53
03:19:50.644 INF Statistics commitTs=1753989578682617542 duration=81083880 proposeTs=1753989578601533662 sn=64
03:19:50.644 INF Statistics commitTs=1753989579707194705 duration=97320667 proposeTs=1753989579609874038 sn=67
03:19:50.645 INF Statistics commitTs=1753989580671316446 duration=70820067 proposeTs=1753989580600496379 sn=70
03:19:50.645 INF Statistics commitTs=1753989581699816806 duration=86888751 proposeTs=1753989581612928055 sn=73
03:19:50.645 INF Statistics commitTs=1753989582733588947 duration=116391472 proposeTs=1753989582617197475 sn=76
03:19:50.645 INF Statistics commitTs=1753989583685029355 duration=81156655 proposeTs=1753989583603872700 sn=79
03:19:50.645 INF Statistics commitTs=1753989584682825328 duration=71365216 proposeTs=1753989584611460112 sn=82
03:19:50.646 INF Statistics commitTs=1753989585714836941 duration=97678685 proposeTs=1753989585617158256 sn=85
03:19:50.646 INF Statistics commitTs=1753989586601347372 duration=6231574 proposeTs=1753989586595115798 sn=88
03:19:50.646 INF Statistics commitTs=1753989587601975997 duration=5871742 proposeTs=1753989587596104255 sn=91
03:19:50.646 INF Statistics commitTs=1753989588601724171 duration=5046666 proposeTs=1753989588596677505 sn=94
03:19:50.647 INF Closing message serializers. segID=4
03:19:50.647 INF Statistics commitTs=1753989575562525482 duration=75291131 proposeTs=1753989575487234351 sn=54
03:19:50.647 INF Statistics commitTs=1753989576407864220 duration=26846869 proposeTs=1753989576381017351 sn=57
03:19:50.647 INF Statistics commitTs=1753989577431679257 duration=25484804 proposeTs=1753989577406194453 sn=60
03:19:50.644 INF Statistics commitTs=1753989576238302127 duration=19162369 proposeTs=1753989576219139758 sn=56
03:19:50.647 INF Statistics commitTs=1753989578410129542 duration=32884074 proposeTs=1753989578377245468 sn=63
03:19:50.648 INF Statistics commitTs=1753989579454509206 duration=51816238 proposeTs=1753989579402692968 sn=66
03:19:50.648 INF Statistics commitTs=1753989577237804703 duration=19648058 proposeTs=1753989577218156645 sn=59
03:19:50.648 INF Statistics commitTs=1753989580428154713 duration=28862315 proposeTs=1753989580399292398 sn=69
03:19:50.648 INF Statistics commitTs=1753989578242180178 duration=14910759 proposeTs=1753989578227269419 sn=62
03:19:50.648 INF Statistics commitTs=1753989581409306221 duration=29248762 proposeTs=1753989581380057459 sn=72
03:19:50.648 INF Statistics commitTs=1753989579252355433 duration=18667323 proposeTs=1753989579233688110 sn=65
03:19:50.648 INF Statistics commitTs=1753989582450766372 duration=35723886 proposeTs=1753989582415042486 sn=75
03:19:50.648 INF Statistics commitTs=1753989583450225307 duration=48244121 proposeTs=1753989583401981186 sn=78
03:19:50.649 INF Statistics commitTs=1753989584391723083 duration=23304320 proposeTs=1753989584368418763 sn=81
03:19:50.649 INF Statistics commitTs=1753989585370684853 duration=21666457 proposeTs=1753989585349018396 sn=84
03:19:50.649 INF Statistics commitTs=1753989586342243439 duration=6498166 proposeTs=1753989586335745273 sn=87
03:19:50.649 INF Statistics commitTs=1753989587341791467 duration=5098034 proposeTs=1753989587336693433 sn=90
03:19:50.649 INF Statistics commitTs=1753989588344202423 duration=5789213 proposeTs=1753989588338413210 sn=93
03:19:50.648 INF Statistics commitTs=1753989580262232209 duration=21044809 proposeTs=1753989580241187400 sn=68
03:19:50.649 INF Statistics commitTs=1753989589350170109 duration=6323318 proposeTs=1753989589343846791 sn=96
03:19:50.649 INF Statistics commitTs=1753989581244700610 duration=19512941 proposeTs=1753989581225187669 sn=71
03:19:50.649 INF Statistics commitTs=1753989590352162136 duration=8234580 proposeTs=1753989590343927556 sn=99
03:19:50.650 INF Median commit time commit=26846869 segID=4
03:19:50.650 INF Statistics commitTs=1753989582243490656 duration=13649868 proposeTs=1753989582229840788 sn=74
03:19:50.646 INF Statistics commitTs=1753989589603774879 duration=6053862 proposeTs=1753989589597721017 sn=97
03:19:50.650 INF Statistics commitTs=1753989583272663587 duration=23572075 proposeTs=1753989583249091512 sn=77
03:19:50.650 INF Statistics commitTs=1753989590605293594 duration=6988297 proposeTs=1753989590598305297 sn=100
03:19:50.650 INF Statistics commitTs=1753989584240869121 duration=18147857 proposeTs=1753989584222721264 sn=80
03:19:50.650 INF Median commit time commit=70820067 segID=5
03:19:50.650 INF Statistics commitTs=1753989585317503144 duration=22778640 proposeTs=1753989585294724504 sn=83
03:19:50.650 INF Statistics commitTs=1753989586238708468 duration=14779624 proposeTs=1753989586223928844 sn=86
03:19:50.651 INF Statistics commitTs=1753989587307360995 duration=31387334 proposeTs=1753989587275973661 sn=89
03:19:50.651 INF Statistics commitTs=1753989588427603229 duration=70427472 proposeTs=1753989588357175757 sn=92
03:19:50.651 INF Statistics commitTs=1753989589322014830 duration=33271101 proposeTs=1753989589288743729 sn=95
03:19:50.652 INF Statistics commitTs=1753989590352183434 duration=40127828 proposeTs=1753989590312055606 sn=98
03:19:50.652 INF Median commit time commit=21044809 segID=3
03:19:50.670 INF fuck! epoch=192 epoch time (ms)=16308 leaders=4 viewtimeout=120000
03:19:50.671 INF Epoch finished. Waiting for stable checkpoint. sn=100
03:19:50.671 INF Epoch end confirmed. chkpSn=100
03:19:50.671 INF Advancing watermarks. numEntries=48
03:19:50.840 INF PbftOrderer received a new segment: [103 107 111 115 119 123 127 131 135 139 143 147 151 155 159 163] first leader=2 firstSN=103 lastSN=163 len=16 length=16 segId=8
03:19:51.673 INF Starting new view. segID=8 timeout=120000 view=0
03:19:51.673 INF Advanced timeout advanced=21044809 initial=1000000000
03:19:51.673 INF Advanced timeout advanced=1021044809 initial=1000000000
03:19:51.673 INF Advanced timeout advanced=2021044809 initial=1000000000
03:19:51.673 INF Advanced timeout advanced=3021044809 initial=1000000000
03:19:51.673 INF Advanced timeout advanced=4021044809 initial=1000000000
03:19:51.673 INF Advanced timeout advanced=5021044809 initial=1000000000
03:19:51.673 INF Advanced timeout advanced=6021044809 initial=1000000000
03:19:51.673 INF Advanced timeout advanced=7021044809 initial=1000000000
03:19:51.673 INF Advanced timeout advanced=8021044809 initial=1000000000
03:19:51.674 INF Advanced timeout advanced=9021044809 initial=1000000000
03:19:51.674 INF Advanced timeout advanced=10021044809 initial=1000000000
03:19:51.674 INF Advanced timeout advanced=11021044809 initial=1000000000
03:19:51.674 INF Advanced timeout advanced=12021044809 initial=1000000000
03:19:51.674 INF Advanced timeout advanced=13021044809 initial=1000000000
03:19:51.674 INF Advanced timeout advanced=14021044809 initial=1000000000
03:19:51.674 INF Advanced timeout advanced=15021044809 initial=1000000000
03:19:51.674 INF Starting PBFT instance. first=103 last=163 segID=8
03:19:51.674 INF Starting serialized message processing. segID=8
03:19:51.675 INF PbftOrderer received a new segment: [104 108 112 116 120 124 128 132 136 140 144 148 152 156 160 164] first leader=3 firstSN=104 lastSN=164 len=16 length=16 segId=9
03:19:52.398 INF Starting new view. segID=9 timeout=120000 view=0
03:19:52.398 INF Advanced timeout advanced=21044809 initial=1000000000
03:19:52.398 INF Advanced timeout advanced=1021044809 initial=1000000000
03:19:52.398 INF Advanced timeout advanced=2021044809 initial=1000000000
03:19:52.398 INF Advanced timeout advanced=3021044809 initial=1000000000
03:19:52.399 INF Advanced timeout advanced=4021044809 initial=1000000000
03:19:52.399 INF Advanced timeout advanced=5021044809 initial=1000000000
03:19:52.399 INF Advanced timeout advanced=6021044809 initial=1000000000
03:19:52.399 INF Advanced timeout advanced=7021044809 initial=1000000000
03:19:52.399 INF Advanced timeout advanced=8021044809 initial=1000000000
03:19:52.399 INF Advanced timeout advanced=9021044809 initial=1000000000
03:19:52.399 INF Advanced timeout advanced=10021044809 initial=1000000000
03:19:52.399 INF Advanced timeout advanced=11021044809 initial=1000000000
03:19:52.399 INF Advanced timeout advanced=12021044809 initial=1000000000
03:19:52.399 INF Advanced timeout advanced=13021044809 initial=1000000000
03:19:52.399 INF Advanced timeout advanced=14021044809 initial=1000000000
03:19:52.399 INF Advanced timeout advanced=15021044809 initial=1000000000
03:19:52.400 INF Starting PBFT instance. first=104 last=164 segID=9
03:19:52.400 INF PbftOrderer received a new segment: [101 105 109 113 117 121 125 129 133 137 141 145 149 153 157 161] first leader=0 firstSN=101 lastSN=161 len=16 length=16 segId=6
03:19:52.422 INF Starting serialized message processing. segID=9
03:19:52.703 INF Sending PREPREPARE. nReq=1293 senderID=2 sn=103 view=0
03:19:53.162 INF Starting new view. segID=6 timeout=120000 view=0
03:19:53.165 INF Advanced timeout advanced=21044809 initial=1000000000
03:19:53.166 INF Advanced timeout advanced=1021044809 initial=1000000000
03:19:53.166 INF Advanced timeout advanced=2021044809 initial=1000000000
03:19:53.166 INF Advanced timeout advanced=3021044809 initial=1000000000
03:19:53.166 INF Advanced timeout advanced=4021044809 initial=1000000000
03:19:53.166 INF Advanced timeout advanced=5021044809 initial=1000000000
03:19:53.166 INF Advanced timeout advanced=6021044809 initial=1000000000
03:19:53.166 INF Advanced timeout advanced=7021044809 initial=1000000000
03:19:53.166 INF Advanced timeout advanced=8021044809 initial=1000000000
03:19:53.166 INF Advanced timeout advanced=9021044809 initial=1000000000
03:19:53.166 INF Advanced timeout advanced=10021044809 initial=1000000000
03:19:53.166 INF Advanced timeout advanced=11021044809 initial=1000000000
03:19:53.166 INF Advanced timeout advanced=12021044809 initial=1000000000
03:19:53.166 INF Advanced timeout advanced=13021044809 initial=1000000000
03:19:53.166 INF Advanced timeout advanced=14021044809 initial=1000000000
03:19:53.167 INF Advanced timeout advanced=15021044809 initial=1000000000
03:19:53.167 INF Starting PBFT instance. first=101 last=161 segID=6
03:19:53.167 INF Starting serialized message processing. segID=6
03:19:53.167 INF fuck1 epoch change time (ms)=2561
03:19:53.167 INF Handling PREPREPARE. nReq=471 senderID=0 sn=101
03:19:53.167 INF PbftOrderer received a new segment: [102 106 110 114 118 122 126 130 134 138 142 146 150 154 158 162] first leader=1 firstSN=102 lastSN=162 len=16 length=16 segId=7
03:19:53.220 INF Committed entry. latency=0 nReq=471 sn=101
03:19:53.220 INF Delivered batch. nReq=471 sn=101
03:19:53.240 INF Committed entry. latency=0 nReq=1293 sn=103
03:19:53.669 INF Starting new view. segID=7 timeout=120000 view=0
03:19:53.669 INF Advanced timeout advanced=21044809 initial=1000000000
03:19:53.669 INF Advanced timeout advanced=1021044809 initial=1000000000
03:19:53.670 INF Advanced timeout advanced=2021044809 initial=1000000000
03:19:53.670 INF Advanced timeout advanced=3021044809 initial=1000000000
03:19:53.670 INF Advanced timeout advanced=4021044809 initial=1000000000
03:19:53.670 INF Advanced timeout advanced=5021044809 initial=1000000000
03:19:53.670 INF Advanced timeout advanced=6021044809 initial=1000000000
03:19:53.670 INF Advanced timeout advanced=7021044809 initial=1000000000
03:19:53.670 INF Advanced timeout advanced=8021044809 initial=1000000000
03:19:53.670 INF Advanced timeout advanced=9021044809 initial=1000000000
03:19:53.670 INF Advanced timeout advanced=10021044809 initial=1000000000
03:19:53.670 INF Advanced timeout advanced=11021044809 initial=1000000000
03:19:53.670 INF Advanced timeout advanced=12021044809 initial=1000000000
03:19:53.670 INF Advanced timeout advanced=13021044809 initial=1000000000
03:19:53.670 INF Advanced timeout advanced=14021044809 initial=1000000000
03:19:53.670 INF Advanced timeout advanced=15021044809 initial=1000000000
03:19:53.670 INF Starting PBFT instance. first=102 last=162 segID=7
03:19:53.671 INF Starting serialized message processing. segID=7
03:19:53.681 INF Sending PREPREPARE. nReq=0 senderID=2 sn=107 view=0
03:19:53.690 INF Committed entry. latency=0 nReq=0 sn=107
03:19:53.728 INF Handling PREPREPARE. nReq=2190 senderID=1 sn=102
03:19:53.880 INF Handling PREPREPARE. nReq=247 senderID=0 sn=105
03:19:53.887 INF Committed entry. latency=0 nReq=247 sn=105
03:19:53.891 INF Committed entry. latency=0 nReq=2190 sn=102
03:19:53.892 INF Delivered batch. nReq=2190 sn=102
03:19:53.897 INF Delivered batch. nReq=1293 sn=103
03:19:54.591 INF Handling PREPREPARE. nReq=0 senderID=1 sn=106
03:19:54.597 INF Committed entry. latency=0 nReq=0 sn=106
03:19:54.670 INF Handling PREPREPARE. nReq=0 senderID=3 sn=104
03:19:54.675 INF Committed entry. latency=0 nReq=0 sn=104
03:19:54.675 INF Delivered batch. nReq=0 sn=104
03:19:54.675 INF Delivered batch. nReq=247 sn=105
03:19:54.678 INF Delivered batch. nReq=0 sn=106
03:19:54.678 INF Delivered batch. nReq=0 sn=107
03:19:54.682 INF Sending PREPREPARE. nReq=0 senderID=2 sn=111 view=0
03:19:54.687 INF Committed entry. latency=0 nReq=0 sn=111
03:19:54.788 INF Handling PREPREPARE. nReq=95 senderID=0 sn=109
03:19:54.800 INF Committed entry. latency=0 nReq=95 sn=109
03:19:55.592 INF Handling PREPREPARE. nReq=0 senderID=1 sn=110
03:19:55.597 INF Committed entry. latency=0 nReq=0 sn=110
03:19:55.672 INF Handling PREPREPARE. nReq=0 senderID=3 sn=108
03:19:55.677 INF Committed entry. latency=0 nReq=0 sn=108
03:19:55.678 INF Delivered batch. nReq=0 sn=108
03:19:55.678 INF Delivered batch. nReq=95 sn=109
03:19:55.689 INF Delivered batch. nReq=0 sn=110
03:19:55.689 INF Delivered batch. nReq=0 sn=111
03:19:55.689 INF Sending PREPREPARE. nReq=0 senderID=2 sn=115 view=0
03:19:55.696 INF Committed entry. latency=0 nReq=0 sn=115
03:19:55.816 INF Handling PREPREPARE. nReq=479 senderID=0 sn=113
03:19:55.839 INF Committed entry. latency=0 nReq=479 sn=113
03:19:56.593 INF Handling PREPREPARE. nReq=0 senderID=1 sn=114
03:19:56.599 INF Committed entry. latency=0 nReq=0 sn=114
03:19:56.673 INF Handling PREPREPARE. nReq=0 senderID=3 sn=112
03:19:56.678 INF Committed entry. latency=0 nReq=0 sn=112
03:19:56.679 INF Delivered batch. nReq=0 sn=112
03:19:56.679 INF Delivered batch. nReq=479 sn=113
03:19:56.704 INF Sending PREPREPARE. nReq=0 senderID=2 sn=119 view=0
03:19:56.713 INF Delivered batch. nReq=0 sn=114
03:19:56.713 INF Delivered batch. nReq=0 sn=115
03:19:56.716 INF Committed entry. latency=0 nReq=0 sn=119
03:19:56.785 INF Handling PREPREPARE. nReq=0 senderID=0 sn=117
03:19:56.790 INF Committed entry. latency=0 nReq=0 sn=117
03:19:57.594 INF Handling PREPREPARE. nReq=0 senderID=1 sn=118
03:19:57.601 INF Committed entry. latency=0 nReq=0 sn=118
03:19:57.673 INF Handling PREPREPARE. nReq=0 senderID=3 sn=116
03:19:57.679 INF Committed entry. latency=0 nReq=0 sn=116
03:19:57.680 INF Delivered batch. nReq=0 sn=116
03:19:57.680 INF Delivered batch. nReq=0 sn=117
03:19:57.680 INF Delivered batch. nReq=0 sn=118
03:19:57.680 INF Delivered batch. nReq=0 sn=119
03:19:57.705 INF Sending PREPREPARE. nReq=0 senderID=2 sn=123 view=0
03:19:57.711 INF Committed entry. latency=0 nReq=0 sn=123
03:19:57.787 INF Handling PREPREPARE. nReq=0 senderID=0 sn=121
03:19:57.792 INF Committed entry. latency=0 nReq=0 sn=121
03:19:57.863 INF Connection terminated. error="rpc error: code = Canceled desc = context canceled" address=127.0.0.1:57134
03:19:57.864 INF Finished sending bucket assignments to client. clId=0
03:19:58.385 INF Stopping profiler.
03:19:58.385 INF Stopping Tracer. events=1094 fileName=experiment-output/0000/slave-010/peer.trc
==================
WARNING: DATA RACE
Read at 0x00c0008aaac8 by goroutine 109:
  github.com/hyperledger-labs/mirbft/tracing.(*BufferedTrace).Stop()
      /opt/gopath/src/github.com/hyperledger-labs/mirbft/tracing/bufferedtrace.go:237 +0x30e
  github.com/hyperledger-labs/mirbft/tracing.(*BufferedTrace).StopOnSignal.func1()
      /opt/gopath/src/github.com/hyperledger-labs/mirbft/tracing/bufferedtrace.go:298 +0x4e

Previous write at 0x00c0008aaac8 by goroutine 108:
  github.com/hyperledger-labs/mirbft/tracing.(*BufferedTrace).Event()
      /opt/gopath/src/github.com/hyperledger-labs/mirbft/tracing/bufferedtrace.go:105 +0x2cd
  github.com/hyperledger-labs/mirbft/profiling.StartCPUTracing.func1()
      /opt/gopath/src/github.com/hyperledger-labs/mirbft/profiling/cpuusage.go:33 +0x95

Goroutine 109 (running) created at:
  github.com/hyperledger-labs/mirbft/tracing.(*BufferedTrace).StopOnSignal()
      /opt/gopath/src/github.com/hyperledger-labs/mirbft/tracing/bufferedtrace.go:292 +0x178
  main.setUpTracing()
      /opt/gopath/src/github.com/hyperledger-labs/mirbft/cmd/orderingpeer/main.go:408 +0xf5
  main.main()
      /opt/gopath/src/github.com/hyperledger-labs/mirbft/cmd/orderingpeer/main.go:110 +0x9e4
  runtime.deferreturn()
      /home/ubuntu/go/src/runtime/panic.go:476 +0x32
  main.main()
      /opt/gopath/src/github.com/hyperledger-labs/mirbft/cmd/orderingpeer/main.go:78 +0x56c

Goroutine 108 (running) created at:
  github.com/hyperledger-labs/mirbft/profiling.StartCPUTracing()
      /opt/gopath/src/github.com/hyperledger-labs/mirbft/profiling/cpuusage.go:30 +0xb9
  main.setUpTracing()
      /opt/gopath/src/github.com/hyperledger-labs/mirbft/cmd/orderingpeer/main.go:400 +0x85
  main.main()
      /opt/gopath/src/github.com/hyperledger-labs/mirbft/cmd/orderingpeer/main.go:110 +0x9e4
  runtime.deferreturn()
      /home/ubuntu/go/src/runtime/panic.go:476 +0x32
  main.main()
      /opt/gopath/src/github.com/hyperledger-labs/mirbft/cmd/orderingpeer/main.go:78 +0x56c
==================
03:19:58.392 INF Trace data written.
03:19:58.423 INF Profile data written. filename=experiment-output/0000/slave-010/prof.cpu name=cpu
03:19:58.458 INF Profile data written. filename=experiment-output/0000/slave-010/prof.block name=block
03:19:58.468 INF Profile data written. filename=experiment-output/0000/slave-010/prof.mutex name=mutex
