{"level":"debug","Logging":"info","time":"2025-08-01T03:17:04+08:00","message":"Config"}
{"level":"debug","UseTLS":false,"time":"2025-08-01T03:17:04+08:00","message":"Config"}
{"level":"debug","CACertFile":"tls-data/ca.pem","time":"2025-08-01T03:17:04+08:00","message":"Config"}
{"level":"debug","KeyFile":"tls-data/auth.key","time":"2025-08-01T03:17:04+08:00","message":"Config"}
{"level":"debug","CertFile":"tls-data/auth.pem","time":"2025-08-01T03:17:04+08:00","message":"Config"}
{"level":"debug","PriorityConnections":2,"time":"2025-08-01T03:17:04+08:00","message":"Config"}
{"level":"debug","BasicConnections":2,"time":"2025-08-01T03:17:04+08:00","message":"Config"}
{"level":"debug","TestConnections":false,"time":"2025-08-01T03:17:04+08:00","message":"Config"}
{"level":"debug","ExcessConnections":1,"time":"2025-08-01T03:17:04+08:00","message":"Config"}
{"level":"debug","ConnectionTestMsgs":4,"time":"2025-08-01T03:17:04+08:00","message":"Config"}
{"level":"debug","ConnectionTestPayload":131072,"time":"2025-08-01T03:17:04+08:00","message":"Config"}
{"level":"debug","OutMessageBufsize":1024,"time":"2025-08-01T03:17:04+08:00","message":"Config"}
{"level":"debug","OutMessageBufsize":3,"time":"2025-08-01T03:17:04+08:00","message":"Config"}
{"level":"debug","ThroughputCap":131072000,"time":"2025-08-01T03:17:04+08:00","message":"Config"}
{"level":"debug","StragglerTolerance":1000,"time":"2025-08-01T03:17:04+08:00","message":"Config"}
{"level":"debug","BatchSizeIncrement":256,"time":"2025-08-01T03:17:04+08:00","message":"Config"}
{"level":"debug","Orderer":"Pbft","time":"2025-08-01T03:17:04+08:00","message":"Config"}
{"level":"debug","Manager":"Mir","time":"2025-08-01T03:17:04+08:00","message":"Config"}
{"level":"debug","Failures":0,"time":"2025-08-01T03:17:04+08:00","message":"Config"}
{"level":"debug","CrashTiming":"EpochStart","time":"2025-08-01T03:17:04+08:00","message":"Config"}
{"level":"debug","CheckpointInterval":256,"time":"2025-08-01T03:17:04+08:00","message":"Config"}
{"level":"debug","WatermarkWindowSize":256,"time":"2025-08-01T03:17:04+08:00","message":"Config"}
{"level":"debug","EpochLength":256,"time":"2025-08-01T03:17:04+08:00","message":"Config"}
{"level":"debug","SegmentLength":21,"time":"2025-08-01T03:17:04+08:00","message":"Config"}
{"level":"debug","WaitForCheckpoints":true,"time":"2025-08-01T03:17:04+08:00","message":"Config"}
{"level":"debug","ClientWatermarkWindowSize":4194304,"time":"2025-08-01T03:17:04+08:00","message":"Config"}
{"level":"debug","ClientRequestBacklogSize":4194304,"time":"2025-08-01T03:17:04+08:00","message":"Config"}
{"level":"debug","RandomSeed":7086,"time":"2025-08-01T03:17:04+08:00","message":"Config"}
{"level":"debug","NodeToLeaderRatio":1,"time":"2025-08-01T03:17:04+08:00","message":"Config"}
{"level":"debug","LeaderPolicy":"Simple","time":"2025-08-01T03:17:04+08:00","message":"Config"}
{"level":"debug","DefaultLeaderBan":2,"time":"2025-08-01T03:17:04+08:00","message":"Config"}
{"level":"debug","NumBuckets":192,"time":"2025-08-01T03:17:04+08:00","message":"Config"}
{"level":"debug","BatchSize":4096,"time":"2025-08-01T03:17:04+08:00","message":"Config"}
{"level":"debug","BatchTimeoutMs":1000,"time":"2025-08-01T03:17:04+08:00","message":"Config"}
{"level":"debug","DisabledViewChange":false,"time":"2025-08-01T03:17:04+08:00","message":"Config"}
{"level":"debug","ViewChangeTimeout":60000,"time":"2025-08-01T03:17:04+08:00","message":"Config"}
{"level":"debug","ClientTraceSampling":10,"time":"2025-08-01T03:17:04+08:00","message":"Config"}
{"level":"debug","EventBufferSize":2097152,"time":"2025-08-01T03:17:04+08:00","message":"Config"}
{"level":"debug","TraceSampling":1,"time":"2025-08-01T03:17:04+08:00","message":"Config"}
{"level":"debug","ClientsPerProcess":1,"time":"2025-08-01T03:17:04+08:00","message":"Config"}
{"level":"debug","RequestsPerClient":7200000,"time":"2025-08-01T03:17:04+08:00","message":"Config"}
{"level":"debug","ClientRunTime":60000,"time":"2025-08-01T03:17:04+08:00","message":"Config"}
{"level":"debug","RequestRate":60000,"time":"2025-08-01T03:17:04+08:00","message":"Config"}
{"level":"debug","HardRequestRateLimit":false,"time":"2025-08-01T03:17:04+08:00","message":"Config"}
{"level":"debug","RequestPayloadSize":500,"time":"2025-08-01T03:17:04+08:00","message":"Config"}
{"level":"debug","SignRequests":true,"time":"2025-08-01T03:17:04+08:00","message":"Config"}
{"level":"debug","ClientPrivKeyFile":"tls-data/client-ecdsa-256.key","time":"2025-08-01T03:17:04+08:00","message":"Config"}
{"level":"debug","ClientPubKeyFile":"tls-data/client-ecdsa-256.pem","time":"2025-08-01T03:17:04+08:00","message":"Config"}
{"level":"debug","PrecomputeRequests":false,"time":"2025-08-01T03:17:04+08:00","message":"Config"}
{"level":"debug","RequestHandlerThreads":32,"time":"2025-08-01T03:17:04+08:00","message":"Config"}
{"level":"debug","RequestInputChannelBuffer":8192,"time":"2025-08-01T03:17:04+08:00","message":"Config"}
{"level":"debug","BatchVerifier":"external","time":"2025-08-01T03:17:04+08:00","message":"Config"}
03:17:04.608 INF Registered with discovery server. numPeers=12 ownID=10
03:17:04.609 INF Profiling enabled.
03:17:04.609 INF Setting up profiling.
03:17:04.609 INF Started Profiler: CPU
03:17:04.609 INF Started Profiler: BLOCK
03:17:04.609 INF Started Profiler: MUTEX
03:17:04.610 INF Profiler will stop on signal. exit=true
03:17:04.612 INF Tracing will stop on signal. exit=false
03:17:04.612 INF Started tracing. traceFile=experiment-output/0000/slave-003/peer.trc
03:17:04.613 INF Connecting to peer. addr=127.0.0.1:10099 basicConns=2 priorityConns=2
03:17:04.613 INF Connecting to peer. addr=127.0.0.1:10011 basicConns=2 priorityConns=2
03:17:04.613 INF Connecting to peer. addr=127.0.0.1:10066 basicConns=2 priorityConns=2
03:17:04.614 INF Connecting to peer. addr=127.0.0.1:10077 basicConns=2 priorityConns=2
03:17:04.614 INF Listening for connections. port=10110 useTLS=false
03:17:04.614 INF Connecting to peer. addr=127.0.0.1:10022 basicConns=2 priorityConns=2
03:17:04.615 INF Connecting to peer. addr=127.0.0.1:10044 basicConns=2 priorityConns=2
03:17:04.617 INF Connecting to peer. addr=127.0.0.1:10055 basicConns=2 priorityConns=2
03:17:04.617 INF Connecting to peer. addr=127.0.0.1:10110 basicConns=2 priorityConns=2
03:17:04.615 INF Connecting to peer. addr=127.0.0.1:10033 basicConns=2 priorityConns=2
03:17:04.626 INF Connecting to peer. addr=127.0.0.1:10121 basicConns=2 priorityConns=2
03:17:04.626 INF Connecting to peer. addr=127.0.0.1:10000 basicConns=2 priorityConns=2
03:17:04.635 INF Incoming connection for protocol messages. addr=127.0.0.1:55924
03:17:04.645 INF Incoming connection for protocol messages. addr=127.0.0.1:55898
03:17:04.660 INF Incoming connection for protocol messages. addr=127.0.0.1:55894
03:17:04.661 INF Incoming connection for protocol messages. addr=127.0.0.1:56032
03:17:04.651 INF Incoming connection for protocol messages. addr=127.0.0.1:55998
03:17:04.662 INF Incoming connection for protocol messages. addr=127.0.0.1:55976
03:17:04.661 INF Incoming connection for protocol messages. addr=127.0.0.1:55938
03:17:04.651 INF Incoming connection for protocol messages. addr=127.0.0.1:55902
03:17:04.660 INF Incoming connection for protocol messages. addr=127.0.0.1:56054
03:17:04.663 INF Incoming connection for protocol messages. addr=127.0.0.1:55918
03:17:04.663 INF Incoming connection for protocol messages. addr=127.0.0.1:55910
03:17:04.664 INF Incoming connection for protocol messages. addr=127.0.0.1:56006
03:17:04.668 INF Incoming connection for protocol messages. addr=127.0.0.1:55978
03:17:04.669 INF Incoming connection for protocol messages. addr=127.0.0.1:55988
03:17:04.671 INF Incoming connection for protocol messages. addr=127.0.0.1:56016
03:17:04.673 INF Connecting to peer. addr=127.0.0.1:10088 basicConns=2 priorityConns=2
03:17:04.676 INF Incoming connection for protocol messages. addr=127.0.0.1:55968
03:17:04.676 INF Incoming connection for protocol messages. addr=127.0.0.1:56122
03:17:04.678 INF Incoming connection for protocol messages. addr=127.0.0.1:56184
03:17:04.678 INF Incoming connection for protocol messages. addr=127.0.0.1:56130
03:17:04.679 INF Incoming connection for protocol messages. addr=127.0.0.1:56144
03:17:04.679 INF Incoming connection for protocol messages. addr=127.0.0.1:56162
03:17:04.680 INF Incoming connection for protocol messages. addr=127.0.0.1:56150
03:17:04.682 INF Incoming connection for protocol messages. addr=127.0.0.1:56000
03:17:04.687 INF Incoming connection for protocol messages. addr=127.0.0.1:56226
03:17:04.688 INF Incoming connection for protocol messages. addr=127.0.0.1:56198
03:17:04.688 INF Incoming connection for protocol messages. addr=127.0.0.1:56240
03:17:04.688 INF Incoming connection for protocol messages. addr=127.0.0.1:56084
03:17:04.688 INF Incoming connection for protocol messages. addr=127.0.0.1:56168
03:17:04.689 INF Incoming connection for protocol messages. addr=127.0.0.1:56068
03:17:04.689 INF Incoming connection for protocol messages. addr=127.0.0.1:56250
03:17:04.690 INF Incoming connection for protocol messages. addr=127.0.0.1:56234
03:17:04.690 INF Incoming connection for protocol messages. addr=127.0.0.1:56222
03:17:04.692 INF Incoming connection for protocol messages. addr=127.0.0.1:56040
03:17:04.693 INF Incoming connection for protocol messages. addr=127.0.0.1:56134
03:17:04.694 INF Incoming connection for protocol messages. addr=127.0.0.1:55952
03:17:04.694 INF Incoming connection for protocol messages. addr=127.0.0.1:56216
03:17:04.696 INF Incoming connection for protocol messages. addr=127.0.0.1:56290
03:17:04.696 INF Incoming connection for protocol messages. addr=127.0.0.1:56202
03:17:04.697 INF Incoming connection for protocol messages. addr=127.0.0.1:56104
03:17:04.698 INF Incoming connection for protocol messages. addr=127.0.0.1:56186
03:17:04.698 INF Incoming connection for protocol messages. addr=127.0.0.1:56274
03:17:04.698 INF Incoming connection for protocol messages. addr=127.0.0.1:56258
03:17:04.698 INF Incoming connection for protocol messages. addr=127.0.0.1:56098
03:17:04.698 INF Incoming connection for protocol messages. addr=127.0.0.1:56152
03:17:04.699 INF Incoming connection for protocol messages. addr=127.0.0.1:56244
03:17:04.699 INF Incoming connection for protocol messages. addr=127.0.0.1:56106
03:17:04.701 INF Incoming connection for protocol messages. addr=127.0.0.1:56308
03:17:04.702 INF Incoming connection for protocol messages. addr=127.0.0.1:56304
03:17:04.705 INF Connected to all peers.
03:17:04.709 INF All peers finished connecting. Starting ISS.
03:17:04.710 INF PbftOrderer received a new segment: [0 1 2 3 4 5 6 7 8 9 10 11 12 13 14 15 16 17 18 19 20] first leader=0 firstSN=0 lastSN=20 len=21 length=21 segId=0
03:17:04.755 INF Starting new view. segID=0 timeout=60000 view=0
03:17:04.755 INF Starting PBFT instance. first=0 last=20 segID=0
03:17:04.755 INF Starting serialized message processing. segID=0
03:17:05.760 INF Handling PREPREPARE. nReq=0 senderID=0 sn=0
03:17:05.765 INF Committed entry. latency=0 nReq=0 sn=0
03:17:05.765 INF Delivered batch. nReq=0 sn=0
03:17:06.765 INF Handling PREPREPARE. nReq=0 senderID=0 sn=1
03:17:06.771 INF Committed entry. latency=0 nReq=0 sn=1
03:17:06.771 INF Delivered batch. nReq=0 sn=1
03:17:06.782 INF Incoming connection for requests. addr=127.0.0.1:57764
03:17:07.310 INF Handling PREPREPARE. nReq=4096 senderID=0 sn=2
03:17:07.400 INF Committed entry. latency=0 nReq=4096 sn=2
03:17:07.400 INF Delivered batch. nReq=4096 sn=2
03:17:08.311 INF Handling PREPREPARE. nReq=2472 senderID=0 sn=3
03:17:08.381 INF Committed entry. latency=0 nReq=2472 sn=3
03:17:08.381 INF Delivered batch. nReq=2472 sn=3
03:17:09.236 INF Handling PREPREPARE. nReq=802 senderID=0 sn=4
03:17:09.259 INF Committed entry. latency=0 nReq=802 sn=4
03:17:09.259 INF Delivered batch. nReq=802 sn=4
03:17:09.923 INF Handling PREPREPARE. nReq=4096 senderID=0 sn=5
03:17:10.007 INF Committed entry. latency=0 nReq=4096 sn=5
03:17:10.007 INF Delivered batch. nReq=4096 sn=5
03:17:10.883 INF Handling PREPREPARE. nReq=2550 senderID=0 sn=6
03:17:10.948 INF Committed entry. latency=0 nReq=2550 sn=6
03:17:10.948 INF Delivered batch. nReq=2550 sn=6
03:17:11.870 INF Handling PREPREPARE. nReq=945 senderID=0 sn=7
03:17:11.897 INF Committed entry. latency=0 nReq=945 sn=7
03:17:11.897 INF Delivered batch. nReq=945 sn=7
03:17:12.890 INF Handling PREPREPARE. nReq=4096 senderID=0 sn=8
03:17:12.964 INF Committed entry. latency=0 nReq=4096 sn=8
03:17:12.964 INF Delivered batch. nReq=4096 sn=8
03:17:13.882 INF Handling PREPREPARE. nReq=2794 senderID=0 sn=9
03:17:13.940 INF Committed entry. latency=0 nReq=2794 sn=9
03:17:13.940 INF Delivered batch. nReq=2794 sn=9
03:17:14.794 INF Handling PREPREPARE. nReq=987 senderID=0 sn=10
03:17:14.823 INF Committed entry. latency=0 nReq=987 sn=10
03:17:14.823 INF Delivered batch. nReq=987 sn=10
03:17:15.434 INF Handling PREPREPARE. nReq=4096 senderID=0 sn=11
03:17:15.519 INF Committed entry. latency=0 nReq=4096 sn=11
03:17:15.519 INF Delivered batch. nReq=4096 sn=11
03:17:16.434 INF Handling PREPREPARE. nReq=2951 senderID=0 sn=12
03:17:16.485 INF Committed entry. latency=0 nReq=2951 sn=12
03:17:16.485 INF Delivered batch. nReq=2951 sn=12
03:17:17.404 INF Handling PREPREPARE. nReq=850 senderID=0 sn=13
03:17:17.433 INF Committed entry. latency=0 nReq=850 sn=13
03:17:17.433 INF Delivered batch. nReq=850 sn=13
03:17:18.401 INF Handling PREPREPARE. nReq=4096 senderID=0 sn=14
03:17:18.502 INF Committed entry. latency=0 nReq=4096 sn=14
03:17:18.502 INF Delivered batch. nReq=4096 sn=14
03:17:19.382 INF Handling PREPREPARE. nReq=2803 senderID=0 sn=15
03:17:19.435 INF Committed entry. latency=0 nReq=2803 sn=15
03:17:19.435 INF Delivered batch. nReq=2803 sn=15
03:17:20.353 INF Handling PREPREPARE. nReq=778 senderID=0 sn=16
03:17:20.380 INF Committed entry. latency=0 nReq=778 sn=16
03:17:20.380 INF Delivered batch. nReq=778 sn=16
03:17:21.390 INF Handling PREPREPARE. nReq=4096 senderID=0 sn=17
03:17:21.468 INF Committed entry. latency=0 nReq=4096 sn=17
03:17:21.469 INF Delivered batch. nReq=4096 sn=17
03:17:24.985 INF Handling PREPREPARE. nReq=4096 senderID=0 sn=18
03:17:25.081 INF Committed entry. latency=0 nReq=4096 sn=18
03:17:25.081 INF Delivered batch. nReq=4096 sn=18
03:17:26.010 INF Handling PREPREPARE. nReq=3967 senderID=0 sn=19
03:17:26.139 INF Committed entry. latency=0 nReq=3967 sn=19
03:17:26.140 INF Delivered batch. nReq=3967 sn=19
03:17:26.967 INF Handling PREPREPARE. nReq=845 senderID=0 sn=20
03:17:26.997 INF Committed entry. latency=0 nReq=845 sn=20
03:17:26.997 INF Delivered batch. nReq=845 sn=20
03:17:26.997 INF Sending segment checkpoint. lastSn=20 segID=0
==================
WARNING: DATA RACE
Read at 0x000001304380 by goroutine 943:
  github.com/hyperledger-labs/mirbft/manager.(*MirManager).handleLogEntries()
      /opt/gopath/src/github.com/hyperledger-labs/mirbft/manager/mirmanager.go:171 +0x854
  github.com/hyperledger-labs/mirbft/manager.(*MirManager).Start.func2()
      /opt/gopath/src/github.com/hyperledger-labs/mirbft/manager/mirmanager.go:112 +0x47

Previous write at 0x000001304380 by goroutine 949:
  github.com/hyperledger-labs/mirbft/log.publishEntries()
      /opt/gopath/src/github.com/hyperledger-labs/mirbft/log/log.go:281 +0x2e4
  github.com/hyperledger-labs/mirbft/log.CommitEntry()
      /opt/gopath/src/github.com/hyperledger-labs/mirbft/log/log.go:108 +0x284
  github.com/hyperledger-labs/mirbft/announcer.Announce()
      /opt/gopath/src/github.com/hyperledger-labs/mirbft/announcer/announcer.go:26 +0x370
  github.com/hyperledger-labs/mirbft/orderer.(*pbftInstance).announce()
      /opt/gopath/src/github.com/hyperledger-labs/mirbft/orderer/pbftinstance.go:726 +0x36b
  github.com/hyperledger-labs/mirbft/orderer.(*pbftInstance).handleCommit()
      /opt/gopath/src/github.com/hyperledger-labs/mirbft/orderer/pbftinstance.go:664 +0x7bd
  github.com/hyperledger-labs/mirbft/orderer.(*pbftInstance).handleMessage()
      /opt/gopath/src/github.com/hyperledger-labs/mirbft/orderer/pbftinstance.go:1810 +0x2e5
  github.com/hyperledger-labs/mirbft/orderer.(*pbftInstance).processSerializedMessages()
      /opt/gopath/src/github.com/hyperledger-labs/mirbft/orderer/pbftinstance.go:1764 +0xdd
  github.com/hyperledger-labs/mirbft/orderer.(*PbftOrderer).runSegment.func2()
      /opt/gopath/src/github.com/hyperledger-labs/mirbft/orderer/pbftorderer.go:199 +0x39

Goroutine 943 (running) created at:
  github.com/hyperledger-labs/mirbft/manager.(*MirManager).Start()
      /opt/gopath/src/github.com/hyperledger-labs/mirbft/manager/mirmanager.go:112 +0x191
  main.main.func4()
      /opt/gopath/src/github.com/hyperledger-labs/mirbft/cmd/orderingpeer/main.go:185 +0x59

Goroutine 949 (running) created at:
  github.com/hyperledger-labs/mirbft/orderer.(*PbftOrderer).runSegment()
      /opt/gopath/src/github.com/hyperledger-labs/mirbft/orderer/pbftorderer.go:199 +0x3f6
  github.com/hyperledger-labs/mirbft/orderer.(*PbftOrderer).Start()
      /opt/gopath/src/github.com/hyperledger-labs/mirbft/orderer/pbftorderer.go:176 +0x344
  main.main.func5()
      /opt/gopath/src/github.com/hyperledger-labs/mirbft/cmd/orderingpeer/main.go:186 +0x59
==================
03:17:27.013 INF PBFT checkpoint ready. Scheduling catchup. lastSn=20 segID=0
03:17:27.028 INF New stable checkpoint. sn=20
03:17:27.029 INF Received stable checkpoint notification. sn=20
03:17:27.029 INF Closing message serializers. segID=0
03:17:27.029 INF Statistics commitTs=1753989425765563572 duration=4981370 proposeTs=1753989425760582202 sn=0
03:17:27.029 INF Statistics commitTs=1753989426771422772 duration=6005717 proposeTs=1753989426765417055 sn=1
03:17:27.029 INF Statistics commitTs=1753989427395100364 duration=84945040 proposeTs=1753989427310155324 sn=2
03:17:27.029 INF Statistics commitTs=1753989428379365384 duration=68202906 proposeTs=1753989428311162478 sn=3
03:17:27.029 INF Statistics commitTs=1753989429257934306 duration=21960831 proposeTs=1753989429235973475 sn=4
03:17:27.030 INF Statistics commitTs=1753989430004333748 duration=80488488 proposeTs=1753989429923845260 sn=5
03:17:27.030 INF Statistics commitTs=1753989430941509964 duration=57863040 proposeTs=1753989430883646924 sn=6
03:17:27.030 INF Statistics commitTs=1753989431896613386 duration=26298718 proposeTs=1753989431870314668 sn=7
03:17:27.030 INF Statistics commitTs=1753989432960835229 duration=69888813 proposeTs=1753989432890946416 sn=8
03:17:27.030 INF Statistics commitTs=1753989433936678391 duration=53769967 proposeTs=1753989433882908424 sn=9
03:17:27.030 INF Statistics commitTs=1753989434821079543 duration=26168459 proposeTs=1753989434794911084 sn=10
03:17:27.030 INF Statistics commitTs=1753989435514679725 duration=80126279 proposeTs=1753989435434553446 sn=11
03:17:27.031 INF Statistics commitTs=1753989436482543043 duration=48045450 proposeTs=1753989436434497593 sn=12
03:17:27.031 INF Statistics commitTs=1753989437432060767 duration=27805375 proposeTs=1753989437404255392 sn=13
03:17:27.031 INF Statistics commitTs=1753989438497893522 duration=96891699 proposeTs=1753989438401001823 sn=14
03:17:27.031 INF Statistics commitTs=1753989439432783371 duration=49893738 proposeTs=1753989439382889633 sn=15
03:17:27.031 INF Statistics commitTs=1753989440378989291 duration=25053954 proposeTs=1753989440353935337 sn=16
03:17:27.031 INF Statistics commitTs=1753989441461441340 duration=71310661 proposeTs=1753989441390130679 sn=17
03:17:27.031 INF Statistics commitTs=1753989445076813826 duration=90950851 proposeTs=1753989444985862975 sn=18
03:17:27.032 INF Statistics commitTs=1753989446130273834 duration=120253748 proposeTs=1753989446010020086 sn=19
03:17:27.032 INF Statistics commitTs=1753989446995975475 duration=28489012 proposeTs=1753989446967486463 sn=20
03:17:27.032 INF Median commit time commit=53769967 segID=0
03:17:27.046 INF fuck! epoch=192 epoch time (ms)=22288 leaders=2 viewtimeout=104000
03:17:27.046 INF Epoch finished. Waiting for stable checkpoint. sn=20
03:17:27.046 INF Epoch end confirmed. chkpSn=20
03:17:27.046 INF Advancing watermarks. numEntries=21
03:17:27.302 INF PbftOrderer received a new segment: [21 23 25 27 29 31 33 35 37 39 41 43 45 47 49 51] first leader=0 firstSN=21 lastSN=51 len=16 length=16 segId=1
03:17:27.532 INF Starting new view. segID=1 timeout=104000 view=0
03:17:27.533 INF Advanced timeout advanced=53769967 initial=1000000000
03:17:27.533 INF Advanced timeout advanced=1053769967 initial=1000000000
03:17:27.533 INF Advanced timeout advanced=2053769967 initial=1000000000
03:17:27.533 INF Advanced timeout advanced=3053769967 initial=1000000000
03:17:27.533 INF Advanced timeout advanced=4053769967 initial=1000000000
03:17:27.533 INF Advanced timeout advanced=5053769967 initial=1000000000
03:17:27.533 INF Advanced timeout advanced=6053769967 initial=1000000000
03:17:27.533 INF Advanced timeout advanced=7053769967 initial=1000000000
03:17:27.533 INF Advanced timeout advanced=8053769967 initial=1000000000
03:17:27.533 INF Advanced timeout advanced=9053769967 initial=1000000000
03:17:27.533 INF Advanced timeout advanced=10053769967 initial=1000000000
03:17:27.533 INF Advanced timeout advanced=11053769967 initial=1000000000
03:17:27.533 INF Advanced timeout advanced=12053769967 initial=1000000000
03:17:27.534 INF Advanced timeout advanced=13053769967 initial=1000000000
03:17:27.534 INF Advanced timeout advanced=14053769967 initial=1000000000
03:17:27.534 INF Advanced timeout advanced=15053769967 initial=1000000000
03:17:27.534 INF Starting PBFT instance. first=21 last=51 segID=1
03:17:27.534 INF Starting serialized message processing. segID=1
03:17:27.534 INF fuck1 epoch change time (ms)=537
03:17:27.534 INF PbftOrderer received a new segment: [22 24 26 28 30 32 34 36 38 40 42 44 46 48 50 52] first leader=1 firstSN=22 lastSN=52 len=16 length=16 segId=2
03:17:27.744 INF Starting new view. segID=2 timeout=104000 view=0
03:17:27.744 INF Advanced timeout advanced=53769967 initial=1000000000
03:17:27.744 INF Advanced timeout advanced=1053769967 initial=1000000000
03:17:27.744 INF Advanced timeout advanced=2053769967 initial=1000000000
03:17:27.744 INF Advanced timeout advanced=3053769967 initial=1000000000
03:17:27.744 INF Advanced timeout advanced=4053769967 initial=1000000000
03:17:27.744 INF Advanced timeout advanced=5053769967 initial=1000000000
03:17:27.744 INF Advanced timeout advanced=6053769967 initial=1000000000
03:17:27.744 INF Advanced timeout advanced=7053769967 initial=1000000000
03:17:27.745 INF Advanced timeout advanced=8053769967 initial=1000000000
03:17:27.745 INF Advanced timeout advanced=9053769967 initial=1000000000
03:17:27.745 INF Advanced timeout advanced=10053769967 initial=1000000000
03:17:27.745 INF Advanced timeout advanced=11053769967 initial=1000000000
03:17:27.745 INF Advanced timeout advanced=12053769967 initial=1000000000
03:17:27.745 INF Advanced timeout advanced=13053769967 initial=1000000000
03:17:27.745 INF Advanced timeout advanced=14053769967 initial=1000000000
03:17:27.745 INF Advanced timeout advanced=15053769967 initial=1000000000
03:17:27.745 INF Starting PBFT instance. first=22 last=52 segID=2
03:17:27.745 INF Starting serialized message processing. segID=2
03:17:28.726 INF Handling PREPREPARE. nReq=505 senderID=0 sn=21
03:17:28.746 INF Committed entry. latency=0 nReq=505 sn=21
03:17:28.746 INF Delivered batch. nReq=505 sn=21
03:17:28.784 INF Handling PREPREPARE. nReq=1371 senderID=1 sn=22
03:17:28.816 INF Committed entry. latency=0 nReq=1371 sn=22
03:17:28.816 INF Delivered batch. nReq=1371 sn=22
03:17:29.770 INF Handling PREPREPARE. nReq=1531 senderID=0 sn=23
03:17:29.826 INF Committed entry. latency=0 nReq=1531 sn=23
03:17:29.826 INF Delivered batch. nReq=1531 sn=23
03:17:29.881 INF Handling PREPREPARE. nReq=4096 senderID=1 sn=24
03:17:29.954 INF Committed entry. latency=0 nReq=4096 sn=24
03:19:13.587 WRN Timeout segId=1 sn=25 view=0
03:19:33.140 INF Delivered batch. nReq=4096 sn=24
03:19:33.140 INF Starting new view. segID=1 timeout=208000 view=1
03:19:33.140 INF Advanced timeout advanced=53769967 initial=1000000000
03:19:33.140 INF Advanced timeout advanced=1053769967 initial=1000000000
03:19:33.141 INF Advanced timeout advanced=2053769967 initial=1000000000
03:19:33.141 INF Advanced timeout advanced=3053769967 initial=1000000000
03:19:33.141 INF Advanced timeout advanced=4053769967 initial=1000000000
03:19:33.141 INF Advanced timeout advanced=5053769967 initial=1000000000
03:19:33.141 INF Advanced timeout advanced=6053769967 initial=1000000000
03:19:33.141 WRN Timeout segId=2 sn=26 view=0
03:19:33.142 INF Advanced timeout advanced=7053769967 initial=1000000000
03:19:33.142 INF Advanced timeout advanced=8053769967 initial=1000000000
03:19:33.142 INF Starting new view. segID=2 timeout=208000 view=1
03:19:33.142 INF Advanced timeout advanced=9053769967 initial=1000000000
03:19:33.142 INF Advanced timeout advanced=53769967 initial=1000000000
03:19:33.142 INF Advanced timeout advanced=10053769967 initial=1000000000
03:19:33.142 INF Advanced timeout advanced=1053769967 initial=1000000000
03:19:33.142 INF Advanced timeout advanced=11053769967 initial=1000000000
03:19:33.142 INF Advanced timeout advanced=2053769967 initial=1000000000
03:19:33.143 INF Advanced timeout advanced=12053769967 initial=1000000000
03:19:33.143 INF Advanced timeout advanced=3053769967 initial=1000000000
03:19:33.143 INF Advanced timeout advanced=13053769967 initial=1000000000
03:19:33.143 INF Advanced timeout advanced=4053769967 initial=1000000000
03:19:33.143 INF Advanced timeout advanced=14053769967 initial=1000000000
03:19:33.143 INF Advanced timeout advanced=5053769967 initial=1000000000
03:19:33.143 INF Advanced timeout advanced=15053769967 initial=1000000000
03:19:33.143 INF Advanced timeout advanced=6053769967 initial=1000000000
03:19:33.143 INF Advanced timeout advanced=7053769967 initial=1000000000
03:19:33.144 INF Advanced timeout advanced=8053769967 initial=1000000000
03:19:33.144 INF Advanced timeout advanced=9053769967 initial=1000000000
03:19:33.144 INF Advanced timeout advanced=10053769967 initial=1000000000
03:19:33.144 INF Advanced timeout advanced=11053769967 initial=1000000000
03:19:33.144 INF Advanced timeout advanced=12053769967 initial=1000000000
03:19:33.145 INF Advanced timeout advanced=13053769967 initial=1000000000
03:19:33.145 INF Advanced timeout advanced=14053769967 initial=1000000000
03:19:33.145 INF Advanced timeout advanced=15053769967 initial=1000000000
03:19:33.146 INF Requesting VIEWCHANGE. receiverID=2 segID=2 senderID=10 view=1
03:19:33.146 INF Requesting VIEWCHANGE. receiverID=1 segID=1 senderID=10 view=1
03:19:33.191 INF Handling PREPREPARE. nReq=0 senderID=0 sn=27
03:19:33.197 INF Handling PREPREPARE. nReq=406 senderID=0 sn=25
03:19:33.313 INF Handling NEWVIEW. currentView=1 msgView=1 segID=2 senderID=2
03:19:33.425 INF Handling PREPREPARE. nReq=1043 senderID=1 sn=26
03:19:33.467 INF Handling NEWVIEW. currentView=1 msgView=1 segID=1 senderID=1
03:19:33.520 INF Committed entry. latency=0 nReq=0 sn=46
03:19:33.522 INF Committed entry. latency=0 nReq=0 sn=50
03:19:33.522 INF Committed entry. latency=0 nReq=0 sn=32
03:19:33.522 INF Committed entry. latency=0 nReq=0 sn=34
03:19:33.522 INF Committed entry. latency=0 nReq=0 sn=38
03:19:33.522 INF Committed entry. latency=0 nReq=0 sn=42
03:19:33.522 INF Committed entry. latency=0 nReq=0 sn=28
03:19:33.522 INF Committed entry. latency=0 nReq=0 sn=52
03:19:33.522 INF Committed entry. latency=0 nReq=0 sn=40
03:19:33.522 INF Committed entry. latency=0 nReq=0 sn=36
03:19:33.522 INF Committed entry. latency=0 nReq=0 sn=44
03:19:33.522 INF Committed entry. latency=0 nReq=0 sn=48
03:19:33.523 INF Committed entry. latency=0 nReq=0 sn=26
03:19:33.523 INF Committed entry. latency=0 nReq=0 sn=30
03:19:33.523 INF Sending segment checkpoint. lastSn=52 segID=2
03:19:33.523 INF Committed entry. latency=0 nReq=0 sn=35
03:19:33.524 INF Committed entry. latency=0 nReq=0 sn=37
03:19:33.524 INF Committed entry. latency=0 nReq=0 sn=41
03:19:33.524 INF Committed entry. latency=0 nReq=0 sn=45
03:19:33.525 INF Committed entry. latency=0 nReq=0 sn=51
03:19:33.525 INF Committed entry. latency=0 nReq=0 sn=27
03:19:33.525 INF Committed entry. latency=0 nReq=0 sn=33
03:19:33.526 INF Committed entry. latency=0 nReq=0 sn=49
03:19:33.526 INF Committed entry. latency=0 nReq=0 sn=25
03:19:33.526 INF Delivered batch. nReq=0 sn=25
03:19:33.526 INF Delivered batch. nReq=0 sn=26
03:19:33.526 INF Delivered batch. nReq=0 sn=27
03:19:33.526 INF Delivered batch. nReq=0 sn=28
03:19:33.526 INF Committed entry. latency=0 nReq=0 sn=47
03:19:33.526 INF Committed entry. latency=0 nReq=0 sn=29
03:19:33.529 INF Delivered batch. nReq=0 sn=29
03:19:33.529 INF Delivered batch. nReq=0 sn=30
03:19:33.529 INF Committed entry. latency=0 nReq=0 sn=39
03:19:33.529 INF Committed entry. latency=0 nReq=0 sn=31
03:19:33.529 INF Delivered batch. nReq=0 sn=31
03:19:33.529 INF Delivered batch. nReq=0 sn=32
03:19:33.529 INF Delivered batch. nReq=0 sn=33
03:19:33.530 INF Delivered batch. nReq=0 sn=34
03:19:33.530 INF Delivered batch. nReq=0 sn=35
03:19:33.530 INF Delivered batch. nReq=0 sn=36
03:19:33.530 INF Delivered batch. nReq=0 sn=37
03:19:33.530 INF Delivered batch. nReq=0 sn=38
03:19:33.530 INF Delivered batch. nReq=0 sn=39
03:19:33.530 INF Delivered batch. nReq=0 sn=40
03:19:33.530 INF Delivered batch. nReq=0 sn=41
03:19:33.530 INF Delivered batch. nReq=0 sn=42
03:19:33.530 INF Committed entry. latency=0 nReq=0 sn=43
03:19:33.531 INF Delivered batch. nReq=0 sn=43
03:19:33.531 INF Delivered batch. nReq=0 sn=44
03:19:33.531 INF Delivered batch. nReq=0 sn=45
03:19:33.531 INF Delivered batch. nReq=0 sn=46
03:19:33.531 INF Delivered batch. nReq=0 sn=47
03:19:33.531 INF Delivered batch. nReq=0 sn=48
03:19:33.531 INF Delivered batch. nReq=0 sn=49
03:19:33.531 INF Delivered batch. nReq=0 sn=50
03:19:33.531 INF Delivered batch. nReq=0 sn=51
03:19:33.531 INF Delivered batch. nReq=0 sn=52
03:19:33.531 INF Sending segment checkpoint. lastSn=51 segID=1
03:19:33.533 INF PBFT checkpoint ready. Scheduling catchup. lastSn=51 segID=1
03:19:33.534 INF PBFT checkpoint ready. Scheduling catchup. lastSn=52 segID=2
03:19:33.552 INF fuck! epoch=192 epoch time (ms)=125997 leaders=3 viewtimeout=120000
03:19:33.552 INF Epoch finished. Waiting for stable checkpoint. sn=52
03:19:33.564 INF New stable checkpoint. sn=52
03:19:33.564 INF Closing message serializers. segID=1
03:19:33.564 INF Received stable checkpoint notification. sn=52
03:19:33.564 INF Epoch end confirmed. chkpSn=52
03:19:33.564 INF Statistics commitTs=1753989448745537400 duration=19176693 proposeTs=1753989448726360707 sn=21
03:19:33.564 INF Advancing watermarks. numEntries=32
03:19:33.564 INF Statistics commitTs=1753989449817793368 duration=47252703 proposeTs=1753989449770540665 sn=23
03:19:33.564 INF Statistics commitTs=1753989573523261522 duration=125988799611 proposeTs=1753989447534461911 sn=25
03:19:33.565 INF Statistics commitTs=1753989573523194689 duration=125988732778 proposeTs=1753989447534461911 sn=27
03:19:33.565 INF Closing message serializers. segID=2
03:19:33.565 INF Statistics commitTs=1753989573523284579 duration=125988822668 proposeTs=1753989447534461911 sn=29
03:19:33.565 INF Statistics commitTs=1753989573523305765 duration=125988843854 proposeTs=1753989447534461911 sn=31
03:19:33.565 INF Statistics commitTs=1753989448815200861 duration=30919266 proposeTs=1753989448784281595 sn=22
03:19:33.565 INF Statistics commitTs=1753989573523045022 duration=125988583111 proposeTs=1753989447534461911 sn=33
03:19:33.565 INF Statistics commitTs=1753989449952084190 duration=70504281 proposeTs=1753989449881579909 sn=24
03:19:33.565 INF Statistics commitTs=1753989573523072825 duration=125988610914 proposeTs=1753989447534461911 sn=35
03:19:33.565 INF Statistics commitTs=1753989573520676057 duration=125774925797 proposeTs=1753989447745750260 sn=26
03:19:33.565 INF Statistics commitTs=1753989573523330392 duration=125988868481 proposeTs=1753989447534461911 sn=37
03:19:33.565 INF Statistics commitTs=1753989573520659094 duration=125774908834 proposeTs=1753989447745750260 sn=28
03:19:33.565 INF Statistics commitTs=1753989573523400491 duration=125988938580 proposeTs=1753989447534461911 sn=39
03:19:33.565 INF Statistics commitTs=1753989573520678753 duration=125774928493 proposeTs=1753989447745750260 sn=30
03:19:33.565 INF Statistics commitTs=1753989573523100087 duration=125988638176 proposeTs=1753989447534461911 sn=41
03:19:33.565 INF Statistics commitTs=1753989573520606317 duration=125774856057 proposeTs=1753989447745750260 sn=32
03:19:33.565 INF Statistics commitTs=1753989573523125036 duration=125988663125 proposeTs=1753989447534461911 sn=43
03:19:33.565 INF Statistics commitTs=1753989573520607490 duration=125774857230 proposeTs=1753989447745750260 sn=34
03:19:33.565 INF Statistics commitTs=1753989573523362045 duration=125988900134 proposeTs=1753989447534461911 sn=45
03:19:33.565 INF Statistics commitTs=1753989573520665194 duration=125774914934 proposeTs=1753989447745750260 sn=36
03:19:33.565 INF Statistics commitTs=1753989573523384066 duration=125988922155 proposeTs=1753989447534461911 sn=47
03:19:33.566 INF Statistics commitTs=1753989573520610526 duration=125774860266 proposeTs=1753989447745750260 sn=38
03:19:33.566 INF Statistics commitTs=1753989573523214759 duration=125988752848 proposeTs=1753989447534461911 sn=49
03:19:33.566 INF Statistics commitTs=1753989573520662920 duration=125774912660 proposeTs=1753989447745750260 sn=40
03:19:33.566 INF Statistics commitTs=1753989573523236023 duration=125988774112 proposeTs=1753989447534461911 sn=51
03:19:33.566 INF Statistics commitTs=1753989573520613704 duration=125774863444 proposeTs=1753989447745750260 sn=42
03:19:33.566 INF Median commit time commit=125988774112 segID=1
03:19:33.566 INF Statistics commitTs=1753989573520666985 duration=125774916725 proposeTs=1753989447745750260 sn=44
03:19:33.566 INF Statistics commitTs=1753989573520591607 duration=125774841347 proposeTs=1753989447745750260 sn=46
03:19:33.566 INF Statistics commitTs=1753989573520669197 duration=125774918937 proposeTs=1753989447745750260 sn=48
03:19:33.566 INF Statistics commitTs=1753989573520598456 duration=125774848196 proposeTs=1753989447745750260 sn=50
03:19:33.566 INF Statistics commitTs=1753989573520661371 duration=125774911111 proposeTs=1753989447745750260 sn=52
03:19:33.566 INF Median commit time commit=125774908834 segID=2
03:19:33.571 INF PbftOrderer received a new segment: [54 57 60 63 66 69 72 75 78 81 84 87 90 93 96 99] first leader=1 firstSN=54 lastSN=99 len=16 length=16 segId=4
03:19:33.876 INF Starting new view. segID=4 timeout=120000 view=0
03:19:33.877 INF Advanced timeout advanced=125774908834 initial=1000000000
03:19:33.877 INF Advanced timeout advanced=126774908834 initial=1000000000
03:19:33.877 INF Advanced timeout advanced=127774908834 initial=1000000000
03:19:33.877 INF Advanced timeout advanced=128774908834 initial=1000000000
03:19:33.877 INF Advanced timeout advanced=129774908834 initial=1000000000
03:19:33.877 INF Advanced timeout advanced=130774908834 initial=1000000000
03:19:33.877 INF Advanced timeout advanced=131774908834 initial=1000000000
03:19:33.877 INF Advanced timeout advanced=132774908834 initial=1000000000
03:19:33.877 INF Advanced timeout advanced=133774908834 initial=1000000000
03:19:33.877 INF Advanced timeout advanced=134774908834 initial=1000000000
03:19:33.877 INF Advanced timeout advanced=135774908834 initial=1000000000
03:19:33.877 INF Advanced timeout advanced=136774908834 initial=1000000000
03:19:33.877 INF Advanced timeout advanced=137774908834 initial=1000000000
03:19:33.877 INF Advanced timeout advanced=138774908834 initial=1000000000
03:19:33.877 INF Advanced timeout advanced=139774908834 initial=1000000000
03:19:33.877 INF Advanced timeout advanced=140774908834 initial=1000000000
03:19:33.878 INF Starting PBFT instance. first=54 last=99 segID=4
03:19:33.878 INF Starting serialized message processing. segID=4
03:19:33.878 INF PbftOrderer received a new segment: [55 58 61 64 67 70 73 76 79 82 85 88 91 94 97 100] first leader=2 firstSN=55 lastSN=100 len=16 length=16 segId=5
03:19:34.171 INF Starting new view. segID=5 timeout=120000 view=0
03:19:34.172 INF Advanced timeout advanced=125774908834 initial=1000000000
03:19:34.172 INF Advanced timeout advanced=126774908834 initial=1000000000
03:19:34.172 INF Advanced timeout advanced=127774908834 initial=1000000000
03:19:34.172 INF Advanced timeout advanced=128774908834 initial=1000000000
03:19:34.172 INF Advanced timeout advanced=129774908834 initial=1000000000
03:19:34.172 INF Advanced timeout advanced=130774908834 initial=1000000000
03:19:34.172 INF Advanced timeout advanced=131774908834 initial=1000000000
03:19:34.172 INF Advanced timeout advanced=132774908834 initial=1000000000
03:19:34.172 INF Advanced timeout advanced=133774908834 initial=1000000000
03:19:34.172 INF Advanced timeout advanced=134774908834 initial=1000000000
03:19:34.172 INF Advanced timeout advanced=135774908834 initial=1000000000
03:19:34.172 INF Advanced timeout advanced=136774908834 initial=1000000000
03:19:34.172 INF Advanced timeout advanced=137774908834 initial=1000000000
03:19:34.172 INF Advanced timeout advanced=138774908834 initial=1000000000
03:19:34.172 INF Advanced timeout advanced=139774908834 initial=1000000000
03:19:34.172 INF Advanced timeout advanced=140774908834 initial=1000000000
03:19:34.173 INF Starting PBFT instance. first=55 last=100 segID=5
03:19:34.173 INF PbftOrderer received a new segment: [53 56 59 62 65 68 71 74 77 80 83 86 89 92 95 98] first leader=0 firstSN=53 lastSN=98 len=16 length=16 segId=3
03:19:34.183 INF Starting serialized message processing. segID=5
03:19:34.184 INF fuck1 epoch change time (ms)=653
03:19:34.494 INF Starting new view. segID=3 timeout=120000 view=0
03:19:34.494 INF Advanced timeout advanced=125774908834 initial=1000000000
03:19:34.494 INF Advanced timeout advanced=126774908834 initial=1000000000
03:19:34.494 INF Advanced timeout advanced=127774908834 initial=1000000000
03:19:34.494 INF Advanced timeout advanced=128774908834 initial=1000000000
03:19:34.494 INF Advanced timeout advanced=129774908834 initial=1000000000
03:19:34.494 INF Advanced timeout advanced=130774908834 initial=1000000000
03:19:34.494 INF Advanced timeout advanced=131774908834 initial=1000000000
03:19:34.494 INF Advanced timeout advanced=132774908834 initial=1000000000
03:19:34.494 INF Advanced timeout advanced=133774908834 initial=1000000000
03:19:34.494 INF Advanced timeout advanced=134774908834 initial=1000000000
03:19:34.494 INF Advanced timeout advanced=135774908834 initial=1000000000
03:19:34.495 INF Advanced timeout advanced=136774908834 initial=1000000000
03:19:34.495 INF Advanced timeout advanced=137774908834 initial=1000000000
03:19:34.495 INF Advanced timeout advanced=138774908834 initial=1000000000
03:19:34.495 INF Advanced timeout advanced=139774908834 initial=1000000000
03:19:34.495 INF Advanced timeout advanced=140774908834 initial=1000000000
03:19:34.495 INF Starting PBFT instance. first=53 last=98 segID=3
03:19:34.495 INF Starting serialized message processing. segID=3
03:19:35.264 INF Handling PREPREPARE. nReq=1028 senderID=0 sn=53
03:19:35.294 INF Committed entry. latency=0 nReq=1028 sn=53
03:19:35.294 INF Delivered batch. nReq=1028 sn=53
03:19:35.408 INF Handling PREPREPARE. nReq=4096 senderID=1 sn=54
03:19:35.498 INF Committed entry. latency=0 nReq=4096 sn=54
03:19:35.499 INF Delivered batch. nReq=4096 sn=54
03:19:35.610 INF Handling PREPREPARE. nReq=1118 senderID=2 sn=55
03:19:35.637 INF Committed entry. latency=0 nReq=1118 sn=55
03:19:35.637 INF Delivered batch. nReq=1118 sn=55
03:19:36.221 INF Handling PREPREPARE. nReq=317 senderID=0 sn=56
03:19:36.239 INF Committed entry. latency=0 nReq=317 sn=56
03:19:36.239 INF Delivered batch. nReq=317 sn=56
03:19:36.384 INF Handling PREPREPARE. nReq=1105 senderID=1 sn=57
03:19:36.409 INF Committed entry. latency=0 nReq=1105 sn=57
03:19:36.409 INF Delivered batch. nReq=1105 sn=57
03:19:36.598 INF Handling PREPREPARE. nReq=440 senderID=2 sn=58
03:19:36.621 INF Committed entry. latency=0 nReq=440 sn=58
03:19:36.621 INF Delivered batch. nReq=440 sn=58
03:19:37.216 INF Handling PREPREPARE. nReq=308 senderID=0 sn=59
03:19:37.238 INF Committed entry. latency=0 nReq=308 sn=59
03:19:37.238 INF Delivered batch. nReq=308 sn=59
03:19:37.401 INF Handling PREPREPARE. nReq=1293 senderID=1 sn=60
03:19:37.432 INF Committed entry. latency=0 nReq=1293 sn=60
03:19:37.433 INF Delivered batch. nReq=1293 sn=60
03:19:37.630 INF Handling PREPREPARE. nReq=860 senderID=2 sn=61
03:19:37.653 INF Committed entry. latency=0 nReq=860 sn=61
03:19:37.653 INF Delivered batch. nReq=860 sn=61
03:19:38.225 INF Handling PREPREPARE. nReq=286 senderID=0 sn=62
03:19:38.243 INF Committed entry. latency=0 nReq=286 sn=62
03:19:38.243 INF Delivered batch. nReq=286 sn=62
03:19:38.381 INF Handling PREPREPARE. nReq=1246 senderID=1 sn=63
03:19:38.411 INF Committed entry. latency=0 nReq=1246 sn=63
03:19:38.412 INF Delivered batch. nReq=1246 sn=63
03:19:38.649 INF Handling PREPREPARE. nReq=1769 senderID=2 sn=64
03:19:38.684 INF Committed entry. latency=0 nReq=1769 sn=64
03:19:38.684 INF Delivered batch. nReq=1769 sn=64
03:19:39.236 INF Handling PREPREPARE. nReq=485 senderID=0 sn=65
03:19:39.252 INF Committed entry. latency=0 nReq=485 sn=65
03:19:39.252 INF Delivered batch. nReq=485 sn=65
03:19:39.403 INF Handling PREPREPARE. nReq=1718 senderID=1 sn=66
03:19:39.440 INF Committed entry. latency=0 nReq=1718 sn=66
03:19:39.440 INF Delivered batch. nReq=1718 sn=66
03:19:39.660 INF Handling PREPREPARE. nReq=2040 senderID=2 sn=67
03:19:39.708 INF Committed entry. latency=0 nReq=2040 sn=67
03:19:39.708 INF Delivered batch. nReq=2040 sn=67
03:19:40.240 INF Handling PREPREPARE. nReq=474 senderID=0 sn=68
03:19:40.263 INF Committed entry. latency=0 nReq=474 sn=68
03:19:40.263 INF Delivered batch. nReq=474 sn=68
03:19:40.397 INF Handling PREPREPARE. nReq=1620 senderID=1 sn=69
03:19:40.429 INF Committed entry. latency=0 nReq=1620 sn=69
03:19:40.430 INF Delivered batch. nReq=1620 sn=69
03:19:40.642 INF Handling PREPREPARE. nReq=1264 senderID=2 sn=70
03:19:40.672 INF Committed entry. latency=0 nReq=1264 sn=70
03:19:40.672 INF Delivered batch. nReq=1264 sn=70
03:19:41.226 INF Handling PREPREPARE. nReq=279 senderID=0 sn=71
03:19:41.244 INF Committed entry. latency=0 nReq=279 sn=71
03:19:41.244 INF Delivered batch. nReq=279 sn=71
03:19:41.380 INF Handling PREPREPARE. nReq=1285 senderID=1 sn=72
03:19:41.410 INF Committed entry. latency=0 nReq=1285 sn=72
03:19:41.410 INF Delivered batch. nReq=1285 sn=72
03:19:41.669 INF Handling PREPREPARE. nReq=1472 senderID=2 sn=73
03:19:41.702 INF Committed entry. latency=0 nReq=1472 sn=73
03:19:41.702 INF Delivered batch. nReq=1472 sn=73
03:19:42.232 INF Handling PREPREPARE. nReq=382 senderID=0 sn=74
03:19:42.244 INF Committed entry. latency=0 nReq=382 sn=74
03:19:42.244 INF Delivered batch. nReq=382 sn=74
03:19:42.412 INF Handling PREPREPARE. nReq=1612 senderID=1 sn=75
03:19:42.449 INF Committed entry. latency=0 nReq=1612 sn=75
03:19:42.449 INF Delivered batch. nReq=1612 sn=75
03:19:42.690 INF Handling PREPREPARE. nReq=2422 senderID=2 sn=76
03:19:42.734 INF Committed entry. latency=0 nReq=2422 sn=76
03:19:42.735 INF Delivered batch. nReq=2422 sn=76
03:19:43.251 INF Handling PREPREPARE. nReq=518 senderID=0 sn=77
03:19:43.273 INF Committed entry. latency=0 nReq=518 sn=77
03:19:43.273 INF Delivered batch. nReq=518 sn=77
03:19:43.415 INF Handling PREPREPARE. nReq=1629 senderID=1 sn=78
03:19:43.455 INF Committed entry. latency=0 nReq=1629 sn=78
03:19:43.455 INF Delivered batch. nReq=1629 sn=78
03:19:43.651 INF Handling PREPREPARE. nReq=1319 senderID=2 sn=79
03:19:43.687 INF Committed entry. latency=0 nReq=1319 sn=79
03:19:43.688 INF Delivered batch. nReq=1319 sn=79
03:19:44.223 INF Handling PREPREPARE. nReq=305 senderID=0 sn=80
03:19:44.244 INF Committed entry. latency=0 nReq=305 sn=80
03:19:44.244 INF Delivered batch. nReq=305 sn=80
03:19:44.365 INF Handling PREPREPARE. nReq=838 senderID=1 sn=81
03:19:44.393 INF Committed entry. latency=0 nReq=838 sn=81
03:19:44.393 INF Delivered batch. nReq=838 sn=81
03:19:44.657 INF Handling PREPREPARE. nReq=1444 senderID=2 sn=82
03:19:44.685 INF Committed entry. latency=0 nReq=1444 sn=82
03:19:44.685 INF Delivered batch. nReq=1444 sn=82
03:19:45.295 INF Handling PREPREPARE. nReq=1166 senderID=0 sn=83
03:19:45.320 INF Committed entry. latency=0 nReq=1166 sn=83
03:19:45.320 INF Delivered batch. nReq=1166 sn=83
03:19:45.353 INF Handling PREPREPARE. nReq=761 senderID=1 sn=84
03:19:45.371 INF Committed entry. latency=0 nReq=761 sn=84
03:19:45.371 INF Delivered batch. nReq=761 sn=84
03:19:45.676 INF Handling PREPREPARE. nReq=1866 senderID=2 sn=85
03:19:45.715 INF Committed entry. latency=0 nReq=1866 sn=85
03:19:45.716 INF Delivered batch. nReq=1866 sn=85
03:19:46.224 INF Handling PREPREPARE. nReq=529 senderID=0 sn=86
03:19:46.240 INF Committed entry. latency=0 nReq=529 sn=86
03:19:46.240 INF Delivered batch. nReq=529 sn=86
03:19:46.335 INF Handling PREPREPARE. nReq=0 senderID=1 sn=87
03:19:46.340 INF Committed entry. latency=0 nReq=0 sn=87
03:19:46.340 INF Delivered batch. nReq=0 sn=87
03:19:46.595 INF Handling PREPREPARE. nReq=0 senderID=2 sn=88
03:19:46.599 INF Committed entry. latency=0 nReq=0 sn=88
03:19:46.599 INF Delivered batch. nReq=0 sn=88
03:19:47.274 INF Handling PREPREPARE. nReq=764 senderID=0 sn=89
03:19:47.310 INF Committed entry. latency=0 nReq=764 sn=89
03:19:47.310 INF Delivered batch. nReq=764 sn=89
03:19:47.336 INF Handling PREPREPARE. nReq=0 senderID=1 sn=90
03:19:47.341 INF Committed entry. latency=0 nReq=0 sn=90
03:19:47.342 INF Delivered batch. nReq=0 sn=90
03:19:47.596 INF Handling PREPREPARE. nReq=0 senderID=2 sn=91
03:19:47.601 INF Committed entry. latency=0 nReq=0 sn=91
03:19:47.601 INF Delivered batch. nReq=0 sn=91
03:19:48.340 INF Handling PREPREPARE. nReq=0 senderID=1 sn=93
03:19:48.344 INF Committed entry. latency=0 nReq=0 sn=93
03:19:48.368 INF Handling PREPREPARE. nReq=2645 senderID=0 sn=92
03:19:48.429 INF Committed entry. latency=0 nReq=2645 sn=92
03:19:48.429 INF Delivered batch. nReq=2645 sn=92
03:19:48.431 INF Delivered batch. nReq=0 sn=93
03:19:48.596 INF Handling PREPREPARE. nReq=0 senderID=2 sn=94
03:19:48.603 INF Committed entry. latency=0 nReq=0 sn=94
03:19:48.603 INF Delivered batch. nReq=0 sn=94
03:19:49.292 INF Handling PREPREPARE. nReq=877 senderID=0 sn=95
03:19:49.323 INF Committed entry. latency=0 nReq=877 sn=95
03:19:49.323 INF Delivered batch. nReq=877 sn=95
03:19:49.349 INF Handling PREPREPARE. nReq=0 senderID=1 sn=96
03:19:49.350 INF Committed entry. latency=0 nReq=0 sn=96
03:19:49.350 INF Delivered batch. nReq=0 sn=96
03:19:49.598 INF Handling PREPREPARE. nReq=0 senderID=2 sn=97
03:19:49.604 INF Committed entry. latency=0 nReq=0 sn=97
03:19:49.605 INF Delivered batch. nReq=0 sn=97
03:19:50.317 INF Handling PREPREPARE. nReq=1420 senderID=0 sn=98
03:19:50.343 INF Handling PREPREPARE. nReq=0 senderID=1 sn=99
03:19:50.349 INF Committed entry. latency=0 nReq=0 sn=99
03:19:50.349 INF Sending segment checkpoint. lastSn=99 segID=4
03:19:50.354 INF PBFT checkpoint ready. Scheduling catchup. lastSn=99 segID=4
03:19:50.367 INF Committed entry. latency=0 nReq=1420 sn=98
03:19:50.367 INF Delivered batch. nReq=1420 sn=98
03:19:50.367 INF Delivered batch. nReq=0 sn=99
03:19:50.367 INF Sending segment checkpoint. lastSn=98 segID=3
03:19:50.368 INF PBFT checkpoint ready. Scheduling catchup. lastSn=98 segID=3
03:19:50.598 INF Handling PREPREPARE. nReq=0 senderID=2 sn=100
03:19:50.604 INF Committed entry. latency=0 nReq=0 sn=100
03:19:50.604 INF Delivered batch. nReq=0 sn=100
03:19:50.604 INF Sending segment checkpoint. lastSn=100 segID=5
03:19:50.612 INF PBFT checkpoint ready. Scheduling catchup. lastSn=100 segID=5
03:19:50.624 INF fuck! epoch=192 epoch time (ms)=16420 leaders=4 viewtimeout=120000
03:19:50.625 INF Epoch finished. Waiting for stable checkpoint. sn=100
03:19:50.643 INF New stable checkpoint. sn=100
03:19:50.644 INF Closing message serializers. segID=3
03:19:50.644 INF Received stable checkpoint notification. sn=100
03:19:50.644 INF Statistics commitTs=1753989575291678721 duration=26979045 proposeTs=1753989575264699676 sn=53
03:19:50.644 INF Epoch end confirmed. chkpSn=100
03:19:50.644 INF Statistics commitTs=1753989576238648387 duration=17293250 proposeTs=1753989576221355137 sn=56
03:19:50.644 INF Advancing watermarks. numEntries=48
03:19:50.644 INF Statistics commitTs=1753989577237086640 duration=20926774 proposeTs=1753989577216159866 sn=59
03:19:50.645 INF Statistics commitTs=1753989578242920036 duration=17058372 proposeTs=1753989578225861664 sn=62
03:19:50.645 INF Statistics commitTs=1753989579251701544 duration=15050068 proposeTs=1753989579236651476 sn=65
03:19:50.645 INF Statistics commitTs=1753989580262832127 duration=22260614 proposeTs=1753989580240571513 sn=68
03:19:50.646 INF Statistics commitTs=1753989581243399064 duration=17008255 proposeTs=1753989581226390809 sn=71
03:19:50.646 INF Statistics commitTs=1753989582244360941 duration=11538386 proposeTs=1753989582232822555 sn=74
03:19:50.648 INF Closing message serializers. segID=4
03:19:50.648 INF Statistics commitTs=1753989575492447444 duration=84441410 proposeTs=1753989575408006034 sn=54
03:19:50.648 INF Statistics commitTs=1753989576407893391 duration=23662179 proposeTs=1753989576384231212 sn=57
03:19:50.648 INF Statistics commitTs=1753989577430792948 duration=29800259 proposeTs=1753989577400992689 sn=60
03:19:50.649 INF Statistics commitTs=1753989578410364267 duration=28414074 proposeTs=1753989578381950193 sn=63
03:19:50.649 INF Statistics commitTs=1753989579438796809 duration=35343970 proposeTs=1753989579403452839 sn=66
03:19:50.649 INF Statistics commitTs=1753989580428568058 duration=30865506 proposeTs=1753989580397702552 sn=69
03:19:50.649 INF Statistics commitTs=1753989581409114642 duration=28465303 proposeTs=1753989581380649339 sn=72
03:19:50.649 INF Statistics commitTs=1753989582447888950 duration=35602575 proposeTs=1753989582412286375 sn=75
03:19:50.650 INF Statistics commitTs=1753989583453604775 duration=38148608 proposeTs=1753989583415456167 sn=78
03:19:50.650 INF Statistics commitTs=1753989584392244002 duration=26803940 proposeTs=1753989584365440062 sn=81
03:19:50.650 INF Statistics commitTs=1753989585370690129 duration=17337685 proposeTs=1753989585353352444 sn=84
03:19:50.650 INF Statistics commitTs=1753989586340561665 duration=4841004 proposeTs=1753989586335720661 sn=87
03:19:50.650 INF Statistics commitTs=1753989587341758486 duration=4978187 proposeTs=1753989587336780299 sn=90
03:19:50.651 INF Statistics commitTs=1753989588344173958 duration=3825778 proposeTs=1753989588340348180 sn=93
03:19:50.651 INF Statistics commitTs=1753989589350107647 duration=232859 proposeTs=1753989589349874788 sn=96
03:19:50.651 INF Statistics commitTs=1753989590349372710 duration=5585739 proposeTs=1753989590343786971 sn=99
03:19:50.646 INF Statistics commitTs=1753989583272942054 duration=21024595 proposeTs=1753989583251917459 sn=77
03:19:50.651 INF Closing message serializers. segID=5
03:19:50.651 INF Median commit time commit=28414074 segID=4
03:19:50.652 INF Statistics commitTs=1753989584243719767 duration=20160760 proposeTs=1753989584223559007 sn=80
03:19:50.652 INF Statistics commitTs=1753989575636845769 duration=26069137 proposeTs=1753989575610776632 sn=55
03:19:50.652 INF Statistics commitTs=1753989576621240538 duration=22885343 proposeTs=1753989576598355195 sn=58
03:19:50.652 INF Statistics commitTs=1753989585318377980 duration=22681151 proposeTs=1753989585295696829 sn=83
03:19:50.652 INF Statistics commitTs=1753989577652558985 duration=22462456 proposeTs=1753989577630096529 sn=61
03:19:50.652 INF Statistics commitTs=1753989586239279024 duration=15340014 proposeTs=1753989586223939010 sn=86
03:19:50.652 INF Statistics commitTs=1753989578682362663 duration=32490357 proposeTs=1753989578649872306 sn=64
03:19:50.652 INF Statistics commitTs=1753989587309390769 duration=34508551 proposeTs=1753989587274882218 sn=89
03:19:50.652 INF Statistics commitTs=1753989579706880688 duration=46400069 proposeTs=1753989579660480619 sn=67
03:19:50.653 INF Statistics commitTs=1753989580671229606 duration=28782032 proposeTs=1753989580642447574 sn=70
03:19:50.653 INF Statistics commitTs=1753989588422697512 duration=53825368 proposeTs=1753989588368872144 sn=92
03:19:50.653 INF Statistics commitTs=1753989581700504703 duration=31396883 proposeTs=1753989581669107820 sn=73
03:19:50.653 INF Statistics commitTs=1753989589322036457 duration=29992772 proposeTs=1753989589292043685 sn=95
03:19:50.653 INF Statistics commitTs=1753989582733433279 duration=42500142 proposeTs=1753989582690933137 sn=76
03:19:50.653 INF Statistics commitTs=1753989590365170701 duration=47483842 proposeTs=1753989590317686859 sn=98
03:19:50.653 INF Statistics commitTs=1753989583686946674 duration=35669321 proposeTs=1753989583651277353 sn=79
03:19:50.653 INF Median commit time commit=21024595 segID=3
03:19:50.653 INF Statistics commitTs=1753989584683419383 duration=25908988 proposeTs=1753989584657510395 sn=82
03:19:50.653 INF Statistics commitTs=1753989585714084905 duration=37586633 proposeTs=1753989585676498272 sn=85
03:19:50.654 INF Statistics commitTs=1753989586599496585 duration=4139970 proposeTs=1753989586595356615 sn=88
03:19:50.654 INF Statistics commitTs=1753989587601527921 duration=5055875 proposeTs=1753989587596472046 sn=91
03:19:50.654 INF Statistics commitTs=1753989588603208554 duration=6282669 proposeTs=1753989588596925885 sn=94
03:19:50.654 INF Statistics commitTs=1753989589604695398 duration=6523646 proposeTs=1753989589598171752 sn=97
03:19:50.654 INF Statistics commitTs=1753989590604188246 duration=5401244 proposeTs=1753989590598787002 sn=100
03:19:50.654 INF Median commit time commit=26069137 segID=5
03:19:50.924 INF PbftOrderer received a new segment: [102 106 110 114 118 122 126 130 134 138 142 146 150 154 158 162] first leader=1 firstSN=102 lastSN=162 len=16 length=16 segId=7
03:19:51.686 INF Starting new view. segID=7 timeout=120000 view=0
03:19:51.686 INF Advanced timeout advanced=26069137 initial=1000000000
03:19:51.686 INF Advanced timeout advanced=1026069137 initial=1000000000
03:19:51.686 INF Advanced timeout advanced=2026069137 initial=1000000000
03:19:51.686 INF Advanced timeout advanced=3026069137 initial=1000000000
03:19:51.686 INF Advanced timeout advanced=4026069137 initial=1000000000
03:19:51.686 INF Advanced timeout advanced=5026069137 initial=1000000000
03:19:51.687 INF Advanced timeout advanced=6026069137 initial=1000000000
03:19:51.688 INF Advanced timeout advanced=7026069137 initial=1000000000
03:19:51.688 INF Advanced timeout advanced=8026069137 initial=1000000000
03:19:51.688 INF Advanced timeout advanced=9026069137 initial=1000000000
03:19:51.688 INF Advanced timeout advanced=10026069137 initial=1000000000
03:19:51.688 INF Advanced timeout advanced=11026069137 initial=1000000000
03:19:51.688 INF Advanced timeout advanced=12026069137 initial=1000000000
03:19:51.688 INF Advanced timeout advanced=13026069137 initial=1000000000
03:19:51.688 INF Advanced timeout advanced=14026069137 initial=1000000000
03:19:51.688 INF Advanced timeout advanced=15026069137 initial=1000000000
03:19:51.690 INF Starting PBFT instance. first=102 last=162 segID=7
03:19:51.690 INF PbftOrderer received a new segment: [103 107 111 115 119 123 127 131 135 139 143 147 151 155 159 163] first leader=2 firstSN=103 lastSN=163 len=16 length=16 segId=8
03:19:51.690 INF Starting serialized message processing. segID=7
03:19:52.505 INF Starting new view. segID=8 timeout=120000 view=0
03:19:52.505 INF Advanced timeout advanced=26069137 initial=1000000000
03:19:52.506 INF Advanced timeout advanced=1026069137 initial=1000000000
03:19:52.506 INF Advanced timeout advanced=2026069137 initial=1000000000
03:19:52.506 INF Advanced timeout advanced=3026069137 initial=1000000000
03:19:52.506 INF Advanced timeout advanced=4026069137 initial=1000000000
03:19:52.506 INF Advanced timeout advanced=5026069137 initial=1000000000
03:19:52.506 INF Advanced timeout advanced=6026069137 initial=1000000000
03:19:52.506 INF Advanced timeout advanced=7026069137 initial=1000000000
03:19:52.506 INF Advanced timeout advanced=8026069137 initial=1000000000
03:19:52.506 INF Advanced timeout advanced=9026069137 initial=1000000000
03:19:52.506 INF Advanced timeout advanced=10026069137 initial=1000000000
03:19:52.506 INF Advanced timeout advanced=11026069137 initial=1000000000
03:19:52.506 INF Advanced timeout advanced=12026069137 initial=1000000000
03:19:52.507 INF Advanced timeout advanced=13026069137 initial=1000000000
03:19:52.507 INF Advanced timeout advanced=14026069137 initial=1000000000
03:19:52.507 INF Advanced timeout advanced=15026069137 initial=1000000000
03:19:52.507 INF Starting PBFT instance. first=103 last=163 segID=8
03:19:52.507 INF Starting serialized message processing. segID=8
03:19:52.507 INF PbftOrderer received a new segment: [104 108 112 116 120 124 128 132 136 140 144 148 152 156 160 164] first leader=3 firstSN=104 lastSN=164 len=16 length=16 segId=9
03:19:52.915 INF Handling PREPREPARE. nReq=1293 senderID=2 sn=103
03:19:53.164 INF Starting new view. segID=9 timeout=120000 view=0
03:19:53.164 INF Advanced timeout advanced=26069137 initial=1000000000
03:19:53.164 INF Advanced timeout advanced=1026069137 initial=1000000000
03:19:53.164 INF Advanced timeout advanced=2026069137 initial=1000000000
03:19:53.164 INF Advanced timeout advanced=3026069137 initial=1000000000
03:19:53.164 INF Advanced timeout advanced=4026069137 initial=1000000000
03:19:53.165 INF Advanced timeout advanced=5026069137 initial=1000000000
03:19:53.165 INF Advanced timeout advanced=6026069137 initial=1000000000
03:19:53.165 INF Advanced timeout advanced=7026069137 initial=1000000000
03:19:53.165 INF Advanced timeout advanced=8026069137 initial=1000000000
03:19:53.165 INF Advanced timeout advanced=9026069137 initial=1000000000
03:19:53.165 INF Advanced timeout advanced=10026069137 initial=1000000000
03:19:53.165 INF Advanced timeout advanced=11026069137 initial=1000000000
03:19:53.165 INF Advanced timeout advanced=12026069137 initial=1000000000
03:19:53.165 INF Advanced timeout advanced=13026069137 initial=1000000000
03:19:53.165 INF Advanced timeout advanced=14026069137 initial=1000000000
03:19:53.165 INF Advanced timeout advanced=15026069137 initial=1000000000
03:19:53.166 INF Starting PBFT instance. first=104 last=164 segID=9
03:19:53.166 INF Starting serialized message processing. segID=9
03:19:53.166 INF fuck1 epoch change time (ms)=2562
03:19:53.166 INF PbftOrderer received a new segment: [101 105 109 113 117 121 125 129 133 137 141 145 149 153 157 161] first leader=0 firstSN=101 lastSN=161 len=16 length=16 segId=6
03:19:53.256 INF Committed entry. latency=0 nReq=1293 sn=103
03:19:53.672 INF Starting new view. segID=6 timeout=120000 view=0
03:19:53.672 INF Advanced timeout advanced=26069137 initial=1000000000
03:19:53.672 INF Advanced timeout advanced=1026069137 initial=1000000000
03:19:53.672 INF Advanced timeout advanced=2026069137 initial=1000000000
03:19:53.673 INF Advanced timeout advanced=3026069137 initial=1000000000
03:19:53.673 INF Advanced timeout advanced=4026069137 initial=1000000000
03:19:53.673 INF Advanced timeout advanced=5026069137 initial=1000000000
03:19:53.673 INF Advanced timeout advanced=6026069137 initial=1000000000
03:19:53.673 INF Advanced timeout advanced=7026069137 initial=1000000000
03:19:53.673 INF Advanced timeout advanced=8026069137 initial=1000000000
03:19:53.673 INF Advanced timeout advanced=9026069137 initial=1000000000
03:19:53.673 INF Advanced timeout advanced=10026069137 initial=1000000000
03:19:53.673 INF Advanced timeout advanced=11026069137 initial=1000000000
03:19:53.673 INF Advanced timeout advanced=12026069137 initial=1000000000
03:19:53.673 INF Advanced timeout advanced=13026069137 initial=1000000000
03:19:53.673 INF Advanced timeout advanced=14026069137 initial=1000000000
03:19:53.673 INF Advanced timeout advanced=15026069137 initial=1000000000
03:19:53.673 INF Starting PBFT instance. first=101 last=161 segID=6
03:19:53.673 INF Starting serialized message processing. segID=6
03:19:53.674 INF Handling PREPREPARE. nReq=471 senderID=0 sn=101
03:19:53.682 INF Handling PREPREPARE. nReq=0 senderID=2 sn=107
03:19:53.686 INF Committed entry. latency=0 nReq=471 sn=101
03:19:53.686 INF Delivered batch. nReq=471 sn=101
03:19:53.690 INF Committed entry. latency=0 nReq=0 sn=107
03:19:53.741 INF Handling PREPREPARE. nReq=2190 senderID=1 sn=102
03:19:53.814 INF Committed entry. latency=0 nReq=2190 sn=102
03:19:53.815 INF Delivered batch. nReq=2190 sn=102
03:19:53.816 INF Delivered batch. nReq=1293 sn=103
03:19:53.823 INF Handling PREPREPARE. nReq=247 senderID=0 sn=105
03:19:53.834 INF Committed entry. latency=0 nReq=247 sn=105
03:19:54.591 INF Handling PREPREPARE. nReq=0 senderID=1 sn=106
03:19:54.598 INF Committed entry. latency=0 nReq=0 sn=106
03:19:54.670 INF Handling PREPREPARE. nReq=0 senderID=3 sn=104
03:19:54.677 INF Committed entry. latency=0 nReq=0 sn=104
03:19:54.677 INF Delivered batch. nReq=0 sn=104
03:19:54.677 INF Delivered batch. nReq=247 sn=105
03:19:54.678 INF Delivered batch. nReq=0 sn=106
03:19:54.678 INF Delivered batch. nReq=0 sn=107
03:19:54.683 INF Handling PREPREPARE. nReq=0 senderID=2 sn=111
03:19:54.688 INF Committed entry. latency=0 nReq=0 sn=111
03:19:54.789 INF Handling PREPREPARE. nReq=95 senderID=0 sn=109
03:19:54.798 INF Committed entry. latency=0 nReq=95 sn=109
03:19:55.592 INF Handling PREPREPARE. nReq=0 senderID=1 sn=110
03:19:55.598 INF Committed entry. latency=0 nReq=0 sn=110
03:19:55.672 INF Handling PREPREPARE. nReq=0 senderID=3 sn=108
03:19:55.680 INF Committed entry. latency=0 nReq=0 sn=108
03:19:55.680 INF Delivered batch. nReq=0 sn=108
03:19:55.680 INF Delivered batch. nReq=95 sn=109
03:19:55.680 INF Delivered batch. nReq=0 sn=110
03:19:55.680 INF Delivered batch. nReq=0 sn=111
03:19:55.691 INF Handling PREPREPARE. nReq=0 senderID=2 sn=115
03:19:55.697 INF Committed entry. latency=0 nReq=0 sn=115
03:19:55.817 INF Handling PREPREPARE. nReq=479 senderID=0 sn=113
03:19:55.840 INF Committed entry. latency=0 nReq=479 sn=113
03:19:56.593 INF Handling PREPREPARE. nReq=0 senderID=1 sn=114
03:19:56.598 INF Committed entry. latency=0 nReq=0 sn=114
03:19:56.673 INF Handling PREPREPARE. nReq=0 senderID=3 sn=112
03:19:56.679 INF Committed entry. latency=0 nReq=0 sn=112
03:19:56.679 INF Delivered batch. nReq=0 sn=112
03:19:56.680 INF Delivered batch. nReq=479 sn=113
03:19:56.680 INF Delivered batch. nReq=0 sn=114
03:19:56.680 INF Delivered batch. nReq=0 sn=115
03:19:56.713 INF Handling PREPREPARE. nReq=0 senderID=2 sn=119
03:19:56.717 INF Committed entry. latency=0 nReq=0 sn=119
03:19:56.785 INF Handling PREPREPARE. nReq=0 senderID=0 sn=117
03:19:56.790 INF Committed entry. latency=0 nReq=0 sn=117
03:19:57.594 INF Handling PREPREPARE. nReq=0 senderID=1 sn=118
03:19:57.602 INF Committed entry. latency=0 nReq=0 sn=118
03:19:57.673 INF Handling PREPREPARE. nReq=0 senderID=3 sn=116
03:19:57.681 INF Committed entry. latency=0 nReq=0 sn=116
03:19:57.681 INF Delivered batch. nReq=0 sn=116
03:19:57.681 INF Delivered batch. nReq=0 sn=117
03:19:57.681 INF Delivered batch. nReq=0 sn=118
03:19:57.682 INF Delivered batch. nReq=0 sn=119
03:19:57.706 INF Handling PREPREPARE. nReq=0 senderID=2 sn=123
03:19:57.711 INF Committed entry. latency=0 nReq=0 sn=123
03:19:57.787 INF Handling PREPREPARE. nReq=0 senderID=0 sn=121
03:19:57.792 INF Committed entry. latency=0 nReq=0 sn=121
03:19:57.862 INF Connection terminated. error="rpc error: code = Canceled desc = context canceled" address=127.0.0.1:57764
03:19:57.864 INF Finished sending bucket assignments to client. clId=0
03:19:58.385 INF Stopping profiler.
03:19:58.385 INF Stopping Tracer. events=1071 fileName=experiment-output/0000/slave-003/peer.trc
==================
WARNING: DATA RACE
Read at 0x00c000a36730 by goroutine 109:
  github.com/hyperledger-labs/mirbft/tracing.(*BufferedTrace).Stop()
      /opt/gopath/src/github.com/hyperledger-labs/mirbft/tracing/bufferedtrace.go:237 +0x30e
  github.com/hyperledger-labs/mirbft/tracing.(*BufferedTrace).StopOnSignal.func1()
      /opt/gopath/src/github.com/hyperledger-labs/mirbft/tracing/bufferedtrace.go:298 +0x4e

Previous write at 0x00c000a36730 by goroutine 108:
  github.com/hyperledger-labs/mirbft/tracing.(*BufferedTrace).Event()
      /opt/gopath/src/github.com/hyperledger-labs/mirbft/tracing/bufferedtrace.go:105 +0x2cd
  github.com/hyperledger-labs/mirbft/profiling.StartCPUTracing.func1()
      /opt/gopath/src/github.com/hyperledger-labs/mirbft/profiling/cpuusage.go:33 +0x95

Goroutine 109 (running) created at:
  github.com/hyperledger-labs/mirbft/tracing.(*BufferedTrace).StopOnSignal()
      /opt/gopath/src/github.com/hyperledger-labs/mirbft/tracing/bufferedtrace.go:292 +0x178
  main.setUpTracing()
      /opt/gopath/src/github.com/hyperledger-labs/mirbft/cmd/orderingpeer/main.go:408 +0xf5
  main.main()
      /opt/gopath/src/github.com/hyperledger-labs/mirbft/cmd/orderingpeer/main.go:110 +0x9e4
  runtime.deferreturn()
      /home/ubuntu/go/src/runtime/panic.go:476 +0x32
  main.main()
      /opt/gopath/src/github.com/hyperledger-labs/mirbft/cmd/orderingpeer/main.go:78 +0x56c

Goroutine 108 (running) created at:
  github.com/hyperledger-labs/mirbft/profiling.StartCPUTracing()
      /opt/gopath/src/github.com/hyperledger-labs/mirbft/profiling/cpuusage.go:30 +0xb9
  main.setUpTracing()
      /opt/gopath/src/github.com/hyperledger-labs/mirbft/cmd/orderingpeer/main.go:400 +0x85
  main.main()
      /opt/gopath/src/github.com/hyperledger-labs/mirbft/cmd/orderingpeer/main.go:110 +0x9e4
  runtime.deferreturn()
      /home/ubuntu/go/src/runtime/panic.go:476 +0x32
  main.main()
      /opt/gopath/src/github.com/hyperledger-labs/mirbft/cmd/orderingpeer/main.go:78 +0x56c
==================
03:19:58.390 INF Trace data written.
03:19:58.406 INF Profile data written. filename=experiment-output/0000/slave-003/prof.cpu name=cpu
03:19:58.434 INF Profile data written. filename=experiment-output/0000/slave-003/prof.block name=block
03:19:58.441 INF Profile data written. filename=experiment-output/0000/slave-003/prof.mutex name=mutex
