{"level":"debug","Logging":"info","time":"2026-04-29T15:55:09+08:00","message":"Config"}
{"level":"debug","UseTLS":false,"time":"2026-04-29T15:55:09+08:00","message":"Config"}
{"level":"debug","CACertFile":"tls-data/ca.pem","time":"2026-04-29T15:55:09+08:00","message":"Config"}
{"level":"debug","KeyFile":"tls-data/auth.key","time":"2026-04-29T15:55:09+08:00","message":"Config"}
{"level":"debug","CertFile":"tls-data/auth.pem","time":"2026-04-29T15:55:09+08:00","message":"Config"}
{"level":"debug","PriorityConnections":2,"time":"2026-04-29T15:55:09+08:00","message":"Config"}
{"level":"debug","BasicConnections":4,"time":"2026-04-29T15:55:09+08:00","message":"Config"}
{"level":"debug","TestConnections":false,"time":"2026-04-29T15:55:09+08:00","message":"Config"}
{"level":"debug","ExcessConnections":1,"time":"2026-04-29T15:55:09+08:00","message":"Config"}
{"level":"debug","ConnectionTestMsgs":4,"time":"2026-04-29T15:55:09+08:00","message":"Config"}
{"level":"debug","ConnectionTestPayload":131072,"time":"2026-04-29T15:55:09+08:00","message":"Config"}
{"level":"debug","OutMessageBufsize":1024,"time":"2026-04-29T15:55:09+08:00","message":"Config"}
{"level":"debug","OutMessageBufsize":1,"time":"2026-04-29T15:55:09+08:00","message":"Config"}
{"level":"debug","ThroughputCap":131072000,"time":"2026-04-29T15:55:09+08:00","message":"Config"}
{"level":"debug","StragglerTolerance":1000,"time":"2026-04-29T15:55:09+08:00","message":"Config"}
{"level":"debug","BatchSizeIncrement":256,"time":"2026-04-29T15:55:09+08:00","message":"Config"}
{"level":"debug","Orderer":"Pbft","time":"2026-04-29T15:55:09+08:00","message":"Config"}
{"level":"debug","Manager":"Mir","time":"2026-04-29T15:55:09+08:00","message":"Config"}
{"level":"debug","Failures":0,"time":"2026-04-29T15:55:09+08:00","message":"Config"}
{"level":"debug","CrashTiming":"EpochStart","time":"2026-04-29T15:55:09+08:00","message":"Config"}
{"level":"debug","CheckpointInterval":256,"time":"2026-04-29T15:55:09+08:00","message":"Config"}
{"level":"debug","WatermarkWindowSize":256,"time":"2026-04-29T15:55:09+08:00","message":"Config"}
{"level":"debug","EpochLength":256,"time":"2026-04-29T15:55:09+08:00","message":"Config"}
{"level":"debug","SegmentLength":64,"time":"2026-04-29T15:55:09+08:00","message":"Config"}
{"level":"debug","WaitForCheckpoints":true,"time":"2026-04-29T15:55:09+08:00","message":"Config"}
{"level":"debug","ClientWatermarkWindowSize":4194304,"time":"2026-04-29T15:55:09+08:00","message":"Config"}
{"level":"debug","ClientRequestBacklogSize":4194304,"time":"2026-04-29T15:55:09+08:00","message":"Config"}
{"level":"debug","RandomSeed":29575,"time":"2026-04-29T15:55:09+08:00","message":"Config"}
{"level":"debug","NodeToLeaderRatio":1,"time":"2026-04-29T15:55:09+08:00","message":"Config"}
{"level":"debug","LeaderPolicy":"Simple","time":"2026-04-29T15:55:09+08:00","message":"Config"}
{"level":"debug","DefaultLeaderBan":2,"time":"2026-04-29T15:55:09+08:00","message":"Config"}
{"level":"debug","NumBuckets":64,"time":"2026-04-29T15:55:09+08:00","message":"Config"}
{"level":"debug","BatchSize":4096,"time":"2026-04-29T15:55:09+08:00","message":"Config"}
{"level":"debug","BatchTimeoutMs":1000,"time":"2026-04-29T15:55:09+08:00","message":"Config"}
{"level":"debug","DisabledViewChange":false,"time":"2026-04-29T15:55:09+08:00","message":"Config"}
{"level":"debug","ViewChangeTimeout":60000,"time":"2026-04-29T15:55:09+08:00","message":"Config"}
{"level":"debug","ClientTraceSampling":10,"time":"2026-04-29T15:55:09+08:00","message":"Config"}
{"level":"debug","EventBufferSize":2097152,"time":"2026-04-29T15:55:09+08:00","message":"Config"}
{"level":"debug","TraceSampling":1,"time":"2026-04-29T15:55:09+08:00","message":"Config"}
{"level":"debug","ClientsPerProcess":1,"time":"2026-04-29T15:55:09+08:00","message":"Config"}
{"level":"debug","RequestsPerClient":3600000,"time":"2026-04-29T15:55:09+08:00","message":"Config"}
{"level":"debug","ClientRunTime":30000,"time":"2026-04-29T15:55:09+08:00","message":"Config"}
{"level":"debug","RequestRate":60000,"time":"2026-04-29T15:55:09+08:00","message":"Config"}
{"level":"debug","HardRequestRateLimit":false,"time":"2026-04-29T15:55:09+08:00","message":"Config"}
{"level":"debug","RequestPayloadSize":500,"time":"2026-04-29T15:55:09+08:00","message":"Config"}
{"level":"debug","SignRequests":true,"time":"2026-04-29T15:55:09+08:00","message":"Config"}
{"level":"debug","ClientPrivKeyFile":"tls-data/client-ecdsa-256.key","time":"2026-04-29T15:55:09+08:00","message":"Config"}
{"level":"debug","ClientPubKeyFile":"tls-data/client-ecdsa-256.pem","time":"2026-04-29T15:55:09+08:00","message":"Config"}
{"level":"debug","PrecomputeRequests":false,"time":"2026-04-29T15:55:09+08:00","message":"Config"}
{"level":"debug","RequestHandlerThreads":32,"time":"2026-04-29T15:55:09+08:00","message":"Config"}
{"level":"debug","RequestInputChannelBuffer":8192,"time":"2026-04-29T15:55:09+08:00","message":"Config"}
{"level":"debug","BatchVerifier":"external","time":"2026-04-29T15:55:09+08:00","message":"Config"}
15:55:09.117 INF Registered with discovery server. numPeers=4 ownID=0
15:55:09.117 INF Profiling enabled.
15:55:09.117 INF Setting up profiling.
15:55:09.117 INF Started Profiler: CPU
15:55:09.117 INF Started Profiler: BLOCK
15:55:09.117 INF Started Profiler: MUTEX
15:55:09.117 INF Profiler will stop on signal. exit=true
15:55:09.118 INF Tracing will stop on signal. exit=false
15:55:09.118 INF Started tracing. traceFile=experiment-output/0000/slave-004/peer.trc
15:55:09.119 INF Connecting to peer. addr=127.0.0.1:10022 basicConns=4 priorityConns=2
15:55:09.119 INF Connecting to peer. addr=127.0.0.1:10000 basicConns=4 priorityConns=2
15:55:09.119 INF Connecting to peer. addr=127.0.0.1:10033 basicConns=4 priorityConns=2
15:55:09.119 INF Connecting to peer. addr=127.0.0.1:10011 basicConns=4 priorityConns=2
15:55:09.119 INF Listening for connections. port=10000 useTLS=false
15:55:09.128 INF Incoming connection for protocol messages. addr=127.0.0.1:40322
15:55:09.132 INF Incoming connection for protocol messages. addr=127.0.0.1:40350
15:55:09.132 INF Incoming connection for protocol messages. addr=127.0.0.1:40346
15:55:09.133 INF Incoming connection for protocol messages. addr=127.0.0.1:40450
15:55:09.133 INF Incoming connection for protocol messages. addr=127.0.0.1:40354
15:55:09.131 INF Incoming connection for protocol messages. addr=127.0.0.1:40336
15:55:09.134 INF Incoming connection for protocol messages. addr=127.0.0.1:40434
15:55:09.135 INF Incoming connection for protocol messages. addr=127.0.0.1:40462
15:55:09.136 INF Incoming connection for protocol messages. addr=127.0.0.1:40386
15:55:09.136 INF Incoming connection for protocol messages. addr=127.0.0.1:40370
15:55:09.137 INF Incoming connection for protocol messages. addr=127.0.0.1:40494
15:55:09.138 INF Incoming connection for protocol messages. addr=127.0.0.1:40474
15:55:09.138 INF Incoming connection for protocol messages. addr=127.0.0.1:40506
15:55:09.138 INF Incoming connection for protocol messages. addr=127.0.0.1:40406
15:55:09.139 INF Incoming connection for protocol messages. addr=127.0.0.1:40420
15:55:09.140 INF Incoming connection for protocol messages. addr=127.0.0.1:40472
15:55:09.140 INF Incoming connection for protocol messages. addr=127.0.0.1:40396
15:55:09.141 INF Incoming connection for protocol messages. addr=127.0.0.1:40480
15:55:09.141 INF Incoming connection for protocol messages. addr=127.0.0.1:40540
15:55:09.141 INF Incoming connection for protocol messages. addr=127.0.0.1:40548
15:55:09.141 INF Incoming connection for protocol messages. addr=127.0.0.1:40516
15:55:09.142 INF Incoming connection for protocol messages. addr=127.0.0.1:40568
15:55:09.143 INF Incoming connection for protocol messages. addr=127.0.0.1:40554
15:55:09.144 INF Incoming connection for protocol messages. addr=127.0.0.1:40528
15:55:10.125 INF Connected to all peers.
15:55:10.131 INF All peers finished connecting. Starting ISS.
15:55:10.132 INF PbftOrderer received a new segment: [0 1 2 3 4 5 6 7 8 9 10 11 12 13 14 15 16 17 18 19 20 21 22 23 24 25 26 27 28 29 30 31 32 33 34 35 36 37 38 39 40 41 42 43 44 45 46 47 48 49 50 51 52 53 54 55 56 57 58 59 60 61 62 63] first leader=0 firstSN=0 lastSN=63 len=64 length=64 segId=0
15:55:10.171 INF Starting new view. segID=0 timeout=60000 view=0
15:55:10.172 INF Starting PBFT instance. first=0 last=63 segID=0
15:55:10.173 INF Starting serialized message processing. segID=0
15:55:11.173 INF Sending PREPREPARE. nReq=0 senderID=0 sn=0 view=0
15:55:11.183 INF Committed entry. latency=0 nReq=0 sn=0
15:55:11.183 INF Delivered batch. nReq=0 sn=0
15:55:12.174 INF Sending PREPREPARE. nReq=0 senderID=0 sn=1 view=0
15:55:12.178 INF Committed entry. latency=0 nReq=0 sn=1
15:55:12.178 INF Delivered batch. nReq=0 sn=1
15:55:12.192 INF Incoming connection for requests. addr=127.0.0.1:45286
15:55:12.604 INF Sending PREPREPARE. nReq=4096 senderID=0 sn=2 view=0
15:55:12.723 INF Committed entry. latency=0 nReq=4096 sn=2
15:55:12.723 INF Delivered batch. nReq=4096 sn=2
15:55:13.612 INF Sending PREPREPARE. nReq=2326 senderID=0 sn=3 view=0
15:55:13.700 INF Committed entry. latency=0 nReq=2326 sn=3
15:55:13.700 INF Delivered batch. nReq=2326 sn=3
15:55:14.603 INF Sending PREPREPARE. nReq=1014 senderID=0 sn=4 view=0
15:55:14.660 INF Committed entry. latency=0 nReq=1014 sn=4
15:55:14.660 INF Delivered batch. nReq=1014 sn=4
15:55:15.251 INF Sending PREPREPARE. nReq=4096 senderID=0 sn=5 view=0
15:55:15.361 INF Committed entry. latency=0 nReq=4096 sn=5
15:55:15.361 INF Delivered batch. nReq=4096 sn=5
15:55:16.257 INF Sending PREPREPARE. nReq=2328 senderID=0 sn=6 view=0
15:55:16.321 INF Committed entry. latency=0 nReq=2328 sn=6
15:55:16.321 INF Delivered batch. nReq=2328 sn=6
15:55:17.201 INF Sending PREPREPARE. nReq=4096 senderID=0 sn=7 view=0
15:55:17.318 INF Committed entry. latency=0 nReq=4096 sn=7
15:55:17.318 INF Delivered batch. nReq=4096 sn=7
15:55:18.211 INF Sending PREPREPARE. nReq=2306 senderID=0 sn=8 view=0
15:55:18.279 INF Committed entry. latency=0 nReq=2306 sn=8
15:55:18.279 INF Delivered batch. nReq=2306 sn=8
15:55:19.204 INF Sending PREPREPARE. nReq=1762 senderID=0 sn=9 view=0
15:55:19.274 INF Committed entry. latency=0 nReq=1762 sn=9
15:55:19.274 INF Delivered batch. nReq=1762 sn=9
15:55:20.012 INF Sending PREPREPARE. nReq=4096 senderID=0 sn=10 view=0
15:55:20.142 INF Committed entry. latency=0 nReq=4096 sn=10
15:55:20.142 INF Delivered batch. nReq=4096 sn=10
15:55:21.021 INF Sending PREPREPARE. nReq=2531 senderID=0 sn=11 view=0
15:55:21.100 INF Committed entry. latency=0 nReq=2531 sn=11
15:55:21.100 INF Delivered batch. nReq=2531 sn=11
15:55:22.013 INF Sending PREPREPARE. nReq=779 senderID=0 sn=12 view=0
15:55:22.065 INF Committed entry. latency=0 nReq=779 sn=12
15:55:22.065 INF Delivered batch. nReq=779 sn=12
15:55:22.610 INF Sending PREPREPARE. nReq=4096 senderID=0 sn=13 view=0
15:55:22.728 INF Committed entry. latency=0 nReq=4096 sn=13
15:55:22.728 INF Delivered batch. nReq=4096 sn=13
15:55:23.619 INF Sending PREPREPARE. nReq=2573 senderID=0 sn=14 view=0
15:55:23.709 INF Committed entry. latency=0 nReq=2573 sn=14
15:55:23.709 INF Delivered batch. nReq=2573 sn=14
15:55:24.613 INF Sending PREPREPARE. nReq=1666 senderID=0 sn=15 view=0
15:55:24.672 INF Committed entry. latency=0 nReq=1666 sn=15
15:55:24.672 INF Delivered batch. nReq=1666 sn=15
15:55:25.351 INF Sending PREPREPARE. nReq=4096 senderID=0 sn=16 view=0
15:55:25.458 INF Committed entry. latency=0 nReq=4096 sn=16
15:55:25.458 INF Delivered batch. nReq=4096 sn=16
15:55:26.356 INF Sending PREPREPARE. nReq=2570 senderID=0 sn=17 view=0
15:55:26.437 INF Committed entry. latency=0 nReq=2570 sn=17
15:55:26.437 INF Delivered batch. nReq=2570 sn=17
15:55:27.349 INF Sending PREPREPARE. nReq=1131 senderID=0 sn=18 view=0
15:55:27.415 INF Committed entry. latency=0 nReq=1131 sn=18
15:55:27.415 INF Delivered batch. nReq=1131 sn=18
15:55:27.883 INF Sending PREPREPARE. nReq=4096 senderID=0 sn=19 view=0
15:55:28.038 INF Committed entry. latency=0 nReq=4096 sn=19
15:55:28.039 INF Delivered batch. nReq=4096 sn=19
15:55:28.885 INF Sending PREPREPARE. nReq=2474 senderID=0 sn=20 view=0
15:55:28.945 INF Committed entry. latency=0 nReq=2474 sn=20
15:55:28.946 INF Delivered batch. nReq=2474 sn=20
15:55:29.887 INF Sending PREPREPARE. nReq=4090 senderID=0 sn=21 view=0
15:55:29.993 INF Committed entry. latency=0 nReq=4090 sn=21
15:55:29.993 INF Delivered batch. nReq=4090 sn=21
15:55:30.897 INF Sending PREPREPARE. nReq=2456 senderID=0 sn=22 view=0
15:55:30.972 INF Committed entry. latency=0 nReq=2456 sn=22
15:55:30.972 INF Delivered batch. nReq=2456 sn=22
15:55:31.890 INF Sending PREPREPARE. nReq=1783 senderID=0 sn=23 view=0
15:55:31.958 INF Committed entry. latency=0 nReq=1783 sn=23
15:55:31.959 INF Delivered batch. nReq=1783 sn=23
15:55:32.680 INF Sending PREPREPARE. nReq=4096 senderID=0 sn=24 view=0
15:55:32.778 INF Committed entry. latency=0 nReq=4096 sn=24
15:55:32.778 INF Delivered batch. nReq=4096 sn=24
15:55:33.683 INF Sending PREPREPARE. nReq=2295 senderID=0 sn=25 view=0
15:55:33.756 INF Committed entry. latency=0 nReq=2295 sn=25
15:55:33.756 INF Delivered batch. nReq=2295 sn=25
15:55:34.686 INF Sending PREPREPARE. nReq=2817 senderID=0 sn=26 view=0
15:55:34.831 INF Committed entry. latency=0 nReq=2817 sn=26
15:55:34.831 INF Delivered batch. nReq=2817 sn=26
15:55:35.687 INF Sending PREPREPARE. nReq=4042 senderID=0 sn=27 view=0
15:55:35.817 INF Committed entry. latency=0 nReq=4042 sn=27
15:55:35.817 INF Delivered batch. nReq=4042 sn=27
15:55:36.689 INF Sending PREPREPARE. nReq=2420 senderID=0 sn=28 view=0
15:55:36.761 INF Committed entry. latency=0 nReq=2420 sn=28
15:55:36.761 INF Delivered batch. nReq=2420 sn=28
15:55:37.687 INF Sending PREPREPARE. nReq=1194 senderID=0 sn=29 view=0
15:55:37.742 INF Committed entry. latency=0 nReq=1194 sn=29
15:55:37.742 INF Delivered batch. nReq=1194 sn=29
15:55:38.238 INF Sending PREPREPARE. nReq=4096 senderID=0 sn=30 view=0
15:55:38.361 INF Committed entry. latency=0 nReq=4096 sn=30
15:55:38.362 INF Delivered batch. nReq=4096 sn=30
15:55:39.243 INF Sending PREPREPARE. nReq=2335 senderID=0 sn=31 view=0
15:55:39.318 INF Committed entry. latency=0 nReq=2335 sn=31
15:55:39.318 INF Delivered batch. nReq=2335 sn=31
15:55:40.241 INF Sending PREPREPARE. nReq=2927 senderID=0 sn=32 view=0
15:55:40.369 INF Committed entry. latency=0 nReq=2927 sn=32
15:55:40.369 INF Delivered batch. nReq=2927 sn=32
15:55:41.244 INF Sending PREPREPARE. nReq=3510 senderID=0 sn=33 view=0
15:55:41.355 INF Committed entry. latency=0 nReq=3510 sn=33
15:55:41.355 INF Delivered batch. nReq=3510 sn=33
15:55:42.255 INF Sending PREPREPARE. nReq=2396 senderID=0 sn=34 view=0
15:55:42.335 INF Committed entry. latency=0 nReq=2396 sn=34
15:55:42.335 INF Delivered batch. nReq=2396 sn=34
15:55:43.201 INF Connection terminated. error="rpc error: code = Canceled desc = context canceled" address=127.0.0.1:45286
15:55:43.201 INF Finished sending bucket assignments to client. clId=0
15:55:43.245 INF Sending PREPREPARE. nReq=0 senderID=0 sn=35 view=0
15:55:43.248 INF Committed entry. latency=0 nReq=0 sn=35
15:55:43.248 INF Delivered batch. nReq=0 sn=35
15:55:43.677 INF Stopping profiler.
15:55:43.677 INF Stopping Tracer. events=144 fileName=experiment-output/0000/slave-004/peer.trc
15:55:43.678 INF Trace data written.
15:55:43.699 INF Profile data written. filename=experiment-output/0000/slave-004/prof.cpu name=cpu
15:55:43.728 INF Profile data written. filename=experiment-output/0000/slave-004/prof.block name=block
15:55:43.737 INF Profile data written. filename=experiment-output/0000/slave-004/prof.mutex name=mutex
