{"level":"debug","Logging":"info","time":"2025-08-01T03:14:26+08:00","message":"Config"}
{"level":"debug","UseTLS":false,"time":"2025-08-01T03:14:26+08:00","message":"Config"}
{"level":"debug","CACertFile":"tls-data/ca.pem","time":"2025-08-01T03:14:26+08:00","message":"Config"}
{"level":"debug","KeyFile":"tls-data/auth.key","time":"2025-08-01T03:14:26+08:00","message":"Config"}
{"level":"debug","CertFile":"tls-data/auth.pem","time":"2025-08-01T03:14:26+08:00","message":"Config"}
{"level":"debug","PriorityConnections":2,"time":"2025-08-01T03:14:26+08:00","message":"Config"}
{"level":"debug","BasicConnections":2,"time":"2025-08-01T03:14:26+08:00","message":"Config"}
{"level":"debug","TestConnections":false,"time":"2025-08-01T03:14:26+08:00","message":"Config"}
{"level":"debug","ExcessConnections":1,"time":"2025-08-01T03:14:26+08:00","message":"Config"}
{"level":"debug","ConnectionTestMsgs":4,"time":"2025-08-01T03:14:26+08:00","message":"Config"}
{"level":"debug","ConnectionTestPayload":131072,"time":"2025-08-01T03:14:26+08:00","message":"Config"}
{"level":"debug","OutMessageBufsize":1024,"time":"2025-08-01T03:14:26+08:00","message":"Config"}
{"level":"debug","OutMessageBufsize":2,"time":"2025-08-01T03:14:26+08:00","message":"Config"}
{"level":"debug","ThroughputCap":131072000,"time":"2025-08-01T03:14:26+08:00","message":"Config"}
{"level":"debug","StragglerTolerance":1000,"time":"2025-08-01T03:14:26+08:00","message":"Config"}
{"level":"debug","BatchSizeIncrement":256,"time":"2025-08-01T03:14:26+08:00","message":"Config"}
{"level":"debug","Orderer":"Pbft","time":"2025-08-01T03:14:26+08:00","message":"Config"}
{"level":"debug","Manager":"Mir","time":"2025-08-01T03:14:26+08:00","message":"Config"}
{"level":"debug","Failures":0,"time":"2025-08-01T03:14:26+08:00","message":"Config"}
{"level":"debug","CrashTiming":"EpochStart","time":"2025-08-01T03:14:26+08:00","message":"Config"}
{"level":"debug","CheckpointInterval":256,"time":"2025-08-01T03:14:26+08:00","message":"Config"}
{"level":"debug","WatermarkWindowSize":256,"time":"2025-08-01T03:14:26+08:00","message":"Config"}
{"level":"debug","EpochLength":256,"time":"2025-08-01T03:14:26+08:00","message":"Config"}
{"level":"debug","SegmentLength":32,"time":"2025-08-01T03:14:26+08:00","message":"Config"}
{"level":"debug","WaitForCheckpoints":true,"time":"2025-08-01T03:14:26+08:00","message":"Config"}
{"level":"debug","ClientWatermarkWindowSize":4194304,"time":"2025-08-01T03:14:26+08:00","message":"Config"}
{"level":"debug","ClientRequestBacklogSize":4194304,"time":"2025-08-01T03:14:26+08:00","message":"Config"}
{"level":"debug","RandomSeed":17594,"time":"2025-08-01T03:14:26+08:00","message":"Config"}
{"level":"debug","NodeToLeaderRatio":1,"time":"2025-08-01T03:14:26+08:00","message":"Config"}
{"level":"debug","LeaderPolicy":"Simple","time":"2025-08-01T03:14:26+08:00","message":"Config"}
{"level":"debug","DefaultLeaderBan":2,"time":"2025-08-01T03:14:26+08:00","message":"Config"}
{"level":"debug","NumBuckets":128,"time":"2025-08-01T03:14:26+08:00","message":"Config"}
{"level":"debug","BatchSize":4096,"time":"2025-08-01T03:14:26+08:00","message":"Config"}
{"level":"debug","BatchTimeoutMs":1000,"time":"2025-08-01T03:14:26+08:00","message":"Config"}
{"level":"debug","DisabledViewChange":false,"time":"2025-08-01T03:14:26+08:00","message":"Config"}
{"level":"debug","ViewChangeTimeout":60000,"time":"2025-08-01T03:14:26+08:00","message":"Config"}
{"level":"debug","ClientTraceSampling":10,"time":"2025-08-01T03:14:26+08:00","message":"Config"}
{"level":"debug","EventBufferSize":2097152,"time":"2025-08-01T03:14:26+08:00","message":"Config"}
{"level":"debug","TraceSampling":1,"time":"2025-08-01T03:14:26+08:00","message":"Config"}
{"level":"debug","ClientsPerProcess":1,"time":"2025-08-01T03:14:26+08:00","message":"Config"}
{"level":"debug","RequestsPerClient":7200000,"time":"2025-08-01T03:14:26+08:00","message":"Config"}
{"level":"debug","ClientRunTime":60000,"time":"2025-08-01T03:14:26+08:00","message":"Config"}
{"level":"debug","RequestRate":60000,"time":"2025-08-01T03:14:26+08:00","message":"Config"}
{"level":"debug","HardRequestRateLimit":false,"time":"2025-08-01T03:14:26+08:00","message":"Config"}
{"level":"debug","RequestPayloadSize":500,"time":"2025-08-01T03:14:26+08:00","message":"Config"}
{"level":"debug","SignRequests":true,"time":"2025-08-01T03:14:26+08:00","message":"Config"}
{"level":"debug","ClientPrivKeyFile":"tls-data/client-ecdsa-256.key","time":"2025-08-01T03:14:26+08:00","message":"Config"}
{"level":"debug","ClientPubKeyFile":"tls-data/client-ecdsa-256.pem","time":"2025-08-01T03:14:26+08:00","message":"Config"}
{"level":"debug","PrecomputeRequests":false,"time":"2025-08-01T03:14:26+08:00","message":"Config"}
{"level":"debug","RequestHandlerThreads":32,"time":"2025-08-01T03:14:26+08:00","message":"Config"}
{"level":"debug","RequestInputChannelBuffer":8192,"time":"2025-08-01T03:14:26+08:00","message":"Config"}
{"level":"debug","BatchVerifier":"external","time":"2025-08-01T03:14:26+08:00","message":"Config"}
03:14:26.537 INF Registered with discovery server. numPeers=8 ownID=6
03:14:26.538 INF Profiling enabled.
03:14:26.538 INF Setting up profiling.
03:14:26.538 INF Started Profiler: CPU
03:14:26.538 INF Started Profiler: BLOCK
03:14:26.538 INF Started Profiler: MUTEX
03:14:26.538 INF Profiler will stop on signal. exit=true
03:14:26.540 INF Tracing will stop on signal. exit=false
03:14:26.540 INF Started tracing. traceFile=experiment-output/0000/slave-002/peer.trc
03:14:26.541 INF Connecting to peer. addr=127.0.0.1:10055 basicConns=2 priorityConns=2
03:14:26.541 INF Connecting to peer. addr=127.0.0.1:10077 basicConns=2 priorityConns=2
03:14:26.541 INF Listening for connections. port=10066 useTLS=false
03:14:26.542 INF Connecting to peer. addr=127.0.0.1:10066 basicConns=2 priorityConns=2
03:14:26.542 INF Connecting to peer. addr=127.0.0.1:10000 basicConns=2 priorityConns=2
03:14:26.542 INF Connecting to peer. addr=127.0.0.1:10022 basicConns=2 priorityConns=2
03:14:26.543 INF Connecting to peer. addr=127.0.0.1:10044 basicConns=2 priorityConns=2
03:14:26.543 INF Connecting to peer. addr=127.0.0.1:10011 basicConns=2 priorityConns=2
03:14:26.543 INF Connecting to peer. addr=127.0.0.1:10033 basicConns=2 priorityConns=2
03:14:26.551 INF Incoming connection for protocol messages. addr=127.0.0.1:52650
03:14:26.556 INF Incoming connection for protocol messages. addr=127.0.0.1:52664
03:14:26.558 INF Incoming connection for protocol messages. addr=127.0.0.1:52706
03:14:26.558 INF Incoming connection for protocol messages. addr=127.0.0.1:52634
03:14:26.558 INF Incoming connection for protocol messages. addr=127.0.0.1:52722
03:14:26.561 INF Incoming connection for protocol messages. addr=127.0.0.1:52686
03:14:26.561 INF Incoming connection for protocol messages. addr=127.0.0.1:52704
03:14:26.562 INF Incoming connection for protocol messages. addr=127.0.0.1:52754
03:14:26.563 INF Incoming connection for protocol messages. addr=127.0.0.1:52702
03:14:26.564 INF Incoming connection for protocol messages. addr=127.0.0.1:52672
03:14:26.564 INF Incoming connection for protocol messages. addr=127.0.0.1:52750
03:14:26.566 INF Incoming connection for protocol messages. addr=127.0.0.1:52780
03:14:26.567 INF Incoming connection for protocol messages. addr=127.0.0.1:52740
03:14:26.567 INF Incoming connection for protocol messages. addr=127.0.0.1:52736
03:14:26.569 INF Incoming connection for protocol messages. addr=127.0.0.1:52746
03:14:26.570 INF Incoming connection for protocol messages. addr=127.0.0.1:52806
03:14:26.570 INF Incoming connection for protocol messages. addr=127.0.0.1:52820
03:14:26.571 INF Incoming connection for protocol messages. addr=127.0.0.1:52764
03:14:26.573 INF Incoming connection for protocol messages. addr=127.0.0.1:52638
03:14:26.573 INF Incoming connection for protocol messages. addr=127.0.0.1:52792
03:14:26.573 INF Incoming connection for protocol messages. addr=127.0.0.1:52838
03:14:26.574 INF Incoming connection for protocol messages. addr=127.0.0.1:52852
03:14:26.575 INF Incoming connection for protocol messages. addr=127.0.0.1:52772
03:14:26.578 INF Incoming connection for protocol messages. addr=127.0.0.1:52874
03:14:26.579 INF Incoming connection for protocol messages. addr=127.0.0.1:52836
03:14:26.579 INF Incoming connection for protocol messages. addr=127.0.0.1:52866
03:14:26.579 INF Incoming connection for protocol messages. addr=127.0.0.1:52824
03:14:26.581 INF Incoming connection for protocol messages. addr=127.0.0.1:52880
03:14:26.582 INF Incoming connection for protocol messages. addr=127.0.0.1:52896
03:14:26.581 INF Incoming connection for protocol messages. addr=127.0.0.1:52642
03:14:26.582 INF Connected to all peers.
03:14:26.583 INF Incoming connection for protocol messages. addr=127.0.0.1:52906
03:14:26.584 INF Incoming connection for protocol messages. addr=127.0.0.1:52912
03:14:27.553 INF All peers finished connecting. Starting ISS.
03:14:27.554 INF PbftOrderer received a new segment: [0 1 2 3 4 5 6 7 8 9 10 11 12 13 14 15 16 17 18 19 20 21 22 23 24 25 26 27 28 29 30 31] first leader=0 firstSN=0 lastSN=31 len=32 length=32 segId=0
03:14:27.611 INF Starting new view. segID=0 timeout=60000 view=0
03:14:27.612 INF Starting PBFT instance. first=0 last=31 segID=0
03:14:27.612 INF Starting serialized message processing. segID=0
03:14:28.619 INF Handling PREPREPARE. nReq=0 senderID=0 sn=0
03:14:28.624 INF Committed entry. latency=0 nReq=0 sn=0
03:14:28.624 INF Delivered batch. nReq=0 sn=0
03:14:29.614 INF Handling PREPREPARE. nReq=0 senderID=0 sn=1
03:14:29.617 INF Committed entry. latency=0 nReq=0 sn=1
03:14:29.617 INF Delivered batch. nReq=0 sn=1
03:14:29.641 INF Incoming connection for requests. addr=127.0.0.1:52918
03:14:30.057 INF Handling PREPREPARE. nReq=4096 senderID=0 sn=2
03:14:30.113 INF Committed entry. latency=0 nReq=4096 sn=2
03:14:30.113 INF Delivered batch. nReq=4096 sn=2
03:14:31.077 INF Handling PREPREPARE. nReq=2335 senderID=0 sn=3
03:14:31.118 INF Committed entry. latency=0 nReq=2335 sn=3
03:14:31.118 INF Delivered batch. nReq=2335 sn=3
03:14:32.005 INF Handling PREPREPARE. nReq=894 senderID=0 sn=4
03:14:32.027 INF Committed entry. latency=0 nReq=894 sn=4
03:14:32.028 INF Delivered batch. nReq=894 sn=4
03:14:32.685 INF Handling PREPREPARE. nReq=4096 senderID=0 sn=5
03:14:32.741 INF Committed entry. latency=0 nReq=4096 sn=5
03:14:32.742 INF Delivered batch. nReq=4096 sn=5
03:14:33.672 INF Handling PREPREPARE. nReq=2560 senderID=0 sn=6
03:14:33.710 INF Committed entry. latency=0 nReq=2560 sn=6
03:14:33.710 INF Delivered batch. nReq=2560 sn=6
03:14:34.643 INF Handling PREPREPARE. nReq=1740 senderID=0 sn=7
03:14:34.671 INF Committed entry. latency=0 nReq=1740 sn=7
03:14:34.671 INF Delivered batch. nReq=1740 sn=7
03:14:35.416 INF Handling PREPREPARE. nReq=4096 senderID=0 sn=8
03:14:35.474 INF Committed entry. latency=0 nReq=4096 sn=8
03:14:35.474 INF Delivered batch. nReq=4096 sn=8
03:14:36.453 INF Handling PREPREPARE. nReq=2403 senderID=0 sn=9
03:14:36.487 INF Committed entry. latency=0 nReq=2403 sn=9
03:14:36.487 INF Delivered batch. nReq=2403 sn=9
03:14:37.385 INF Handling PREPREPARE. nReq=4096 senderID=0 sn=10
03:14:37.444 INF Committed entry. latency=0 nReq=4096 sn=10
03:14:37.444 INF Delivered batch. nReq=4096 sn=10
03:14:38.380 INF Handling PREPREPARE. nReq=2871 senderID=0 sn=11
03:14:38.426 INF Committed entry. latency=0 nReq=2871 sn=11
03:14:38.426 INF Delivered batch. nReq=2871 sn=11
03:14:39.346 INF Handling PREPREPARE. nReq=782 senderID=0 sn=12
03:14:39.381 INF Committed entry. latency=0 nReq=782 sn=12
03:14:39.381 INF Delivered batch. nReq=782 sn=12
03:14:40.148 INF Handling PREPREPARE. nReq=4096 senderID=0 sn=13
03:14:40.208 INF Committed entry. latency=0 nReq=4096 sn=13
03:14:40.208 INF Delivered batch. nReq=4096 sn=13
03:14:41.138 INF Handling PREPREPARE. nReq=2602 senderID=0 sn=14
03:14:41.177 INF Committed entry. latency=0 nReq=2602 sn=14
03:14:41.178 INF Delivered batch. nReq=2602 sn=14
03:14:42.075 INF Handling PREPREPARE. nReq=809 senderID=0 sn=15
03:14:42.095 INF Committed entry. latency=0 nReq=809 sn=15
03:14:42.096 INF Delivered batch. nReq=809 sn=15
03:14:42.658 INF Handling PREPREPARE. nReq=4096 senderID=0 sn=16
03:14:42.721 INF Committed entry. latency=0 nReq=4096 sn=16
03:14:42.722 INF Delivered batch. nReq=4096 sn=16
03:14:43.699 INF Handling PREPREPARE. nReq=2678 senderID=0 sn=17
03:14:43.741 INF Committed entry. latency=0 nReq=2678 sn=17
03:14:43.742 INF Delivered batch. nReq=2678 sn=17
03:14:44.643 INF Handling PREPREPARE. nReq=911 senderID=0 sn=18
03:14:44.670 INF Committed entry. latency=0 nReq=911 sn=18
03:14:44.670 INF Delivered batch. nReq=911 sn=18
03:14:45.152 INF Handling PREPREPARE. nReq=4096 senderID=0 sn=19
03:14:45.215 INF Committed entry. latency=0 nReq=4096 sn=19
03:14:45.215 INF Delivered batch. nReq=4096 sn=19
03:14:46.167 INF Handling PREPREPARE. nReq=2566 senderID=0 sn=20
03:14:46.203 INF Committed entry. latency=0 nReq=2566 sn=20
03:14:46.204 INF Delivered batch. nReq=2566 sn=20
03:14:47.109 INF Handling PREPREPARE. nReq=851 senderID=0 sn=21
03:14:47.139 INF Committed entry. latency=0 nReq=851 sn=21
03:14:47.139 INF Delivered batch. nReq=851 sn=21
03:14:47.899 INF Handling PREPREPARE. nReq=4096 senderID=0 sn=22
03:14:47.962 INF Committed entry. latency=0 nReq=4096 sn=22
03:14:47.963 INF Delivered batch. nReq=4096 sn=22
03:14:48.874 INF Handling PREPREPARE. nReq=2554 senderID=0 sn=23
03:14:48.909 INF Committed entry. latency=0 nReq=2554 sn=23
03:14:48.909 INF Delivered batch. nReq=2554 sn=23
03:14:49.855 INF Handling PREPREPARE. nReq=733 senderID=0 sn=24
03:14:49.887 INF Committed entry. latency=0 nReq=733 sn=24
03:14:49.887 INF Delivered batch. nReq=733 sn=24
03:14:50.549 INF Handling PREPREPARE. nReq=4096 senderID=0 sn=25
03:14:50.606 INF Committed entry. latency=0 nReq=4096 sn=25
03:14:50.606 INF Delivered batch. nReq=4096 sn=25
03:14:51.525 INF Handling PREPREPARE. nReq=2402 senderID=0 sn=26
03:14:51.563 INF Committed entry. latency=0 nReq=2402 sn=26
03:14:51.563 INF Delivered batch. nReq=2402 sn=26
03:14:52.508 INF Handling PREPREPARE. nReq=859 senderID=0 sn=27
03:14:52.536 INF Committed entry. latency=0 nReq=859 sn=27
03:14:52.536 INF Delivered batch. nReq=859 sn=27
03:14:53.065 INF Handling PREPREPARE. nReq=4096 senderID=0 sn=28
03:14:53.125 INF Committed entry. latency=0 nReq=4096 sn=28
03:14:53.125 INF Delivered batch. nReq=4096 sn=28
03:14:54.076 INF Handling PREPREPARE. nReq=2547 senderID=0 sn=29
03:14:54.112 INF Committed entry. latency=0 nReq=2547 sn=29
03:14:54.112 INF Delivered batch. nReq=2547 sn=29
03:14:55.047 INF Handling PREPREPARE. nReq=860 senderID=0 sn=30
03:14:55.075 INF Committed entry. latency=0 nReq=860 sn=30
03:14:55.075 INF Delivered batch. nReq=860 sn=30
03:14:55.491 INF Handling PREPREPARE. nReq=4096 senderID=0 sn=31
03:14:55.547 INF Committed entry. latency=0 nReq=4096 sn=31
03:14:55.547 INF Delivered batch. nReq=4096 sn=31
==================
WARNING: DATA RACE
Read at 0x000001304380 by goroutine 674:
  github.com/hyperledger-labs/mirbft/manager.(*MirManager).handleLogEntries()
      /opt/gopath/src/github.com/hyperledger-labs/mirbft/manager/mirmanager.go:171 +0x854
  github.com/hyperledger-labs/mirbft/manager.(*MirManager).Start.func2()
      /opt/gopath/src/github.com/hyperledger-labs/mirbft/manager/mirmanager.go:112 +0x47

Previous write at 0x000001304380 by goroutine 683:
  github.com/hyperledger-labs/mirbft/log.publishEntries()
      /opt/gopath/src/github.com/hyperledger-labs/mirbft/log/log.go:281 +0x2e4
  github.com/hyperledger-labs/mirbft/log.CommitEntry()
      /opt/gopath/src/github.com/hyperledger-labs/mirbft/log/log.go:108 +0x284
  github.com/hyperledger-labs/mirbft/announcer.Announce()
      /opt/gopath/src/github.com/hyperledger-labs/mirbft/announcer/announcer.go:26 +0x370
  github.com/hyperledger-labs/mirbft/orderer.(*pbftInstance).announce()
      /opt/gopath/src/github.com/hyperledger-labs/mirbft/orderer/pbftinstance.go:726 +0x36b
  github.com/hyperledger-labs/mirbft/orderer.(*pbftInstance).handleCommit()
      /opt/gopath/src/github.com/hyperledger-labs/mirbft/orderer/pbftinstance.go:664 +0x7bd
  github.com/hyperledger-labs/mirbft/orderer.(*pbftInstance).handleMessage()
      /opt/gopath/src/github.com/hyperledger-labs/mirbft/orderer/pbftinstance.go:1810 +0x2e5
  github.com/hyperledger-labs/mirbft/orderer.(*pbftInstance).processSerializedMessages()
      /opt/gopath/src/github.com/hyperledger-labs/mirbft/orderer/pbftinstance.go:1764 +0xdd
  github.com/hyperledger-labs/mirbft/orderer.(*PbftOrderer).runSegment.func2()
      /opt/gopath/src/github.com/hyperledger-labs/mirbft/orderer/pbftorderer.go:199 +0x39

Goroutine 674 (running) created at:
  github.com/hyperledger-labs/mirbft/manager.(*MirManager).Start()
      /opt/gopath/src/github.com/hyperledger-labs/mirbft/manager/mirmanager.go:112 +0x191
  main.main.func4()
      /opt/gopath/src/github.com/hyperledger-labs/mirbft/cmd/orderingpeer/main.go:185 +0x59

Goroutine 683 (running) created at:
  github.com/hyperledger-labs/mirbft/orderer.(*PbftOrderer).runSegment()
      /opt/gopath/src/github.com/hyperledger-labs/mirbft/orderer/pbftorderer.go:199 +0x3f6
  github.com/hyperledger-labs/mirbft/orderer.(*PbftOrderer).Start()
      /opt/gopath/src/github.com/hyperledger-labs/mirbft/orderer/pbftorderer.go:176 +0x344
  main.main.func5()
      /opt/gopath/src/github.com/hyperledger-labs/mirbft/cmd/orderingpeer/main.go:186 +0x59
==================
03:14:55.550 INF Sending segment checkpoint. lastSn=31 segID=0
03:14:55.556 INF PBFT checkpoint ready. Scheduling catchup. lastSn=31 segID=0
03:14:55.577 INF fuck! epoch=128 epoch time (ms)=27994 leaders=2 viewtimeout=104000
03:14:55.577 INF Epoch finished. Waiting for stable checkpoint. sn=31
03:14:55.579 INF New stable checkpoint. sn=31
03:14:55.579 INF Closing message serializers. segID=0
03:14:55.579 INF Statistics commitTs=1753989268624417302 duration=5081779 proposeTs=1753989268619335523 sn=0
03:14:55.579 INF Statistics commitTs=1753989269617691345 duration=3495071 proposeTs=1753989269614196274 sn=1
03:14:55.579 INF Statistics commitTs=1753989270110800849 duration=53620789 proposeTs=1753989270057180060 sn=2
03:14:55.579 INF Statistics commitTs=1753989271114078956 duration=36370704 proposeTs=1753989271077708252 sn=3
03:14:55.580 INF Statistics commitTs=1753989272026551510 duration=21591802 proposeTs=1753989272004959708 sn=4
03:14:55.580 INF Statistics commitTs=1753989272737647194 duration=52137238 proposeTs=1753989272685509956 sn=5
03:14:55.580 INF Statistics commitTs=1753989273709397226 duration=37118981 proposeTs=1753989273672278245 sn=6
03:14:55.580 INF Statistics commitTs=1753989274670399771 duration=27222850 proposeTs=1753989274643176921 sn=7
03:14:55.580 INF Statistics commitTs=1753989275471095785 duration=54642720 proposeTs=1753989275416453065 sn=8
03:14:55.580 INF Statistics commitTs=1753989276486126651 duration=32596963 proposeTs=1753989276453529688 sn=9
03:14:55.580 INF Received stable checkpoint notification. sn=31
03:14:55.580 INF Epoch end confirmed. chkpSn=31
03:14:55.580 INF Statistics commitTs=1753989277442337341 duration=56583190 proposeTs=1753989277385754151 sn=10
03:14:55.580 INF Advancing watermarks. numEntries=32
03:14:55.580 INF Statistics commitTs=1753989278422723202 duration=42188997 proposeTs=1753989278380534205 sn=11
03:14:55.580 INF Statistics commitTs=1753989279380660734 duration=34501100 proposeTs=1753989279346159634 sn=12
03:14:55.580 INF Statistics commitTs=1753989280206055038 duration=57503957 proposeTs=1753989280148551081 sn=13
03:14:55.580 INF Statistics commitTs=1753989281176930824 duration=38306165 proposeTs=1753989281138624659 sn=14
03:14:55.581 INF Statistics commitTs=1753989282095130310 duration=19287334 proposeTs=1753989282075842976 sn=15
03:14:55.581 INF Statistics commitTs=1753989282717241562 duration=58780132 proposeTs=1753989282658461430 sn=16
03:14:55.581 INF Statistics commitTs=1753989283739628371 duration=39830995 proposeTs=1753989283699797376 sn=17
03:14:55.581 INF Statistics commitTs=1753989284669554940 duration=26233595 proposeTs=1753989284643321345 sn=18
03:14:55.581 INF Statistics commitTs=1753989285210759670 duration=58720762 proposeTs=1753989285152038908 sn=19
03:14:55.581 INF Statistics commitTs=1753989286202310111 duration=34765100 proposeTs=1753989286167545011 sn=20
03:14:55.581 INF Statistics commitTs=1753989287138075284 duration=28868896 proposeTs=1753989287109206388 sn=21
03:14:55.581 INF Statistics commitTs=1753989287959384602 duration=60120083 proposeTs=1753989287899264519 sn=22
03:14:55.581 INF Statistics commitTs=1753989288907940430 duration=33215986 proposeTs=1753989288874724444 sn=23
03:14:55.581 INF Statistics commitTs=1753989289885393035 duration=29683592 proposeTs=1753989289855709443 sn=24
03:14:55.581 INF Statistics commitTs=1753989290604264624 duration=55234426 proposeTs=1753989290549030198 sn=25
03:14:55.582 INF Statistics commitTs=1753989291561075166 duration=35330751 proposeTs=1753989291525744415 sn=26
03:14:55.582 INF Statistics commitTs=1753989292534880527 duration=26446645 proposeTs=1753989292508433882 sn=27
03:14:55.582 INF Statistics commitTs=1753989293123012189 duration=57841761 proposeTs=1753989293065170428 sn=28
03:14:55.582 INF Statistics commitTs=1753989294111640338 duration=35620069 proposeTs=1753989294076020269 sn=29
03:14:55.582 INF Statistics commitTs=1753989295074476353 duration=27075579 proposeTs=1753989295047400774 sn=30
03:14:55.582 INF Statistics commitTs=1753989295545278028 duration=53716826 proposeTs=1753989295491561202 sn=31
03:14:55.582 INF Median commit time commit=36370704 segID=0
03:14:55.785 INF PbftOrderer received a new segment: [32 34 36 38 40 42 44 46 48 50 52 54 56 58 60 62] first leader=0 firstSN=32 lastSN=62 len=16 length=16 segId=1
03:14:56.166 INF Starting new view. segID=1 timeout=104000 view=0
03:14:56.166 INF Advanced timeout advanced=36370704 initial=1000000000
03:14:56.166 INF Advanced timeout advanced=1036370704 initial=1000000000
03:14:56.166 INF Advanced timeout advanced=2036370704 initial=1000000000
03:14:56.166 INF Advanced timeout advanced=3036370704 initial=1000000000
03:14:56.166 INF Advanced timeout advanced=4036370704 initial=1000000000
03:14:56.166 INF Advanced timeout advanced=5036370704 initial=1000000000
03:14:56.166 INF Advanced timeout advanced=6036370704 initial=1000000000
03:14:56.167 INF Advanced timeout advanced=7036370704 initial=1000000000
03:14:56.167 INF Advanced timeout advanced=8036370704 initial=1000000000
03:14:56.167 INF Advanced timeout advanced=9036370704 initial=1000000000
03:14:56.167 INF Advanced timeout advanced=10036370704 initial=1000000000
03:14:56.167 INF Advanced timeout advanced=11036370704 initial=1000000000
03:14:56.167 INF Advanced timeout advanced=12036370704 initial=1000000000
03:14:56.167 INF Advanced timeout advanced=13036370704 initial=1000000000
03:14:56.167 INF Advanced timeout advanced=14036370704 initial=1000000000
03:14:56.167 INF Advanced timeout advanced=15036370704 initial=1000000000
03:14:56.167 INF Starting PBFT instance. first=32 last=62 segID=1
03:14:56.167 INF PbftOrderer received a new segment: [33 35 37 39 41 43 45 47 49 51 53 55 57 59 61 63] first leader=1 firstSN=33 lastSN=63 len=16 length=16 segId=2
03:14:56.167 INF Starting serialized message processing. segID=1
03:14:56.168 INF fuck1 epoch change time (ms)=621
03:14:56.406 INF Starting new view. segID=2 timeout=104000 view=0
03:14:56.406 INF Advanced timeout advanced=36370704 initial=1000000000
03:14:56.406 INF Advanced timeout advanced=1036370704 initial=1000000000
03:14:56.407 INF Advanced timeout advanced=2036370704 initial=1000000000
03:14:56.407 INF Advanced timeout advanced=3036370704 initial=1000000000
03:14:56.407 INF Advanced timeout advanced=4036370704 initial=1000000000
03:14:56.407 INF Advanced timeout advanced=5036370704 initial=1000000000
03:14:56.407 INF Advanced timeout advanced=6036370704 initial=1000000000
03:14:56.407 INF Advanced timeout advanced=7036370704 initial=1000000000
03:14:56.407 INF Advanced timeout advanced=8036370704 initial=1000000000
03:14:56.407 INF Advanced timeout advanced=9036370704 initial=1000000000
03:14:56.407 INF Advanced timeout advanced=10036370704 initial=1000000000
03:14:56.407 INF Advanced timeout advanced=11036370704 initial=1000000000
03:14:56.407 INF Advanced timeout advanced=12036370704 initial=1000000000
03:14:56.407 INF Advanced timeout advanced=13036370704 initial=1000000000
03:14:56.407 INF Advanced timeout advanced=14036370704 initial=1000000000
03:14:56.407 INF Advanced timeout advanced=15036370704 initial=1000000000
03:14:56.408 INF Starting PBFT instance. first=33 last=63 segID=2
03:14:56.408 INF Starting serialized message processing. segID=2
03:14:57.435 INF Handling PREPREPARE. nReq=3214 senderID=1 sn=33
03:14:57.490 INF Committed entry. latency=0 nReq=3214 sn=33
03:14:57.527 INF Handling PREPREPARE. nReq=3525 senderID=0 sn=32
03:14:57.579 INF Committed entry. latency=0 nReq=3525 sn=32
03:14:57.579 INF Delivered batch. nReq=3525 sn=32
03:14:57.580 INF Delivered batch. nReq=3214 sn=33
03:14:58.429 INF Handling PREPREPARE. nReq=1758 senderID=1 sn=35
03:14:58.471 INF Committed entry. latency=0 nReq=1758 sn=35
03:14:58.473 INF Handling PREPREPARE. nReq=1481 senderID=0 sn=34
03:14:58.495 INF Committed entry. latency=0 nReq=1481 sn=34
03:14:58.495 INF Delivered batch. nReq=1481 sn=34
03:14:58.495 INF Delivered batch. nReq=1758 sn=35
03:14:59.373 INF Handling PREPREPARE. nReq=503 senderID=1 sn=37
03:14:59.382 INF Committed entry. latency=0 nReq=503 sn=37
03:14:59.433 INF Handling PREPREPARE. nReq=474 senderID=0 sn=36
03:14:59.443 INF Committed entry. latency=0 nReq=474 sn=36
03:14:59.443 INF Delivered batch. nReq=474 sn=36
03:14:59.443 INF Delivered batch. nReq=503 sn=37
03:15:00.392 INF Handling PREPREPARE. nReq=471 senderID=1 sn=39
03:15:00.412 INF Committed entry. latency=0 nReq=471 sn=39
03:15:00.449 INF Handling PREPREPARE. nReq=502 senderID=0 sn=38
03:15:00.470 INF Committed entry. latency=0 nReq=502 sn=38
03:15:00.470 INF Delivered batch. nReq=502 sn=38
03:15:00.470 INF Delivered batch. nReq=471 sn=39
03:15:01.462 INF Handling PREPREPARE. nReq=2321 senderID=1 sn=41
03:15:01.505 INF Committed entry. latency=0 nReq=2321 sn=41
03:15:01.517 INF Handling PREPREPARE. nReq=2487 senderID=0 sn=40
03:15:01.555 INF Committed entry. latency=0 nReq=2487 sn=40
03:15:01.555 INF Delivered batch. nReq=2487 sn=40
03:15:01.556 INF Delivered batch. nReq=2321 sn=41
03:15:02.423 INF Handling PREPREPARE. nReq=1336 senderID=1 sn=43
03:15:02.459 INF Committed entry. latency=0 nReq=1336 sn=43
03:15:02.470 INF Handling PREPREPARE. nReq=1169 senderID=0 sn=42
03:15:02.490 INF Committed entry. latency=0 nReq=1169 sn=42
03:15:02.490 INF Delivered batch. nReq=1169 sn=42
03:15:02.490 INF Delivered batch. nReq=1336 sn=43
03:15:03.403 INF Handling PREPREPARE. nReq=599 senderID=1 sn=45
03:15:03.430 INF Committed entry. latency=0 nReq=599 sn=45
03:15:03.447 INF Handling PREPREPARE. nReq=592 senderID=0 sn=44
03:15:03.463 INF Committed entry. latency=0 nReq=592 sn=44
03:15:03.463 INF Delivered batch. nReq=592 sn=44
03:15:03.464 INF Delivered batch. nReq=599 sn=45
03:15:04.444 INF Handling PREPREPARE. nReq=2301 senderID=1 sn=47
03:15:04.480 INF Committed entry. latency=0 nReq=2301 sn=47
03:15:04.500 INF Handling PREPREPARE. nReq=2572 senderID=0 sn=46
03:15:04.538 INF Committed entry. latency=0 nReq=2572 sn=46
03:15:04.538 INF Delivered batch. nReq=2572 sn=46
03:15:04.539 INF Delivered batch. nReq=2301 sn=47
03:15:05.449 INF Handling PREPREPARE. nReq=1336 senderID=1 sn=49
03:15:05.479 INF Handling PREPREPARE. nReq=1065 senderID=0 sn=48
03:15:05.484 INF Committed entry. latency=0 nReq=1336 sn=49
03:15:05.500 INF Committed entry. latency=0 nReq=1065 sn=48
03:15:05.500 INF Delivered batch. nReq=1065 sn=48
03:15:05.500 INF Delivered batch. nReq=1336 sn=49
03:15:06.384 INF Handling PREPREPARE. nReq=474 senderID=1 sn=51
03:15:06.395 INF Committed entry. latency=0 nReq=474 sn=51
03:15:06.464 INF Handling PREPREPARE. nReq=531 senderID=0 sn=50
03:15:06.490 INF Committed entry. latency=0 nReq=531 sn=50
03:15:06.490 INF Delivered batch. nReq=531 sn=50
03:15:06.491 INF Delivered batch. nReq=474 sn=51
03:15:07.434 INF Handling PREPREPARE. nReq=2462 senderID=1 sn=53
03:15:07.470 INF Committed entry. latency=0 nReq=2462 sn=53
03:15:07.508 INF Handling PREPREPARE. nReq=2807 senderID=0 sn=52
03:15:07.558 INF Committed entry. latency=0 nReq=2807 sn=52
03:15:07.558 INF Delivered batch. nReq=2807 sn=52
03:15:07.559 INF Delivered batch. nReq=2462 sn=53
03:15:08.432 INF Handling PREPREPARE. nReq=1663 senderID=1 sn=55
03:15:08.461 INF Committed entry. latency=0 nReq=1663 sn=55
03:15:08.477 INF Handling PREPREPARE. nReq=1274 senderID=0 sn=54
03:15:08.497 INF Committed entry. latency=0 nReq=1274 sn=54
03:15:08.497 INF Delivered batch. nReq=1274 sn=54
03:15:08.498 INF Delivered batch. nReq=1663 sn=55
03:15:09.411 INF Handling PREPREPARE. nReq=553 senderID=1 sn=57
03:15:09.435 INF Committed entry. latency=0 nReq=553 sn=57
03:15:09.465 INF Handling PREPREPARE. nReq=548 senderID=0 sn=56
03:15:09.490 INF Committed entry. latency=0 nReq=548 sn=56
03:15:09.490 INF Delivered batch. nReq=548 sn=56
03:15:09.491 INF Delivered batch. nReq=553 sn=57
03:15:10.425 INF Handling PREPREPARE. nReq=1191 senderID=1 sn=59
03:15:10.444 INF Committed entry. latency=0 nReq=1191 sn=59
03:15:10.476 INF Handling PREPREPARE. nReq=1445 senderID=0 sn=58
03:15:10.498 INF Committed entry. latency=0 nReq=1445 sn=58
03:15:10.498 INF Delivered batch. nReq=1445 sn=58
03:15:10.499 INF Delivered batch. nReq=1191 sn=59
03:15:11.448 INF Handling PREPREPARE. nReq=2385 senderID=1 sn=61
03:15:11.494 INF Committed entry. latency=0 nReq=2385 sn=61
03:15:11.513 INF Handling PREPREPARE. nReq=2354 senderID=0 sn=60
03:15:11.550 INF Committed entry. latency=0 nReq=2354 sn=60
03:15:11.550 INF Delivered batch. nReq=2354 sn=60
03:15:11.550 INF Delivered batch. nReq=2385 sn=61
03:15:12.421 INF Handling PREPREPARE. nReq=1267 senderID=1 sn=63
03:15:12.452 INF Committed entry. latency=0 nReq=1267 sn=63
03:15:12.452 INF Sending segment checkpoint. lastSn=63 segID=2
03:15:12.454 INF PBFT checkpoint ready. Scheduling catchup. lastSn=63 segID=2
03:15:12.477 INF Handling PREPREPARE. nReq=1069 senderID=0 sn=62
03:15:12.495 INF Committed entry. latency=0 nReq=1069 sn=62
03:15:12.496 INF Delivered batch. nReq=1069 sn=62
03:15:12.496 INF Delivered batch. nReq=1267 sn=63
03:15:12.498 INF Sending segment checkpoint. lastSn=62 segID=1
03:15:12.503 INF PBFT checkpoint ready. Scheduling catchup. lastSn=62 segID=1
03:15:12.510 INF fuck! epoch=128 epoch time (ms)=16314 leaders=3 viewtimeout=120000
03:15:12.510 INF Epoch finished. Waiting for stable checkpoint. sn=63
03:15:12.521 INF New stable checkpoint. sn=63
03:15:12.522 INF Received stable checkpoint notification. sn=63
03:15:12.522 INF Epoch end confirmed. chkpSn=63
03:15:12.522 INF Closing message serializers. segID=1
03:15:12.522 INF Advancing watermarks. numEntries=32
03:15:12.522 INF Closing message serializers. segID=2
03:15:12.522 INF Statistics commitTs=1753989297575610933 duration=48273506 proposeTs=1753989297527337427 sn=32
03:15:12.522 INF Statistics commitTs=1753989298494254376 duration=20518369 proposeTs=1753989298473736007 sn=34
03:15:12.522 INF Statistics commitTs=1753989297488273314 duration=53156874 proposeTs=1753989297435116440 sn=33
03:15:12.522 INF Statistics commitTs=1753989299442797591 duration=9536601 proposeTs=1753989299433260990 sn=36
03:15:12.522 INF Statistics commitTs=1753989300469074642 duration=19923351 proposeTs=1753989300449151291 sn=38
03:15:12.522 INF Statistics commitTs=1753989298470931079 duration=41400509 proposeTs=1753989298429530570 sn=35
03:15:12.522 INF Statistics commitTs=1753989301553563385 duration=35910393 proposeTs=1753989301517652992 sn=40
03:15:12.522 INF Statistics commitTs=1753989302489368260 duration=19364864 proposeTs=1753989302470003396 sn=42
03:15:12.522 INF Statistics commitTs=1753989299381762372 duration=8074326 proposeTs=1753989299373688046 sn=37
03:15:12.522 INF Statistics commitTs=1753989303463261024 duration=15432824 proposeTs=1753989303447828200 sn=44
03:15:12.522 INF Statistics commitTs=1753989300411556331 duration=19537977 proposeTs=1753989300392018354 sn=39
03:15:12.522 INF Statistics commitTs=1753989304536903732 duration=35978949 proposeTs=1753989304500924783 sn=46
03:15:12.522 INF Statistics commitTs=1753989305499650392 duration=20120594 proposeTs=1753989305479529798 sn=48
03:15:12.522 INF Statistics commitTs=1753989301502903448 duration=40196525 proposeTs=1753989301462706923 sn=41
03:15:12.522 INF Statistics commitTs=1753989306489384896 duration=24998646 proposeTs=1753989306464386250 sn=50
03:15:12.522 INF Statistics commitTs=1753989307555176437 duration=46675853 proposeTs=1753989307508500584 sn=52
03:15:12.522 INF Statistics commitTs=1753989302457664564 duration=33891740 proposeTs=1753989302423772824 sn=43
03:15:12.522 INF Statistics commitTs=1753989308496775391 duration=19309162 proposeTs=1753989308477466229 sn=54
03:15:12.522 INF Statistics commitTs=1753989303428950614 duration=25829585 proposeTs=1753989303403121029 sn=45
03:15:12.523 INF Statistics commitTs=1753989309489477747 duration=24129573 proposeTs=1753989309465348174 sn=56
03:15:12.523 INF Statistics commitTs=1753989304479121357 duration=35096736 proposeTs=1753989304444024621 sn=47
03:15:12.523 INF Statistics commitTs=1753989310497601664 duration=21163923 proposeTs=1753989310476437741 sn=58
03:15:12.523 INF Statistics commitTs=1753989305483519804 duration=33789610 proposeTs=1753989305449730194 sn=49
03:15:12.523 INF Statistics commitTs=1753989311547791804 duration=34454636 proposeTs=1753989311513337168 sn=60
03:15:12.523 INF Statistics commitTs=1753989306395510326 duration=11139383 proposeTs=1753989306384370943 sn=51
03:15:12.523 INF Statistics commitTs=1753989312494941078 duration=17958534 proposeTs=1753989312476982544 sn=62
03:15:12.523 INF Statistics commitTs=1753989307469387849 duration=34477285 proposeTs=1753989307434910564 sn=53
03:15:12.523 INF Median commit time commit=21163923 segID=1
03:15:12.523 INF Statistics commitTs=1753989308460599336 duration=28310565 proposeTs=1753989308432288771 sn=55
03:15:12.523 INF Statistics commitTs=1753989309434294679 duration=22793963 proposeTs=1753989309411500716 sn=57
03:15:12.523 INF Statistics commitTs=1753989310443727512 duration=18153257 proposeTs=1753989310425574255 sn=59
03:15:12.523 INF Statistics commitTs=1753989311493137093 duration=44275665 proposeTs=1753989311448861428 sn=61
03:15:12.523 INF Statistics commitTs=1753989312451277219 duration=30266209 proposeTs=1753989312421011010 sn=63
03:15:12.523 INF Median commit time commit=33789610 segID=2
03:15:12.687 INF PbftOrderer received a new segment: [64 67 70 73 76 79 82 85 88 91 94 97 100 103 106 109] first leader=0 firstSN=64 lastSN=109 len=16 length=16 segId=3
03:15:12.991 INF Starting new view. segID=3 timeout=120000 view=0
03:15:12.991 INF Advanced timeout advanced=33789610 initial=1000000000
03:15:12.991 INF Advanced timeout advanced=1033789610 initial=1000000000
03:15:12.991 INF Advanced timeout advanced=2033789610 initial=1000000000
03:15:12.991 INF Advanced timeout advanced=3033789610 initial=1000000000
03:15:12.991 INF Advanced timeout advanced=4033789610 initial=1000000000
03:15:12.991 INF Advanced timeout advanced=5033789610 initial=1000000000
03:15:12.991 INF Advanced timeout advanced=6033789610 initial=1000000000
03:15:12.991 INF Advanced timeout advanced=7033789610 initial=1000000000
03:15:12.991 INF Advanced timeout advanced=8033789610 initial=1000000000
03:15:12.991 INF Advanced timeout advanced=9033789610 initial=1000000000
03:15:12.991 INF Advanced timeout advanced=10033789610 initial=1000000000
03:15:12.992 INF Advanced timeout advanced=11033789610 initial=1000000000
03:15:12.992 INF Advanced timeout advanced=12033789610 initial=1000000000
03:15:12.992 INF Advanced timeout advanced=13033789610 initial=1000000000
03:15:12.992 INF Advanced timeout advanced=14033789610 initial=1000000000
03:15:12.992 INF Advanced timeout advanced=15033789610 initial=1000000000
03:15:12.992 INF Starting PBFT instance. first=64 last=109 segID=3
03:15:12.992 INF Starting serialized message processing. segID=3
03:15:12.992 INF PbftOrderer received a new segment: [65 68 71 74 77 80 83 86 89 92 95 98 101 104 107 110] first leader=1 firstSN=65 lastSN=110 len=16 length=16 segId=4
03:15:13.321 INF Starting new view. segID=4 timeout=120000 view=0
03:15:13.321 INF Advanced timeout advanced=33789610 initial=1000000000
03:15:13.321 INF Advanced timeout advanced=1033789610 initial=1000000000
03:15:13.321 INF Advanced timeout advanced=2033789610 initial=1000000000
03:15:13.321 INF Advanced timeout advanced=3033789610 initial=1000000000
03:15:13.321 INF Advanced timeout advanced=4033789610 initial=1000000000
03:15:13.321 INF Advanced timeout advanced=5033789610 initial=1000000000
03:15:13.321 INF Advanced timeout advanced=6033789610 initial=1000000000
03:15:13.321 INF Advanced timeout advanced=7033789610 initial=1000000000
03:15:13.321 INF Advanced timeout advanced=8033789610 initial=1000000000
03:15:13.321 INF Advanced timeout advanced=9033789610 initial=1000000000
03:15:13.322 INF Advanced timeout advanced=10033789610 initial=1000000000
03:15:13.322 INF Advanced timeout advanced=11033789610 initial=1000000000
03:15:13.322 INF Advanced timeout advanced=12033789610 initial=1000000000
03:15:13.322 INF Advanced timeout advanced=13033789610 initial=1000000000
03:15:13.322 INF Advanced timeout advanced=14033789610 initial=1000000000
03:15:13.322 INF Advanced timeout advanced=15033789610 initial=1000000000
03:15:13.324 INF Starting PBFT instance. first=65 last=110 segID=4
03:15:13.324 INF PbftOrderer received a new segment: [66 69 72 75 78 81 84 87 90 93 96 99 102 105 108 111] first leader=2 firstSN=66 lastSN=111 len=16 length=16 segId=5
03:15:13.324 INF Starting serialized message processing. segID=4
03:15:13.325 INF fuck1 epoch change time (ms)=829
03:15:13.637 INF Starting new view. segID=5 timeout=120000 view=0
03:15:13.637 INF Advanced timeout advanced=33789610 initial=1000000000
03:15:13.637 INF Advanced timeout advanced=1033789610 initial=1000000000
03:15:13.637 INF Advanced timeout advanced=2033789610 initial=1000000000
03:15:13.638 INF Advanced timeout advanced=3033789610 initial=1000000000
03:15:13.638 INF Advanced timeout advanced=4033789610 initial=1000000000
03:15:13.638 INF Advanced timeout advanced=5033789610 initial=1000000000
03:15:13.638 INF Advanced timeout advanced=6033789610 initial=1000000000
03:15:13.638 INF Advanced timeout advanced=7033789610 initial=1000000000
03:15:13.638 INF Advanced timeout advanced=8033789610 initial=1000000000
03:15:13.638 INF Advanced timeout advanced=9033789610 initial=1000000000
03:15:13.638 INF Advanced timeout advanced=10033789610 initial=1000000000
03:15:13.638 INF Advanced timeout advanced=11033789610 initial=1000000000
03:15:13.638 INF Advanced timeout advanced=12033789610 initial=1000000000
03:15:13.638 INF Advanced timeout advanced=13033789610 initial=1000000000
03:15:13.638 INF Advanced timeout advanced=14033789610 initial=1000000000
03:15:13.638 INF Advanced timeout advanced=15033789610 initial=1000000000
03:15:13.639 INF Starting PBFT instance. first=66 last=111 segID=5
03:15:13.639 INF Starting serialized message processing. segID=5
03:15:14.128 INF Handling PREPREPARE. nReq=1136 senderID=0 sn=64
03:15:14.200 INF Committed entry. latency=0 nReq=1136 sn=64
03:15:14.200 INF Delivered batch. nReq=1136 sn=64
03:15:14.759 INF Handling PREPREPARE. nReq=2378 senderID=2 sn=66
03:15:14.808 INF Committed entry. latency=0 nReq=2378 sn=66
03:15:14.839 INF Handling PREPREPARE. nReq=2577 senderID=1 sn=65
03:15:14.883 INF Committed entry. latency=0 nReq=2577 sn=65
03:15:14.884 INF Delivered batch. nReq=2577 sn=65
03:15:14.884 INF Delivered batch. nReq=2378 sn=66
03:15:15.145 INF Handling PREPREPARE. nReq=1993 senderID=0 sn=67
03:15:15.177 INF Committed entry. latency=0 nReq=1993 sn=67
03:15:15.177 INF Delivered batch. nReq=1993 sn=67
03:15:15.729 INF Handling PREPREPARE. nReq=1030 senderID=2 sn=69
03:15:15.764 INF Committed entry. latency=0 nReq=1030 sn=69
03:15:15.798 INF Handling PREPREPARE. nReq=766 senderID=1 sn=68
03:15:15.825 INF Committed entry. latency=0 nReq=766 sn=68
03:15:15.825 INF Delivered batch. nReq=766 sn=68
03:15:15.825 INF Delivered batch. nReq=1030 sn=69
03:15:16.074 INF Handling PREPREPARE. nReq=457 senderID=0 sn=70
03:15:16.096 INF Committed entry. latency=0 nReq=457 sn=70
03:15:16.096 INF Delivered batch. nReq=457 sn=70
03:15:16.706 INF Handling PREPREPARE. nReq=393 senderID=2 sn=72
03:15:16.725 INF Committed entry. latency=0 nReq=393 sn=72
03:15:16.795 INF Handling PREPREPARE. nReq=375 senderID=1 sn=71
03:15:16.811 INF Committed entry. latency=0 nReq=375 sn=71
03:15:16.811 INF Delivered batch. nReq=375 sn=71
03:15:16.812 INF Delivered batch. nReq=393 sn=72
03:15:17.067 INF Handling PREPREPARE. nReq=299 senderID=0 sn=73
03:15:17.082 INF Committed entry. latency=0 nReq=299 sn=73
03:15:17.082 INF Delivered batch. nReq=299 sn=73
03:15:17.688 INF Handling PREPREPARE. nReq=276 senderID=2 sn=75
03:15:17.698 INF Committed entry. latency=0 nReq=276 sn=75
03:15:17.798 INF Handling PREPREPARE. nReq=292 senderID=1 sn=74
03:15:17.812 INF Committed entry. latency=0 nReq=292 sn=74
03:15:17.812 INF Delivered batch. nReq=292 sn=74
03:15:17.813 INF Delivered batch. nReq=276 sn=75
03:15:18.065 INF Handling PREPREPARE. nReq=315 senderID=0 sn=76
03:15:18.081 INF Committed entry. latency=0 nReq=315 sn=76
03:15:18.081 INF Delivered batch. nReq=315 sn=76
03:15:18.710 INF Handling PREPREPARE. nReq=1280 senderID=2 sn=78
03:15:18.740 INF Committed entry. latency=0 nReq=1280 sn=78
03:15:18.824 INF Handling PREPREPARE. nReq=1552 senderID=1 sn=77
03:15:18.862 INF Committed entry. latency=0 nReq=1552 sn=77
03:15:18.862 INF Delivered batch. nReq=1552 sn=77
03:15:18.862 INF Delivered batch. nReq=1280 sn=78
03:15:19.140 INF Handling PREPREPARE. nReq=1844 senderID=0 sn=79
03:15:19.175 INF Committed entry. latency=0 nReq=1844 sn=79
03:15:19.176 INF Delivered batch. nReq=1844 sn=79
03:15:19.739 INF Handling PREPREPARE. nReq=990 senderID=2 sn=81
03:15:19.762 INF Committed entry. latency=0 nReq=990 sn=81
03:15:19.808 INF Handling PREPREPARE. nReq=667 senderID=1 sn=80
03:15:19.828 INF Committed entry. latency=0 nReq=667 sn=80
03:15:19.829 INF Delivered batch. nReq=667 sn=80
03:15:19.829 INF Delivered batch. nReq=990 sn=81
03:15:20.080 INF Handling PREPREPARE. nReq=411 senderID=0 sn=82
03:15:20.099 INF Committed entry. latency=0 nReq=411 sn=82
03:15:20.099 INF Delivered batch. nReq=411 sn=82
03:15:20.714 INF Handling PREPREPARE. nReq=517 senderID=2 sn=84
03:15:20.728 INF Committed entry. latency=0 nReq=517 sn=84
03:15:20.800 INF Handling PREPREPARE. nReq=761 senderID=1 sn=83
03:15:20.818 INF Committed entry. latency=0 nReq=761 sn=83
03:15:20.818 INF Delivered batch. nReq=761 sn=83
03:15:20.818 INF Delivered batch. nReq=517 sn=84
03:15:21.108 INF Handling PREPREPARE. nReq=933 senderID=0 sn=85
03:15:21.143 INF Committed entry. latency=0 nReq=933 sn=85
03:15:21.144 INF Delivered batch. nReq=933 sn=85
03:15:21.733 INF Handling PREPREPARE. nReq=1131 senderID=2 sn=87
03:15:21.752 INF Committed entry. latency=0 nReq=1131 sn=87
03:15:21.810 INF Handling PREPREPARE. nReq=1115 senderID=1 sn=86
03:15:21.832 INF Committed entry. latency=0 nReq=1115 sn=86
03:15:21.832 INF Delivered batch. nReq=1115 sn=86
03:15:21.832 INF Delivered batch. nReq=1131 sn=87
03:15:22.119 INF Handling PREPREPARE. nReq=1204 senderID=0 sn=88
03:15:22.157 INF Committed entry. latency=0 nReq=1204 sn=88
03:15:22.157 INF Delivered batch. nReq=1204 sn=88
03:15:22.712 INF Handling PREPREPARE. nReq=800 senderID=2 sn=90
03:15:22.733 INF Committed entry. latency=0 nReq=800 sn=90
03:15:22.814 INF Handling PREPREPARE. nReq=566 senderID=1 sn=89
03:15:22.834 INF Committed entry. latency=0 nReq=566 sn=89
03:15:22.835 INF Delivered batch. nReq=566 sn=89
03:15:22.835 INF Delivered batch. nReq=800 sn=90
03:15:23.085 INF Handling PREPREPARE. nReq=467 senderID=0 sn=91
03:15:23.106 INF Committed entry. latency=0 nReq=467 sn=91
03:15:23.106 INF Delivered batch. nReq=467 sn=91
03:15:23.722 INF Handling PREPREPARE. nReq=1275 senderID=2 sn=93
03:15:23.742 INF Committed entry. latency=0 nReq=1275 sn=93
03:15:23.828 INF Handling PREPREPARE. nReq=1476 senderID=1 sn=92
03:15:23.852 INF Committed entry. latency=0 nReq=1476 sn=92
03:15:23.852 INF Delivered batch. nReq=1476 sn=92
03:15:23.852 INF Delivered batch. nReq=1275 sn=93
03:15:24.137 INF Handling PREPREPARE. nReq=1692 senderID=0 sn=94
03:15:24.172 INF Committed entry. latency=0 nReq=1692 sn=94
03:15:24.172 INF Delivered batch. nReq=1692 sn=94
03:15:24.749 INF Handling PREPREPARE. nReq=891 senderID=2 sn=96
03:15:24.767 INF Committed entry. latency=0 nReq=891 sn=96
03:15:24.805 INF Handling PREPREPARE. nReq=586 senderID=1 sn=95
03:15:24.825 INF Committed entry. latency=0 nReq=586 sn=95
03:15:24.825 INF Delivered batch. nReq=586 sn=95
03:15:24.826 INF Delivered batch. nReq=891 sn=96
03:15:25.078 INF Handling PREPREPARE. nReq=366 senderID=0 sn=97
03:15:25.097 INF Committed entry. latency=0 nReq=366 sn=97
03:15:25.097 INF Delivered batch. nReq=366 sn=97
03:15:25.714 INF Handling PREPREPARE. nReq=321 senderID=2 sn=99
03:15:25.731 INF Committed entry. latency=0 nReq=321 sn=99
03:15:25.812 INF Handling PREPREPARE. nReq=371 senderID=1 sn=98
03:15:25.827 INF Committed entry. latency=0 nReq=371 sn=98
03:15:25.827 INF Delivered batch. nReq=371 sn=98
03:15:25.828 INF Delivered batch. nReq=321 sn=99
03:15:26.099 INF Handling PREPREPARE. nReq=596 senderID=0 sn=100
03:15:26.114 INF Committed entry. latency=0 nReq=596 sn=100
03:15:26.114 INF Delivered batch. nReq=596 sn=100
03:15:26.763 INF Handling PREPREPARE. nReq=2303 senderID=2 sn=102
03:15:26.797 INF Committed entry. latency=0 nReq=2303 sn=102
03:15:26.851 INF Handling PREPREPARE. nReq=2441 senderID=1 sn=101
03:15:26.892 INF Committed entry. latency=0 nReq=2441 sn=101
03:15:26.892 INF Delivered batch. nReq=2441 sn=101
03:15:26.893 INF Delivered batch. nReq=2303 sn=102
03:15:27.155 INF Handling PREPREPARE. nReq=2717 senderID=0 sn=103
03:15:27.196 INF Committed entry. latency=0 nReq=2717 sn=103
03:15:27.196 INF Delivered batch. nReq=2717 sn=103
03:15:27.774 INF Handling PREPREPARE. nReq=1050 senderID=2 sn=105
03:15:27.794 INF Committed entry. latency=0 nReq=1050 sn=105
03:15:27.814 INF Handling PREPREPARE. nReq=786 senderID=1 sn=104
03:15:27.835 INF Committed entry. latency=0 nReq=786 sn=104
03:15:27.835 INF Delivered batch. nReq=786 sn=104
03:15:27.835 INF Delivered batch. nReq=1050 sn=105
03:15:28.089 INF Handling PREPREPARE. nReq=356 senderID=0 sn=106
03:15:28.113 INF Committed entry. latency=0 nReq=356 sn=106
03:15:28.114 INF Delivered batch. nReq=356 sn=106
03:15:28.725 INF Handling PREPREPARE. nReq=426 senderID=2 sn=108
03:15:28.745 INF Committed entry. latency=0 nReq=426 sn=108
03:15:28.802 INF Handling PREPREPARE. nReq=363 senderID=1 sn=107
03:15:28.818 INF Committed entry. latency=0 nReq=363 sn=107
03:15:28.819 INF Delivered batch. nReq=363 sn=107
03:15:28.819 INF Delivered batch. nReq=426 sn=108
03:15:29.089 INF Handling PREPREPARE. nReq=324 senderID=0 sn=109
03:15:29.104 INF Committed entry. latency=0 nReq=324 sn=109
03:15:29.105 INF Delivered batch. nReq=324 sn=109
03:15:29.105 INF Sending segment checkpoint. lastSn=109 segID=3
03:15:29.109 INF PBFT checkpoint ready. Scheduling catchup. lastSn=109 segID=3
03:15:29.510 INF PBFT catching up. lastSn=109 missingSns=0 segID=3
03:15:29.719 INF Handling PREPREPARE. nReq=201 senderID=2 sn=111
03:15:29.733 INF Committed entry. latency=0 nReq=201 sn=111
03:15:29.733 INF Sending segment checkpoint. lastSn=111 segID=5
03:15:29.735 INF PBFT checkpoint ready. Scheduling catchup. lastSn=111 segID=5
03:15:29.806 INF Handling PREPREPARE. nReq=196 senderID=1 sn=110
03:15:29.818 INF Committed entry. latency=0 nReq=196 sn=110
03:15:29.818 INF Delivered batch. nReq=196 sn=110
03:15:29.819 INF Delivered batch. nReq=201 sn=111
03:15:29.819 INF Sending segment checkpoint. lastSn=110 segID=4
03:15:29.827 INF PBFT checkpoint ready. Scheduling catchup. lastSn=110 segID=4
03:15:29.843 INF fuck! epoch=128 epoch time (ms)=16480 leaders=4 viewtimeout=120000
03:15:29.843 INF Epoch finished. Waiting for stable checkpoint. sn=111
03:15:29.846 INF New stable checkpoint. sn=111
03:15:29.846 INF Epoch end confirmed. chkpSn=111
03:15:29.846 INF Closing message serializers. segID=5
03:15:29.846 INF Received stable checkpoint notification. sn=111
03:15:29.846 INF Advancing watermarks. numEntries=48
03:15:29.846 INF Statistics commitTs=1753989314806015718 duration=46963931 proposeTs=1753989314759051787 sn=66
03:15:29.846 INF Closing message serializers. segID=3
03:15:29.846 INF Statistics commitTs=1753989315763772634 duration=34730307 proposeTs=1753989315729042327 sn=69
03:15:29.846 INF Closing message serializers. segID=4
03:15:29.846 INF Statistics commitTs=1753989314199695198 duration=71273473 proposeTs=1753989314128421725 sn=64
03:15:29.846 INF Statistics commitTs=1753989316724569575 duration=18380667 proposeTs=1753989316706188908 sn=72
03:15:29.846 INF Statistics commitTs=1753989314880751949 duration=41187129 proposeTs=1753989314839564820 sn=65
03:15:29.846 INF Statistics commitTs=1753989315176040775 duration=30438037 proposeTs=1753989315145602738 sn=67
03:15:29.847 INF Statistics commitTs=1753989317698323593 duration=10347904 proposeTs=1753989317687975689 sn=75
03:15:29.847 INF Statistics commitTs=1753989318739157374 duration=28865190 proposeTs=1753989318710292184 sn=78
03:15:29.847 INF Statistics commitTs=1753989315824828820 duration=26246264 proposeTs=1753989315798582556 sn=68
03:15:29.847 INF Statistics commitTs=1753989316095451333 duration=20939640 proposeTs=1753989316074511693 sn=70
03:15:29.847 INF Statistics commitTs=1753989319762418507 duration=22996496 proposeTs=1753989319739422011 sn=81
03:15:29.847 INF Statistics commitTs=1753989317081764612 duration=14683440 proposeTs=1753989317067081172 sn=73
03:15:29.847 INF Statistics commitTs=1753989316810674387 duration=14846526 proposeTs=1753989316795827861 sn=71
03:15:29.847 INF Statistics commitTs=1753989320728242557 duration=13648926 proposeTs=1753989320714593631 sn=84
03:15:29.847 INF Statistics commitTs=1753989318081015610 duration=15482372 proposeTs=1753989318065533238 sn=76
03:15:29.847 INF Statistics commitTs=1753989317812020494 duration=13386092 proposeTs=1753989317798634402 sn=74
03:15:29.847 INF Statistics commitTs=1753989321751755037 duration=18603409 proposeTs=1753989321733151628 sn=87
03:15:29.848 INF Statistics commitTs=1753989319173444138 duration=32612404 proposeTs=1753989319140831734 sn=79
03:15:29.848 INF Statistics commitTs=1753989322732672771 duration=19929258 proposeTs=1753989322712743513 sn=90
03:15:29.848 INF Statistics commitTs=1753989318860456122 duration=35979488 proposeTs=1753989318824476634 sn=77
03:15:29.848 INF Statistics commitTs=1753989320098227888 duration=18050139 proposeTs=1753989320080177749 sn=82
03:15:29.848 INF Statistics commitTs=1753989323741188602 duration=18366946 proposeTs=1753989323722821656 sn=93
03:15:29.848 INF Statistics commitTs=1753989319828139118 duration=19596247 proposeTs=1753989319808542871 sn=80
03:15:29.848 INF Statistics commitTs=1753989321143044261 duration=34219509 proposeTs=1753989321108824752 sn=85
03:15:29.848 INF Statistics commitTs=1753989324766318621 duration=17195968 proposeTs=1753989324749122653 sn=96
03:15:29.848 INF Statistics commitTs=1753989320817434440 duration=17265801 proposeTs=1753989320800168639 sn=83
03:15:29.848 INF Statistics commitTs=1753989325730785857 duration=16137568 proposeTs=1753989325714648289 sn=99
03:15:29.849 INF Statistics commitTs=1753989326796133484 duration=33106342 proposeTs=1753989326763027142 sn=102
03:15:29.849 INF Statistics commitTs=1753989321831087866 duration=20873138 proposeTs=1753989321810214728 sn=86
03:15:29.848 INF Statistics commitTs=1753989322156448695 duration=37129507 proposeTs=1753989322119319188 sn=88
03:15:29.849 INF Statistics commitTs=1753989327794120895 duration=19192521 proposeTs=1753989327774928374 sn=105
03:15:29.849 INF Statistics commitTs=1753989323105114422 duration=19298504 proposeTs=1753989323085815918 sn=91
03:15:29.849 INF Statistics commitTs=1753989322834198077 duration=19840264 proposeTs=1753989322814357813 sn=89
03:15:29.849 INF Statistics commitTs=1753989324171296153 duration=34101304 proposeTs=1753989324137194849 sn=94
03:15:29.849 INF Statistics commitTs=1753989328745055681 duration=19931886 proposeTs=1753989328725123795 sn=108
03:15:29.849 INF Statistics commitTs=1753989323850435228 duration=22212823 proposeTs=1753989323828222405 sn=92
03:15:29.849 INF Statistics commitTs=1753989329733017672 duration=13247873 proposeTs=1753989329719769799 sn=111
03:15:29.849 INF Statistics commitTs=1753989325097053978 duration=18518611 proposeTs=1753989325078535367 sn=97
03:15:29.849 INF Median commit time commit=19192521 segID=5
03:15:29.849 INF Statistics commitTs=1753989324825017125 duration=19784252 proposeTs=1753989324805232873 sn=95
03:15:29.849 INF Statistics commitTs=1753989326114346729 duration=15366113 proposeTs=1753989326098980616 sn=100
03:15:29.850 INF Statistics commitTs=1753989327195155342 duration=40121286 proposeTs=1753989327155034056 sn=103
03:15:29.850 INF Statistics commitTs=1753989325827301941 duration=15175760 proposeTs=1753989325812126181 sn=98
03:15:29.850 INF Statistics commitTs=1753989328113190759 duration=23686969 proposeTs=1753989328089503790 sn=106
03:15:29.850 INF Statistics commitTs=1753989326890134727 duration=38665493 proposeTs=1753989326851469234 sn=101
03:15:29.850 INF Statistics commitTs=1753989329104210051 duration=15090963 proposeTs=1753989329089119088 sn=109
03:15:29.850 INF Statistics commitTs=1753989327834360857 duration=19445564 proposeTs=1753989327814915293 sn=104
03:15:29.850 INF Median commit time commit=23686969 segID=3
03:15:29.850 INF Statistics commitTs=1753989328818636582 duration=16171503 proposeTs=1753989328802465079 sn=107
03:15:29.850 INF Statistics commitTs=1753989329817878210 duration=11271102 proposeTs=1753989329806607108 sn=110
03:15:29.851 INF Median commit time commit=19784252 segID=4
03:15:29.951 INF PbftOrderer received a new segment: [112 116 120 124 128 132 136 140 144 148 152 156 160 164 168 172] first leader=0 firstSN=112 lastSN=172 len=16 length=16 segId=6
03:15:30.458 INF Starting new view. segID=6 timeout=120000 view=0
03:15:30.458 INF Advanced timeout advanced=19784252 initial=1000000000
03:15:30.458 INF Advanced timeout advanced=1019784252 initial=1000000000
03:15:30.458 INF Advanced timeout advanced=2019784252 initial=1000000000
03:15:30.458 INF Advanced timeout advanced=3019784252 initial=1000000000
03:15:30.458 INF Advanced timeout advanced=4019784252 initial=1000000000
03:15:30.458 INF Advanced timeout advanced=5019784252 initial=1000000000
03:15:30.458 INF Advanced timeout advanced=6019784252 initial=1000000000
03:15:30.458 INF Advanced timeout advanced=7019784252 initial=1000000000
03:15:30.458 INF Advanced timeout advanced=8019784252 initial=1000000000
03:15:30.458 INF Advanced timeout advanced=9019784252 initial=1000000000
03:15:30.458 INF Advanced timeout advanced=10019784252 initial=1000000000
03:15:30.458 INF Advanced timeout advanced=11019784252 initial=1000000000
03:15:30.458 INF Advanced timeout advanced=12019784252 initial=1000000000
03:15:30.458 INF Advanced timeout advanced=13019784252 initial=1000000000
03:15:30.458 INF Advanced timeout advanced=14019784252 initial=1000000000
03:15:30.459 INF Advanced timeout advanced=15019784252 initial=1000000000
03:15:30.459 INF Starting PBFT instance. first=112 last=172 segID=6
03:15:30.459 INF PbftOrderer received a new segment: [113 117 121 125 129 133 137 141 145 149 153 157 161 165 169 173] first leader=1 firstSN=113 lastSN=173 len=16 length=16 segId=7
03:15:30.469 INF Starting serialized message processing. segID=6
03:15:30.983 INF Starting new view. segID=7 timeout=120000 view=0
03:15:30.983 INF Advanced timeout advanced=19784252 initial=1000000000
03:15:30.983 INF Advanced timeout advanced=1019784252 initial=1000000000
03:15:30.983 INF Advanced timeout advanced=2019784252 initial=1000000000
03:15:30.983 INF Advanced timeout advanced=3019784252 initial=1000000000
03:15:30.983 INF Advanced timeout advanced=4019784252 initial=1000000000
03:15:30.983 INF Advanced timeout advanced=5019784252 initial=1000000000
03:15:30.983 INF Advanced timeout advanced=6019784252 initial=1000000000
03:15:30.983 INF Advanced timeout advanced=7019784252 initial=1000000000
03:15:30.984 INF Advanced timeout advanced=8019784252 initial=1000000000
03:15:30.984 INF Advanced timeout advanced=9019784252 initial=1000000000
03:15:30.984 INF Advanced timeout advanced=10019784252 initial=1000000000
03:15:30.984 INF Advanced timeout advanced=11019784252 initial=1000000000
03:15:30.984 INF Advanced timeout advanced=12019784252 initial=1000000000
03:15:30.984 INF Advanced timeout advanced=13019784252 initial=1000000000
03:15:30.984 INF Advanced timeout advanced=14019784252 initial=1000000000
03:15:30.984 INF Advanced timeout advanced=15019784252 initial=1000000000
03:15:30.984 INF Starting PBFT instance. first=113 last=173 segID=7
03:15:30.984 INF PbftOrderer received a new segment: [114 118 122 126 130 134 138 142 146 150 154 158 162 166 170 174] first leader=2 firstSN=114 lastSN=174 len=16 length=16 segId=8
03:15:30.996 INF Starting serialized message processing. segID=7
03:15:31.525 INF Starting new view. segID=8 timeout=120000 view=0
03:15:31.525 INF Advanced timeout advanced=19784252 initial=1000000000
03:15:31.525 INF Advanced timeout advanced=1019784252 initial=1000000000
03:15:31.525 INF Advanced timeout advanced=2019784252 initial=1000000000
03:15:31.525 INF Advanced timeout advanced=3019784252 initial=1000000000
03:15:31.526 INF Advanced timeout advanced=4019784252 initial=1000000000
03:15:31.526 INF Advanced timeout advanced=5019784252 initial=1000000000
03:15:31.526 INF Advanced timeout advanced=6019784252 initial=1000000000
03:15:31.526 INF Advanced timeout advanced=7019784252 initial=1000000000
03:15:31.526 INF Advanced timeout advanced=8019784252 initial=1000000000
03:15:31.526 INF Advanced timeout advanced=9019784252 initial=1000000000
03:15:31.526 INF Advanced timeout advanced=10019784252 initial=1000000000
03:15:31.526 INF Advanced timeout advanced=11019784252 initial=1000000000
03:15:31.526 INF Advanced timeout advanced=12019784252 initial=1000000000
03:15:31.526 INF Advanced timeout advanced=13019784252 initial=1000000000
03:15:31.526 INF Advanced timeout advanced=14019784252 initial=1000000000
03:15:31.526 INF Advanced timeout advanced=15019784252 initial=1000000000
03:15:31.527 INF Starting PBFT instance. first=114 last=174 segID=8
03:15:31.527 INF PbftOrderer received a new segment: [115 119 123 127 131 135 139 143 147 151 155 159 163 167 171 175] first leader=3 firstSN=115 lastSN=175 len=16 length=16 segId=9
03:15:31.527 INF Starting serialized message processing. segID=8
03:15:31.541 INF fuck1 epoch change time (ms)=1722
03:15:31.633 INF Handling PREPREPARE. nReq=55 senderID=1 sn=113
03:15:31.655 INF Committed entry. latency=0 nReq=55 sn=113
03:15:31.967 INF Starting new view. segID=9 timeout=120000 view=0
03:15:31.967 INF Advanced timeout advanced=19784252 initial=1000000000
03:15:31.967 INF Advanced timeout advanced=1019784252 initial=1000000000
03:15:31.968 INF Advanced timeout advanced=2019784252 initial=1000000000
03:15:31.968 INF Advanced timeout advanced=3019784252 initial=1000000000
03:15:31.968 INF Advanced timeout advanced=4019784252 initial=1000000000
03:15:31.968 INF Advanced timeout advanced=5019784252 initial=1000000000
03:15:31.968 INF Advanced timeout advanced=6019784252 initial=1000000000
03:15:31.968 INF Advanced timeout advanced=7019784252 initial=1000000000
03:15:31.969 INF Advanced timeout advanced=8019784252 initial=1000000000
03:15:31.969 INF Advanced timeout advanced=9019784252 initial=1000000000
03:15:31.969 INF Advanced timeout advanced=10019784252 initial=1000000000
03:15:31.969 INF Advanced timeout advanced=11019784252 initial=1000000000
03:15:31.969 INF Advanced timeout advanced=12019784252 initial=1000000000
03:15:31.969 INF Advanced timeout advanced=13019784252 initial=1000000000
03:15:31.969 INF Advanced timeout advanced=14019784252 initial=1000000000
03:15:31.969 INF Advanced timeout advanced=15019784252 initial=1000000000
03:15:31.969 INF Starting PBFT instance. first=115 last=175 segID=9
03:15:31.969 INF Starting serialized message processing. segID=9
03:15:32.631 INF Handling PREPREPARE. nReq=0 senderID=1 sn=117
03:15:32.636 INF Committed entry. latency=0 nReq=0 sn=117
03:15:32.712 INF Handling PREPREPARE. nReq=38 senderID=2 sn=114
03:15:32.719 INF Committed entry. latency=0 nReq=38 sn=114
03:15:32.964 INF Handling PREPREPARE. nReq=36 senderID=3 sn=115
03:15:32.970 INF Committed entry. latency=0 nReq=36 sn=115
03:15:33.242 INF Handling PREPREPARE. nReq=21 senderID=0 sn=112
03:15:33.248 INF Committed entry. latency=0 nReq=21 sn=112
03:15:33.249 INF Delivered batch. nReq=21 sn=112
03:15:33.249 INF Delivered batch. nReq=55 sn=113
03:15:33.249 INF Delivered batch. nReq=38 sn=114
03:15:33.249 INF Delivered batch. nReq=36 sn=115
03:15:33.632 INF Handling PREPREPARE. nReq=0 senderID=1 sn=121
03:15:33.636 INF Committed entry. latency=0 nReq=0 sn=121
03:15:33.658 INF Connection terminated. error="rpc error: code = Canceled desc = context canceled" address=127.0.0.1:52918
03:15:33.659 INF Finished sending bucket assignments to client. clId=0
03:15:33.710 INF Handling PREPREPARE. nReq=0 senderID=2 sn=118
03:15:33.714 INF Committed entry. latency=0 nReq=0 sn=118
03:15:33.962 INF Handling PREPREPARE. nReq=0 senderID=3 sn=119
03:15:33.967 INF Committed entry. latency=0 nReq=0 sn=119
03:15:34.240 INF Handling PREPREPARE. nReq=0 senderID=0 sn=116
03:15:34.244 INF Committed entry. latency=0 nReq=0 sn=116
03:15:34.244 INF Delivered batch. nReq=0 sn=116
03:15:34.244 INF Delivered batch. nReq=0 sn=117
03:15:34.244 INF Delivered batch. nReq=0 sn=118
03:15:34.244 INF Delivered batch. nReq=0 sn=119
03:15:34.301 INF Stopping profiler.
03:15:34.301 INF Stopping Tracer. events=658 fileName=experiment-output/0000/slave-002/peer.trc
==================
WARNING: DATA RACE
Read at 0x00c0009a66a8 by goroutine 109:
  github.com/hyperledger-labs/mirbft/tracing.(*BufferedTrace).Stop()
      /opt/gopath/src/github.com/hyperledger-labs/mirbft/tracing/bufferedtrace.go:237 +0x30e
  github.com/hyperledger-labs/mirbft/tracing.(*BufferedTrace).StopOnSignal.func1()
      /opt/gopath/src/github.com/hyperledger-labs/mirbft/tracing/bufferedtrace.go:298 +0x4e

Previous write at 0x00c0009a66a8 by goroutine 108:
  github.com/hyperledger-labs/mirbft/tracing.(*BufferedTrace).Event()
      /opt/gopath/src/github.com/hyperledger-labs/mirbft/tracing/bufferedtrace.go:105 +0x2cd
  github.com/hyperledger-labs/mirbft/profiling.StartCPUTracing.func1()
      /opt/gopath/src/github.com/hyperledger-labs/mirbft/profiling/cpuusage.go:33 +0x95

Goroutine 109 (running) created at:
  github.com/hyperledger-labs/mirbft/tracing.(*BufferedTrace).StopOnSignal()
      /opt/gopath/src/github.com/hyperledger-labs/mirbft/tracing/bufferedtrace.go:292 +0x178
  main.setUpTracing()
      /opt/gopath/src/github.com/hyperledger-labs/mirbft/cmd/orderingpeer/main.go:408 +0xf5
  main.main()
      /opt/gopath/src/github.com/hyperledger-labs/mirbft/cmd/orderingpeer/main.go:110 +0x9e4
  runtime.deferreturn()
      /home/ubuntu/go/src/runtime/panic.go:476 +0x32
  main.main()
      /opt/gopath/src/github.com/hyperledger-labs/mirbft/cmd/orderingpeer/main.go:78 +0x56c

Goroutine 108 (running) created at:
  github.com/hyperledger-labs/mirbft/profiling.StartCPUTracing()
      /opt/gopath/src/github.com/hyperledger-labs/mirbft/profiling/cpuusage.go:30 +0xb9
  main.setUpTracing()
      /opt/gopath/src/github.com/hyperledger-labs/mirbft/cmd/orderingpeer/main.go:400 +0x85
  main.main()
      /opt/gopath/src/github.com/hyperledger-labs/mirbft/cmd/orderingpeer/main.go:110 +0x9e4
  runtime.deferreturn()
      /home/ubuntu/go/src/runtime/panic.go:476 +0x32
  main.main()
      /opt/gopath/src/github.com/hyperledger-labs/mirbft/cmd/orderingpeer/main.go:78 +0x56c
==================
03:15:34.305 INF Trace data written.
03:15:34.365 INF Profile data written. filename=experiment-output/0000/slave-002/prof.cpu name=cpu
03:15:34.381 INF Connection terminated. error="rpc error: code = Canceled desc = context canceled" address=127.0.0.1:52912
03:15:34.381 INF Connection terminated. error="rpc error: code = Canceled desc = context canceled" address=127.0.0.1:52906
03:15:34.382 INF Connection terminated. error="rpc error: code = Canceled desc = context canceled" address=127.0.0.1:52642
03:15:34.382 INF Connection terminated. error="rpc error: code = Canceled desc = context canceled" address=127.0.0.1:52704
03:15:34.390 INF Profile data written. filename=experiment-output/0000/slave-002/prof.block name=block
03:15:34.397 INF Profile data written. filename=experiment-output/0000/slave-002/prof.mutex name=mutex
