{"level":"debug","Logging":"info","time":"2025-08-01T03:03:52+08:00","message":"Config"}
{"level":"debug","UseTLS":false,"time":"2025-08-01T03:03:52+08:00","message":"Config"}
{"level":"debug","CACertFile":"tls-data/ca.pem","time":"2025-08-01T03:03:52+08:00","message":"Config"}
{"level":"debug","KeyFile":"tls-data/auth.key","time":"2025-08-01T03:03:52+08:00","message":"Config"}
{"level":"debug","CertFile":"tls-data/auth.pem","time":"2025-08-01T03:03:52+08:00","message":"Config"}
{"level":"debug","PriorityConnections":2,"time":"2025-08-01T03:03:52+08:00","message":"Config"}
{"level":"debug","BasicConnections":4,"time":"2025-08-01T03:03:52+08:00","message":"Config"}
{"level":"debug","TestConnections":false,"time":"2025-08-01T03:03:52+08:00","message":"Config"}
{"level":"debug","ExcessConnections":1,"time":"2025-08-01T03:03:52+08:00","message":"Config"}
{"level":"debug","ConnectionTestMsgs":4,"time":"2025-08-01T03:03:52+08:00","message":"Config"}
{"level":"debug","ConnectionTestPayload":131072,"time":"2025-08-01T03:03:52+08:00","message":"Config"}
{"level":"debug","OutMessageBufsize":1024,"time":"2025-08-01T03:03:52+08:00","message":"Config"}
{"level":"debug","OutMessageBufsize":1,"time":"2025-08-01T03:03:52+08:00","message":"Config"}
{"level":"debug","ThroughputCap":131072000,"time":"2025-08-01T03:03:52+08:00","message":"Config"}
{"level":"debug","StragglerTolerance":1000,"time":"2025-08-01T03:03:52+08:00","message":"Config"}
{"level":"debug","BatchSizeIncrement":256,"time":"2025-08-01T03:03:52+08:00","message":"Config"}
{"level":"debug","Orderer":"Pbft","time":"2025-08-01T03:03:52+08:00","message":"Config"}
{"level":"debug","Manager":"Mir","time":"2025-08-01T03:03:52+08:00","message":"Config"}
{"level":"debug","Failures":0,"time":"2025-08-01T03:03:52+08:00","message":"Config"}
{"level":"debug","CrashTiming":"EpochStart","time":"2025-08-01T03:03:52+08:00","message":"Config"}
{"level":"debug","CheckpointInterval":256,"time":"2025-08-01T03:03:52+08:00","message":"Config"}
{"level":"debug","WatermarkWindowSize":256,"time":"2025-08-01T03:03:52+08:00","message":"Config"}
{"level":"debug","EpochLength":256,"time":"2025-08-01T03:03:52+08:00","message":"Config"}
{"level":"debug","SegmentLength":64,"time":"2025-08-01T03:03:52+08:00","message":"Config"}
{"level":"debug","WaitForCheckpoints":true,"time":"2025-08-01T03:03:52+08:00","message":"Config"}
{"level":"debug","ClientWatermarkWindowSize":4194304,"time":"2025-08-01T03:03:52+08:00","message":"Config"}
{"level":"debug","ClientRequestBacklogSize":4194304,"time":"2025-08-01T03:03:52+08:00","message":"Config"}
{"level":"debug","RandomSeed":30014,"time":"2025-08-01T03:03:52+08:00","message":"Config"}
{"level":"debug","NodeToLeaderRatio":1,"time":"2025-08-01T03:03:52+08:00","message":"Config"}
{"level":"debug","LeaderPolicy":"Simple","time":"2025-08-01T03:03:52+08:00","message":"Config"}
{"level":"debug","DefaultLeaderBan":2,"time":"2025-08-01T03:03:52+08:00","message":"Config"}
{"level":"debug","NumBuckets":64,"time":"2025-08-01T03:03:52+08:00","message":"Config"}
{"level":"debug","BatchSize":4096,"time":"2025-08-01T03:03:52+08:00","message":"Config"}
{"level":"debug","BatchTimeoutMs":1000,"time":"2025-08-01T03:03:52+08:00","message":"Config"}
{"level":"debug","DisabledViewChange":false,"time":"2025-08-01T03:03:52+08:00","message":"Config"}
{"level":"debug","ViewChangeTimeout":60000,"time":"2025-08-01T03:03:52+08:00","message":"Config"}
{"level":"debug","ClientTraceSampling":10,"time":"2025-08-01T03:03:52+08:00","message":"Config"}
{"level":"debug","EventBufferSize":2097152,"time":"2025-08-01T03:03:52+08:00","message":"Config"}
{"level":"debug","TraceSampling":1,"time":"2025-08-01T03:03:52+08:00","message":"Config"}
{"level":"debug","ClientsPerProcess":1,"time":"2025-08-01T03:03:52+08:00","message":"Config"}
{"level":"debug","RequestsPerClient":7200000,"time":"2025-08-01T03:03:52+08:00","message":"Config"}
{"level":"debug","ClientRunTime":60000,"time":"2025-08-01T03:03:52+08:00","message":"Config"}
{"level":"debug","RequestRate":60000,"time":"2025-08-01T03:03:52+08:00","message":"Config"}
{"level":"debug","HardRequestRateLimit":false,"time":"2025-08-01T03:03:52+08:00","message":"Config"}
{"level":"debug","RequestPayloadSize":500,"time":"2025-08-01T03:03:52+08:00","message":"Config"}
{"level":"debug","SignRequests":true,"time":"2025-08-01T03:03:52+08:00","message":"Config"}
{"level":"debug","ClientPrivKeyFile":"tls-data/client-ecdsa-256.key","time":"2025-08-01T03:03:52+08:00","message":"Config"}
{"level":"debug","ClientPubKeyFile":"tls-data/client-ecdsa-256.pem","time":"2025-08-01T03:03:52+08:00","message":"Config"}
{"level":"debug","PrecomputeRequests":false,"time":"2025-08-01T03:03:52+08:00","message":"Config"}
{"level":"debug","RequestHandlerThreads":32,"time":"2025-08-01T03:03:52+08:00","message":"Config"}
{"level":"debug","RequestInputChannelBuffer":8192,"time":"2025-08-01T03:03:52+08:00","message":"Config"}
{"level":"debug","BatchVerifier":"external","time":"2025-08-01T03:03:52+08:00","message":"Config"}
03:03:52.014 INF Registered with discovery server. numPeers=4 ownID=2
03:03:52.015 INF Profiling enabled.
03:03:52.015 INF Setting up profiling.
03:03:52.015 INF Started Profiler: CPU
03:03:52.015 INF Started Profiler: BLOCK
03:03:52.015 INF Started Profiler: MUTEX
03:03:52.015 INF Profiler will stop on signal. exit=true
03:03:52.017 INF Tracing will stop on signal. exit=false
03:03:52.017 INF Started tracing. traceFile=experiment-output/0000/slave-000/peer.trc
03:03:52.018 INF Connecting to peer. addr=127.0.0.1:10022 basicConns=4 priorityConns=2
03:03:52.018 INF Listening for connections. port=10022 useTLS=false
03:03:52.018 INF Connecting to peer. addr=127.0.0.1:10033 basicConns=4 priorityConns=2
03:03:52.019 INF Connecting to peer. addr=127.0.0.1:10000 basicConns=4 priorityConns=2
03:03:52.019 INF Connecting to peer. addr=127.0.0.1:10011 basicConns=4 priorityConns=2
03:03:52.022 INF Incoming connection for protocol messages. addr=127.0.0.1:51116
03:03:52.023 INF Incoming connection for protocol messages. addr=127.0.0.1:51122
03:03:52.025 INF Incoming connection for protocol messages. addr=127.0.0.1:51088
03:03:52.027 INF Incoming connection for protocol messages. addr=127.0.0.1:51130
03:03:52.027 INF Incoming connection for protocol messages. addr=127.0.0.1:51164
03:03:52.027 INF Incoming connection for protocol messages. addr=127.0.0.1:51220
03:03:52.027 INF Incoming connection for protocol messages. addr=127.0.0.1:51194
03:03:52.027 INF Incoming connection for protocol messages. addr=127.0.0.1:51206
03:03:52.027 INF Incoming connection for protocol messages. addr=127.0.0.1:51134
03:03:52.028 INF Incoming connection for protocol messages. addr=127.0.0.1:51202
03:03:52.028 INF Incoming connection for protocol messages. addr=127.0.0.1:51144
03:03:52.028 INF Incoming connection for protocol messages. addr=127.0.0.1:51230
03:03:52.029 INF Incoming connection for protocol messages. addr=127.0.0.1:51154
03:03:52.029 INF Incoming connection for protocol messages. addr=127.0.0.1:51102
03:03:52.029 INF Incoming connection for protocol messages. addr=127.0.0.1:51260
03:03:52.029 INF Incoming connection for protocol messages. addr=127.0.0.1:51178
03:03:52.030 INF Incoming connection for protocol messages. addr=127.0.0.1:51254
03:03:52.030 INF Incoming connection for protocol messages. addr=127.0.0.1:51238
03:03:52.031 INF Incoming connection for protocol messages. addr=127.0.0.1:51292
03:03:52.032 INF Connected to all peers.
03:03:52.032 INF Incoming connection for protocol messages. addr=127.0.0.1:51302
03:03:52.032 INF Incoming connection for protocol messages. addr=127.0.0.1:51276
03:03:52.032 INF Incoming connection for protocol messages. addr=127.0.0.1:51300
03:03:52.033 INF Incoming connection for protocol messages. addr=127.0.0.1:51306
03:03:52.033 INF Incoming connection for protocol messages. addr=127.0.0.1:51312
03:03:53.027 INF All peers finished connecting. Starting ISS.
03:03:53.028 INF PbftOrderer received a new segment: [0 1 2 3 4 5 6 7 8 9 10 11 12 13 14 15 16 17 18 19 20 21 22 23 24 25 26 27 28 29 30 31 32 33 34 35 36 37 38 39 40 41 42 43 44 45 46 47 48 49 50 51 52 53 54 55 56 57 58 59 60 61 62 63] first leader=0 firstSN=0 lastSN=63 len=64 length=64 segId=0
03:03:53.066 INF Starting new view. segID=0 timeout=60000 view=0
03:03:53.067 INF Starting PBFT instance. first=0 last=63 segID=0
03:03:53.067 INF Starting serialized message processing. segID=0
03:03:54.075 INF Handling PREPREPARE. nReq=0 senderID=0 sn=0
03:03:54.078 INF Committed entry. latency=0 nReq=0 sn=0
03:03:54.078 INF Delivered batch. nReq=0 sn=0
03:03:55.070 INF Handling PREPREPARE. nReq=0 senderID=0 sn=1
03:03:55.073 INF Committed entry. latency=0 nReq=0 sn=1
03:03:55.073 INF Delivered batch. nReq=0 sn=1
03:03:55.117 INF Incoming connection for requests. addr=127.0.0.1:51326
03:03:55.570 INF Handling PREPREPARE. nReq=4096 senderID=0 sn=2
03:03:55.622 INF Committed entry. latency=0 nReq=4096 sn=2
03:03:55.622 INF Delivered batch. nReq=4096 sn=2
03:03:56.557 INF Handling PREPREPARE. nReq=2378 senderID=0 sn=3
03:03:56.594 INF Committed entry. latency=0 nReq=2378 sn=3
03:03:56.594 INF Delivered batch. nReq=2378 sn=3
03:03:57.529 INF Handling PREPREPARE. nReq=1236 senderID=0 sn=4
03:03:57.555 INF Committed entry. latency=0 nReq=1236 sn=4
03:03:57.556 INF Delivered batch. nReq=1236 sn=4
03:03:58.157 INF Handling PREPREPARE. nReq=4096 senderID=0 sn=5
03:03:58.203 INF Committed entry. latency=0 nReq=4096 sn=5
03:03:58.203 INF Delivered batch. nReq=4096 sn=5
03:03:59.135 INF Handling PREPREPARE. nReq=2381 senderID=0 sn=6
03:03:59.163 INF Committed entry. latency=0 nReq=2381 sn=6
03:03:59.163 INF Delivered batch. nReq=2381 sn=6
03:04:00.157 INF Handling PREPREPARE. nReq=4011 senderID=0 sn=7
03:04:00.204 INF Committed entry. latency=0 nReq=4011 sn=7
03:04:00.204 INF Delivered batch. nReq=4011 sn=7
03:04:01.134 INF Handling PREPREPARE. nReq=2201 senderID=0 sn=8
03:04:01.167 INF Committed entry. latency=0 nReq=2201 sn=8
03:04:01.167 INF Delivered batch. nReq=2201 sn=8
03:04:02.112 INF Handling PREPREPARE. nReq=4096 senderID=0 sn=9
03:04:02.166 INF Committed entry. latency=0 nReq=4096 sn=9
03:04:02.166 INF Delivered batch. nReq=4096 sn=9
03:04:03.081 INF Handling PREPREPARE. nReq=2665 senderID=0 sn=10
03:04:03.129 INF Committed entry. latency=0 nReq=2665 sn=10
03:04:03.130 INF Delivered batch. nReq=2665 sn=10
03:04:04.054 INF Handling PREPREPARE. nReq=4096 senderID=0 sn=11
03:04:04.104 INF Committed entry. latency=0 nReq=4096 sn=11
03:04:04.104 INF Delivered batch. nReq=4096 sn=11
03:04:05.041 INF Handling PREPREPARE. nReq=2416 senderID=0 sn=12
03:04:05.071 INF Committed entry. latency=0 nReq=2416 sn=12
03:04:05.072 INF Delivered batch. nReq=2416 sn=12
03:04:06.037 INF Handling PREPREPARE. nReq=1258 senderID=0 sn=13
03:04:06.079 INF Committed entry. latency=0 nReq=1258 sn=13
03:04:06.079 INF Delivered batch. nReq=1258 sn=13
03:04:06.713 INF Handling PREPREPARE. nReq=4096 senderID=0 sn=14
03:04:06.758 INF Committed entry. latency=0 nReq=4096 sn=14
03:04:06.758 INF Delivered batch. nReq=4096 sn=14
03:04:07.709 INF Handling PREPREPARE. nReq=2535 senderID=0 sn=15
03:04:07.741 INF Committed entry. latency=0 nReq=2535 sn=15
03:04:07.741 INF Delivered batch. nReq=2535 sn=15
03:04:08.710 INF Handling PREPREPARE. nReq=3771 senderID=0 sn=16
03:04:08.769 INF Committed entry. latency=0 nReq=3771 sn=16
03:04:08.769 INF Delivered batch. nReq=3771 sn=16
03:04:09.702 INF Handling PREPREPARE. nReq=2464 senderID=0 sn=17
03:04:09.731 INF Committed entry. latency=0 nReq=2464 sn=17
03:04:09.731 INF Delivered batch. nReq=2464 sn=17
03:04:10.683 INF Handling PREPREPARE. nReq=4096 senderID=0 sn=18
03:04:10.723 INF Committed entry. latency=0 nReq=4096 sn=18
03:04:10.724 INF Delivered batch. nReq=4096 sn=18
03:04:11.638 INF Handling PREPREPARE. nReq=2365 senderID=0 sn=19
03:04:11.665 INF Committed entry. latency=0 nReq=2365 sn=19
03:04:11.665 INF Delivered batch. nReq=2365 sn=19
03:04:12.667 INF Handling PREPREPARE. nReq=4049 senderID=0 sn=20
03:04:12.709 INF Committed entry. latency=0 nReq=4049 sn=20
03:04:12.709 INF Delivered batch. nReq=4049 sn=20
03:04:13.629 INF Handling PREPREPARE. nReq=2317 senderID=0 sn=21
03:04:13.657 INF Committed entry. latency=0 nReq=2317 sn=21
03:04:13.657 INF Delivered batch. nReq=2317 sn=21
03:04:14.658 INF Handling PREPREPARE. nReq=3646 senderID=0 sn=22
03:04:14.701 INF Committed entry. latency=0 nReq=3646 sn=22
03:04:14.701 INF Delivered batch. nReq=3646 sn=22
03:04:15.648 INF Handling PREPREPARE. nReq=2156 senderID=0 sn=23
03:04:15.671 INF Committed entry. latency=0 nReq=2156 sn=23
03:04:15.671 INF Delivered batch. nReq=2156 sn=23
03:04:16.528 INF Handling PREPREPARE. nReq=4096 senderID=0 sn=24
03:04:16.570 INF Committed entry. latency=0 nReq=4096 sn=24
03:04:16.570 INF Delivered batch. nReq=4096 sn=24
03:04:17.361 INF Handling PREPREPARE. nReq=4096 senderID=0 sn=25
03:04:17.406 INF Committed entry. latency=0 nReq=4096 sn=25
03:04:17.406 INF Delivered batch. nReq=4096 sn=25
03:04:18.349 INF Handling PREPREPARE. nReq=2551 senderID=0 sn=26
03:04:18.375 INF Committed entry. latency=0 nReq=2551 sn=26
03:04:18.375 INF Delivered batch. nReq=2551 sn=26
03:04:19.343 INF Handling PREPREPARE. nReq=2538 senderID=0 sn=27
03:04:19.387 INF Committed entry. latency=0 nReq=2538 sn=27
03:04:19.387 INF Delivered batch. nReq=2538 sn=27
03:04:20.324 INF Handling PREPREPARE. nReq=4096 senderID=0 sn=28
03:04:20.380 INF Committed entry. latency=0 nReq=4096 sn=28
03:04:20.380 INF Delivered batch. nReq=4096 sn=28
03:04:21.290 INF Handling PREPREPARE. nReq=2282 senderID=0 sn=29
03:04:21.317 INF Committed entry. latency=0 nReq=2282 sn=29
03:04:21.317 INF Delivered batch. nReq=2282 sn=29
03:04:22.319 INF Handling PREPREPARE. nReq=3585 senderID=0 sn=30
03:04:22.364 INF Committed entry. latency=0 nReq=3585 sn=30
03:04:22.364 INF Delivered batch. nReq=3585 sn=30
03:04:23.292 INF Handling PREPREPARE. nReq=2176 senderID=0 sn=31
03:04:23.318 INF Committed entry. latency=0 nReq=2176 sn=31
03:04:23.318 INF Delivered batch. nReq=2176 sn=31
03:04:24.215 INF Handling PREPREPARE. nReq=4096 senderID=0 sn=32
03:04:24.264 INF Committed entry. latency=0 nReq=4096 sn=32
03:04:24.264 INF Delivered batch. nReq=4096 sn=32
03:04:25.170 INF Handling PREPREPARE. nReq=2818 senderID=0 sn=33
03:04:25.204 INF Committed entry. latency=0 nReq=2818 sn=33
03:04:25.204 INF Delivered batch. nReq=2818 sn=33
03:04:26.165 INF Handling PREPREPARE. nReq=1056 senderID=0 sn=34
03:04:26.194 INF Committed entry. latency=0 nReq=1056 sn=34
03:04:26.194 INF Delivered batch. nReq=1056 sn=34
03:04:26.745 INF Handling PREPREPARE. nReq=4096 senderID=0 sn=35
03:04:26.792 INF Committed entry. latency=0 nReq=4096 sn=35
03:04:26.792 INF Delivered batch. nReq=4096 sn=35
03:04:27.729 INF Handling PREPREPARE. nReq=2759 senderID=0 sn=36
03:04:27.761 INF Committed entry. latency=0 nReq=2759 sn=36
03:04:27.761 INF Delivered batch. nReq=2759 sn=36
03:04:28.712 INF Handling PREPREPARE. nReq=871 senderID=0 sn=37
03:04:28.749 INF Committed entry. latency=0 nReq=871 sn=37
03:04:28.749 INF Delivered batch. nReq=871 sn=37
03:04:29.246 INF Handling PREPREPARE. nReq=4096 senderID=0 sn=38
03:04:29.290 INF Committed entry. latency=0 nReq=4096 sn=38
03:04:29.290 INF Delivered batch. nReq=4096 sn=38
03:04:30.233 INF Handling PREPREPARE. nReq=2454 senderID=0 sn=39
03:04:30.263 INF Committed entry. latency=0 nReq=2454 sn=39
03:04:30.263 INF Delivered batch. nReq=2454 sn=39
03:04:31.243 INF Handling PREPREPARE. nReq=4096 senderID=0 sn=40
03:04:31.290 INF Committed entry. latency=0 nReq=4096 sn=40
03:04:31.290 INF Delivered batch. nReq=4096 sn=40
03:04:32.184 INF Handling PREPREPARE. nReq=3394 senderID=0 sn=41
03:04:32.217 INF Committed entry. latency=0 nReq=3394 sn=41
03:04:32.217 INF Delivered batch. nReq=3394 sn=41
03:04:33.156 INF Handling PREPREPARE. nReq=744 senderID=0 sn=42
03:04:33.166 INF Committed entry. latency=0 nReq=744 sn=42
03:04:33.166 INF Delivered batch. nReq=744 sn=42
03:04:33.759 INF Handling PREPREPARE. nReq=4096 senderID=0 sn=43
03:04:33.801 INF Committed entry. latency=0 nReq=4096 sn=43
03:04:33.801 INF Delivered batch. nReq=4096 sn=43
03:04:34.722 INF Handling PREPREPARE. nReq=2566 senderID=0 sn=44
03:04:34.753 INF Committed entry. latency=0 nReq=2566 sn=44
03:04:34.753 INF Delivered batch. nReq=2566 sn=44
03:04:35.684 INF Handling PREPREPARE. nReq=4096 senderID=0 sn=45
03:04:35.727 INF Committed entry. latency=0 nReq=4096 sn=45
03:04:35.727 INF Delivered batch. nReq=4096 sn=45
03:04:36.680 INF Handling PREPREPARE. nReq=2514 senderID=0 sn=46
03:04:36.740 INF Committed entry. latency=0 nReq=2514 sn=46
03:04:36.741 INF Delivered batch. nReq=2514 sn=46
03:04:37.668 INF Handling PREPREPARE. nReq=2719 senderID=0 sn=47
03:04:37.697 INF Committed entry. latency=0 nReq=2719 sn=47
03:04:37.698 INF Delivered batch. nReq=2719 sn=47
03:04:38.642 INF Handling PREPREPARE. nReq=4096 senderID=0 sn=48
03:04:38.692 INF Committed entry. latency=0 nReq=4096 sn=48
03:04:38.692 INF Delivered batch. nReq=4096 sn=48
03:04:39.399 INF Handling PREPREPARE. nReq=4096 senderID=0 sn=49
03:04:39.463 INF Committed entry. latency=0 nReq=4096 sn=49
03:04:39.463 INF Delivered batch. nReq=4096 sn=49
03:04:40.383 INF Handling PREPREPARE. nReq=3532 senderID=0 sn=50
03:04:40.423 INF Committed entry. latency=0 nReq=3532 sn=50
03:04:40.423 INF Delivered batch. nReq=3532 sn=50
03:04:41.348 INF Handling PREPREPARE. nReq=796 senderID=0 sn=51
03:04:41.362 INF Committed entry. latency=0 nReq=796 sn=51
03:04:41.362 INF Delivered batch. nReq=796 sn=51
03:04:42.117 INF Handling PREPREPARE. nReq=4096 senderID=0 sn=52
03:04:42.175 INF Committed entry. latency=0 nReq=4096 sn=52
03:04:42.176 INF Delivered batch. nReq=4096 sn=52
03:04:43.120 INF Handling PREPREPARE. nReq=3288 senderID=0 sn=53
03:04:43.155 INF Committed entry. latency=0 nReq=3288 sn=53
03:04:43.155 INF Delivered batch. nReq=3288 sn=53
03:04:44.097 INF Handling PREPREPARE. nReq=1091 senderID=0 sn=54
03:04:44.129 INF Committed entry. latency=0 nReq=1091 sn=54
03:04:44.129 INF Delivered batch. nReq=1091 sn=54
03:04:44.608 INF Handling PREPREPARE. nReq=4096 senderID=0 sn=55
03:04:44.657 INF Committed entry. latency=0 nReq=4096 sn=55
03:04:44.657 INF Delivered batch. nReq=4096 sn=55
03:04:45.646 INF Handling PREPREPARE. nReq=3415 senderID=0 sn=56
03:04:45.690 INF Committed entry. latency=0 nReq=3415 sn=56
03:04:45.690 INF Delivered batch. nReq=3415 sn=56
03:04:46.659 INF Handling PREPREPARE. nReq=2443 senderID=0 sn=57
03:04:46.696 INF Committed entry. latency=0 nReq=2443 sn=57
03:04:46.696 INF Delivered batch. nReq=2443 sn=57
03:04:47.536 INF Handling PREPREPARE. nReq=4096 senderID=0 sn=58
03:04:47.590 INF Committed entry. latency=0 nReq=4096 sn=58
03:04:47.590 INF Delivered batch. nReq=4096 sn=58
03:04:48.505 INF Handling PREPREPARE. nReq=2509 senderID=0 sn=59
03:04:48.531 INF Committed entry. latency=0 nReq=2509 sn=59
03:04:48.531 INF Delivered batch. nReq=2509 sn=59
03:04:49.423 INF Handling PREPREPARE. nReq=4096 senderID=0 sn=60
03:04:49.468 INF Committed entry. latency=0 nReq=4096 sn=60
03:04:49.468 INF Delivered batch. nReq=4096 sn=60
03:04:50.423 INF Handling PREPREPARE. nReq=2704 senderID=0 sn=61
03:04:50.453 INF Committed entry. latency=0 nReq=2704 sn=61
03:04:50.453 INF Delivered batch. nReq=2704 sn=61
03:04:51.406 INF Handling PREPREPARE. nReq=1190 senderID=0 sn=62
03:04:51.427 INF Committed entry. latency=0 nReq=1190 sn=62
03:04:51.427 INF Delivered batch. nReq=1190 sn=62
03:04:52.023 INF Handling PREPREPARE. nReq=4096 senderID=0 sn=63
03:04:52.074 INF Committed entry. latency=0 nReq=4096 sn=63
03:04:52.074 INF Delivered batch. nReq=4096 sn=63
==================
WARNING: DATA RACE
Read at 0x000001303380 by goroutine 529:
  github.com/hyperledger-labs/mirbft/manager.(*MirManager).handleLogEntries()
      /opt/gopath/src/github.com/hyperledger-labs/mirbft/manager/mirmanager.go:170 +0x774
  github.com/hyperledger-labs/mirbft/manager.(*MirManager).Start.func2()
      /opt/gopath/src/github.com/hyperledger-labs/mirbft/manager/mirmanager.go:112 +0x47

Previous write at 0x000001303380 by goroutine 542:
  github.com/hyperledger-labs/mirbft/log.publishEntries()
      /opt/gopath/src/github.com/hyperledger-labs/mirbft/log/log.go:281 +0x2e4
  github.com/hyperledger-labs/mirbft/log.CommitEntry()
      /opt/gopath/src/github.com/hyperledger-labs/mirbft/log/log.go:108 +0x284
  github.com/hyperledger-labs/mirbft/announcer.Announce()
      /opt/gopath/src/github.com/hyperledger-labs/mirbft/announcer/announcer.go:26 +0x370
  github.com/hyperledger-labs/mirbft/orderer.(*pbftInstance).announce()
      /opt/gopath/src/github.com/hyperledger-labs/mirbft/orderer/pbftinstance.go:726 +0x36b
  github.com/hyperledger-labs/mirbft/orderer.(*pbftInstance).handleCommit()
      /opt/gopath/src/github.com/hyperledger-labs/mirbft/orderer/pbftinstance.go:664 +0x7bd
  github.com/hyperledger-labs/mirbft/orderer.(*pbftInstance).handleMessage()
      /opt/gopath/src/github.com/hyperledger-labs/mirbft/orderer/pbftinstance.go:1810 +0x2e5
  github.com/hyperledger-labs/mirbft/orderer.(*pbftInstance).processSerializedMessages()
      /opt/gopath/src/github.com/hyperledger-labs/mirbft/orderer/pbftinstance.go:1764 +0xdd
  github.com/hyperledger-labs/mirbft/orderer.(*PbftOrderer).runSegment.func2()
      /opt/gopath/src/github.com/hyperledger-labs/mirbft/orderer/pbftorderer.go:199 +0x39

Goroutine 529 (running) created at:
  github.com/hyperledger-labs/mirbft/manager.(*MirManager).Start()
      /opt/gopath/src/github.com/hyperledger-labs/mirbft/manager/mirmanager.go:112 +0x191
  main.main.func4()
      /opt/gopath/src/github.com/hyperledger-labs/mirbft/cmd/orderingpeer/main.go:185 +0x59

Goroutine 542 (running) created at:
  github.com/hyperledger-labs/mirbft/orderer.(*PbftOrderer).runSegment()
      /opt/gopath/src/github.com/hyperledger-labs/mirbft/orderer/pbftorderer.go:199 +0x3f6
  github.com/hyperledger-labs/mirbft/orderer.(*PbftOrderer).Start()
      /opt/gopath/src/github.com/hyperledger-labs/mirbft/orderer/pbftorderer.go:176 +0x344
  main.main.func5()
      /opt/gopath/src/github.com/hyperledger-labs/mirbft/cmd/orderingpeer/main.go:186 +0x59
==================
03:04:52.077 INF Sending segment checkpoint. lastSn=63 segID=0
03:04:52.078 INF PBFT checkpoint ready. Scheduling catchup. lastSn=63 segID=0
03:04:52.079 INF New stable checkpoint. sn=63
03:04:52.079 INF Received stable checkpoint notification. sn=63
03:04:52.079 INF Closing message serializers. segID=0
03:04:52.079 INF Statistics commitTs=1753988634078369173 duration=2956352 proposeTs=1753988634075412821 sn=0
03:04:52.079 INF Statistics commitTs=1753988635072995781 duration=2880288 proposeTs=1753988635070115493 sn=1
03:04:52.079 INF Statistics commitTs=1753988635620881610 duration=50481349 proposeTs=1753988635570400261 sn=2
03:04:52.079 INF Statistics commitTs=1753988636591768556 duration=34690592 proposeTs=1753988636557077964 sn=3
03:04:52.080 INF Statistics commitTs=1753988637554007107 duration=24054155 proposeTs=1753988637529952952 sn=4
03:04:52.080 INF Statistics commitTs=1753988638202161644 duration=44323956 proposeTs=1753988638157837688 sn=5
03:04:52.080 INF Statistics commitTs=1753988639163022393 duration=27078376 proposeTs=1753988639135944017 sn=6
03:04:52.080 INF Statistics commitTs=1753988640202520231 duration=44974843 proposeTs=1753988640157545388 sn=7
03:04:52.080 INF Statistics commitTs=1753988641165393006 duration=31013074 proposeTs=1753988641134379932 sn=8
03:04:52.080 INF Statistics commitTs=1753988642165367323 duration=52763520 proposeTs=1753988642112603803 sn=9
03:04:52.080 INF Statistics commitTs=1753988643128686267 duration=47158630 proposeTs=1753988643081527637 sn=10
03:04:52.080 INF Statistics commitTs=1753988644103314109 duration=48590335 proposeTs=1753988644054723774 sn=11
03:04:52.080 INF Statistics commitTs=1753988645069707318 duration=27923820 proposeTs=1753988645041783498 sn=12
03:04:52.081 INF Statistics commitTs=1753988646077723191 duration=39908251 proposeTs=1753988646037814940 sn=13
03:04:52.081 INF fuck! epoch=64 epoch time (ms)=59046 leaders=3 viewtimeout=104000
03:04:52.081 INF Statistics commitTs=1753988646757475746 duration=43814575 proposeTs=1753988646713661171 sn=14
03:04:52.081 INF Epoch finished. Waiting for stable checkpoint. sn=63
03:04:52.081 INF Epoch end confirmed. chkpSn=63
03:04:52.081 INF Statistics commitTs=1753988647739395237 duration=30021750 proposeTs=1753988647709373487 sn=15
03:04:52.081 INF Advancing watermarks. numEntries=64
03:04:52.081 INF Statistics commitTs=1753988648767887364 duration=57684680 proposeTs=1753988648710202684 sn=16
03:04:52.081 INF Statistics commitTs=1753988649730383132 duration=28082411 proposeTs=1753988649702300721 sn=17
03:04:52.081 INF Statistics commitTs=1753988650722706392 duration=38917486 proposeTs=1753988650683788906 sn=18
03:04:52.081 INF Statistics commitTs=1753988651664152268 duration=25462319 proposeTs=1753988651638689949 sn=19
03:04:52.081 INF Statistics commitTs=1753988652707914832 duration=40386504 proposeTs=1753988652667528328 sn=20
03:04:52.081 INF Statistics commitTs=1753988653656946255 duration=26977321 proposeTs=1753988653629968934 sn=21
03:04:52.081 INF Statistics commitTs=1753988654699666329 duration=41512753 proposeTs=1753988654658153576 sn=22
03:04:52.081 INF Statistics commitTs=1753988655670436186 duration=21605105 proposeTs=1753988655648831081 sn=23
03:04:52.082 INF Statistics commitTs=1753988656569714650 duration=41441529 proposeTs=1753988656528273121 sn=24
03:04:52.082 INF Statistics commitTs=1753988657404752460 duration=42774004 proposeTs=1753988657361978456 sn=25
03:04:52.082 INF Statistics commitTs=1753988658374533723 duration=25291269 proposeTs=1753988658349242454 sn=26
03:04:52.082 INF Statistics commitTs=1753988659384339519 duration=41257939 proposeTs=1753988659343081580 sn=27
03:04:52.082 INF Statistics commitTs=1753988660377452912 duration=53011808 proposeTs=1753988660324441104 sn=28
03:04:52.082 INF Statistics commitTs=1753988661316499306 duration=26210120 proposeTs=1753988661290289186 sn=29
03:04:52.082 INF Statistics commitTs=1753988662363156744 duration=44144083 proposeTs=1753988662319012661 sn=30
03:04:52.082 INF Statistics commitTs=1753988663317504708 duration=24979414 proposeTs=1753988663292525294 sn=31
03:04:52.082 INF Statistics commitTs=1753988664262811321 duration=47271944 proposeTs=1753988664215539377 sn=32
03:04:52.082 INF Statistics commitTs=1753988665202530968 duration=32538900 proposeTs=1753988665169992068 sn=33
03:04:52.082 INF Statistics commitTs=1753988666193478504 duration=27807591 proposeTs=1753988666165670913 sn=34
03:04:52.083 INF Statistics commitTs=1753988666791018412 duration=45393353 proposeTs=1753988666745625059 sn=35
03:04:52.083 INF Statistics commitTs=1753988667760496982 duration=31371348 proposeTs=1753988667729125634 sn=36
03:04:52.083 INF Statistics commitTs=1753988668748763083 duration=36818873 proposeTs=1753988668711944210 sn=37
03:04:52.083 INF Statistics commitTs=1753988669289421585 duration=43252671 proposeTs=1753988669246168914 sn=38
03:04:52.083 INF Statistics commitTs=1753988670261588105 duration=28282185 proposeTs=1753988670233305920 sn=39
03:04:52.083 INF Statistics commitTs=1753988671287222056 duration=43812226 proposeTs=1753988671243409830 sn=40
03:04:52.083 INF Statistics commitTs=1753988672215994424 duration=31880031 proposeTs=1753988672184114393 sn=41
03:04:52.083 INF Statistics commitTs=1753988673165826893 duration=9401658 proposeTs=1753988673156425235 sn=42
03:04:52.083 INF Statistics commitTs=1753988673800283821 duration=41036127 proposeTs=1753988673759247694 sn=43
03:04:52.083 INF Statistics commitTs=1753988674752323207 duration=29748272 proposeTs=1753988674722574935 sn=44
03:04:52.084 INF Statistics commitTs=1753988675726239489 duration=42224325 proposeTs=1753988675684015164 sn=45
03:04:52.084 INF Statistics commitTs=1753988676739737250 duration=59304748 proposeTs=1753988676680432502 sn=46
03:04:52.084 INF Statistics commitTs=1753988677697057324 duration=28548820 proposeTs=1753988677668508504 sn=47
03:04:52.084 INF Statistics commitTs=1753988678689853971 duration=47550486 proposeTs=1753988678642303485 sn=48
03:04:52.084 INF Statistics commitTs=1753988679462196991 duration=62658442 proposeTs=1753988679399538549 sn=49
03:04:52.084 INF Statistics commitTs=1753988680421305113 duration=37959853 proposeTs=1753988680383345260 sn=50
03:04:52.084 INF Statistics commitTs=1753988681362190134 duration=13797815 proposeTs=1753988681348392319 sn=51
03:04:52.084 INF Statistics commitTs=1753988682174412272 duration=57013799 proposeTs=1753988682117398473 sn=52
03:04:52.084 INF Statistics commitTs=1753988683154858524 duration=33939765 proposeTs=1753988683120918759 sn=53
03:04:52.084 INF Statistics commitTs=1753988684128611248 duration=30990912 proposeTs=1753988684097620336 sn=54
03:04:52.084 INF Statistics commitTs=1753988684656012455 duration=47130639 proposeTs=1753988684608881816 sn=55
03:04:52.085 INF Statistics commitTs=1753988685688601928 duration=42591266 proposeTs=1753988685646010662 sn=56
03:04:52.085 INF Statistics commitTs=1753988686695323170 duration=35698203 proposeTs=1753988686659624967 sn=57
03:04:52.085 INF Statistics commitTs=1753988687588833152 duration=52483986 proposeTs=1753988687536349166 sn=58
03:04:52.085 INF Statistics commitTs=1753988688530222734 duration=24980699 proposeTs=1753988688505242035 sn=59
03:04:52.085 INF Statistics commitTs=1753988689466900762 duration=43493186 proposeTs=1753988689423407576 sn=60
03:04:52.085 INF Statistics commitTs=1753988690451983272 duration=28816448 proposeTs=1753988690423166824 sn=61
03:04:52.085 INF Statistics commitTs=1753988691426656387 duration=20612280 proposeTs=1753988691406044107 sn=62
03:04:52.085 INF Statistics commitTs=1753988692071454326 duration=48402391 proposeTs=1753988692023051935 sn=63
03:04:52.085 INF Median commit time commit=38917486 segID=0
03:04:52.601 INF PbftOrderer received a new segment: [64 67 70 73 76 79 82 85 88 91 94 97 100 103 106 109] first leader=0 firstSN=64 lastSN=109 len=16 length=16 segId=1
03:04:52.838 INF Starting new view. segID=1 timeout=104000 view=0
03:04:52.838 INF Advanced timeout advanced=38917486 initial=1000000000
03:04:52.838 INF Advanced timeout advanced=1038917486 initial=1000000000
03:04:52.838 INF Advanced timeout advanced=2038917486 initial=1000000000
03:04:52.838 INF Advanced timeout advanced=3038917486 initial=1000000000
03:04:52.838 INF Advanced timeout advanced=4038917486 initial=1000000000
03:04:52.838 INF Advanced timeout advanced=5038917486 initial=1000000000
03:04:52.838 INF Advanced timeout advanced=6038917486 initial=1000000000
03:04:52.838 INF Advanced timeout advanced=7038917486 initial=1000000000
03:04:52.839 INF Advanced timeout advanced=8038917486 initial=1000000000
03:04:52.839 INF Advanced timeout advanced=9038917486 initial=1000000000
03:04:52.839 INF Advanced timeout advanced=10038917486 initial=1000000000
03:04:52.839 INF Advanced timeout advanced=11038917486 initial=1000000000
03:04:52.839 INF Advanced timeout advanced=12038917486 initial=1000000000
03:04:52.839 INF Advanced timeout advanced=13038917486 initial=1000000000
03:04:52.839 INF Advanced timeout advanced=14038917486 initial=1000000000
03:04:52.839 INF Advanced timeout advanced=15038917486 initial=1000000000
03:04:52.839 INF Starting PBFT instance. first=64 last=109 segID=1
03:04:52.839 INF PbftOrderer received a new segment: [65 68 71 74 77 80 83 86 89 92 95 98 101 104 107 110] first leader=1 firstSN=65 lastSN=110 len=16 length=16 segId=2
03:04:52.839 INF Starting serialized message processing. segID=1
03:04:53.067 INF Starting new view. segID=2 timeout=104000 view=0
03:04:53.067 INF Advanced timeout advanced=38917486 initial=1000000000
03:04:53.067 INF Advanced timeout advanced=1038917486 initial=1000000000
03:04:53.067 INF Advanced timeout advanced=2038917486 initial=1000000000
03:04:53.067 INF Advanced timeout advanced=3038917486 initial=1000000000
03:04:53.068 INF Advanced timeout advanced=4038917486 initial=1000000000
03:04:53.068 INF Advanced timeout advanced=5038917486 initial=1000000000
03:04:53.068 INF Advanced timeout advanced=6038917486 initial=1000000000
03:04:53.068 INF Advanced timeout advanced=7038917486 initial=1000000000
03:04:53.068 INF Advanced timeout advanced=8038917486 initial=1000000000
03:04:53.068 INF Advanced timeout advanced=9038917486 initial=1000000000
03:04:53.068 INF Advanced timeout advanced=10038917486 initial=1000000000
03:04:53.068 INF Advanced timeout advanced=11038917486 initial=1000000000
03:04:53.068 INF Advanced timeout advanced=12038917486 initial=1000000000
03:04:53.068 INF Advanced timeout advanced=13038917486 initial=1000000000
03:04:53.068 INF Advanced timeout advanced=14038917486 initial=1000000000
03:04:53.068 INF Advanced timeout advanced=15038917486 initial=1000000000
03:04:53.068 INF Starting PBFT instance. first=65 last=110 segID=2
03:04:53.069 INF PbftOrderer received a new segment: [66 69 72 75 78 81 84 87 90 93 96 99 102 105 108 111] first leader=2 firstSN=66 lastSN=111 len=16 length=16 segId=3
03:04:53.072 INF Starting serialized message processing. segID=2
==================
WARNING: DATA RACE
Write at 0x000001303398 by goroutine 529:
  github.com/hyperledger-labs/mirbft/manager.(*MirManager).handleLogEntries()
      /opt/gopath/src/github.com/hyperledger-labs/mirbft/manager/mirmanager.go:262 +0x15f4
  github.com/hyperledger-labs/mirbft/manager.(*MirManager).Start.func2()
      /opt/gopath/src/github.com/hyperledger-labs/mirbft/manager/mirmanager.go:112 +0x47

Previous write at 0x000001303398 by goroutine 554:
  github.com/hyperledger-labs/mirbft/request.HandleRequest()
      /opt/gopath/src/github.com/hyperledger-labs/mirbft/request/requesthandler.go:49 +0x1d3
  github.com/hyperledger-labs/mirbft/messenger.(*messengerServer).Request()
      /opt/gopath/src/github.com/hyperledger-labs/mirbft/messenger/clients.go:77 +0x19d
  github.com/hyperledger-labs/mirbft/protobufs._Messenger_Request_Handler()
      /opt/gopath/src/github.com/hyperledger-labs/mirbft/protobufs/messenger.pb.go:1158 +0xc2
  google.golang.org/grpc.(*Server).processStreamingRPC()
      /opt/gopath/src/google.golang.org/grpc/server.go:1673 +0x1e87
  google.golang.org/grpc.(*Server).handleStream()
      /opt/gopath/src/google.golang.org/grpc/server.go:1794 +0x19c6
  google.golang.org/grpc.(*Server).serveStreams.func2.1()
      /opt/gopath/src/google.golang.org/grpc/server.go:1029 +0x125

Goroutine 529 (running) created at:
  github.com/hyperledger-labs/mirbft/manager.(*MirManager).Start()
      /opt/gopath/src/github.com/hyperledger-labs/mirbft/manager/mirmanager.go:112 +0x191
  main.main.func4()
      /opt/gopath/src/github.com/hyperledger-labs/mirbft/cmd/orderingpeer/main.go:185 +0x59

Goroutine 554 (running) created at:
  google.golang.org/grpc.(*Server).serveStreams.func2()
      /opt/gopath/src/google.golang.org/grpc/server.go:1040 +0x224
  google.golang.org/grpc/internal/transport.(*http2Server).operateHeaders()
      /opt/gopath/src/google.golang.org/grpc/internal/transport/http2_server.go:631 +0x389e
  google.golang.org/grpc/internal/transport.(*http2Server).HandleStreams()
      /opt/gopath/src/google.golang.org/grpc/internal/transport/http2_server.go:672 +0x258
  google.golang.org/grpc.(*Server).serveStreams()
      /opt/gopath/src/google.golang.org/grpc/server.go:1023 +0x68b
  google.golang.org/grpc.(*Server).handleRawConn.func1()
      /opt/gopath/src/google.golang.org/grpc/server.go:959 +0x9c
==================
03:04:53.242 INF Starting new view. segID=3 timeout=104000 view=0
03:04:53.242 INF Advanced timeout advanced=38917486 initial=1000000000
03:04:53.243 INF Advanced timeout advanced=1038917486 initial=1000000000
03:04:53.243 INF Advanced timeout advanced=2038917486 initial=1000000000
03:04:53.243 INF Advanced timeout advanced=3038917486 initial=1000000000
03:04:53.243 INF Advanced timeout advanced=4038917486 initial=1000000000
03:04:53.243 INF Advanced timeout advanced=5038917486 initial=1000000000
03:04:53.243 INF Advanced timeout advanced=6038917486 initial=1000000000
03:04:53.243 INF Advanced timeout advanced=7038917486 initial=1000000000
03:04:53.243 INF Advanced timeout advanced=8038917486 initial=1000000000
03:04:53.243 INF Advanced timeout advanced=9038917486 initial=1000000000
03:04:53.243 INF Advanced timeout advanced=10038917486 initial=1000000000
03:04:53.243 INF Advanced timeout advanced=11038917486 initial=1000000000
03:04:53.243 INF Advanced timeout advanced=12038917486 initial=1000000000
03:04:53.243 INF Advanced timeout advanced=13038917486 initial=1000000000
03:04:53.243 INF Advanced timeout advanced=14038917486 initial=1000000000
03:04:53.243 INF Advanced timeout advanced=15038917486 initial=1000000000
03:04:53.243 INF Starting PBFT instance. first=66 last=111 segID=3
03:04:53.244 INF Starting serialized message processing. segID=3
03:04:53.894 INF Sending PREPREPARE. nReq=4096 senderID=2 sn=66 view=0
03:04:53.949 INF Handling PREPREPARE. nReq=4096 senderID=1 sn=65
03:04:54.010 INF Handling PREPREPARE. nReq=4096 senderID=0 sn=64
03:04:54.024 INF Committed entry. latency=0 nReq=4096 sn=65
03:04:54.059 INF Committed entry. latency=0 nReq=4096 sn=66
03:04:54.063 INF Committed entry. latency=0 nReq=4096 sn=64
03:04:54.064 INF Delivered batch. nReq=4096 sn=64
03:04:54.065 INF Delivered batch. nReq=4096 sn=65
03:04:54.065 INF Delivered batch. nReq=4096 sn=66
03:04:54.853 INF Handling PREPREPARE. nReq=962 senderID=1 sn=68
03:04:54.882 INF Committed entry. latency=0 nReq=962 sn=68
03:04:54.890 INF Sending PREPREPARE. nReq=758 senderID=2 sn=69 view=0
03:04:54.921 INF Handling PREPREPARE. nReq=758 senderID=0 sn=67
03:04:54.947 INF Committed entry. latency=0 nReq=758 sn=67
03:04:54.947 INF Delivered batch. nReq=758 sn=67
03:04:54.947 INF Delivered batch. nReq=962 sn=68
03:04:54.951 INF Committed entry. latency=0 nReq=758 sn=69
03:04:54.952 INF Delivered batch. nReq=758 sn=69
03:04:55.815 INF Handling PREPREPARE. nReq=115 senderID=1 sn=71
03:04:55.821 INF Committed entry. latency=0 nReq=115 sn=71
03:04:55.889 INF Sending PREPREPARE. nReq=84 senderID=2 sn=72 view=0
03:04:55.894 INF Handling PREPREPARE. nReq=85 senderID=0 sn=70
03:04:55.899 INF Committed entry. latency=0 nReq=85 sn=70
03:04:55.899 INF Committed entry. latency=0 nReq=84 sn=72
03:04:55.900 INF Delivered batch. nReq=85 sn=70
03:04:55.900 INF Delivered batch. nReq=115 sn=71
03:04:55.900 INF Delivered batch. nReq=84 sn=72
03:04:56.813 INF Handling PREPREPARE. nReq=0 senderID=1 sn=74
03:04:56.815 INF Committed entry. latency=0 nReq=0 sn=74
03:04:56.889 INF Handling PREPREPARE. nReq=0 senderID=0 sn=73
03:04:56.889 INF Sending PREPREPARE. nReq=0 senderID=2 sn=75 view=0
03:04:56.892 INF Committed entry. latency=0 nReq=0 sn=73
03:04:56.892 INF Committed entry. latency=0 nReq=0 sn=75
03:04:56.892 INF Delivered batch. nReq=0 sn=73
03:04:56.892 INF Delivered batch. nReq=0 sn=74
03:04:56.892 INF Delivered batch. nReq=0 sn=75
03:04:57.132 INF Connection terminated. error="rpc error: code = Canceled desc = context canceled" address=127.0.0.1:51326
03:04:57.132 INF Finished sending bucket assignments to client. clId=0
03:04:57.753 INF Stopping profiler.
03:04:57.753 INF Stopping Tracer. events=280 fileName=experiment-output/0000/slave-000/peer.trc
==================
WARNING: DATA RACE
Read at 0x00c0009a2b98 by goroutine 109:
  github.com/hyperledger-labs/mirbft/tracing.(*BufferedTrace).Stop()
      /opt/gopath/src/github.com/hyperledger-labs/mirbft/tracing/bufferedtrace.go:237 +0x30e
  github.com/hyperledger-labs/mirbft/tracing.(*BufferedTrace).StopOnSignal.func1()
      /opt/gopath/src/github.com/hyperledger-labs/mirbft/tracing/bufferedtrace.go:298 +0x4e

Previous write at 0x00c0009a2b98 by goroutine 108:
  github.com/hyperledger-labs/mirbft/tracing.(*BufferedTrace).Event()
      /opt/gopath/src/github.com/hyperledger-labs/mirbft/tracing/bufferedtrace.go:105 +0x2cd
  github.com/hyperledger-labs/mirbft/profiling.StartCPUTracing.func1()
      /opt/gopath/src/github.com/hyperledger-labs/mirbft/profiling/cpuusage.go:33 +0x95

Goroutine 109 (running) created at:
  github.com/hyperledger-labs/mirbft/tracing.(*BufferedTrace).StopOnSignal()
      /opt/gopath/src/github.com/hyperledger-labs/mirbft/tracing/bufferedtrace.go:292 +0x178
  main.setUpTracing()
      /opt/gopath/src/github.com/hyperledger-labs/mirbft/cmd/orderingpeer/main.go:408 +0xf5
  main.main()
      /opt/gopath/src/github.com/hyperledger-labs/mirbft/cmd/orderingpeer/main.go:110 +0x9e4
  runtime.deferreturn()
      /home/ubuntu/go/src/runtime/panic.go:476 +0x32
  main.main()
      /opt/gopath/src/github.com/hyperledger-labs/mirbft/cmd/orderingpeer/main.go:78 +0x56c

Goroutine 108 (running) created at:
  github.com/hyperledger-labs/mirbft/profiling.StartCPUTracing()
      /opt/gopath/src/github.com/hyperledger-labs/mirbft/profiling/cpuusage.go:30 +0xb9
  main.setUpTracing()
      /opt/gopath/src/github.com/hyperledger-labs/mirbft/cmd/orderingpeer/main.go:400 +0x85
  main.main()
      /opt/gopath/src/github.com/hyperledger-labs/mirbft/cmd/orderingpeer/main.go:110 +0x9e4
  runtime.deferreturn()
      /home/ubuntu/go/src/runtime/panic.go:476 +0x32
  main.main()
      /opt/gopath/src/github.com/hyperledger-labs/mirbft/cmd/orderingpeer/main.go:78 +0x56c
==================
03:04:57.754 INF Trace data written.
03:04:57.813 INF Handling PREPREPARE. nReq=0 senderID=1 sn=77
03:04:57.816 INF Committed entry. latency=0 nReq=0 sn=77
03:04:57.879 INF Connection terminated. error="rpc error: code = Canceled desc = context canceled" address=127.0.0.1:51260
03:04:57.879 INF Connection terminated. error="rpc error: code = Canceled desc = context canceled" address=127.0.0.1:51292
03:04:57.879 INF Connection terminated. error="rpc error: code = Canceled desc = context canceled" address=127.0.0.1:51254
03:04:57.879 INF Connection terminated. error="rpc error: code = Canceled desc = context canceled" address=127.0.0.1:51202
03:04:57.879 INF Connection terminated. error="rpc error: code = Canceled desc = context canceled" address=127.0.0.1:51154
03:04:57.879 INF Connection terminated. error="rpc error: code = Canceled desc = context canceled" address=127.0.0.1:51144
03:04:57.890 INF Sending PREPREPARE. nReq=0 senderID=2 sn=78 view=0
03:04:57.890 ERR Failed to send protocol message. Dropping all future outgoing protocol messages. error=EOF
03:04:57.931 INF Profile data written. filename=experiment-output/0000/slave-000/prof.cpu name=cpu
03:04:57.938 INF Connection terminated. error="rpc error: code = Canceled desc = context canceled" address=127.0.0.1:51312
03:04:57.938 INF Connection terminated. error="rpc error: code = Canceled desc = context canceled" address=127.0.0.1:51306
03:04:57.938 INF Connection terminated. error="rpc error: code = Canceled desc = context canceled" address=127.0.0.1:51276
03:04:57.938 INF Connection terminated. error="rpc error: code = Canceled desc = context canceled" address=127.0.0.1:51302
03:04:57.938 INF Connection terminated. error="rpc error: code = Canceled desc = context canceled" address=127.0.0.1:51300
03:04:57.938 INF Connection terminated. error="rpc error: code = Canceled desc = context canceled" address=127.0.0.1:51130
03:04:57.963 INF Profile data written. filename=experiment-output/0000/slave-000/prof.block name=block
03:04:57.971 INF Profile data written. filename=experiment-output/0000/slave-000/prof.mutex name=mutex
