{"level":"debug","Logging":"info","time":"2025-08-01T03:11:28+08:00","message":"Config"}
{"level":"debug","UseTLS":false,"time":"2025-08-01T03:11:28+08:00","message":"Config"}
{"level":"debug","CACertFile":"tls-data/ca.pem","time":"2025-08-01T03:11:28+08:00","message":"Config"}
{"level":"debug","KeyFile":"tls-data/auth.key","time":"2025-08-01T03:11:28+08:00","message":"Config"}
{"level":"debug","CertFile":"tls-data/auth.pem","time":"2025-08-01T03:11:28+08:00","message":"Config"}
{"level":"debug","PriorityConnections":2,"time":"2025-08-01T03:11:28+08:00","message":"Config"}
{"level":"debug","BasicConnections":4,"time":"2025-08-01T03:11:28+08:00","message":"Config"}
{"level":"debug","TestConnections":false,"time":"2025-08-01T03:11:28+08:00","message":"Config"}
{"level":"debug","ExcessConnections":1,"time":"2025-08-01T03:11:28+08:00","message":"Config"}
{"level":"debug","ConnectionTestMsgs":4,"time":"2025-08-01T03:11:28+08:00","message":"Config"}
{"level":"debug","ConnectionTestPayload":131072,"time":"2025-08-01T03:11:28+08:00","message":"Config"}
{"level":"debug","OutMessageBufsize":1024,"time":"2025-08-01T03:11:28+08:00","message":"Config"}
{"level":"debug","OutMessageBufsize":1,"time":"2025-08-01T03:11:28+08:00","message":"Config"}
{"level":"debug","ThroughputCap":131072000,"time":"2025-08-01T03:11:28+08:00","message":"Config"}
{"level":"debug","StragglerTolerance":1000,"time":"2025-08-01T03:11:28+08:00","message":"Config"}
{"level":"debug","BatchSizeIncrement":256,"time":"2025-08-01T03:11:28+08:00","message":"Config"}
{"level":"debug","Orderer":"Pbft","time":"2025-08-01T03:11:28+08:00","message":"Config"}
{"level":"debug","Manager":"Mir","time":"2025-08-01T03:11:28+08:00","message":"Config"}
{"level":"debug","Failures":0,"time":"2025-08-01T03:11:28+08:00","message":"Config"}
{"level":"debug","CrashTiming":"EpochStart","time":"2025-08-01T03:11:28+08:00","message":"Config"}
{"level":"debug","CheckpointInterval":256,"time":"2025-08-01T03:11:28+08:00","message":"Config"}
{"level":"debug","WatermarkWindowSize":256,"time":"2025-08-01T03:11:28+08:00","message":"Config"}
{"level":"debug","EpochLength":256,"time":"2025-08-01T03:11:28+08:00","message":"Config"}
{"level":"debug","SegmentLength":64,"time":"2025-08-01T03:11:28+08:00","message":"Config"}
{"level":"debug","WaitForCheckpoints":true,"time":"2025-08-01T03:11:28+08:00","message":"Config"}
{"level":"debug","ClientWatermarkWindowSize":4194304,"time":"2025-08-01T03:11:28+08:00","message":"Config"}
{"level":"debug","ClientRequestBacklogSize":4194304,"time":"2025-08-01T03:11:28+08:00","message":"Config"}
{"level":"debug","RandomSeed":6806,"time":"2025-08-01T03:11:28+08:00","message":"Config"}
{"level":"debug","NodeToLeaderRatio":1,"time":"2025-08-01T03:11:28+08:00","message":"Config"}
{"level":"debug","LeaderPolicy":"Simple","time":"2025-08-01T03:11:28+08:00","message":"Config"}
{"level":"debug","DefaultLeaderBan":2,"time":"2025-08-01T03:11:28+08:00","message":"Config"}
{"level":"debug","NumBuckets":64,"time":"2025-08-01T03:11:28+08:00","message":"Config"}
{"level":"debug","BatchSize":4096,"time":"2025-08-01T03:11:28+08:00","message":"Config"}
{"level":"debug","BatchTimeoutMs":1000,"time":"2025-08-01T03:11:28+08:00","message":"Config"}
{"level":"debug","DisabledViewChange":false,"time":"2025-08-01T03:11:28+08:00","message":"Config"}
{"level":"debug","ViewChangeTimeout":60000,"time":"2025-08-01T03:11:28+08:00","message":"Config"}
{"level":"debug","ClientTraceSampling":10,"time":"2025-08-01T03:11:28+08:00","message":"Config"}
{"level":"debug","EventBufferSize":2097152,"time":"2025-08-01T03:11:28+08:00","message":"Config"}
{"level":"debug","TraceSampling":1,"time":"2025-08-01T03:11:28+08:00","message":"Config"}
{"level":"debug","ClientsPerProcess":1,"time":"2025-08-01T03:11:28+08:00","message":"Config"}
{"level":"debug","RequestsPerClient":7200000,"time":"2025-08-01T03:11:28+08:00","message":"Config"}
{"level":"debug","ClientRunTime":60000,"time":"2025-08-01T03:11:28+08:00","message":"Config"}
{"level":"debug","RequestRate":60000,"time":"2025-08-01T03:11:28+08:00","message":"Config"}
{"level":"debug","HardRequestRateLimit":false,"time":"2025-08-01T03:11:28+08:00","message":"Config"}
{"level":"debug","RequestPayloadSize":500,"time":"2025-08-01T03:11:28+08:00","message":"Config"}
{"level":"debug","SignRequests":true,"time":"2025-08-01T03:11:28+08:00","message":"Config"}
{"level":"debug","ClientPrivKeyFile":"tls-data/client-ecdsa-256.key","time":"2025-08-01T03:11:28+08:00","message":"Config"}
{"level":"debug","ClientPubKeyFile":"tls-data/client-ecdsa-256.pem","time":"2025-08-01T03:11:28+08:00","message":"Config"}
{"level":"debug","PrecomputeRequests":false,"time":"2025-08-01T03:11:28+08:00","message":"Config"}
{"level":"debug","RequestHandlerThreads":32,"time":"2025-08-01T03:11:28+08:00","message":"Config"}
{"level":"debug","RequestInputChannelBuffer":8192,"time":"2025-08-01T03:11:28+08:00","message":"Config"}
{"level":"debug","BatchVerifier":"external","time":"2025-08-01T03:11:28+08:00","message":"Config"}
03:11:28.369 INF Registered with discovery server. numPeers=4 ownID=2
03:11:28.370 INF Profiling enabled.
03:11:28.370 INF Setting up profiling.
03:11:28.370 INF Started Profiler: CPU
03:11:28.370 INF Started Profiler: BLOCK
03:11:28.370 INF Started Profiler: MUTEX
03:11:28.370 INF Profiler will stop on signal. exit=true
03:11:28.371 INF Tracing will stop on signal. exit=false
03:11:28.371 INF Started tracing. traceFile=experiment-output/0000/slave-002/peer.trc
03:11:28.373 INF Connecting to peer. addr=127.0.0.1:10033 basicConns=4 priorityConns=2
03:11:28.373 INF Listening for connections. port=10022 useTLS=false
03:11:28.373 INF Connecting to peer. addr=127.0.0.1:10011 basicConns=4 priorityConns=2
03:11:28.373 INF Connecting to peer. addr=127.0.0.1:10000 basicConns=4 priorityConns=2
03:11:28.373 INF Connecting to peer. addr=127.0.0.1:10022 basicConns=4 priorityConns=2
03:11:28.377 INF Incoming connection for protocol messages. addr=127.0.0.1:35480
03:11:28.380 INF Incoming connection for protocol messages. addr=127.0.0.1:35556
03:11:28.380 INF Incoming connection for protocol messages. addr=127.0.0.1:35516
03:11:28.381 INF Incoming connection for protocol messages. addr=127.0.0.1:35498
03:11:28.383 INF Incoming connection for protocol messages. addr=127.0.0.1:35484
03:11:28.384 INF Incoming connection for protocol messages. addr=127.0.0.1:35514
03:11:28.384 INF Incoming connection for protocol messages. addr=127.0.0.1:35596
03:11:28.385 INF Incoming connection for protocol messages. addr=127.0.0.1:35586
03:11:28.385 INF Incoming connection for protocol messages. addr=127.0.0.1:35572
03:11:28.385 INF Incoming connection for protocol messages. addr=127.0.0.1:35546
03:11:28.385 INF Incoming connection for protocol messages. addr=127.0.0.1:35528
03:11:28.385 INF Incoming connection for protocol messages. addr=127.0.0.1:35630
03:11:28.385 INF Incoming connection for protocol messages. addr=127.0.0.1:35530
03:11:28.385 INF Incoming connection for protocol messages. addr=127.0.0.1:35500
03:11:28.385 INF Incoming connection for protocol messages. addr=127.0.0.1:35654
03:11:28.385 INF Incoming connection for protocol messages. addr=127.0.0.1:35646
03:11:28.385 INF Incoming connection for protocol messages. addr=127.0.0.1:35624
03:11:28.385 INF Incoming connection for protocol messages. addr=127.0.0.1:35652
03:11:28.385 INF Incoming connection for protocol messages. addr=127.0.0.1:35664
03:11:28.386 INF Incoming connection for protocol messages. addr=127.0.0.1:35678
03:11:28.386 INF Incoming connection for protocol messages. addr=127.0.0.1:35614
03:11:28.386 INF Incoming connection for protocol messages. addr=127.0.0.1:35602
03:11:28.386 INF Incoming connection for protocol messages. addr=127.0.0.1:35694
03:11:28.387 INF Incoming connection for protocol messages. addr=127.0.0.1:35700
03:11:28.387 INF Connected to all peers.
03:11:28.389 INF All peers finished connecting. Starting ISS.
03:11:28.389 INF PbftOrderer received a new segment: [0 1 2 3 4 5 6 7 8 9 10 11 12 13 14 15 16 17 18 19 20 21 22 23 24 25 26 27 28 29 30 31 32 33 34 35 36 37 38 39 40 41 42 43 44 45 46 47 48 49 50 51 52 53 54 55 56 57 58 59 60 61 62 63] first leader=0 firstSN=0 lastSN=63 len=64 length=64 segId=0
03:11:28.401 INF Starting new view. segID=0 timeout=60000 view=0
03:11:28.401 INF Starting PBFT instance. first=0 last=63 segID=0
03:11:28.401 INF Starting serialized message processing. segID=0
03:11:29.409 INF Handling PREPREPARE. nReq=0 senderID=0 sn=0
03:11:29.412 INF Committed entry. latency=0 nReq=0 sn=0
03:11:29.413 INF Delivered batch. nReq=0 sn=0
03:11:30.404 INF Handling PREPREPARE. nReq=0 senderID=0 sn=1
03:11:30.407 INF Committed entry. latency=0 nReq=0 sn=1
03:11:30.407 INF Delivered batch. nReq=0 sn=1
03:11:30.468 INF Incoming connection for requests. addr=127.0.0.1:35708
03:11:30.953 INF Handling PREPREPARE. nReq=4096 senderID=0 sn=2
03:11:30.999 INF Committed entry. latency=0 nReq=4096 sn=2
03:11:30.999 INF Delivered batch. nReq=4096 sn=2
03:11:31.903 INF Handling PREPREPARE. nReq=2079 senderID=0 sn=3
03:11:31.925 INF Committed entry. latency=0 nReq=2079 sn=3
03:11:31.925 INF Delivered batch. nReq=2079 sn=3
03:11:32.884 INF Handling PREPREPARE. nReq=4096 senderID=0 sn=4
03:11:32.928 INF Committed entry. latency=0 nReq=4096 sn=4
03:11:32.928 INF Delivered batch. nReq=4096 sn=4
03:11:33.843 INF Handling PREPREPARE. nReq=2302 senderID=0 sn=5
03:11:33.868 INF Committed entry. latency=0 nReq=2302 sn=5
03:11:33.868 INF Delivered batch. nReq=2302 sn=5
03:11:34.874 INF Handling PREPREPARE. nReq=3290 senderID=0 sn=6
03:11:34.915 INF Committed entry. latency=0 nReq=3290 sn=6
03:11:34.915 INF Delivered batch. nReq=3290 sn=6
03:11:35.846 INF Handling PREPREPARE. nReq=1957 senderID=0 sn=7
03:11:35.868 INF Committed entry. latency=0 nReq=1957 sn=7
03:11:35.868 INF Delivered batch. nReq=1957 sn=7
03:11:36.869 INF Handling PREPREPARE. nReq=3298 senderID=0 sn=8
03:11:36.911 INF Committed entry. latency=0 nReq=3298 sn=8
03:11:36.911 INF Delivered batch. nReq=3298 sn=8
03:11:37.887 INF Handling PREPREPARE. nReq=4016 senderID=0 sn=9
03:11:37.934 INF Committed entry. latency=0 nReq=4016 sn=9
03:11:37.934 INF Delivered batch. nReq=4016 sn=9
03:11:38.876 INF Handling PREPREPARE. nReq=2614 senderID=0 sn=10
03:11:38.914 INF Committed entry. latency=0 nReq=2614 sn=10
03:11:38.915 INF Delivered batch. nReq=2614 sn=10
03:11:39.929 INF Handling PREPREPARE. nReq=4096 senderID=0 sn=11
03:11:39.976 INF Committed entry. latency=0 nReq=4096 sn=11
03:11:39.976 INF Delivered batch. nReq=4096 sn=11
03:11:40.873 INF Handling PREPREPARE. nReq=2327 senderID=0 sn=12
03:11:40.903 INF Committed entry. latency=0 nReq=2327 sn=12
03:11:40.903 INF Delivered batch. nReq=2327 sn=12
03:11:41.858 INF Handling PREPREPARE. nReq=1610 senderID=0 sn=13
03:11:41.892 INF Committed entry. latency=0 nReq=1610 sn=13
03:11:41.893 INF Delivered batch. nReq=1610 sn=13
03:11:42.622 INF Handling PREPREPARE. nReq=4096 senderID=0 sn=14
03:11:42.669 INF Committed entry. latency=0 nReq=4096 sn=14
03:11:42.669 INF Delivered batch. nReq=4096 sn=14
03:11:43.591 INF Handling PREPREPARE. nReq=2385 senderID=0 sn=15
03:11:43.619 INF Committed entry. latency=0 nReq=2385 sn=15
03:11:43.619 INF Delivered batch. nReq=2385 sn=15
03:11:44.604 INF Handling PREPREPARE. nReq=2976 senderID=0 sn=16
03:11:44.645 INF Committed entry. latency=0 nReq=2976 sn=16
03:11:44.645 INF Delivered batch. nReq=2976 sn=16
03:11:45.636 INF Handling PREPREPARE. nReq=3253 senderID=0 sn=17
03:11:45.686 INF Committed entry. latency=0 nReq=3253 sn=17
03:11:45.686 INF Delivered batch. nReq=3253 sn=17
03:11:46.627 INF Handling PREPREPARE. nReq=3023 senderID=0 sn=18
03:11:46.672 INF Committed entry. latency=0 nReq=3023 sn=18
03:11:46.672 INF Delivered batch. nReq=3023 sn=18
03:11:47.609 INF Handling PREPREPARE. nReq=3562 senderID=0 sn=19
03:11:47.645 INF Committed entry. latency=0 nReq=3562 sn=19
03:11:47.646 INF Delivered batch. nReq=3562 sn=19
03:11:48.616 INF Handling PREPREPARE. nReq=3273 senderID=0 sn=20
03:11:48.661 INF Committed entry. latency=0 nReq=3273 sn=20
03:11:48.661 INF Delivered batch. nReq=3273 sn=20
03:11:49.610 INF Handling PREPREPARE. nReq=2631 senderID=0 sn=21
03:11:49.654 INF Committed entry. latency=0 nReq=2631 sn=21
03:11:49.654 INF Delivered batch. nReq=2631 sn=21
03:11:50.618 INF Handling PREPREPARE. nReq=4096 senderID=0 sn=22
03:11:50.661 INF Committed entry. latency=0 nReq=4096 sn=22
03:11:50.661 INF Delivered batch. nReq=4096 sn=22
03:11:51.644 INF Handling PREPREPARE. nReq=2263 senderID=0 sn=23
03:11:51.691 INF Committed entry. latency=0 nReq=2263 sn=23
03:11:51.692 INF Delivered batch. nReq=2263 sn=23
03:11:52.586 INF Handling PREPREPARE. nReq=4096 senderID=0 sn=24
03:11:52.626 INF Committed entry. latency=0 nReq=4096 sn=24
03:11:52.626 INF Delivered batch. nReq=4096 sn=24
03:11:53.595 INF Handling PREPREPARE. nReq=4058 senderID=0 sn=25
03:11:53.637 INF Committed entry. latency=0 nReq=4058 sn=25
03:11:53.637 INF Delivered batch. nReq=4058 sn=25
03:11:54.570 INF Handling PREPREPARE. nReq=2307 senderID=0 sn=26
03:11:54.595 INF Committed entry. latency=0 nReq=2307 sn=26
03:11:54.595 INF Delivered batch. nReq=2307 sn=26
03:11:55.568 INF Handling PREPREPARE. nReq=1562 senderID=0 sn=27
03:11:55.611 INF Committed entry. latency=0 nReq=1562 sn=27
03:11:55.611 INF Delivered batch. nReq=1562 sn=27
03:11:56.259 INF Handling PREPREPARE. nReq=4096 senderID=0 sn=28
03:11:56.304 INF Committed entry. latency=0 nReq=4096 sn=28
03:11:56.304 INF Delivered batch. nReq=4096 sn=28
03:11:57.248 INF Handling PREPREPARE. nReq=2410 senderID=0 sn=29
03:11:57.290 INF Committed entry. latency=0 nReq=2410 sn=29
03:11:57.290 INF Delivered batch. nReq=2410 sn=29
03:11:58.204 INF Handling PREPREPARE. nReq=4096 senderID=0 sn=30
03:11:58.249 INF Committed entry. latency=0 nReq=4096 sn=30
03:11:58.249 INF Delivered batch. nReq=4096 sn=30
03:11:59.160 INF Handling PREPREPARE. nReq=2622 senderID=0 sn=31
03:11:59.191 INF Committed entry. latency=0 nReq=2622 sn=31
03:11:59.191 INF Delivered batch. nReq=2622 sn=31
03:12:00.209 INF Handling PREPREPARE. nReq=2723 senderID=0 sn=32
03:12:00.249 INF Committed entry. latency=0 nReq=2723 sn=32
03:12:00.249 INF Delivered batch. nReq=2723 sn=32
03:12:00.886 INF Handling PREPREPARE. nReq=4096 senderID=0 sn=33
03:12:00.931 INF Committed entry. latency=0 nReq=4096 sn=33
03:12:00.931 INF Delivered batch. nReq=4096 sn=33
03:12:01.838 INF Handling PREPREPARE. nReq=2460 senderID=0 sn=34
03:12:01.868 INF Committed entry. latency=0 nReq=2460 sn=34
03:12:01.868 INF Delivered batch. nReq=2460 sn=34
03:12:02.800 INF Handling PREPREPARE. nReq=4096 senderID=0 sn=35
03:12:02.849 INF Committed entry. latency=0 nReq=4096 sn=35
03:12:02.849 INF Delivered batch. nReq=4096 sn=35
03:12:03.788 INF Handling PREPREPARE. nReq=2743 senderID=0 sn=36
03:12:03.817 INF Committed entry. latency=0 nReq=2743 sn=36
03:12:03.818 INF Delivered batch. nReq=2743 sn=36
03:12:04.751 INF Handling PREPREPARE. nReq=629 senderID=0 sn=37
03:12:04.764 INF Committed entry. latency=0 nReq=629 sn=37
03:12:04.764 INF Delivered batch. nReq=629 sn=37
03:12:05.199 INF Handling PREPREPARE. nReq=4096 senderID=0 sn=38
03:12:05.241 INF Committed entry. latency=0 nReq=4096 sn=38
03:12:05.241 INF Delivered batch. nReq=4096 sn=38
03:12:06.175 INF Handling PREPREPARE. nReq=2575 senderID=0 sn=39
03:12:06.203 INF Committed entry. latency=0 nReq=2575 sn=39
03:12:06.203 INF Delivered batch. nReq=2575 sn=39
03:12:07.167 INF Handling PREPREPARE. nReq=4096 senderID=0 sn=40
03:12:07.208 INF Committed entry. latency=0 nReq=4096 sn=40
03:12:07.208 INF Delivered batch. nReq=4096 sn=40
03:12:08.153 INF Handling PREPREPARE. nReq=2623 senderID=0 sn=41
03:12:08.182 INF Committed entry. latency=0 nReq=2623 sn=41
03:12:08.182 INF Delivered batch. nReq=2623 sn=41
03:12:09.129 INF Handling PREPREPARE. nReq=865 senderID=0 sn=42
03:12:09.159 INF Committed entry. latency=0 nReq=865 sn=42
03:12:09.160 INF Delivered batch. nReq=865 sn=42
03:12:09.657 INF Handling PREPREPARE. nReq=4096 senderID=0 sn=43
03:12:09.699 INF Committed entry. latency=0 nReq=4096 sn=43
03:12:09.699 INF Delivered batch. nReq=4096 sn=43
03:12:10.630 INF Handling PREPREPARE. nReq=2326 senderID=0 sn=44
03:12:10.656 INF Committed entry. latency=0 nReq=2326 sn=44
03:12:10.656 INF Delivered batch. nReq=2326 sn=44
03:12:11.568 INF Handling PREPREPARE. nReq=4096 senderID=0 sn=45
03:12:11.616 INF Committed entry. latency=0 nReq=4096 sn=45
03:12:11.616 INF Delivered batch. nReq=4096 sn=45
03:12:12.547 INF Handling PREPREPARE. nReq=2520 senderID=0 sn=46
03:12:12.611 INF Committed entry. latency=0 nReq=2520 sn=46
03:12:12.612 INF Delivered batch. nReq=2520 sn=46
03:12:13.555 INF Handling PREPREPARE. nReq=3244 senderID=0 sn=47
03:12:13.592 INF Committed entry. latency=0 nReq=3244 sn=47
03:12:13.592 INF Delivered batch. nReq=3244 sn=47
03:12:14.484 INF Handling PREPREPARE. nReq=4096 senderID=0 sn=48
03:12:14.527 INF Committed entry. latency=0 nReq=4096 sn=48
03:12:14.527 INF Delivered batch. nReq=4096 sn=48
03:12:15.455 INF Handling PREPREPARE. nReq=2653 senderID=0 sn=49
03:12:15.484 INF Committed entry. latency=0 nReq=2653 sn=49
03:12:15.484 INF Delivered batch. nReq=2653 sn=49
03:12:16.463 INF Handling PREPREPARE. nReq=2392 senderID=0 sn=50
03:12:16.509 INF Committed entry. latency=0 nReq=2392 sn=50
03:12:16.509 INF Delivered batch. nReq=2392 sn=50
03:12:17.424 INF Handling PREPREPARE. nReq=4096 senderID=0 sn=51
03:12:17.468 INF Committed entry. latency=0 nReq=4096 sn=51
03:12:17.468 INF Delivered batch. nReq=4096 sn=51
03:12:18.407 INF Handling PREPREPARE. nReq=2486 senderID=0 sn=52
03:12:18.434 INF Committed entry. latency=0 nReq=2486 sn=52
03:12:18.434 INF Delivered batch. nReq=2486 sn=52
03:12:19.425 INF Handling PREPREPARE. nReq=2847 senderID=0 sn=53
03:12:19.469 INF Committed entry. latency=0 nReq=2847 sn=53
03:12:19.469 INF Delivered batch. nReq=2847 sn=53
03:12:20.436 INF Handling PREPREPARE. nReq=3918 senderID=0 sn=54
03:12:20.476 INF Committed entry. latency=0 nReq=3918 sn=54
03:12:20.477 INF Delivered batch. nReq=3918 sn=54
03:12:21.412 INF Handling PREPREPARE. nReq=2252 senderID=0 sn=55
03:12:21.440 INF Committed entry. latency=0 nReq=2252 sn=55
03:12:21.440 INF Delivered batch. nReq=2252 sn=55
03:12:22.404 INF Handling PREPREPARE. nReq=4096 senderID=0 sn=56
03:12:22.447 INF Committed entry. latency=0 nReq=4096 sn=56
03:12:22.447 INF Delivered batch. nReq=4096 sn=56
03:12:23.302 INF Handling PREPREPARE. nReq=4096 senderID=0 sn=57
03:12:23.361 INF Committed entry. latency=0 nReq=4096 sn=57
03:12:23.361 INF Delivered batch. nReq=4096 sn=57
03:12:24.281 INF Handling PREPREPARE. nReq=2729 senderID=0 sn=58
03:12:24.315 INF Committed entry. latency=0 nReq=2729 sn=58
03:12:24.315 INF Delivered batch. nReq=2729 sn=58
03:12:25.290 INF Handling PREPREPARE. nReq=4096 senderID=0 sn=59
03:12:25.335 INF Committed entry. latency=0 nReq=4096 sn=59
03:12:25.335 INF Delivered batch. nReq=4096 sn=59
03:12:26.281 INF Handling PREPREPARE. nReq=2376 senderID=0 sn=60
03:12:26.309 INF Committed entry. latency=0 nReq=2376 sn=60
03:12:26.309 INF Delivered batch. nReq=2376 sn=60
03:12:27.270 INF Handling PREPREPARE. nReq=2151 senderID=0 sn=61
03:12:27.317 INF Committed entry. latency=0 nReq=2151 sn=61
03:12:27.318 INF Delivered batch. nReq=2151 sn=61
03:12:28.050 INF Handling PREPREPARE. nReq=4096 senderID=0 sn=62
03:12:28.100 INF Committed entry. latency=0 nReq=4096 sn=62
03:12:28.100 INF Delivered batch. nReq=4096 sn=62
03:12:29.035 INF Handling PREPREPARE. nReq=2219 senderID=0 sn=63
03:12:29.067 INF Committed entry. latency=0 nReq=2219 sn=63
03:12:29.067 INF Delivered batch. nReq=2219 sn=63
==================
WARNING: DATA RACE
Read at 0x000001304380 by goroutine 524:
  github.com/hyperledger-labs/mirbft/manager.(*MirManager).handleLogEntries()
      /opt/gopath/src/github.com/hyperledger-labs/mirbft/manager/mirmanager.go:171 +0x854
  github.com/hyperledger-labs/mirbft/manager.(*MirManager).Start.func2()
      /opt/gopath/src/github.com/hyperledger-labs/mirbft/manager/mirmanager.go:112 +0x47

Previous write at 0x000001304380 by goroutine 535:
  github.com/hyperledger-labs/mirbft/log.publishEntries()
      /opt/gopath/src/github.com/hyperledger-labs/mirbft/log/log.go:281 +0x2e4
  github.com/hyperledger-labs/mirbft/log.CommitEntry()
      /opt/gopath/src/github.com/hyperledger-labs/mirbft/log/log.go:108 +0x284
  github.com/hyperledger-labs/mirbft/announcer.Announce()
      /opt/gopath/src/github.com/hyperledger-labs/mirbft/announcer/announcer.go:26 +0x370
  github.com/hyperledger-labs/mirbft/orderer.(*pbftInstance).announce()
      /opt/gopath/src/github.com/hyperledger-labs/mirbft/orderer/pbftinstance.go:726 +0x36b
  github.com/hyperledger-labs/mirbft/orderer.(*pbftInstance).handleCommit()
      /opt/gopath/src/github.com/hyperledger-labs/mirbft/orderer/pbftinstance.go:664 +0x7bd
  github.com/hyperledger-labs/mirbft/orderer.(*pbftInstance).handleMessage()
      /opt/gopath/src/github.com/hyperledger-labs/mirbft/orderer/pbftinstance.go:1810 +0x2e5
  github.com/hyperledger-labs/mirbft/orderer.(*pbftInstance).processSerializedMessages()
      /opt/gopath/src/github.com/hyperledger-labs/mirbft/orderer/pbftinstance.go:1764 +0xdd
  github.com/hyperledger-labs/mirbft/orderer.(*PbftOrderer).runSegment.func2()
      /opt/gopath/src/github.com/hyperledger-labs/mirbft/orderer/pbftorderer.go:199 +0x39

Goroutine 524 (running) created at:
  github.com/hyperledger-labs/mirbft/manager.(*MirManager).Start()
      /opt/gopath/src/github.com/hyperledger-labs/mirbft/manager/mirmanager.go:112 +0x191
  main.main.func4()
      /opt/gopath/src/github.com/hyperledger-labs/mirbft/cmd/orderingpeer/main.go:185 +0x59

Goroutine 535 (running) created at:
  github.com/hyperledger-labs/mirbft/orderer.(*PbftOrderer).runSegment()
      /opt/gopath/src/github.com/hyperledger-labs/mirbft/orderer/pbftorderer.go:199 +0x3f6
  github.com/hyperledger-labs/mirbft/orderer.(*PbftOrderer).Start()
      /opt/gopath/src/github.com/hyperledger-labs/mirbft/orderer/pbftorderer.go:176 +0x344
  main.main.func5()
      /opt/gopath/src/github.com/hyperledger-labs/mirbft/cmd/orderingpeer/main.go:186 +0x59
==================
03:12:29.072 INF Sending segment checkpoint. lastSn=63 segID=0
03:12:29.076 INF PBFT checkpoint ready. Scheduling catchup. lastSn=63 segID=0
03:12:29.086 INF fuck! epoch=64 epoch time (ms)=60678 leaders=2 viewtimeout=104000
03:12:29.087 INF Epoch finished. Waiting for stable checkpoint. sn=63
03:12:29.091 INF New stable checkpoint. sn=63
03:12:29.091 INF Epoch end confirmed. chkpSn=63
03:12:29.091 INF Received stable checkpoint notification. sn=63
03:12:29.091 INF Closing message serializers. segID=0
03:12:29.091 INF Advancing watermarks. numEntries=64
03:12:29.091 INF Statistics commitTs=1753989089412670909 duration=3465231 proposeTs=1753989089409205678 sn=0
03:12:29.091 INF Statistics commitTs=1753989090407455879 duration=3176196 proposeTs=1753989090404279683 sn=1
03:12:29.092 INF Statistics commitTs=1753989090997608407 duration=44613644 proposeTs=1753989090952994763 sn=2
03:12:29.092 INF Statistics commitTs=1753989091924768234 duration=21419801 proposeTs=1753989091903348433 sn=3
03:12:29.092 INF Statistics commitTs=1753989092927294918 duration=43260261 proposeTs=1753989092884034657 sn=4
03:12:29.092 INF Statistics commitTs=1753989093867322126 duration=23382829 proposeTs=1753989093843939297 sn=5
03:12:29.092 INF Statistics commitTs=1753989094914055694 duration=39335754 proposeTs=1753989094874719940 sn=6
03:12:29.093 INF Statistics commitTs=1753989095868248003 duration=22073276 proposeTs=1753989095846174727 sn=7
03:12:29.093 INF Statistics commitTs=1753989096910410561 duration=41082006 proposeTs=1753989096869328555 sn=8
03:12:29.093 INF Statistics commitTs=1753989097932723928 duration=44813793 proposeTs=1753989097887910135 sn=9
03:12:29.093 INF Statistics commitTs=1753989098913480276 duration=37121552 proposeTs=1753989098876358724 sn=10
03:12:29.093 INF Statistics commitTs=1753989099974606745 duration=45315474 proposeTs=1753989099929291271 sn=11
03:12:29.093 INF Statistics commitTs=1753989100902378719 duration=28892007 proposeTs=1753989100873486712 sn=12
03:12:29.093 INF Statistics commitTs=1753989101891782760 duration=33637770 proposeTs=1753989101858144990 sn=13
03:12:29.093 INF Statistics commitTs=1753989102666934027 duration=44224144 proposeTs=1753989102622709883 sn=14
03:12:29.093 INF Statistics commitTs=1753989103618507189 duration=26551596 proposeTs=1753989103591955593 sn=15
03:12:29.093 INF Statistics commitTs=1753989104644100577 duration=39769347 proposeTs=1753989104604331230 sn=16
03:12:29.093 INF Statistics commitTs=1753989105685412757 duration=49000099 proposeTs=1753989105636412658 sn=17
03:12:29.094 INF Statistics commitTs=1753989106671149821 duration=43831002 proposeTs=1753989106627318819 sn=18
03:12:29.094 INF Statistics commitTs=1753989107644881488 duration=35539635 proposeTs=1753989107609341853 sn=19
03:12:29.094 INF Statistics commitTs=1753989108660367852 duration=44089999 proposeTs=1753989108616277853 sn=20
03:12:29.094 INF Statistics commitTs=1753989109653161527 duration=43240627 proposeTs=1753989109609920900 sn=21
03:12:29.094 INF Statistics commitTs=1753989110660362214 duration=41467312 proposeTs=1753989110618894902 sn=22
03:12:29.094 INF Statistics commitTs=1753989111691003284 duration=46718435 proposeTs=1753989111644284849 sn=23
03:12:29.094 INF Statistics commitTs=1753989112624733442 duration=37759670 proposeTs=1753989112586973772 sn=24
03:12:29.094 INF Statistics commitTs=1753989113634244792 duration=39112858 proposeTs=1753989113595131934 sn=25
03:12:29.094 INF Statistics commitTs=1753989114594922533 duration=24241389 proposeTs=1753989114570681144 sn=26
03:12:29.095 INF Statistics commitTs=1753989115610277932 duration=42070436 proposeTs=1753989115568207496 sn=27
03:12:29.095 INF Statistics commitTs=1753989116302993822 duration=43050539 proposeTs=1753989116259943283 sn=28
03:12:29.095 INF Statistics commitTs=1753989117289174463 duration=40629125 proposeTs=1753989117248545338 sn=29
03:12:29.095 INF Statistics commitTs=1753989118248166521 duration=44179895 proposeTs=1753989118203986626 sn=30
03:12:29.095 INF Statistics commitTs=1753989119190611721 duration=30296066 proposeTs=1753989119160315655 sn=31
03:12:29.095 INF Statistics commitTs=1753989120248253854 duration=38897335 proposeTs=1753989120209356519 sn=32
03:12:29.095 INF Statistics commitTs=1753989120929991330 duration=43168910 proposeTs=1753989120886822420 sn=33
03:12:29.095 INF Statistics commitTs=1753989121866893845 duration=28053681 proposeTs=1753989121838840164 sn=34
03:12:29.095 INF Statistics commitTs=1753989122847593064 duration=46722047 proposeTs=1753989122800871017 sn=35
03:12:29.096 INF Statistics commitTs=1753989123817041346 duration=28860415 proposeTs=1753989123788180931 sn=36
03:12:29.096 INF Statistics commitTs=1753989124763855893 duration=12177082 proposeTs=1753989124751678811 sn=37
03:12:29.096 INF Statistics commitTs=1753989125239814385 duration=40492877 proposeTs=1753989125199321508 sn=38
03:12:29.096 INF Statistics commitTs=1753989126202128049 duration=26843143 proposeTs=1753989126175284906 sn=39
03:12:29.096 INF Statistics commitTs=1753989127206209132 duration=38494873 proposeTs=1753989127167714259 sn=40
03:12:29.096 INF Statistics commitTs=1753989128181170678 duration=28037492 proposeTs=1753989128153133186 sn=41
03:12:29.096 INF Statistics commitTs=1753989129158690831 duration=28770196 proposeTs=1753989129129920635 sn=42
03:12:29.096 INF Statistics commitTs=1753989129696744174 duration=39597595 proposeTs=1753989129657146579 sn=43
03:12:29.096 INF Statistics commitTs=1753989130654977220 duration=24464758 proposeTs=1753989130630512462 sn=44
03:12:29.096 INF Statistics commitTs=1753989131613049168 duration=44284509 proposeTs=1753989131568764659 sn=45
03:12:29.096 INF Statistics commitTs=1753989132610433609 duration=62488096 proposeTs=1753989132547945513 sn=46
03:12:29.096 INF Statistics commitTs=1753989133591673965 duration=35861368 proposeTs=1753989133555812597 sn=47
03:12:29.097 INF Statistics commitTs=1753989134525847235 duration=41751042 proposeTs=1753989134484096193 sn=48
03:12:29.097 INF Statistics commitTs=1753989135483346786 duration=28300819 proposeTs=1753989135455045967 sn=49
03:12:29.097 INF Statistics commitTs=1753989136507832161 duration=43929717 proposeTs=1753989136463902444 sn=50
03:12:29.097 INF Statistics commitTs=1753989137467121190 duration=42500276 proposeTs=1753989137424620914 sn=51
03:12:29.097 INF Statistics commitTs=1753989138433506087 duration=26116850 proposeTs=1753989138407389237 sn=52
03:12:29.097 INF Statistics commitTs=1753989139468200877 duration=42770404 proposeTs=1753989139425430473 sn=53
03:12:29.097 INF Statistics commitTs=1753989140475834617 duration=39131187 proposeTs=1753989140436703430 sn=54
03:12:29.097 INF Statistics commitTs=1753989141439906426 duration=27872253 proposeTs=1753989141412034173 sn=55
03:12:29.097 INF Statistics commitTs=1753989142445789415 duration=41542591 proposeTs=1753989142404246824 sn=56
03:12:29.097 INF Statistics commitTs=1753989143359845749 duration=57433128 proposeTs=1753989143302412621 sn=57
03:12:29.097 INF Statistics commitTs=1753989144313933700 duration=32813254 proposeTs=1753989144281120446 sn=58
03:12:29.097 INF Statistics commitTs=1753989145332981759 duration=42707539 proposeTs=1753989145290274220 sn=59
03:12:29.098 INF Statistics commitTs=1753989146308532804 duration=27299260 proposeTs=1753989146281233544 sn=60
03:12:29.098 INF Statistics commitTs=1753989147315977102 duration=45469370 proposeTs=1753989147270507732 sn=61
03:12:29.098 INF Statistics commitTs=1753989148098285640 duration=48052381 proposeTs=1753989148050233259 sn=62
03:12:29.098 INF Statistics commitTs=1753989149064950022 duration=29579951 proposeTs=1753989149035370071 sn=63
03:12:29.098 INF Median commit time commit=39597595 segID=0
03:12:29.312 INF PbftOrderer received a new segment: [64 66 68 70 72 74 76 78 80 82 84 86 88 90 92 94] first leader=0 firstSN=64 lastSN=94 len=16 length=16 segId=1
03:12:29.737 INF Starting new view. segID=1 timeout=104000 view=0
03:12:29.738 INF Advanced timeout advanced=39597595 initial=1000000000
03:12:29.738 INF Advanced timeout advanced=1039597595 initial=1000000000
03:12:29.738 INF Advanced timeout advanced=2039597595 initial=1000000000
03:12:29.738 INF Advanced timeout advanced=3039597595 initial=1000000000
03:12:29.738 INF Advanced timeout advanced=4039597595 initial=1000000000
03:12:29.738 INF Advanced timeout advanced=5039597595 initial=1000000000
03:12:29.738 INF Advanced timeout advanced=6039597595 initial=1000000000
03:12:29.738 INF Advanced timeout advanced=7039597595 initial=1000000000
03:12:29.738 INF Advanced timeout advanced=8039597595 initial=1000000000
03:12:29.738 INF Advanced timeout advanced=9039597595 initial=1000000000
03:12:29.738 INF Advanced timeout advanced=10039597595 initial=1000000000
03:12:29.738 INF Advanced timeout advanced=11039597595 initial=1000000000
03:12:29.738 INF Advanced timeout advanced=12039597595 initial=1000000000
03:12:29.738 INF Advanced timeout advanced=13039597595 initial=1000000000
03:12:29.738 INF Advanced timeout advanced=14039597595 initial=1000000000
03:12:29.738 INF Advanced timeout advanced=15039597595 initial=1000000000
03:12:29.739 INF Starting PBFT instance. first=64 last=94 segID=1
03:12:29.740 INF Starting serialized message processing. segID=1
03:12:29.740 INF fuck1 epoch change time (ms)=673
03:12:29.740 INF PbftOrderer received a new segment: [65 67 69 71 73 75 77 79 81 83 85 87 89 91 93 95] first leader=1 firstSN=65 lastSN=95 len=16 length=16 segId=2
03:12:30.010 INF Starting new view. segID=2 timeout=104000 view=0
03:12:30.010 INF Advanced timeout advanced=39597595 initial=1000000000
03:12:30.010 INF Advanced timeout advanced=1039597595 initial=1000000000
03:12:30.010 INF Advanced timeout advanced=2039597595 initial=1000000000
03:12:30.010 INF Advanced timeout advanced=3039597595 initial=1000000000
03:12:30.010 INF Advanced timeout advanced=4039597595 initial=1000000000
03:12:30.010 INF Advanced timeout advanced=5039597595 initial=1000000000
03:12:30.010 INF Advanced timeout advanced=6039597595 initial=1000000000
03:12:30.010 INF Advanced timeout advanced=7039597595 initial=1000000000
03:12:30.010 INF Advanced timeout advanced=8039597595 initial=1000000000
03:12:30.010 INF Advanced timeout advanced=9039597595 initial=1000000000
03:12:30.010 INF Advanced timeout advanced=10039597595 initial=1000000000
03:12:30.011 INF Advanced timeout advanced=11039597595 initial=1000000000
03:12:30.011 INF Advanced timeout advanced=12039597595 initial=1000000000
03:12:30.011 INF Advanced timeout advanced=13039597595 initial=1000000000
03:12:30.011 INF Advanced timeout advanced=14039597595 initial=1000000000
03:12:30.011 INF Advanced timeout advanced=15039597595 initial=1000000000
03:12:30.011 INF Starting PBFT instance. first=65 last=95 segID=2
03:12:30.011 INF Starting serialized message processing. segID=2
03:12:30.478 INF Handling PREPREPARE. nReq=4096 senderID=1 sn=65
03:12:30.488 INF Handling PREPREPARE. nReq=4096 senderID=0 sn=64
03:12:30.528 INF Committed entry. latency=0 nReq=4096 sn=65
03:12:30.537 INF Committed entry. latency=0 nReq=4096 sn=64
03:12:30.537 INF Delivered batch. nReq=4096 sn=64
03:12:30.538 INF Delivered batch. nReq=4096 sn=65
03:12:31.405 INF Handling PREPREPARE. nReq=445 senderID=1 sn=67
03:12:31.407 INF Handling PREPREPARE. nReq=446 senderID=0 sn=66
03:12:31.417 INF Committed entry. latency=0 nReq=445 sn=67
03:12:31.421 INF Committed entry. latency=0 nReq=446 sn=66
03:12:31.421 INF Delivered batch. nReq=446 sn=66
03:12:31.421 INF Delivered batch. nReq=445 sn=67
03:12:32.399 INF Handling PREPREPARE. nReq=0 senderID=1 sn=69
03:12:32.399 INF Handling PREPREPARE. nReq=0 senderID=0 sn=68
03:12:32.401 INF Committed entry. latency=0 nReq=0 sn=69
03:12:32.402 INF Committed entry. latency=0 nReq=0 sn=68
03:12:32.402 INF Delivered batch. nReq=0 sn=68
03:12:32.402 INF Delivered batch. nReq=0 sn=69
03:12:32.514 INF Connection terminated. error="rpc error: code = Canceled desc = context canceled" address=127.0.0.1:35708
03:12:32.516 INF Finished sending bucket assignments to client. clId=0
03:12:33.144 INF Stopping profiler.
03:12:33.144 INF Stopping Tracer. events=268 fileName=experiment-output/0000/slave-002/peer.trc
==================
WARNING: DATA RACE
Read at 0x00c0009a29b8 by goroutine 109:
  github.com/hyperledger-labs/mirbft/tracing.(*BufferedTrace).Stop()
      /opt/gopath/src/github.com/hyperledger-labs/mirbft/tracing/bufferedtrace.go:237 +0x30e
  github.com/hyperledger-labs/mirbft/tracing.(*BufferedTrace).StopOnSignal.func1()
      /opt/gopath/src/github.com/hyperledger-labs/mirbft/tracing/bufferedtrace.go:298 +0x4e

Previous write at 0x00c0009a29b8 by goroutine 108:
  github.com/hyperledger-labs/mirbft/tracing.(*BufferedTrace).Event()
      /opt/gopath/src/github.com/hyperledger-labs/mirbft/tracing/bufferedtrace.go:105 +0x2cd
  github.com/hyperledger-labs/mirbft/profiling.StartCPUTracing.func1()
      /opt/gopath/src/github.com/hyperledger-labs/mirbft/profiling/cpuusage.go:33 +0x95

Goroutine 109 (running) created at:
  github.com/hyperledger-labs/mirbft/tracing.(*BufferedTrace).StopOnSignal()
      /opt/gopath/src/github.com/hyperledger-labs/mirbft/tracing/bufferedtrace.go:292 +0x178
  main.setUpTracing()
      /opt/gopath/src/github.com/hyperledger-labs/mirbft/cmd/orderingpeer/main.go:408 +0xf5
  main.main()
      /opt/gopath/src/github.com/hyperledger-labs/mirbft/cmd/orderingpeer/main.go:110 +0x9e4
  runtime.deferreturn()
      /home/ubuntu/go/src/runtime/panic.go:476 +0x32
  main.main()
      /opt/gopath/src/github.com/hyperledger-labs/mirbft/cmd/orderingpeer/main.go:78 +0x56c

Goroutine 108 (running) created at:
  github.com/hyperledger-labs/mirbft/profiling.StartCPUTracing()
      /opt/gopath/src/github.com/hyperledger-labs/mirbft/profiling/cpuusage.go:30 +0xb9
  main.setUpTracing()
      /opt/gopath/src/github.com/hyperledger-labs/mirbft/cmd/orderingpeer/main.go:400 +0x85
  main.main()
      /opt/gopath/src/github.com/hyperledger-labs/mirbft/cmd/orderingpeer/main.go:110 +0x9e4
  runtime.deferreturn()
      /home/ubuntu/go/src/runtime/panic.go:476 +0x32
  main.main()
      /opt/gopath/src/github.com/hyperledger-labs/mirbft/cmd/orderingpeer/main.go:78 +0x56c
==================
03:12:33.146 INF Trace data written.
03:12:33.179 INF Profile data written. filename=experiment-output/0000/slave-002/prof.block name=block
03:12:33.185 INF Profile data written. filename=experiment-output/0000/slave-002/prof.mutex name=mutex
03:12:33.260 INF Connection terminated. error="rpc error: code = Canceled desc = context canceled" address=127.0.0.1:35678
03:12:33.260 INF Connection terminated. error="rpc error: code = Canceled desc = context canceled" address=127.0.0.1:35630
03:12:33.260 INF Connection terminated. error="rpc error: code = Canceled desc = context canceled" address=127.0.0.1:35530
03:12:33.260 INF Connection terminated. error="rpc error: code = Canceled desc = context canceled" address=127.0.0.1:35646
03:12:33.260 INF Connection terminated. error="rpc error: code = Canceled desc = context canceled" address=127.0.0.1:35664
03:12:33.260 INF Connection terminated. error="rpc error: code = Canceled desc = context canceled" address=127.0.0.1:35652
03:12:33.326 INF Connection terminated. error="rpc error: code = Canceled desc = context canceled" address=127.0.0.1:35654
03:12:33.326 INF Connection terminated. error="rpc error: code = Canceled desc = context canceled" address=127.0.0.1:35500
03:12:33.326 INF Connection terminated. error="rpc error: code = Canceled desc = context canceled" address=127.0.0.1:35514
03:12:33.326 INF Connection terminated. error="rpc error: code = Canceled desc = context canceled" address=127.0.0.1:35484
03:12:33.326 INF Connection terminated. error="rpc error: code = Canceled desc = context canceled" address=127.0.0.1:35546
03:12:33.326 INF Connection terminated. error="rpc error: code = Canceled desc = context canceled" address=127.0.0.1:35624
03:12:33.385 INF Profile data written. filename=experiment-output/0000/slave-002/prof.cpu name=cpu
