{"level":"debug","Logging":"info","time":"2025-08-01T03:05:30+08:00","message":"Config"}
{"level":"debug","UseTLS":false,"time":"2025-08-01T03:05:30+08:00","message":"Config"}
{"level":"debug","CACertFile":"tls-data/ca.pem","time":"2025-08-01T03:05:30+08:00","message":"Config"}
{"level":"debug","KeyFile":"tls-data/auth.key","time":"2025-08-01T03:05:30+08:00","message":"Config"}
{"level":"debug","CertFile":"tls-data/auth.pem","time":"2025-08-01T03:05:30+08:00","message":"Config"}
{"level":"debug","PriorityConnections":2,"time":"2025-08-01T03:05:30+08:00","message":"Config"}
{"level":"debug","BasicConnections":4,"time":"2025-08-01T03:05:30+08:00","message":"Config"}
{"level":"debug","TestConnections":false,"time":"2025-08-01T03:05:30+08:00","message":"Config"}
{"level":"debug","ExcessConnections":1,"time":"2025-08-01T03:05:30+08:00","message":"Config"}
{"level":"debug","ConnectionTestMsgs":4,"time":"2025-08-01T03:05:30+08:00","message":"Config"}
{"level":"debug","ConnectionTestPayload":131072,"time":"2025-08-01T03:05:30+08:00","message":"Config"}
{"level":"debug","OutMessageBufsize":1024,"time":"2025-08-01T03:05:30+08:00","message":"Config"}
{"level":"debug","OutMessageBufsize":1,"time":"2025-08-01T03:05:30+08:00","message":"Config"}
{"level":"debug","ThroughputCap":131072000,"time":"2025-08-01T03:05:30+08:00","message":"Config"}
{"level":"debug","StragglerTolerance":1000,"time":"2025-08-01T03:05:30+08:00","message":"Config"}
{"level":"debug","BatchSizeIncrement":256,"time":"2025-08-01T03:05:30+08:00","message":"Config"}
{"level":"debug","Orderer":"Pbft","time":"2025-08-01T03:05:30+08:00","message":"Config"}
{"level":"debug","Manager":"Mir","time":"2025-08-01T03:05:30+08:00","message":"Config"}
{"level":"debug","Failures":0,"time":"2025-08-01T03:05:30+08:00","message":"Config"}
{"level":"debug","CrashTiming":"EpochStart","time":"2025-08-01T03:05:30+08:00","message":"Config"}
{"level":"debug","CheckpointInterval":256,"time":"2025-08-01T03:05:30+08:00","message":"Config"}
{"level":"debug","WatermarkWindowSize":256,"time":"2025-08-01T03:05:30+08:00","message":"Config"}
{"level":"debug","EpochLength":256,"time":"2025-08-01T03:05:30+08:00","message":"Config"}
{"level":"debug","SegmentLength":64,"time":"2025-08-01T03:05:30+08:00","message":"Config"}
{"level":"debug","WaitForCheckpoints":true,"time":"2025-08-01T03:05:30+08:00","message":"Config"}
{"level":"debug","ClientWatermarkWindowSize":4194304,"time":"2025-08-01T03:05:30+08:00","message":"Config"}
{"level":"debug","ClientRequestBacklogSize":4194304,"time":"2025-08-01T03:05:30+08:00","message":"Config"}
{"level":"debug","RandomSeed":31923,"time":"2025-08-01T03:05:30+08:00","message":"Config"}
{"level":"debug","NodeToLeaderRatio":1,"time":"2025-08-01T03:05:30+08:00","message":"Config"}
{"level":"debug","LeaderPolicy":"Simple","time":"2025-08-01T03:05:30+08:00","message":"Config"}
{"level":"debug","DefaultLeaderBan":2,"time":"2025-08-01T03:05:30+08:00","message":"Config"}
{"level":"debug","NumBuckets":64,"time":"2025-08-01T03:05:30+08:00","message":"Config"}
{"level":"debug","BatchSize":4096,"time":"2025-08-01T03:05:30+08:00","message":"Config"}
{"level":"debug","BatchTimeoutMs":1000,"time":"2025-08-01T03:05:30+08:00","message":"Config"}
{"level":"debug","DisabledViewChange":false,"time":"2025-08-01T03:05:30+08:00","message":"Config"}
{"level":"debug","ViewChangeTimeout":60000,"time":"2025-08-01T03:05:30+08:00","message":"Config"}
{"level":"debug","ClientTraceSampling":10,"time":"2025-08-01T03:05:30+08:00","message":"Config"}
{"level":"debug","EventBufferSize":2097152,"time":"2025-08-01T03:05:30+08:00","message":"Config"}
{"level":"debug","TraceSampling":1,"time":"2025-08-01T03:05:30+08:00","message":"Config"}
{"level":"debug","ClientsPerProcess":1,"time":"2025-08-01T03:05:30+08:00","message":"Config"}
{"level":"debug","RequestsPerClient":7200000,"time":"2025-08-01T03:05:30+08:00","message":"Config"}
{"level":"debug","ClientRunTime":60000,"time":"2025-08-01T03:05:30+08:00","message":"Config"}
{"level":"debug","RequestRate":60000,"time":"2025-08-01T03:05:30+08:00","message":"Config"}
{"level":"debug","HardRequestRateLimit":false,"time":"2025-08-01T03:05:30+08:00","message":"Config"}
{"level":"debug","RequestPayloadSize":500,"time":"2025-08-01T03:05:30+08:00","message":"Config"}
{"level":"debug","SignRequests":true,"time":"2025-08-01T03:05:30+08:00","message":"Config"}
{"level":"debug","ClientPrivKeyFile":"tls-data/client-ecdsa-256.key","time":"2025-08-01T03:05:30+08:00","message":"Config"}
{"level":"debug","ClientPubKeyFile":"tls-data/client-ecdsa-256.pem","time":"2025-08-01T03:05:30+08:00","message":"Config"}
{"level":"debug","PrecomputeRequests":false,"time":"2025-08-01T03:05:30+08:00","message":"Config"}
{"level":"debug","RequestHandlerThreads":32,"time":"2025-08-01T03:05:30+08:00","message":"Config"}
{"level":"debug","RequestInputChannelBuffer":8192,"time":"2025-08-01T03:05:30+08:00","message":"Config"}
{"level":"debug","BatchVerifier":"external","time":"2025-08-01T03:05:30+08:00","message":"Config"}
03:05:30.997 INF Registered with discovery server. numPeers=4 ownID=2
03:05:30.997 INF Profiling enabled.
03:05:30.997 INF Setting up profiling.
03:05:30.997 INF Started Profiler: CPU
03:05:30.997 INF Started Profiler: BLOCK
03:05:30.997 INF Started Profiler: MUTEX
03:05:30.997 INF Profiler will stop on signal. exit=true
03:05:30.998 INF Tracing will stop on signal. exit=false
03:05:30.998 INF Started tracing. traceFile=experiment-output/0000/slave-002/peer.trc
03:05:30.999 INF Connecting to peer. addr=127.0.0.1:10011 basicConns=4 priorityConns=2
03:05:30.999 INF Listening for connections. port=10022 useTLS=false
03:05:30.999 INF Connecting to peer. addr=127.0.0.1:10022 basicConns=4 priorityConns=2
03:05:30.999 INF Connecting to peer. addr=127.0.0.1:10000 basicConns=4 priorityConns=2
03:05:30.999 INF Connecting to peer. addr=127.0.0.1:10033 basicConns=4 priorityConns=2
03:05:31.004 INF Incoming connection for protocol messages. addr=127.0.0.1:52770
03:05:31.005 INF Incoming connection for protocol messages. addr=127.0.0.1:52810
03:05:31.006 INF Incoming connection for protocol messages. addr=127.0.0.1:52788
03:05:31.007 INF Incoming connection for protocol messages. addr=127.0.0.1:52798
03:05:31.007 INF Incoming connection for protocol messages. addr=127.0.0.1:52782
03:05:31.007 INF Incoming connection for protocol messages. addr=127.0.0.1:52914
03:05:31.008 INF Incoming connection for protocol messages. addr=127.0.0.1:52916
03:05:31.008 INF Incoming connection for protocol messages. addr=127.0.0.1:52864
03:05:31.008 INF Incoming connection for protocol messages. addr=127.0.0.1:52832
03:05:31.009 INF Incoming connection for protocol messages. addr=127.0.0.1:52816
03:05:31.009 INF Incoming connection for protocol messages. addr=127.0.0.1:52842
03:05:31.009 INF Incoming connection for protocol messages. addr=127.0.0.1:52934
03:05:31.009 INF Incoming connection for protocol messages. addr=127.0.0.1:52966
03:05:31.009 INF Incoming connection for protocol messages. addr=127.0.0.1:52876
03:05:31.009 INF Incoming connection for protocol messages. addr=127.0.0.1:52946
03:05:31.009 INF Incoming connection for protocol messages. addr=127.0.0.1:52900
03:05:31.010 INF Incoming connection for protocol messages. addr=127.0.0.1:52924
03:05:31.010 INF Incoming connection for protocol messages. addr=127.0.0.1:52912
03:05:31.010 INF Incoming connection for protocol messages. addr=127.0.0.1:52968
03:05:31.010 INF Incoming connection for protocol messages. addr=127.0.0.1:52784
03:05:31.011 INF Incoming connection for protocol messages. addr=127.0.0.1:52950
03:05:31.011 INF Incoming connection for protocol messages. addr=127.0.0.1:52984
03:05:31.011 INF Incoming connection for protocol messages. addr=127.0.0.1:52884
03:05:31.011 INF Incoming connection for protocol messages. addr=127.0.0.1:52852
03:05:31.012 INF Connected to all peers.
03:05:32.011 INF All peers finished connecting. Starting ISS.
03:05:32.012 INF PbftOrderer received a new segment: [0 1 2 3 4 5 6 7 8 9 10 11 12 13 14 15 16 17 18 19 20 21 22 23 24 25 26 27 28 29 30 31 32 33 34 35 36 37 38 39 40 41 42 43 44 45 46 47 48 49 50 51 52 53 54 55 56 57 58 59 60 61 62 63] first leader=0 firstSN=0 lastSN=63 len=64 length=64 segId=0
03:05:32.049 INF Starting new view. segID=0 timeout=60000 view=0
03:05:32.050 INF Starting PBFT instance. first=0 last=63 segID=0
03:05:32.050 INF Starting serialized message processing. segID=0
03:05:33.058 INF Handling PREPREPARE. nReq=0 senderID=0 sn=0
03:05:33.061 INF Committed entry. latency=0 nReq=0 sn=0
03:05:33.061 INF Delivered batch. nReq=0 sn=0
03:05:34.053 INF Handling PREPREPARE. nReq=0 senderID=0 sn=1
03:05:34.056 INF Committed entry. latency=0 nReq=0 sn=1
03:05:34.056 INF Delivered batch. nReq=0 sn=1
03:05:34.090 INF Incoming connection for requests. addr=127.0.0.1:52992
03:05:34.510 INF Handling PREPREPARE. nReq=4096 senderID=0 sn=2
03:05:34.559 INF Committed entry. latency=0 nReq=4096 sn=2
03:05:34.559 INF Delivered batch. nReq=4096 sn=2
03:05:35.472 INF Handling PREPREPARE. nReq=2261 senderID=0 sn=3
03:05:35.498 INF Committed entry. latency=0 nReq=2261 sn=3
03:05:35.498 INF Delivered batch. nReq=2261 sn=3
03:05:36.514 INF Handling PREPREPARE. nReq=3146 senderID=0 sn=4
03:05:36.565 INF Committed entry. latency=0 nReq=3146 sn=4
03:05:36.565 INF Delivered batch. nReq=3146 sn=4
03:05:37.501 INF Handling PREPREPARE. nReq=2961 senderID=0 sn=5
03:05:37.551 INF Committed entry. latency=0 nReq=2961 sn=5
03:05:37.551 INF Delivered batch. nReq=2961 sn=5
03:05:38.533 INF Handling PREPREPARE. nReq=3929 senderID=0 sn=6
03:05:38.592 INF Committed entry. latency=0 nReq=3929 sn=6
03:05:38.592 INF Delivered batch. nReq=3929 sn=6
03:05:39.496 INF Handling PREPREPARE. nReq=2108 senderID=0 sn=7
03:05:39.521 INF Committed entry. latency=0 nReq=2108 sn=7
03:05:39.521 INF Delivered batch. nReq=2108 sn=7
03:05:40.514 INF Handling PREPREPARE. nReq=1595 senderID=0 sn=8
03:05:40.555 INF Committed entry. latency=0 nReq=1595 sn=8
03:05:40.555 INF Delivered batch. nReq=1595 sn=8
03:05:41.191 INF Handling PREPREPARE. nReq=4096 senderID=0 sn=9
03:05:41.240 INF Committed entry. latency=0 nReq=4096 sn=9
03:05:41.240 INF Delivered batch. nReq=4096 sn=9
03:05:42.102 INF Handling PREPREPARE. nReq=4096 senderID=0 sn=10
03:05:42.148 INF Committed entry. latency=0 nReq=4096 sn=10
03:05:42.148 INF Delivered batch. nReq=4096 sn=10
03:05:43.095 INF Handling PREPREPARE. nReq=2627 senderID=0 sn=11
03:05:43.133 INF Committed entry. latency=0 nReq=2627 sn=11
03:05:43.133 INF Delivered batch. nReq=2627 sn=11
03:05:44.091 INF Handling PREPREPARE. nReq=1698 senderID=0 sn=12
03:05:44.137 INF Committed entry. latency=0 nReq=1698 sn=12
03:05:44.137 INF Delivered batch. nReq=1698 sn=12
03:05:44.883 INF Handling PREPREPARE. nReq=4096 senderID=0 sn=13
03:05:44.931 INF Committed entry. latency=0 nReq=4096 sn=13
03:05:44.931 INF Delivered batch. nReq=4096 sn=13
03:05:45.861 INF Handling PREPREPARE. nReq=2505 senderID=0 sn=14
03:05:45.891 INF Committed entry. latency=0 nReq=2505 sn=14
03:05:45.891 INF Delivered batch. nReq=2505 sn=14
03:05:46.905 INF Handling PREPREPARE. nReq=3495 senderID=0 sn=15
03:05:46.953 INF Committed entry. latency=0 nReq=3495 sn=15
03:05:46.954 INF Delivered batch. nReq=3495 sn=15
03:05:47.894 INF Handling PREPREPARE. nReq=3173 senderID=0 sn=16
03:05:47.931 INF Committed entry. latency=0 nReq=3173 sn=16
03:05:47.931 INF Delivered batch. nReq=3173 sn=16
03:05:48.877 INF Handling PREPREPARE. nReq=2252 senderID=0 sn=17
03:05:48.910 INF Committed entry. latency=0 nReq=2252 sn=17
03:05:48.910 INF Delivered batch. nReq=2252 sn=17
03:05:49.786 INF Handling PREPREPARE. nReq=4096 senderID=0 sn=18
03:05:49.834 INF Committed entry. latency=0 nReq=4096 sn=18
03:05:49.834 INF Delivered batch. nReq=4096 sn=18
03:05:50.753 INF Handling PREPREPARE. nReq=2393 senderID=0 sn=19
03:05:50.781 INF Committed entry. latency=0 nReq=2393 sn=19
03:05:50.781 INF Delivered batch. nReq=2393 sn=19
03:05:51.783 INF Handling PREPREPARE. nReq=4096 senderID=0 sn=20
03:05:51.826 INF Committed entry. latency=0 nReq=4096 sn=20
03:05:51.826 INF Delivered batch. nReq=4096 sn=20
03:05:52.731 INF Handling PREPREPARE. nReq=2393 senderID=0 sn=21
03:05:52.756 INF Committed entry. latency=0 nReq=2393 sn=21
03:05:52.756 INF Delivered batch. nReq=2393 sn=21
03:05:53.730 INF Handling PREPREPARE. nReq=787 senderID=0 sn=22
03:05:53.757 INF Committed entry. latency=0 nReq=787 sn=22
03:05:53.757 INF Delivered batch. nReq=787 sn=22
03:05:54.272 INF Handling PREPREPARE. nReq=4096 senderID=0 sn=23
03:05:54.326 INF Committed entry. latency=0 nReq=4096 sn=23
03:05:54.326 INF Delivered batch. nReq=4096 sn=23
03:05:55.193 INF Handling PREPREPARE. nReq=2360 senderID=0 sn=24
03:05:55.226 INF Committed entry. latency=0 nReq=2360 sn=24
03:05:55.226 INF Delivered batch. nReq=2360 sn=24
03:05:56.247 INF Handling PREPREPARE. nReq=3936 senderID=0 sn=25
03:05:56.289 INF Committed entry. latency=0 nReq=3936 sn=25
03:05:56.289 INF Delivered batch. nReq=3936 sn=25
03:05:56.944 INF Handling PREPREPARE. nReq=4096 senderID=0 sn=26
03:05:56.984 INF Committed entry. latency=0 nReq=4096 sn=26
03:05:56.984 INF Delivered batch. nReq=4096 sn=26
03:05:57.933 INF Handling PREPREPARE. nReq=2590 senderID=0 sn=27
03:05:57.961 INF Committed entry. latency=0 nReq=2590 sn=27
03:05:57.962 INF Delivered batch. nReq=2590 sn=27
03:05:58.908 INF Handling PREPREPARE. nReq=654 senderID=0 sn=28
03:05:58.934 INF Committed entry. latency=0 nReq=654 sn=28
03:05:58.934 INF Delivered batch. nReq=654 sn=28
03:05:59.448 INF Handling PREPREPARE. nReq=4096 senderID=0 sn=29
03:05:59.494 INF Committed entry. latency=0 nReq=4096 sn=29
03:05:59.494 INF Delivered batch. nReq=4096 sn=29
03:06:00.426 INF Handling PREPREPARE. nReq=2638 senderID=0 sn=30
03:06:00.457 INF Committed entry. latency=0 nReq=2638 sn=30
03:06:00.457 INF Delivered batch. nReq=2638 sn=30
03:06:01.484 INF Handling PREPREPARE. nReq=3246 senderID=0 sn=31
03:06:01.521 INF Committed entry. latency=0 nReq=3246 sn=31
03:06:01.521 INF Delivered batch. nReq=3246 sn=31
03:06:02.427 INF Handling PREPREPARE. nReq=2080 senderID=0 sn=32
03:06:02.456 INF Committed entry. latency=0 nReq=2080 sn=32
03:06:02.456 INF Delivered batch. nReq=2080 sn=32
03:06:03.273 INF Handling PREPREPARE. nReq=4096 senderID=0 sn=33
03:06:03.318 INF Committed entry. latency=0 nReq=4096 sn=33
03:06:03.318 INF Delivered batch. nReq=4096 sn=33
03:06:04.040 INF Handling PREPREPARE. nReq=4096 senderID=0 sn=34
03:06:04.087 INF Committed entry. latency=0 nReq=4096 sn=34
03:06:04.087 INF Delivered batch. nReq=4096 sn=34
03:06:05.026 INF Handling PREPREPARE. nReq=3207 senderID=0 sn=35
03:06:05.063 INF Committed entry. latency=0 nReq=3207 sn=35
03:06:05.063 INF Delivered batch. nReq=3207 sn=35
03:06:06.023 INF Handling PREPREPARE. nReq=1475 senderID=0 sn=36
03:06:06.062 INF Committed entry. latency=0 nReq=1475 sn=36
03:06:06.062 INF Delivered batch. nReq=1475 sn=36
03:06:06.774 INF Handling PREPREPARE. nReq=4096 senderID=0 sn=37
03:06:06.823 INF Committed entry. latency=0 nReq=4096 sn=37
03:06:06.824 INF Delivered batch. nReq=4096 sn=37
03:06:07.751 INF Handling PREPREPARE. nReq=3152 senderID=0 sn=38
03:06:07.795 INF Committed entry. latency=0 nReq=3152 sn=38
03:06:07.795 INF Delivered batch. nReq=3152 sn=38
03:06:08.727 INF Handling PREPREPARE. nReq=1074 senderID=0 sn=39
03:06:08.754 INF Committed entry. latency=0 nReq=1074 sn=39
03:06:08.754 INF Delivered batch. nReq=1074 sn=39
03:06:09.234 INF Handling PREPREPARE. nReq=4096 senderID=0 sn=40
03:06:09.276 INF Committed entry. latency=0 nReq=4096 sn=40
03:06:09.276 INF Delivered batch. nReq=4096 sn=40
03:06:10.242 INF Handling PREPREPARE. nReq=2443 senderID=0 sn=41
03:06:10.271 INF Committed entry. latency=0 nReq=2443 sn=41
03:06:10.271 INF Delivered batch. nReq=2443 sn=41
03:06:11.247 INF Handling PREPREPARE. nReq=3950 senderID=0 sn=42
03:06:11.289 INF Committed entry. latency=0 nReq=3950 sn=42
03:06:11.289 INF Delivered batch. nReq=3950 sn=42
03:06:12.225 INF Handling PREPREPARE. nReq=2345 senderID=0 sn=43
03:06:12.250 INF Committed entry. latency=0 nReq=2345 sn=43
03:06:12.250 INF Delivered batch. nReq=2345 sn=43
03:06:13.074 INF Handling PREPREPARE. nReq=4096 senderID=0 sn=44
03:06:13.113 INF Committed entry. latency=0 nReq=4096 sn=44
03:06:13.113 INF Delivered batch. nReq=4096 sn=44
03:06:14.057 INF Handling PREPREPARE. nReq=2462 senderID=0 sn=45
03:06:14.082 INF Committed entry. latency=0 nReq=2462 sn=45
03:06:14.082 INF Delivered batch. nReq=2462 sn=45
03:06:14.922 INF Handling PREPREPARE. nReq=4096 senderID=0 sn=46
03:06:15.004 INF Committed entry. latency=0 nReq=4096 sn=46
03:06:15.004 INF Delivered batch. nReq=4096 sn=46
03:06:15.916 INF Handling PREPREPARE. nReq=2654 senderID=0 sn=47
03:06:15.946 INF Committed entry. latency=0 nReq=2654 sn=47
03:06:15.946 INF Delivered batch. nReq=2654 sn=47
03:06:16.895 INF Handling PREPREPARE. nReq=1298 senderID=0 sn=48
03:06:16.934 INF Committed entry. latency=0 nReq=1298 sn=48
03:06:16.934 INF Delivered batch. nReq=1298 sn=48
03:06:17.530 INF Handling PREPREPARE. nReq=4096 senderID=0 sn=49
03:06:17.577 INF Committed entry. latency=0 nReq=4096 sn=49
03:06:17.577 INF Delivered batch. nReq=4096 sn=49
03:06:18.541 INF Handling PREPREPARE. nReq=2770 senderID=0 sn=50
03:06:18.576 INF Committed entry. latency=0 nReq=2770 sn=50
03:06:18.576 INF Delivered batch. nReq=2770 sn=50
03:06:19.521 INF Handling PREPREPARE. nReq=3113 senderID=0 sn=51
03:06:19.557 INF Committed entry. latency=0 nReq=3113 sn=51
03:06:19.557 INF Delivered batch. nReq=3113 sn=51
03:06:20.517 INF Handling PREPREPARE. nReq=1956 senderID=0 sn=52
03:06:20.540 INF Committed entry. latency=0 nReq=1956 sn=52
03:06:20.540 INF Delivered batch. nReq=1956 sn=52
03:06:21.372 INF Handling PREPREPARE. nReq=4096 senderID=0 sn=53
03:06:21.418 INF Committed entry. latency=0 nReq=4096 sn=53
03:06:21.418 INF Delivered batch. nReq=4096 sn=53
03:06:22.327 INF Handling PREPREPARE. nReq=2622 senderID=0 sn=54
03:06:22.357 INF Committed entry. latency=0 nReq=2622 sn=54
03:06:22.357 INF Delivered batch. nReq=2622 sn=54
03:06:23.351 INF Handling PREPREPARE. nReq=3495 senderID=0 sn=55
03:06:23.416 INF Committed entry. latency=0 nReq=3495 sn=55
03:06:23.417 INF Delivered batch. nReq=3495 sn=55
03:06:24.350 INF Handling PREPREPARE. nReq=4096 senderID=0 sn=56
03:06:24.399 INF Committed entry. latency=0 nReq=4096 sn=56
03:06:24.399 INF Delivered batch. nReq=4096 sn=56
03:06:25.345 INF Handling PREPREPARE. nReq=2148 senderID=0 sn=57
03:06:25.373 INF Committed entry. latency=0 nReq=2148 sn=57
03:06:25.373 INF Delivered batch. nReq=2148 sn=57
03:06:26.125 INF Handling PREPREPARE. nReq=4096 senderID=0 sn=58
03:06:26.174 INF Committed entry. latency=0 nReq=4096 sn=58
03:06:26.174 INF Delivered batch. nReq=4096 sn=58
03:06:27.115 INF Handling PREPREPARE. nReq=3548 senderID=0 sn=59
03:06:27.165 INF Committed entry. latency=0 nReq=3548 sn=59
03:06:27.165 INF Delivered batch. nReq=3548 sn=59
03:06:28.101 INF Handling PREPREPARE. nReq=1514 senderID=0 sn=60
03:06:28.146 INF Committed entry. latency=0 nReq=1514 sn=60
03:06:28.147 INF Delivered batch. nReq=1514 sn=60
03:06:28.778 INF Handling PREPREPARE. nReq=4096 senderID=0 sn=61
03:06:28.826 INF Committed entry. latency=0 nReq=4096 sn=61
03:06:28.826 INF Delivered batch. nReq=4096 sn=61
03:06:29.745 INF Handling PREPREPARE. nReq=2866 senderID=0 sn=62
03:06:29.776 INF Committed entry. latency=0 nReq=2866 sn=62
03:06:29.776 INF Delivered batch. nReq=2866 sn=62
03:06:30.731 INF Handling PREPREPARE. nReq=967 senderID=0 sn=63
03:06:30.764 INF Committed entry. latency=0 nReq=967 sn=63
03:06:30.764 INF Delivered batch. nReq=967 sn=63
==================
WARNING: DATA RACE
Read at 0x000001303380 by goroutine 529:
  github.com/hyperledger-labs/mirbft/manager.(*MirManager).handleLogEntries()
      /opt/gopath/src/github.com/hyperledger-labs/mirbft/manager/mirmanager.go:170 +0x774
  github.com/hyperledger-labs/mirbft/manager.(*MirManager).Start.func2()
      /opt/gopath/src/github.com/hyperledger-labs/mirbft/manager/mirmanager.go:112 +0x47

Previous write at 0x000001303380 by goroutine 546:
  github.com/hyperledger-labs/mirbft/log.publishEntries()
      /opt/gopath/src/github.com/hyperledger-labs/mirbft/log/log.go:281 +0x2e4
  github.com/hyperledger-labs/mirbft/log.CommitEntry()
      /opt/gopath/src/github.com/hyperledger-labs/mirbft/log/log.go:108 +0x284
  github.com/hyperledger-labs/mirbft/announcer.Announce()
      /opt/gopath/src/github.com/hyperledger-labs/mirbft/announcer/announcer.go:26 +0x370
  github.com/hyperledger-labs/mirbft/orderer.(*pbftInstance).announce()
      /opt/gopath/src/github.com/hyperledger-labs/mirbft/orderer/pbftinstance.go:726 +0x36b
  github.com/hyperledger-labs/mirbft/orderer.(*pbftInstance).handleCommit()
      /opt/gopath/src/github.com/hyperledger-labs/mirbft/orderer/pbftinstance.go:664 +0x7bd
  github.com/hyperledger-labs/mirbft/orderer.(*pbftInstance).handleMessage()
      /opt/gopath/src/github.com/hyperledger-labs/mirbft/orderer/pbftinstance.go:1810 +0x2e5
  github.com/hyperledger-labs/mirbft/orderer.(*pbftInstance).processSerializedMessages()
      /opt/gopath/src/github.com/hyperledger-labs/mirbft/orderer/pbftinstance.go:1764 +0xdd
  github.com/hyperledger-labs/mirbft/orderer.(*PbftOrderer).runSegment.func2()
      /opt/gopath/src/github.com/hyperledger-labs/mirbft/orderer/pbftorderer.go:199 +0x39

Goroutine 529 (running) created at:
  github.com/hyperledger-labs/mirbft/manager.(*MirManager).Start()
      /opt/gopath/src/github.com/hyperledger-labs/mirbft/manager/mirmanager.go:112 +0x191
  main.main.func4()
      /opt/gopath/src/github.com/hyperledger-labs/mirbft/cmd/orderingpeer/main.go:185 +0x59

Goroutine 546 (running) created at:
  github.com/hyperledger-labs/mirbft/orderer.(*PbftOrderer).runSegment()
      /opt/gopath/src/github.com/hyperledger-labs/mirbft/orderer/pbftorderer.go:199 +0x3f6
  github.com/hyperledger-labs/mirbft/orderer.(*PbftOrderer).Start()
      /opt/gopath/src/github.com/hyperledger-labs/mirbft/orderer/pbftorderer.go:176 +0x344
  main.main.func5()
      /opt/gopath/src/github.com/hyperledger-labs/mirbft/cmd/orderingpeer/main.go:186 +0x59
==================
03:06:30.768 INF Sending segment checkpoint. lastSn=63 segID=0
03:06:30.770 INF PBFT checkpoint ready. Scheduling catchup. lastSn=63 segID=0
03:06:30.773 INF fuck! epoch=64 epoch time (ms)=58753 leaders=3 viewtimeout=104000
03:06:30.773 INF Epoch finished. Waiting for stable checkpoint. sn=63
03:06:30.841 INF New stable checkpoint. sn=63
03:06:30.841 INF Received stable checkpoint notification. sn=63
03:06:30.841 INF Epoch end confirmed. chkpSn=63
03:06:30.841 INF Closing message serializers. segID=0
03:06:30.841 INF Advancing watermarks. numEntries=64
03:06:30.841 INF Statistics commitTs=1753988733060942409 duration=2930401 proposeTs=1753988733058012008 sn=0
03:06:30.841 INF Statistics commitTs=1753988734056693412 duration=2820059 proposeTs=1753988734053873353 sn=1
03:06:30.841 INF Statistics commitTs=1753988734557645242 duration=47374697 proposeTs=1753988734510270545 sn=2
03:06:30.842 INF Statistics commitTs=1753988735496834229 duration=24465842 proposeTs=1753988735472368387 sn=3
03:06:30.842 INF Statistics commitTs=1753988736563896058 duration=49134070 proposeTs=1753988736514761988 sn=4
03:06:30.842 INF Statistics commitTs=1753988737549440551 duration=47595839 proposeTs=1753988737501844712 sn=5
03:06:30.842 INF Statistics commitTs=1753988738591593989 duration=57831102 proposeTs=1753988738533762887 sn=6
03:06:30.842 INF Statistics commitTs=1753988739520127763 duration=23965928 proposeTs=1753988739496161835 sn=7
03:06:30.842 INF Statistics commitTs=1753988740552917383 duration=38930255 proposeTs=1753988740513987128 sn=8
03:06:30.842 INF Statistics commitTs=1753988741239164460 duration=47420673 proposeTs=1753988741191743787 sn=9
03:06:30.842 INF Statistics commitTs=1753988742146430005 duration=44005618 proposeTs=1753988742102424387 sn=10
03:06:30.842 INF Statistics commitTs=1753988743131333806 duration=35978488 proposeTs=1753988743095355318 sn=11
03:06:30.842 INF Statistics commitTs=1753988744136460448 duration=44551279 proposeTs=1753988744091909169 sn=12
03:06:30.842 INF Statistics commitTs=1753988744930615687 duration=47475018 proposeTs=1753988744883140669 sn=13
03:06:30.842 INF Statistics commitTs=1753988745889735400 duration=28716716 proposeTs=1753988745861018684 sn=14
03:06:30.842 INF Statistics commitTs=1753988746952188075 duration=46897805 proposeTs=1753988746905290270 sn=15
03:06:30.843 INF Statistics commitTs=1753988747929624293 duration=35136453 proposeTs=1753988747894487840 sn=16
03:06:30.843 INF Statistics commitTs=1753988748908683361 duration=31278224 proposeTs=1753988748877405137 sn=17
03:06:30.843 INF Statistics commitTs=1753988749832574134 duration=46080935 proposeTs=1753988749786493199 sn=18
03:06:30.843 INF Statistics commitTs=1753988750780119003 duration=27016525 proposeTs=1753988750753102478 sn=19
03:06:30.843 INF Statistics commitTs=1753988751824757323 duration=40968351 proposeTs=1753988751783788972 sn=20
03:06:30.843 INF Statistics commitTs=1753988752755718256 duration=24482457 proposeTs=1753988752731235799 sn=21
03:06:30.843 INF Statistics commitTs=1753988753756459943 duration=26207866 proposeTs=1753988753730252077 sn=22
03:06:30.843 INF Statistics commitTs=1753988754324933343 duration=52229505 proposeTs=1753988754272703838 sn=23
03:06:30.843 INF Statistics commitTs=1753988755225410082 duration=32010635 proposeTs=1753988755193399447 sn=24
03:06:30.843 INF Statistics commitTs=1753988756288330440 duration=40903609 proposeTs=1753988756247426831 sn=25
03:06:30.843 INF Statistics commitTs=1753988756983308543 duration=38770473 proposeTs=1753988756944538070 sn=26
03:06:30.843 INF Statistics commitTs=1753988757961107092 duration=27388980 proposeTs=1753988757933718112 sn=27
03:06:30.843 INF Statistics commitTs=1753988758933378418 duration=24776914 proposeTs=1753988758908601504 sn=28
03:06:30.843 INF Statistics commitTs=1753988759493111386 duration=44340110 proposeTs=1753988759448771276 sn=29
03:06:30.843 INF Statistics commitTs=1753988760456592362 duration=30070596 proposeTs=1753988760426521766 sn=30
03:06:30.843 INF Statistics commitTs=1753988761520282993 duration=35696903 proposeTs=1753988761484586090 sn=31
03:06:30.844 INF Statistics commitTs=1753988762455755787 duration=27886852 proposeTs=1753988762427868935 sn=32
03:06:30.844 INF Statistics commitTs=1753988763317071279 duration=43111411 proposeTs=1753988763273959868 sn=33
03:06:30.844 INF Statistics commitTs=1753988764085547778 duration=44669379 proposeTs=1753988764040878399 sn=34
03:06:30.844 INF Statistics commitTs=1753988765062261994 duration=36081583 proposeTs=1753988765026180411 sn=35
03:06:30.844 INF Statistics commitTs=1753988766061301051 duration=38165618 proposeTs=1753988766023135433 sn=36
03:06:30.844 INF Statistics commitTs=1753988766822500280 duration=48121306 proposeTs=1753988766774378974 sn=37
03:06:30.844 INF Statistics commitTs=1753988767793327170 duration=42215545 proposeTs=1753988767751111625 sn=38
03:06:30.844 INF Statistics commitTs=1753988768753609386 duration=26533698 proposeTs=1753988768727075688 sn=39
03:06:30.844 INF Statistics commitTs=1753988769274988189 duration=40315898 proposeTs=1753988769234672291 sn=40
03:06:30.844 INF Statistics commitTs=1753988770270413722 duration=28311801 proposeTs=1753988770242101921 sn=41
03:06:30.844 INF Statistics commitTs=1753988771287754746 duration=40501628 proposeTs=1753988771247253118 sn=42
03:06:30.844 INF Statistics commitTs=1753988772249586169 duration=24613524 proposeTs=1753988772224972645 sn=43
03:06:30.844 INF Statistics commitTs=1753988773112240904 duration=38017858 proposeTs=1753988773074223046 sn=44
03:06:30.844 INF Statistics commitTs=1753988774081969820 duration=24191869 proposeTs=1753988774057777951 sn=45
03:06:30.844 INF Statistics commitTs=1753988775003074415 duration=80946158 proposeTs=1753988774922128257 sn=46
03:06:30.844 INF Statistics commitTs=1753988775945554753 duration=29471149 proposeTs=1753988775916083604 sn=47
03:06:30.845 INF Statistics commitTs=1753988776932734825 duration=36828202 proposeTs=1753988776895906623 sn=48
03:06:30.845 INF Statistics commitTs=1753988777576071113 duration=45215290 proposeTs=1753988777530855823 sn=49
03:06:30.845 INF Statistics commitTs=1753988778575689871 duration=34352550 proposeTs=1753988778541337321 sn=50
03:06:30.845 INF Statistics commitTs=1753988779556551453 duration=35318406 proposeTs=1753988779521233047 sn=51
03:06:30.845 INF Statistics commitTs=1753988780540100701 duration=22677702 proposeTs=1753988780517422999 sn=52
03:06:30.845 INF Statistics commitTs=1753988781416620892 duration=44343987 proposeTs=1753988781372276905 sn=53
03:06:30.845 INF Statistics commitTs=1753988782356231299 duration=28554595 proposeTs=1753988782327676704 sn=54
03:06:30.845 INF Statistics commitTs=1753988783415013925 duration=63461362 proposeTs=1753988783351552563 sn=55
03:06:30.845 INF Statistics commitTs=1753988784397731626 duration=47398616 proposeTs=1753988784350333010 sn=56
03:06:30.845 INF Statistics commitTs=1753988785371933615 duration=26246909 proposeTs=1753988785345686706 sn=57
03:06:30.845 INF Statistics commitTs=1753988786172174587 duration=46753100 proposeTs=1753988786125421487 sn=58
03:06:30.845 INF Statistics commitTs=1753988787163089057 duration=47433802 proposeTs=1753988787115655255 sn=59
03:06:30.845 INF Statistics commitTs=1753988788145707579 duration=44597941 proposeTs=1753988788101109638 sn=60
03:06:30.846 INF Statistics commitTs=1753988788824757581 duration=46403807 proposeTs=1753988788778353774 sn=61
03:06:30.846 INF Statistics commitTs=1753988789775752041 duration=30208584 proposeTs=1753988789745543457 sn=62
03:06:30.846 INF Statistics commitTs=1753988790763452045 duration=32412967 proposeTs=1753988790731039078 sn=63
03:06:30.846 INF Median commit time commit=38165618 segID=0
03:06:31.346 INF PbftOrderer received a new segment: [64 67 70 73 76 79 82 85 88 91 94 97 100 103 106 109] first leader=0 firstSN=64 lastSN=109 len=16 length=16 segId=1
03:06:31.620 INF Starting new view. segID=1 timeout=104000 view=0
03:06:31.620 INF Advanced timeout advanced=38165618 initial=1000000000
03:06:31.620 INF Advanced timeout advanced=1038165618 initial=1000000000
03:06:31.620 INF Advanced timeout advanced=2038165618 initial=1000000000
03:06:31.620 INF Advanced timeout advanced=3038165618 initial=1000000000
03:06:31.620 INF Advanced timeout advanced=4038165618 initial=1000000000
03:06:31.620 INF Advanced timeout advanced=5038165618 initial=1000000000
03:06:31.620 INF Advanced timeout advanced=6038165618 initial=1000000000
03:06:31.620 INF Advanced timeout advanced=7038165618 initial=1000000000
03:06:31.620 INF Advanced timeout advanced=8038165618 initial=1000000000
03:06:31.620 INF Advanced timeout advanced=9038165618 initial=1000000000
03:06:31.620 INF Advanced timeout advanced=10038165618 initial=1000000000
03:06:31.620 INF Advanced timeout advanced=11038165618 initial=1000000000
03:06:31.620 INF Advanced timeout advanced=12038165618 initial=1000000000
03:06:31.620 INF Advanced timeout advanced=13038165618 initial=1000000000
03:06:31.620 INF Advanced timeout advanced=14038165618 initial=1000000000
03:06:31.621 INF Advanced timeout advanced=15038165618 initial=1000000000
03:06:31.621 INF Starting PBFT instance. first=64 last=109 segID=1
03:06:31.621 INF PbftOrderer received a new segment: [65 68 71 74 77 80 83 86 89 92 95 98 101 104 107 110] first leader=1 firstSN=65 lastSN=110 len=16 length=16 segId=2
03:06:31.621 INF Starting serialized message processing. segID=1
03:06:31.795 INF Starting new view. segID=2 timeout=104000 view=0
03:06:31.795 INF Advanced timeout advanced=38165618 initial=1000000000
03:06:31.795 INF Advanced timeout advanced=1038165618 initial=1000000000
03:06:31.795 INF Advanced timeout advanced=2038165618 initial=1000000000
03:06:31.795 INF Advanced timeout advanced=3038165618 initial=1000000000
03:06:31.795 INF Advanced timeout advanced=4038165618 initial=1000000000
03:06:31.795 INF Advanced timeout advanced=5038165618 initial=1000000000
03:06:31.796 INF Advanced timeout advanced=6038165618 initial=1000000000
03:06:31.796 INF Advanced timeout advanced=7038165618 initial=1000000000
03:06:31.796 INF Advanced timeout advanced=8038165618 initial=1000000000
03:06:31.796 INF Advanced timeout advanced=9038165618 initial=1000000000
03:06:31.796 INF Advanced timeout advanced=10038165618 initial=1000000000
03:06:31.796 INF Advanced timeout advanced=11038165618 initial=1000000000
03:06:31.796 INF Advanced timeout advanced=12038165618 initial=1000000000
03:06:31.796 INF Advanced timeout advanced=13038165618 initial=1000000000
03:06:31.796 INF Advanced timeout advanced=14038165618 initial=1000000000
03:06:31.796 INF Advanced timeout advanced=15038165618 initial=1000000000
03:06:31.796 INF Starting PBFT instance. first=65 last=110 segID=2
03:06:31.796 INF PbftOrderer received a new segment: [66 69 72 75 78 81 84 87 90 93 96 99 102 105 108 111] first leader=2 firstSN=66 lastSN=111 len=16 length=16 segId=3
03:06:31.805 INF Starting serialized message processing. segID=2
03:06:31.905 INF Handling PREPREPARE. nReq=4096 senderID=1 sn=65
03:06:31.960 INF Starting new view. segID=3 timeout=104000 view=0
03:06:31.961 INF Advanced timeout advanced=38165618 initial=1000000000
03:06:31.961 INF Advanced timeout advanced=1038165618 initial=1000000000
03:06:31.961 INF Advanced timeout advanced=2038165618 initial=1000000000
03:06:31.961 INF Advanced timeout advanced=3038165618 initial=1000000000
03:06:31.961 INF Advanced timeout advanced=4038165618 initial=1000000000
03:06:31.961 INF Advanced timeout advanced=5038165618 initial=1000000000
03:06:31.961 INF Advanced timeout advanced=6038165618 initial=1000000000
03:06:31.961 INF Advanced timeout advanced=7038165618 initial=1000000000
03:06:31.961 INF Advanced timeout advanced=8038165618 initial=1000000000
03:06:31.961 INF Advanced timeout advanced=9038165618 initial=1000000000
03:06:31.961 INF Advanced timeout advanced=10038165618 initial=1000000000
03:06:31.961 INF Advanced timeout advanced=11038165618 initial=1000000000
03:06:31.961 INF Advanced timeout advanced=12038165618 initial=1000000000
03:06:31.961 INF Advanced timeout advanced=13038165618 initial=1000000000
03:06:31.961 INF Advanced timeout advanced=14038165618 initial=1000000000
03:06:31.961 INF Advanced timeout advanced=15038165618 initial=1000000000
03:06:31.961 INF Starting PBFT instance. first=66 last=111 segID=3
03:06:31.961 INF Starting serialized message processing. segID=3
03:06:32.248 INF Handling PREPREPARE. nReq=4096 senderID=0 sn=64
03:06:32.343 INF Handling PREPREPARE. nReq=4096 senderID=1 sn=67
03:06:32.343 INF Starting new view. segID=1 timeout=208000 view=1
03:06:32.343 INF Advanced timeout advanced=38165618 initial=1000000000
03:06:32.343 INF Advanced timeout advanced=1038165618 initial=1000000000
03:06:32.343 INF Advanced timeout advanced=2038165618 initial=1000000000
03:06:32.344 INF Advanced timeout advanced=3038165618 initial=1000000000
03:06:32.344 INF Advanced timeout advanced=4038165618 initial=1000000000
03:06:32.344 INF Advanced timeout advanced=5038165618 initial=1000000000
03:06:32.344 INF Advanced timeout advanced=6038165618 initial=1000000000
03:06:32.344 INF Advanced timeout advanced=7038165618 initial=1000000000
03:06:32.344 INF Advanced timeout advanced=8038165618 initial=1000000000
03:06:32.344 INF Advanced timeout advanced=9038165618 initial=1000000000
03:06:32.344 INF Advanced timeout advanced=10038165618 initial=1000000000
03:06:32.344 INF Advanced timeout advanced=11038165618 initial=1000000000
03:06:32.344 INF Advanced timeout advanced=12038165618 initial=1000000000
03:06:32.344 INF Advanced timeout advanced=13038165618 initial=1000000000
03:06:32.344 INF Advanced timeout advanced=14038165618 initial=1000000000
03:06:32.344 INF Advanced timeout advanced=15038165618 initial=1000000000
03:06:32.344 INF Requesting VIEWCHANGE. receiverID=1 segID=1 senderID=2 view=1
==================
WARNING: DATA RACE
Read at 0x00c00791ee40 by goroutine 186769:
  github.com/hyperledger-labs/mirbft/request.checkSignaturesExternal()
      /opt/gopath/src/github.com/hyperledger-labs/mirbft/request/batch.go:199 +0xf0
  github.com/hyperledger-labs/mirbft/request.(*Batch).CheckSignatures()
      /opt/gopath/src/github.com/hyperledger-labs/mirbft/request/batch.go:76 +0x43
  github.com/hyperledger-labs/mirbft/orderer.(*pbftInstance).proposeSN()
      /opt/gopath/src/github.com/hyperledger-labs/mirbft/orderer/pbftinstance.go:337 +0xa9c
  github.com/hyperledger-labs/mirbft/orderer.(*pbftInstance).handleMessage()
      /opt/gopath/src/github.com/hyperledger-labs/mirbft/orderer/pbftinstance.go:1831 +0x58b
  github.com/hyperledger-labs/mirbft/orderer.(*pbftInstance).processSerializedMessages()
      /opt/gopath/src/github.com/hyperledger-labs/mirbft/orderer/pbftinstance.go:1764 +0xdd
  github.com/hyperledger-labs/mirbft/orderer.(*PbftOrderer).runSegment.func2()
      /opt/gopath/src/github.com/hyperledger-labs/mirbft/orderer/pbftorderer.go:199 +0x39

Previous write at 0x00c00791ee40 by goroutine 81:
  github.com/hyperledger-labs/mirbft/request.Init.func2()
      /opt/gopath/src/github.com/hyperledger-labs/mirbft/request/request.go:116 +0xe8

Goroutine 186769 (running) created at:
  github.com/hyperledger-labs/mirbft/orderer.(*PbftOrderer).runSegment()
      /opt/gopath/src/github.com/hyperledger-labs/mirbft/orderer/pbftorderer.go:199 +0x3f6
  github.com/hyperledger-labs/mirbft/orderer.(*PbftOrderer).Start()
      /opt/gopath/src/github.com/hyperledger-labs/mirbft/orderer/pbftorderer.go:176 +0x344
  main.main.func5()
      /opt/gopath/src/github.com/hyperledger-labs/mirbft/cmd/orderingpeer/main.go:186 +0x59

Goroutine 81 (running) created at:
  github.com/hyperledger-labs/mirbft/request.Init()
      /opt/gopath/src/github.com/hyperledger-labs/mirbft/request/request.go:108 +0xd3a
  main.main()
      /opt/gopath/src/github.com/hyperledger-labs/mirbft/cmd/orderingpeer/main.go:67 +0x3d9
==================
==================
WARNING: DATA RACE
Write at 0x00c00791edf1 by goroutine 186769:
  github.com/hyperledger-labs/mirbft/request.(*Batch).MarkInFlight()
      /opt/gopath/src/github.com/hyperledger-labs/mirbft/request/batch.go:41 +0xb52
  github.com/hyperledger-labs/mirbft/orderer.(*pbftInstance).proposeSN()
      /opt/gopath/src/github.com/hyperledger-labs/mirbft/orderer/pbftinstance.go:341 +0xae0
  github.com/hyperledger-labs/mirbft/orderer.(*pbftInstance).handleMessage()
      /opt/gopath/src/github.com/hyperledger-labs/mirbft/orderer/pbftinstance.go:1831 +0x58b
  github.com/hyperledger-labs/mirbft/orderer.(*pbftInstance).processSerializedMessages()
      /opt/gopath/src/github.com/hyperledger-labs/mirbft/orderer/pbftinstance.go:1764 +0xdd
  github.com/hyperledger-labs/mirbft/orderer.(*PbftOrderer).runSegment.func2()
      /opt/gopath/src/github.com/hyperledger-labs/mirbft/orderer/pbftorderer.go:199 +0x39

Previous read at 0x00c00791edf1 by goroutine 186764:
  github.com/hyperledger-labs/mirbft/request.(*Batch).CheckInFlight()
      /opt/gopath/src/github.com/hyperledger-labs/mirbft/request/batch.go:49 +0xba
  github.com/hyperledger-labs/mirbft/orderer.(*pbftInstance).handlePreprepare()
      /opt/gopath/src/github.com/hyperledger-labs/mirbft/orderer/pbftinstance.go:447 +0x8ab
  github.com/hyperledger-labs/mirbft/orderer.(*pbftInstance).handleMessage()
      /opt/gopath/src/github.com/hyperledger-labs/mirbft/orderer/pbftinstance.go:1792 +0xc4
  github.com/hyperledger-labs/mirbft/orderer.(*pbftInstance).processSerializedMessages()
      /opt/gopath/src/github.com/hyperledger-labs/mirbft/orderer/pbftinstance.go:1764 +0xdd
  github.com/hyperledger-labs/mirbft/orderer.(*PbftOrderer).runSegment.func2()
      /opt/gopath/src/github.com/hyperledger-labs/mirbft/orderer/pbftorderer.go:199 +0x39

Goroutine 186769 (running) created at:
  github.com/hyperledger-labs/mirbft/orderer.(*PbftOrderer).runSegment()
      /opt/gopath/src/github.com/hyperledger-labs/mirbft/orderer/pbftorderer.go:199 +0x3f6
  github.com/hyperledger-labs/mirbft/orderer.(*PbftOrderer).Start()
      /opt/gopath/src/github.com/hyperledger-labs/mirbft/orderer/pbftorderer.go:176 +0x344
  main.main.func5()
      /opt/gopath/src/github.com/hyperledger-labs/mirbft/cmd/orderingpeer/main.go:186 +0x59

Goroutine 186764 (running) created at:
  github.com/hyperledger-labs/mirbft/orderer.(*PbftOrderer).runSegment()
      /opt/gopath/src/github.com/hyperledger-labs/mirbft/orderer/pbftorderer.go:199 +0x3f6
  github.com/hyperledger-labs/mirbft/orderer.(*PbftOrderer).Start()
      /opt/gopath/src/github.com/hyperledger-labs/mirbft/orderer/pbftorderer.go:176 +0x344
  main.main.func5()
      /opt/gopath/src/github.com/hyperledger-labs/mirbft/cmd/orderingpeer/main.go:186 +0x59
==================
03:06:34.619 INF Sending PREPREPARE. nReq=2688 senderID=2 sn=66 view=0
03:06:34.622 INF Handling PREPREPARE. nReq=904 senderID=1 sn=71
03:06:34.627 INF Handling PREPREPARE. nReq=1616 senderID=0 sn=68
03:06:34.627 INF Starting new view. segID=2 timeout=208000 view=1
03:06:34.627 INF Advanced timeout advanced=38165618 initial=1000000000
03:06:34.627 INF Advanced timeout advanced=1038165618 initial=1000000000
03:06:34.627 INF Advanced timeout advanced=2038165618 initial=1000000000
03:06:34.627 INF Advanced timeout advanced=3038165618 initial=1000000000
03:06:34.627 INF Advanced timeout advanced=4038165618 initial=1000000000
03:06:34.627 INF Advanced timeout advanced=5038165618 initial=1000000000
03:06:34.627 INF Advanced timeout advanced=6038165618 initial=1000000000
03:06:34.627 INF Advanced timeout advanced=7038165618 initial=1000000000
03:06:34.627 INF Advanced timeout advanced=8038165618 initial=1000000000
03:06:34.627 INF Advanced timeout advanced=9038165618 initial=1000000000
03:06:34.627 INF Advanced timeout advanced=10038165618 initial=1000000000
03:06:34.627 INF Advanced timeout advanced=11038165618 initial=1000000000
03:06:34.627 INF Advanced timeout advanced=12038165618 initial=1000000000
03:06:34.627 INF Advanced timeout advanced=13038165618 initial=1000000000
03:06:34.627 INF Advanced timeout advanced=14038165618 initial=1000000000
03:06:34.627 INF Advanced timeout advanced=15038165618 initial=1000000000
03:06:34.627 INF Requesting VIEWCHANGE. receiverID=2 segID=2 senderID=2 view=1
03:06:34.632 WRN Prepare message does not match preprepare. Had abf2c7fbae4bd1d27b3a242467bdb64885ffd98314ec6d525b8a51224a5b4215 and got feec58b12343756ca86ec33441c95d1bcbdf32828384eb9dff3a0db4a0071794 senderID=1 sn=66
03:06:34.632 WRN Prepare message does not match preprepare. Had abf2c7fbae4bd1d27b3a242467bdb64885ffd98314ec6d525b8a51224a5b4215 and got feec58b12343756ca86ec33441c95d1bcbdf32828384eb9dff3a0db4a0071794 senderID=3 sn=66
03:06:34.633 INF Sending PREPREPARE. nReq=141 senderID=2 sn=69 view=0
03:06:34.633 INF Handling PREPREPARE. nReq=1186 senderID=1 sn=69
03:06:34.633 INF Starting new view. segID=3 timeout=208000 view=1
03:06:34.634 INF Advanced timeout advanced=38165618 initial=1000000000
03:06:34.635 INF Advanced timeout advanced=1038165618 initial=1000000000
03:06:34.635 INF Advanced timeout advanced=2038165618 initial=1000000000
03:06:34.635 INF Advanced timeout advanced=3038165618 initial=1000000000
03:06:34.635 INF Advanced timeout advanced=4038165618 initial=1000000000
03:06:34.635 INF Advanced timeout advanced=5038165618 initial=1000000000
03:06:34.636 INF Advanced timeout advanced=6038165618 initial=1000000000
03:06:34.636 INF Advanced timeout advanced=7038165618 initial=1000000000
03:06:34.636 INF Advanced timeout advanced=8038165618 initial=1000000000
03:06:34.636 INF Advanced timeout advanced=9038165618 initial=1000000000
03:06:34.636 INF Advanced timeout advanced=10038165618 initial=1000000000
03:06:34.636 INF Advanced timeout advanced=11038165618 initial=1000000000
03:06:34.636 INF Advanced timeout advanced=12038165618 initial=1000000000
03:06:34.636 INF Advanced timeout advanced=13038165618 initial=1000000000
03:06:34.636 INF Advanced timeout advanced=14038165618 initial=1000000000
03:06:34.636 INF Advanced timeout advanced=15038165618 initial=1000000000
03:06:34.636 INF Requesting VIEWCHANGE. receiverID=3 segID=3 senderID=2 view=1
03:06:34.636 INF Handling PREPREPARE. nReq=4036 senderID=0 sn=66
03:06:34.636 INF Starting new view. segID=3 timeout=416000 view=2
03:06:34.636 INF Advanced timeout advanced=38165618 initial=1000000000
03:06:34.636 INF Advanced timeout advanced=1038165618 initial=1000000000
03:06:34.636 INF Advanced timeout advanced=2038165618 initial=1000000000
03:06:34.636 INF Advanced timeout advanced=3038165618 initial=1000000000
03:06:34.636 INF Advanced timeout advanced=4038165618 initial=1000000000
03:06:34.636 INF Advanced timeout advanced=5038165618 initial=1000000000
03:06:34.636 INF Advanced timeout advanced=6038165618 initial=1000000000
03:06:34.636 INF Advanced timeout advanced=7038165618 initial=1000000000
03:06:34.636 INF Advanced timeout advanced=8038165618 initial=1000000000
03:06:34.636 INF Advanced timeout advanced=9038165618 initial=1000000000
03:06:34.636 INF Advanced timeout advanced=10038165618 initial=1000000000
03:06:34.636 INF Advanced timeout advanced=11038165618 initial=1000000000
03:06:34.636 INF Advanced timeout advanced=12038165618 initial=1000000000
03:06:34.636 INF Advanced timeout advanced=13038165618 initial=1000000000
03:06:34.637 INF Advanced timeout advanced=14038165618 initial=1000000000
03:06:34.637 INF Advanced timeout advanced=15038165618 initial=1000000000
03:06:34.637 INF Handling VIEWCHANGE. msgView=1 ownView=1 segID=2 senderID=1
03:06:34.637 INF Requesting VIEWCHANGE. receiverID=0 segID=3 senderID=2 view=2
03:06:34.637 INF Adding view change message. currentView=1 msgView=1 numViewChanges=2
03:06:34.637 INF Handling VIEWCHANGE. msgView=1 ownView=1 segID=2 senderID=3
03:06:34.637 INF Adding view change message. currentView=1 msgView=1 numViewChanges=3
03:06:34.637 INF Missing preprepare message. sn=65 view=1
03:06:34.637 INF Missing preprepare message. sn=71 view=1
03:06:34.637 INF Asking for missing preprepares. segID=2 view=1
03:06:34.638 INF Handling VIEWCHANGE. msgView=1 ownView=1 segID=2 senderID=0
03:06:34.647 INF Handling missing preprepare. msgView=0 ownView=1 segID=2 sn=71
03:06:34.686 INF Handling missing preprepare. msgView=0 ownView=1 segID=2 sn=65
03:06:34.719 INF Sending NEWVIEW. segID=2 senderID=2 view=1
03:06:34.791 INF Handling NEWVIEW. currentView=1 msgView=1 segID=1 senderID=1
03:06:34.808 INF Starting new view. segID=1 timeout=416000 view=2
03:06:34.808 INF Advanced timeout advanced=38165618 initial=1000000000
03:06:34.808 INF Advanced timeout advanced=1038165618 initial=1000000000
03:06:34.808 INF Advanced timeout advanced=2038165618 initial=1000000000
03:06:34.808 INF Advanced timeout advanced=3038165618 initial=1000000000
03:06:34.808 INF Advanced timeout advanced=4038165618 initial=1000000000
03:06:34.808 INF Advanced timeout advanced=5038165618 initial=1000000000
03:06:34.808 INF Advanced timeout advanced=6038165618 initial=1000000000
03:06:34.808 INF Advanced timeout advanced=7038165618 initial=1000000000
03:06:34.808 INF Advanced timeout advanced=8038165618 initial=1000000000
03:06:34.808 INF Advanced timeout advanced=9038165618 initial=1000000000
03:06:34.808 INF Advanced timeout advanced=10038165618 initial=1000000000
03:06:34.808 INF Advanced timeout advanced=11038165618 initial=1000000000
03:06:34.808 INF Advanced timeout advanced=12038165618 initial=1000000000
03:06:34.808 INF Advanced timeout advanced=13038165618 initial=1000000000
03:06:34.808 INF Advanced timeout advanced=14038165618 initial=1000000000
03:06:34.808 INF Advanced timeout advanced=15038165618 initial=1000000000
03:06:34.809 INF Requesting VIEWCHANGE. receiverID=2 segID=1 senderID=2 view=2
03:06:34.852 WRN Prepare message does not match preprepare. Had aa6ac2d4961882f42a345c7615f4133dde8e6d6e7c1b6b40ae4ff6ee52c393d0 and got 07b4c72c3faa2e8c53bc850a6f146f25e6dc4362bb6446b4a388b83a2fc93951 senderID=3 sn=68
03:06:34.852 WRN Prepare message does not match preprepare. Had aa6ac2d4961882f42a345c7615f4133dde8e6d6e7c1b6b40ae4ff6ee52c393d0 and got 07b4c72c3faa2e8c53bc850a6f146f25e6dc4362bb6446b4a388b83a2fc93951 senderID=0 sn=68
03:06:34.853 INF Committed entry. latency=0 nReq=0 sn=92
03:06:34.853 INF Committed entry. latency=0 nReq=0 sn=80
03:06:34.853 INF Committed entry. latency=0 nReq=0 sn=74
03:06:34.853 INF Committed entry. latency=0 nReq=0 sn=86
03:06:34.855 INF PBFT checkpoint ready. Scheduling catchup. lastSn=109 segID=1
03:06:35.256 INF Fetching missing entry. firstSource=1 nSources=3 sn=106
03:06:35.256 INF PBFT catching up. lastSn=109 missingSns=16 segID=1
03:06:35.256 INF Fetching missing entry. firstSource=3 nSources=3 sn=109
03:06:35.256 INF Fetching missing entry. firstSource=1 nSources=3 sn=73
03:06:35.256 INF Fetching missing entry. firstSource=3 nSources=3 sn=64
03:06:35.256 INF Fetching missing entry. firstSource=1 nSources=3 sn=103
03:06:35.256 INF Fetching missing entry. firstSource=3 nSources=3 sn=79
03:06:35.256 INF Fetching missing entry. firstSource=0 nSources=3 sn=76
03:06:35.256 INF Fetching missing entry. firstSource=0 nSources=3 sn=82
03:06:35.257 INF Fetching missing entry. firstSource=1 nSources=3 sn=94
03:06:35.257 INF Fetching missing entry. firstSource=1 nSources=3 sn=70
03:06:35.257 INF Fetching missing entry. firstSource=1 nSources=3 sn=91
03:06:35.257 INF Fetching missing entry. firstSource=3 nSources=3 sn=97
03:06:35.257 INF Fetching missing entry. firstSource=0 nSources=3 sn=88
03:06:35.257 INF Fetching missing entry. firstSource=0 nSources=3 sn=100
03:06:35.257 INF Fetching missing entry. firstSource=1 nSources=3 sn=85
03:06:35.257 INF Fetching missing entry. firstSource=0 nSources=3 sn=67
03:06:35.260 INF Fetched missing entry. sn=94
03:06:35.260 INF Fetched missing entry. sn=70
03:06:35.260 INF Handling MissingEntry. segID=1 sn=94 view=2
03:06:35.261 INF Committed entry. latency=0 nReq=0 sn=94
03:06:35.261 INF Handling MissingEntry. segID=1 sn=70 view=2
03:06:35.261 INF Committed entry. latency=0 nReq=0 sn=70
03:06:35.304 INF Fetched missing entry. sn=76
03:06:35.304 INF Fetched missing entry. sn=82
03:06:35.304 INF Fetched missing entry. sn=88
03:06:35.304 INF Fetched missing entry. sn=67
03:06:35.304 INF Handling MissingEntry. segID=1 sn=76 view=2
03:06:35.304 INF Committed entry. latency=0 nReq=0 sn=76
03:06:35.304 INF Handling MissingEntry. segID=1 sn=82 view=2
03:06:35.304 INF Committed entry. latency=0 nReq=0 sn=82
03:06:35.304 INF Handling MissingEntry. segID=1 sn=88 view=2
03:06:35.304 INF Committed entry. latency=0 nReq=0 sn=88
03:06:35.304 INF Handling MissingEntry. segID=1 sn=67 view=2
03:06:35.309 INF Fetched missing entry. sn=64
03:06:35.331 INF Committed entry. latency=0 nReq=4096 sn=67
03:06:35.331 INF Handling MissingEntry. segID=1 sn=64 view=2
03:06:35.346 INF Committed entry. latency=0 nReq=4096 sn=64
03:06:35.346 INF Delivered batch. nReq=4096 sn=64
03:10:02.666 WRN Timeout segId=2 sn=65 view=1
03:10:02.666 INF Starting new view. segID=2 timeout=416000 view=2
03:10:02.666 INF Advanced timeout advanced=38165618 initial=1000000000
03:10:02.671 INF Advanced timeout advanced=1038165618 initial=1000000000
03:10:02.671 INF Advanced timeout advanced=2038165618 initial=1000000000
03:10:02.671 INF Advanced timeout advanced=3038165618 initial=1000000000
03:10:02.671 INF Advanced timeout advanced=4038165618 initial=1000000000
03:10:02.672 INF Advanced timeout advanced=5038165618 initial=1000000000
03:10:02.672 INF Advanced timeout advanced=6038165618 initial=1000000000
03:10:02.672 INF Advanced timeout advanced=7038165618 initial=1000000000
03:10:02.672 INF Advanced timeout advanced=8038165618 initial=1000000000
03:10:02.672 INF Advanced timeout advanced=9038165618 initial=1000000000
03:10:02.672 INF Advanced timeout advanced=10038165618 initial=1000000000
03:10:02.672 INF Advanced timeout advanced=11038165618 initial=1000000000
03:10:02.672 INF Advanced timeout advanced=12038165618 initial=1000000000
03:10:02.672 INF Advanced timeout advanced=13038165618 initial=1000000000
03:10:02.672 INF Advanced timeout advanced=14038165618 initial=1000000000
03:10:02.672 INF Advanced timeout advanced=15038165618 initial=1000000000
03:10:02.672 INF Requesting VIEWCHANGE. receiverID=3 segID=2 senderID=2 view=2
03:10:02.805 INF Handling NEWVIEW. currentView=2 msgView=2 segID=2 senderID=3
03:10:02.825 INF Starting new view. segID=2 timeout=832000 view=3
03:10:02.826 INF Advanced timeout advanced=38165618 initial=1000000000
03:10:02.826 INF Advanced timeout advanced=1038165618 initial=1000000000
03:10:02.826 INF Advanced timeout advanced=2038165618 initial=1000000000
03:10:02.826 INF Advanced timeout advanced=3038165618 initial=1000000000
03:10:02.826 INF Advanced timeout advanced=4038165618 initial=1000000000
03:10:02.826 INF Advanced timeout advanced=5038165618 initial=1000000000
03:10:02.826 INF Advanced timeout advanced=6038165618 initial=1000000000
03:10:02.826 INF Advanced timeout advanced=7038165618 initial=1000000000
03:10:02.826 INF Advanced timeout advanced=8038165618 initial=1000000000
03:10:02.826 INF Advanced timeout advanced=9038165618 initial=1000000000
03:10:02.826 INF Advanced timeout advanced=10038165618 initial=1000000000
03:10:02.826 INF Advanced timeout advanced=11038165618 initial=1000000000
03:10:02.826 INF Advanced timeout advanced=12038165618 initial=1000000000
03:10:02.827 INF Advanced timeout advanced=13038165618 initial=1000000000
03:10:02.827 INF Advanced timeout advanced=14038165618 initial=1000000000
03:10:02.827 INF Advanced timeout advanced=15038165618 initial=1000000000
03:10:02.827 INF Requesting VIEWCHANGE. receiverID=0 segID=2 senderID=2 view=3
03:10:02.885 INF PBFT checkpoint ready. Scheduling catchup. lastSn=110 segID=2
03:10:02.913 INF New stable checkpoint. sn=95
03:10:02.914 INF Received stable checkpoint notification. sn=95
03:10:03.288 INF PBFT catching up. lastSn=110 missingSns=12 segID=2
03:10:03.288 INF Fetching missing entry. firstSource=3 nSources=3 sn=95
03:10:03.288 INF Fetching missing entry. firstSource=1 nSources=3 sn=101
03:10:03.288 INF Fetching missing entry. firstSource=3 nSources=3 sn=77
03:10:03.288 INF Fetching missing entry. firstSource=3 nSources=3 sn=71
03:10:03.288 INF Fetching missing entry. firstSource=3 nSources=3 sn=104
03:10:03.289 INF Fetching missing entry. firstSource=3 nSources=3 sn=68
03:10:03.289 INF Fetching missing entry. firstSource=1 nSources=3 sn=107
03:10:03.289 INF Fetching missing entry. firstSource=0 nSources=3 sn=83
03:10:03.289 INF Fetching missing entry. firstSource=0 nSources=3 sn=65
03:10:03.289 INF Fetching missing entry. firstSource=1 nSources=3 sn=98
03:10:03.289 INF Fetching missing entry. firstSource=1 nSources=3 sn=89
03:10:03.289 INF Fetching missing entry. firstSource=0 nSources=3 sn=110
03:10:03.290 INF Fetched missing entry. sn=95
03:10:03.290 INF Handling MissingEntry. segID=2 sn=95 view=3
03:10:03.290 INF Committed entry. latency=0 nReq=0 sn=95
03:10:03.293 INF Fetched missing entry. sn=89
03:10:03.293 INF Handling MissingEntry. segID=2 sn=89 view=3
03:10:03.293 INF Committed entry. latency=0 nReq=0 sn=89
03:10:03.347 INF Fetched missing entry. sn=77
03:10:03.347 INF Fetched missing entry. sn=71
03:10:03.348 INF Handling MissingEntry. segID=2 sn=77 view=3
03:10:03.348 INF Fetched missing entry. sn=68
03:10:03.348 INF Committed entry. latency=0 nReq=0 sn=77
03:10:03.348 INF Handling MissingEntry. segID=2 sn=71 view=3
03:10:03.353 INF Committed entry. latency=0 nReq=904 sn=71
03:10:03.354 INF Handling MissingEntry. segID=2 sn=68 view=3
03:10:03.372 INF Committed entry. latency=0 nReq=1616 sn=68
03:10:03.396 INF Fetched missing entry. sn=83
03:10:03.396 INF Fetched missing entry. sn=65
03:10:03.396 INF Handling MissingEntry. segID=2 sn=83 view=3
03:10:03.396 INF Committed entry. latency=0 nReq=0 sn=83
03:10:03.396 INF Handling MissingEntry. segID=2 sn=65 view=3
03:10:03.414 INF Fetching missing entry. firstSource=1 nSources=6 sn=84
03:10:03.414 INF Fetching missing entry. firstSource=1 nSources=6 sn=73
03:10:03.415 INF Fetching missing entry. firstSource=0 nSources=6 sn=79
03:10:03.415 INF Fetching missing entry. firstSource=0 nSources=6 sn=66
03:10:03.415 INF Fetching missing entry. firstSource=3 nSources=6 sn=65
03:10:03.415 INF Fetching missing entry. firstSource=0 nSources=6 sn=90
03:10:03.415 INF Fetching missing entry. firstSource=0 nSources=6 sn=69
03:10:03.415 INF Fetching missing entry. firstSource=0 nSources=6 sn=78
03:10:03.415 INF Fetching missing entry. firstSource=0 nSources=6 sn=91
03:10:03.415 INF Fetching missing entry. firstSource=0 nSources=6 sn=72
03:10:03.415 INF Fetching missing entry. firstSource=0 nSources=6 sn=87
03:10:03.415 INF Fetching missing entry. firstSource=0 nSources=6 sn=93
03:10:03.415 INF Fetching missing entry. firstSource=0 nSources=6 sn=85
03:10:03.415 INF Fetching missing entry. firstSource=1 nSources=6 sn=81
03:10:03.415 INF Fetching missing entry. firstSource=0 nSources=6 sn=75
03:10:03.416 INF Fetched missing entry. sn=84
03:10:03.416 INF Fetched missing entry. sn=73
03:10:03.416 INF Handling MissingEntry. segID=1 sn=73 view=2
03:10:03.416 INF Committed entry. latency=0 nReq=0 sn=73
03:10:03.416 INF Handling MissingEntry. segID=3 sn=84 view=2
03:10:03.417 INF Committed entry. latency=0 nReq=0 sn=84
03:10:03.423 INF Fetched missing entry. sn=72
03:10:03.424 INF Fetched missing entry. sn=87
03:10:03.424 INF Fetched missing entry. sn=93
03:10:03.424 INF Fetched missing entry. sn=85
03:10:03.424 INF Fetched missing entry. sn=75
03:10:03.424 INF Handling MissingEntry. segID=1 sn=85 view=2
03:10:03.424 INF Committed entry. latency=0 nReq=0 sn=85
03:10:03.424 INF Handling MissingEntry. segID=3 sn=72 view=2
03:10:03.424 INF Committed entry. latency=0 nReq=0 sn=72
03:10:03.424 INF Handling MissingEntry. segID=3 sn=87 view=2
03:10:03.424 INF Committed entry. latency=0 nReq=0 sn=87
03:10:03.424 INF Handling MissingEntry. segID=3 sn=93 view=2
03:10:03.424 INF Committed entry. latency=0 nReq=0 sn=93
03:10:03.424 INF Handling MissingEntry. segID=3 sn=75 view=2
03:10:03.424 INF Committed entry. latency=0 nReq=0 sn=75
03:10:03.426 INF Fetched missing entry. sn=81
03:10:03.427 INF Handling MissingEntry. segID=3 sn=81 view=2
03:10:03.427 INF Committed entry. latency=0 nReq=0 sn=81
03:10:03.435 INF Committed entry. latency=0 nReq=4096 sn=65
03:10:03.435 INF Delivered batch. nReq=4096 sn=65
03:10:03.515 INF Fetched missing entry. sn=65
03:10:03.515 INF Handling MissingEntry. segID=2 sn=65 view=3
03:10:03.573 INF Fetched missing entry. sn=79
03:10:03.574 INF Handling MissingEntry. segID=1 sn=79 view=2
03:10:03.574 INF Committed entry. latency=0 nReq=0 sn=79
03:10:03.574 INF Fetched missing entry. sn=66
03:10:03.574 INF Handling MissingEntry. segID=3 sn=66 view=2
03:10:03.575 INF Fetched missing entry. sn=90
03:10:03.575 INF Fetched missing entry. sn=69
03:10:03.575 INF Fetched missing entry. sn=78
03:10:03.575 INF Fetched missing entry. sn=91
03:10:03.575 INF Handling MissingEntry. segID=1 sn=91 view=2
03:10:03.575 INF Committed entry. latency=0 nReq=0 sn=91
03:10:03.616 INF Committed entry. latency=0 nReq=4036 sn=66
03:10:03.616 INF Delivered batch. nReq=4036 sn=66
03:10:03.617 INF Delivered batch. nReq=4096 sn=67
03:10:03.618 INF Delivered batch. nReq=1616 sn=68
03:10:03.618 INF Handling MissingEntry. segID=3 sn=90 view=2
03:10:03.618 INF Committed entry. latency=0 nReq=0 sn=90
03:10:03.618 INF Handling MissingEntry. segID=3 sn=69 view=2
03:10:03.630 INF Committed entry. latency=0 nReq=1186 sn=69
03:10:03.631 INF Delivered batch. nReq=1186 sn=69
03:10:03.631 INF Delivered batch. nReq=0 sn=70
03:10:03.631 INF Delivered batch. nReq=904 sn=71
03:10:03.631 INF Delivered batch. nReq=0 sn=72
03:10:03.631 INF Delivered batch. nReq=0 sn=73
03:10:03.631 INF Delivered batch. nReq=0 sn=74
03:10:03.632 INF Delivered batch. nReq=0 sn=75
03:10:03.632 INF Delivered batch. nReq=0 sn=76
03:10:03.632 INF Delivered batch. nReq=0 sn=77
03:10:03.632 INF Handling MissingEntry. segID=3 sn=78 view=2
03:10:03.632 INF Committed entry. latency=0 nReq=0 sn=78
03:10:03.632 INF Delivered batch. nReq=0 sn=78
03:10:03.632 INF Delivered batch. nReq=0 sn=79
03:10:03.632 INF Delivered batch. nReq=0 sn=80
03:10:03.632 INF Delivered batch. nReq=0 sn=81
03:10:03.632 INF Delivered batch. nReq=0 sn=82
03:10:03.632 INF Delivered batch. nReq=0 sn=83
03:10:03.632 INF Delivered batch. nReq=0 sn=84
03:10:03.632 INF Delivered batch. nReq=0 sn=85
03:10:03.632 INF Delivered batch. nReq=0 sn=86
03:10:03.632 INF Delivered batch. nReq=0 sn=87
03:10:03.632 INF Delivered batch. nReq=0 sn=88
03:10:03.632 INF Delivered batch. nReq=0 sn=89
03:10:03.632 INF Delivered batch. nReq=0 sn=90
03:10:03.633 INF Delivered batch. nReq=0 sn=91
03:10:03.633 INF Delivered batch. nReq=0 sn=92
03:10:03.633 INF Delivered batch. nReq=0 sn=93
03:10:03.633 INF Delivered batch. nReq=0 sn=94
03:10:03.633 INF Delivered batch. nReq=0 sn=95
03:10:03.791 INF Fetched missing entry. sn=101
03:10:03.791 INF Fetched missing entry. sn=107
03:10:03.792 INF Fetched missing entry. sn=98
03:10:03.791 INF Handling MissingEntry. segID=2 sn=101 view=3
03:10:03.792 INF Fetched missing entry. sn=104
03:10:03.792 INF Committed entry. latency=0 nReq=0 sn=101
03:10:03.792 INF Handling MissingEntry. segID=2 sn=107 view=3
03:10:03.792 INF Committed entry. latency=0 nReq=0 sn=107
03:10:03.792 INF Handling MissingEntry. segID=2 sn=98 view=3
03:10:03.792 INF Committed entry. latency=0 nReq=0 sn=98
03:10:03.792 INF Handling MissingEntry. segID=2 sn=104 view=3
03:10:03.792 INF Committed entry. latency=0 nReq=0 sn=104
03:10:03.792 INF Fetched missing entry. sn=110
03:10:03.792 INF Handling MissingEntry. segID=2 sn=110 view=3
03:10:03.792 INF Committed entry. latency=0 nReq=0 sn=110
03:10:03.792 INF Sending segment checkpoint. lastSn=110 segID=2
03:10:04.510 INF Handling PREPREPARE. nReq=350 senderID=1 sn=97
03:10:04.510 INF Starting new view. segID=1 timeout=832000 view=3
03:10:04.510 INF Advanced timeout advanced=38165618 initial=1000000000
03:10:04.510 INF Advanced timeout advanced=1038165618 initial=1000000000
03:10:04.511 INF Advanced timeout advanced=2038165618 initial=1000000000
03:10:04.511 INF Advanced timeout advanced=3038165618 initial=1000000000
03:10:04.511 INF Advanced timeout advanced=4038165618 initial=1000000000
03:10:04.511 INF Advanced timeout advanced=5038165618 initial=1000000000
03:10:04.511 INF Advanced timeout advanced=6038165618 initial=1000000000
03:10:04.511 INF Advanced timeout advanced=7038165618 initial=1000000000
03:10:04.511 INF Advanced timeout advanced=8038165618 initial=1000000000
03:10:04.511 INF Advanced timeout advanced=9038165618 initial=1000000000
03:10:04.511 INF Advanced timeout advanced=10038165618 initial=1000000000
03:10:04.512 INF Advanced timeout advanced=11038165618 initial=1000000000
03:10:04.512 INF Advanced timeout advanced=12038165618 initial=1000000000
03:10:04.512 INF Advanced timeout advanced=13038165618 initial=1000000000
03:10:04.512 INF Advanced timeout advanced=14038165618 initial=1000000000
03:10:04.512 INF Advanced timeout advanced=15038165618 initial=1000000000
03:10:04.512 INF Requesting VIEWCHANGE. receiverID=3 segID=1 senderID=2 view=3
03:10:04.808 INF Handling PREPREPARE. nReq=100 senderID=0 sn=96
03:10:04.808 INF Starting new view. segID=3 timeout=832000 view=3
03:10:04.808 INF Advanced timeout advanced=38165618 initial=1000000000
03:10:04.809 INF Advanced timeout advanced=1038165618 initial=1000000000
03:10:04.809 INF Advanced timeout advanced=2038165618 initial=1000000000
03:10:04.809 INF Advanced timeout advanced=3038165618 initial=1000000000
03:10:04.809 INF Advanced timeout advanced=4038165618 initial=1000000000
03:10:04.809 INF Advanced timeout advanced=5038165618 initial=1000000000
03:10:04.809 INF Advanced timeout advanced=6038165618 initial=1000000000
03:10:04.809 INF Advanced timeout advanced=7038165618 initial=1000000000
03:10:04.810 INF Advanced timeout advanced=8038165618 initial=1000000000
03:10:04.810 INF Advanced timeout advanced=9038165618 initial=1000000000
03:10:04.810 INF Advanced timeout advanced=10038165618 initial=1000000000
03:10:04.810 INF Advanced timeout advanced=11038165618 initial=1000000000
03:10:04.810 INF Advanced timeout advanced=12038165618 initial=1000000000
03:10:04.810 INF Advanced timeout advanced=13038165618 initial=1000000000
03:10:04.811 INF Advanced timeout advanced=14038165618 initial=1000000000
03:10:04.811 INF Advanced timeout advanced=15038165618 initial=1000000000
03:10:04.811 INF Requesting VIEWCHANGE. receiverID=1 segID=3 senderID=2 view=3
03:10:05.493 INF Handling PREPREPARE. nReq=0 senderID=1 sn=100
03:10:05.494 INF Starting new view. segID=1 timeout=1664000 view=4
03:10:05.494 INF Advanced timeout advanced=38165618 initial=1000000000
03:10:05.494 INF Advanced timeout advanced=1038165618 initial=1000000000
03:10:05.494 INF Advanced timeout advanced=2038165618 initial=1000000000
03:10:05.495 INF Advanced timeout advanced=3038165618 initial=1000000000
03:10:05.495 INF Advanced timeout advanced=4038165618 initial=1000000000
03:10:05.495 INF Advanced timeout advanced=5038165618 initial=1000000000
03:10:05.495 INF Advanced timeout advanced=6038165618 initial=1000000000
03:10:05.495 INF Advanced timeout advanced=7038165618 initial=1000000000
03:10:05.495 INF Advanced timeout advanced=8038165618 initial=1000000000
03:10:05.495 INF Advanced timeout advanced=9038165618 initial=1000000000
03:10:05.496 INF Advanced timeout advanced=10038165618 initial=1000000000
03:10:05.496 INF Advanced timeout advanced=11038165618 initial=1000000000
03:10:05.496 INF Advanced timeout advanced=12038165618 initial=1000000000
03:10:05.496 INF Advanced timeout advanced=13038165618 initial=1000000000
03:10:05.496 INF Advanced timeout advanced=14038165618 initial=1000000000
03:10:05.496 INF Advanced timeout advanced=15038165618 initial=1000000000
03:10:05.496 INF Requesting VIEWCHANGE. receiverID=0 segID=1 senderID=2 view=4
03:10:05.803 INF Handling PREPREPARE. nReq=0 senderID=0 sn=99
03:10:05.803 INF Starting new view. segID=3 timeout=1664000 view=4
03:10:05.804 INF Advanced timeout advanced=38165618 initial=1000000000
03:10:05.804 INF Advanced timeout advanced=1038165618 initial=1000000000
03:10:05.804 INF Advanced timeout advanced=2038165618 initial=1000000000
03:10:05.804 INF Advanced timeout advanced=3038165618 initial=1000000000
03:10:05.804 INF Advanced timeout advanced=4038165618 initial=1000000000
03:10:05.804 INF Advanced timeout advanced=5038165618 initial=1000000000
03:10:05.804 INF Advanced timeout advanced=6038165618 initial=1000000000
03:10:05.805 INF Advanced timeout advanced=7038165618 initial=1000000000
03:10:05.805 INF Advanced timeout advanced=8038165618 initial=1000000000
03:10:05.805 INF Advanced timeout advanced=9038165618 initial=1000000000
03:10:05.805 INF Advanced timeout advanced=10038165618 initial=1000000000
03:10:05.805 INF Advanced timeout advanced=11038165618 initial=1000000000
03:10:05.805 INF Advanced timeout advanced=12038165618 initial=1000000000
03:10:05.805 INF Advanced timeout advanced=13038165618 initial=1000000000
03:10:05.805 INF Advanced timeout advanced=14038165618 initial=1000000000
03:10:05.806 INF Advanced timeout advanced=15038165618 initial=1000000000
03:10:05.806 INF Requesting VIEWCHANGE. receiverID=2 segID=3 senderID=2 view=4
03:10:06.494 INF Handling PREPREPARE. nReq=0 senderID=1 sn=103
03:10:06.494 INF Starting new view. segID=1 timeout=3328000 view=5
03:10:06.494 INF Advanced timeout advanced=38165618 initial=1000000000
03:10:06.494 INF Advanced timeout advanced=1038165618 initial=1000000000
03:10:06.495 INF Advanced timeout advanced=2038165618 initial=1000000000
03:10:06.495 INF Advanced timeout advanced=3038165618 initial=1000000000
03:10:06.495 INF Advanced timeout advanced=4038165618 initial=1000000000
03:10:06.495 INF Advanced timeout advanced=5038165618 initial=1000000000
03:10:06.495 INF Advanced timeout advanced=6038165618 initial=1000000000
03:10:06.495 INF Advanced timeout advanced=7038165618 initial=1000000000
03:10:06.496 INF Advanced timeout advanced=8038165618 initial=1000000000
03:10:06.496 INF Advanced timeout advanced=9038165618 initial=1000000000
03:10:06.496 INF Advanced timeout advanced=10038165618 initial=1000000000
03:10:06.496 INF Advanced timeout advanced=11038165618 initial=1000000000
03:10:06.496 INF Advanced timeout advanced=12038165618 initial=1000000000
03:10:06.497 INF Advanced timeout advanced=13038165618 initial=1000000000
03:10:06.497 INF Advanced timeout advanced=14038165618 initial=1000000000
03:10:06.497 INF Advanced timeout advanced=15038165618 initial=1000000000
03:10:06.497 INF Requesting VIEWCHANGE. receiverID=1 segID=1 senderID=2 view=5
03:10:06.804 INF Handling PREPREPARE. nReq=0 senderID=0 sn=102
03:10:06.804 INF Starting new view. segID=3 timeout=3328000 view=5
03:10:06.805 INF Advanced timeout advanced=38165618 initial=1000000000
03:10:06.805 INF Advanced timeout advanced=1038165618 initial=1000000000
03:10:06.805 INF Advanced timeout advanced=2038165618 initial=1000000000
03:10:06.805 INF Advanced timeout advanced=3038165618 initial=1000000000
03:10:06.805 INF Advanced timeout advanced=4038165618 initial=1000000000
03:10:06.805 INF Advanced timeout advanced=5038165618 initial=1000000000
03:10:06.805 INF Advanced timeout advanced=6038165618 initial=1000000000
03:10:06.806 INF Advanced timeout advanced=7038165618 initial=1000000000
03:10:06.806 INF Advanced timeout advanced=8038165618 initial=1000000000
03:10:06.806 INF Advanced timeout advanced=9038165618 initial=1000000000
03:10:06.806 INF Advanced timeout advanced=10038165618 initial=1000000000
03:10:06.806 INF Advanced timeout advanced=11038165618 initial=1000000000
03:10:06.806 INF Advanced timeout advanced=12038165618 initial=1000000000
03:10:06.806 INF Advanced timeout advanced=13038165618 initial=1000000000
03:10:06.806 INF Advanced timeout advanced=14038165618 initial=1000000000
03:10:06.807 INF Advanced timeout advanced=15038165618 initial=1000000000
03:10:06.807 INF Requesting VIEWCHANGE. receiverID=3 segID=3 senderID=2 view=5
03:10:07.494 INF Handling PREPREPARE. nReq=0 senderID=1 sn=106
03:10:07.494 INF Starting new view. segID=1 timeout=6656000 view=6
03:10:07.494 INF Advanced timeout advanced=38165618 initial=1000000000
03:10:07.494 INF Advanced timeout advanced=1038165618 initial=1000000000
03:10:07.494 INF Advanced timeout advanced=2038165618 initial=1000000000
03:10:07.494 INF Advanced timeout advanced=3038165618 initial=1000000000
03:10:07.495 INF Advanced timeout advanced=4038165618 initial=1000000000
03:10:07.495 INF Advanced timeout advanced=5038165618 initial=1000000000
03:10:07.495 INF Advanced timeout advanced=6038165618 initial=1000000000
03:10:07.495 INF Advanced timeout advanced=7038165618 initial=1000000000
03:10:07.495 INF Advanced timeout advanced=8038165618 initial=1000000000
03:10:07.495 INF Advanced timeout advanced=9038165618 initial=1000000000
03:10:07.495 INF Advanced timeout advanced=10038165618 initial=1000000000
03:10:07.495 INF Advanced timeout advanced=11038165618 initial=1000000000
03:10:07.495 INF Advanced timeout advanced=12038165618 initial=1000000000
03:10:07.495 INF Advanced timeout advanced=13038165618 initial=1000000000
03:10:07.495 INF Advanced timeout advanced=14038165618 initial=1000000000
03:10:07.496 INF Advanced timeout advanced=15038165618 initial=1000000000
03:10:07.496 INF Requesting VIEWCHANGE. receiverID=2 segID=1 senderID=2 view=6
03:10:07.805 INF Handling PREPREPARE. nReq=0 senderID=0 sn=105
03:10:07.805 INF Starting new view. segID=3 timeout=6656000 view=6
03:10:07.805 INF Advanced timeout advanced=38165618 initial=1000000000
03:10:07.805 INF Advanced timeout advanced=1038165618 initial=1000000000
03:10:07.805 INF Advanced timeout advanced=2038165618 initial=1000000000
03:10:07.806 INF Advanced timeout advanced=3038165618 initial=1000000000
03:10:07.806 INF Advanced timeout advanced=4038165618 initial=1000000000
03:10:07.806 INF Advanced timeout advanced=5038165618 initial=1000000000
03:10:07.806 INF Advanced timeout advanced=6038165618 initial=1000000000
03:10:07.806 INF Advanced timeout advanced=7038165618 initial=1000000000
03:10:07.806 INF Advanced timeout advanced=8038165618 initial=1000000000
03:10:07.806 INF Advanced timeout advanced=9038165618 initial=1000000000
03:10:07.806 INF Advanced timeout advanced=10038165618 initial=1000000000
03:10:07.807 INF Advanced timeout advanced=11038165618 initial=1000000000
03:10:07.807 INF Advanced timeout advanced=12038165618 initial=1000000000
03:10:07.807 INF Advanced timeout advanced=13038165618 initial=1000000000
03:10:07.807 INF Advanced timeout advanced=14038165618 initial=1000000000
03:10:07.807 INF Advanced timeout advanced=15038165618 initial=1000000000
03:10:07.807 INF Requesting VIEWCHANGE. receiverID=0 segID=3 senderID=2 view=6
03:10:08.495 INF Handling PREPREPARE. nReq=0 senderID=1 sn=109
03:10:08.495 INF Starting new view. segID=1 timeout=13312000 view=7
03:10:08.496 INF Advanced timeout advanced=38165618 initial=1000000000
03:10:08.496 INF Advanced timeout advanced=1038165618 initial=1000000000
03:10:08.496 INF Advanced timeout advanced=2038165618 initial=1000000000
03:10:08.496 INF Advanced timeout advanced=3038165618 initial=1000000000
03:10:08.497 INF Advanced timeout advanced=4038165618 initial=1000000000
03:10:08.497 INF Advanced timeout advanced=5038165618 initial=1000000000
03:10:08.497 INF Advanced timeout advanced=6038165618 initial=1000000000
03:10:08.497 INF Advanced timeout advanced=7038165618 initial=1000000000
03:10:08.497 INF Advanced timeout advanced=8038165618 initial=1000000000
03:10:08.497 INF Advanced timeout advanced=9038165618 initial=1000000000
03:10:08.497 INF Advanced timeout advanced=10038165618 initial=1000000000
03:10:08.498 INF Advanced timeout advanced=11038165618 initial=1000000000
03:10:08.498 INF Advanced timeout advanced=12038165618 initial=1000000000
03:10:08.498 INF Advanced timeout advanced=13038165618 initial=1000000000
03:10:08.498 INF Advanced timeout advanced=14038165618 initial=1000000000
03:10:08.498 INF Advanced timeout advanced=15038165618 initial=1000000000
03:10:08.498 INF Requesting VIEWCHANGE. receiverID=3 segID=1 senderID=2 view=7
03:10:08.805 INF Handling PREPREPARE. nReq=0 senderID=0 sn=108
03:10:08.805 INF Starting new view. segID=3 timeout=13312000 view=7
03:10:08.806 INF Advanced timeout advanced=38165618 initial=1000000000
03:10:08.806 INF Advanced timeout advanced=1038165618 initial=1000000000
03:10:08.806 INF Advanced timeout advanced=2038165618 initial=1000000000
03:10:08.806 INF Advanced timeout advanced=3038165618 initial=1000000000
03:10:08.806 INF Advanced timeout advanced=4038165618 initial=1000000000
03:10:08.806 INF Advanced timeout advanced=5038165618 initial=1000000000
03:10:08.806 INF Advanced timeout advanced=6038165618 initial=1000000000
03:10:08.807 INF Advanced timeout advanced=7038165618 initial=1000000000
03:10:08.807 INF Advanced timeout advanced=8038165618 initial=1000000000
03:10:08.807 INF Advanced timeout advanced=9038165618 initial=1000000000
03:10:08.807 INF Advanced timeout advanced=10038165618 initial=1000000000
03:10:08.807 INF Advanced timeout advanced=11038165618 initial=1000000000
03:10:08.807 INF Advanced timeout advanced=12038165618 initial=1000000000
03:10:08.807 INF Advanced timeout advanced=13038165618 initial=1000000000
03:10:08.807 INF Advanced timeout advanced=14038165618 initial=1000000000
03:10:08.808 INF Advanced timeout advanced=15038165618 initial=1000000000
03:10:08.808 INF Requesting VIEWCHANGE. receiverID=1 segID=3 senderID=2 view=7
03:10:09.806 INF Handling PREPREPARE. nReq=0 senderID=0 sn=111
03:10:09.806 INF Starting new view. segID=3 timeout=26624000 view=8
03:10:09.806 INF Advanced timeout advanced=38165618 initial=1000000000
03:10:09.806 INF Advanced timeout advanced=1038165618 initial=1000000000
03:10:09.806 INF Advanced timeout advanced=2038165618 initial=1000000000
03:10:09.806 INF Advanced timeout advanced=3038165618 initial=1000000000
03:10:09.806 INF Advanced timeout advanced=4038165618 initial=1000000000
03:10:09.806 INF Advanced timeout advanced=5038165618 initial=1000000000
03:10:09.806 INF Advanced timeout advanced=6038165618 initial=1000000000
03:10:09.806 INF Advanced timeout advanced=7038165618 initial=1000000000
03:10:09.807 INF Advanced timeout advanced=8038165618 initial=1000000000
03:10:09.807 INF Advanced timeout advanced=9038165618 initial=1000000000
03:10:09.807 INF Advanced timeout advanced=10038165618 initial=1000000000
03:10:09.807 INF Advanced timeout advanced=11038165618 initial=1000000000
03:10:09.807 INF Advanced timeout advanced=12038165618 initial=1000000000
03:10:09.807 INF Advanced timeout advanced=13038165618 initial=1000000000
03:10:09.807 INF Advanced timeout advanced=14038165618 initial=1000000000
03:10:09.807 INF Advanced timeout advanced=15038165618 initial=1000000000
03:10:09.807 INF Requesting VIEWCHANGE. receiverID=2 segID=3 senderID=2 view=8
03:10:19.834 INF New stable checkpoint. sn=143
03:10:19.835 INF Received stable checkpoint notification. sn=143
03:10:20.337 INF Fetching missing entry. firstSource=0 nSources=6 sn=96
03:10:20.337 INF Fetching missing entry. firstSource=0 nSources=6 sn=140
03:10:20.337 INF Fetching missing entry. firstSource=0 nSources=6 sn=119
03:10:20.337 INF Fetching missing entry. firstSource=3 nSources=6 sn=112
03:10:20.337 INF Fetching missing entry. firstSource=0 nSources=6 sn=136
03:10:20.337 INF Fetching missing entry. firstSource=0 nSources=6 sn=124
03:10:20.338 INF Fetching missing entry. firstSource=0 nSources=6 sn=118
03:10:20.338 INF Fetching missing entry. firstSource=0 nSources=6 sn=111
03:10:20.338 INF Fetching missing entry. firstSource=1 nSources=6 sn=143
03:10:20.338 INF Fetching missing entry. firstSource=0 nSources=6 sn=131
03:10:20.338 INF Fetching missing entry. firstSource=1 nSources=6 sn=100
03:10:20.338 INF Fetching missing entry. firstSource=0 nSources=6 sn=99
03:10:20.338 INF Fetching missing entry. firstSource=1 nSources=6 sn=97
03:10:20.338 INF Fetching missing entry. firstSource=0 nSources=6 sn=123
03:10:20.339 INF Fetching missing entry. firstSource=3 nSources=6 sn=126
03:10:20.339 INF Fetching missing entry. firstSource=0 nSources=6 sn=128
03:10:20.339 INF Fetching missing entry. firstSource=3 nSources=6 sn=121
03:10:20.339 INF Fetching missing entry. firstSource=0 nSources=6 sn=127
03:10:20.339 INF Fetching missing entry. firstSource=0 nSources=6 sn=129
03:10:20.339 INF Fetching missing entry. firstSource=0 nSources=6 sn=125
03:10:20.339 INF Fetching missing entry. firstSource=0 nSources=6 sn=102
03:10:20.340 INF Fetching missing entry. firstSource=0 nSources=6 sn=103
03:10:20.340 INF Fetching missing entry. firstSource=0 nSources=6 sn=108
03:10:20.340 INF Fetching missing entry. firstSource=0 nSources=6 sn=106
03:10:20.340 INF Fetching missing entry. firstSource=0 nSources=6 sn=105
03:10:20.340 INF Fetching missing entry. firstSource=3 nSources=6 sn=130
03:10:20.340 INF Fetching missing entry. firstSource=0 nSources=6 sn=132
03:10:20.340 INF Fetching missing entry. firstSource=0 nSources=6 sn=134
03:10:20.341 INF Fetching missing entry. firstSource=1 nSources=6 sn=135
03:10:20.341 INF Fetching missing entry. firstSource=0 nSources=6 sn=133
03:10:20.341 INF Fetching missing entry. firstSource=0 nSources=6 sn=138
03:10:20.341 INF Fetching missing entry. firstSource=0 nSources=6 sn=137
03:10:20.341 INF Fetching missing entry. firstSource=0 nSources=6 sn=109
03:10:20.341 INF Fetching missing entry. firstSource=1 nSources=6 sn=114
03:10:20.341 INF Fetching missing entry. firstSource=3 nSources=6 sn=115
03:10:20.341 INF Fetching missing entry. firstSource=0 nSources=6 sn=116
03:10:20.342 INF Fetching missing entry. firstSource=0 nSources=6 sn=117
03:10:20.342 INF Fetching missing entry. firstSource=0 nSources=6 sn=113
03:10:20.342 INF Fetching missing entry. firstSource=1 nSources=6 sn=139
03:10:20.342 INF Fetching missing entry. firstSource=0 nSources=6 sn=141
03:10:20.342 INF Fetching missing entry. firstSource=3 nSources=6 sn=142
03:10:20.342 INF Fetching missing entry. firstSource=1 nSources=6 sn=122
03:10:20.342 INF Fetching missing entry. firstSource=1 nSources=6 sn=120
03:10:20.343 INF Fetched missing entry. sn=126
03:10:20.343 INF Fetched missing entry. sn=121
03:10:20.343 INF Fetched missing entry. sn=112
03:10:20.343 INF Fetched missing entry. sn=130
03:10:20.344 INF Fetched missing entry. sn=115
03:10:20.344 INF Fetched missing entry. sn=142
03:10:20.347 INF Fetched missing entry. sn=132
03:10:20.348 INF Fetched missing entry. sn=134
03:10:20.348 INF Fetched missing entry. sn=96
03:10:20.348 INF Fetched missing entry. sn=133
03:10:20.348 INF Fetched missing entry. sn=140
03:10:20.348 INF Fetched missing entry. sn=138
03:10:20.348 INF Fetched missing entry. sn=119
03:10:20.348 INF Handling MissingEntry. segID=3 sn=96 view=8
03:10:20.348 INF Fetched missing entry. sn=137
03:10:20.348 INF Fetched missing entry. sn=109
03:10:20.348 INF Fetched missing entry. sn=116
03:10:20.348 INF Fetched missing entry. sn=136
03:10:20.348 INF Fetched missing entry. sn=124
03:10:20.348 INF Fetched missing entry. sn=117
03:10:20.348 INF Fetched missing entry. sn=118
03:10:20.348 INF Fetched missing entry. sn=113
03:10:20.348 INF Fetched missing entry. sn=111
03:10:20.348 INF Fetched missing entry. sn=141
03:10:20.348 INF Fetched missing entry. sn=131
03:10:20.348 INF Fetched missing entry. sn=99
03:10:20.348 INF Fetched missing entry. sn=123
03:10:20.348 INF Fetched missing entry. sn=128
03:10:20.349 INF Fetched missing entry. sn=127
03:10:20.349 INF Fetched missing entry. sn=129
03:10:20.349 INF Fetched missing entry. sn=125
03:10:20.349 INF Fetched missing entry. sn=102
03:10:20.349 INF Fetched missing entry. sn=103
03:10:20.349 INF Fetched missing entry. sn=108
03:10:20.349 INF Fetched missing entry. sn=106
03:10:20.349 INF Fetched missing entry. sn=105
03:10:20.349 INF Handling MissingEntry. segID=1 sn=109 view=7
03:10:20.349 INF Committed entry. latency=0 nReq=0 sn=109
03:10:20.349 INF Delivered batch. nReq=100 sn=96
03:10:20.349 INF Committed entry. latency=0 nReq=100 sn=96
03:10:20.349 INF Handling MissingEntry. segID=1 sn=103 view=7
03:10:20.349 INF Handling MissingEntry. segID=3 sn=111 view=8
03:10:20.349 INF Committed entry. latency=0 nReq=0 sn=103
03:10:20.349 INF Handling MissingEntry. segID=1 sn=106 view=7
03:10:20.349 INF Committed entry. latency=0 nReq=0 sn=106
03:10:20.349 INF Committed entry. latency=0 nReq=0 sn=111
03:10:20.350 INF Handling MissingEntry. segID=3 sn=99 view=8
03:10:20.350 INF Committed entry. latency=0 nReq=0 sn=99
03:10:20.350 INF Handling MissingEntry. segID=3 sn=102 view=8
03:10:20.350 INF Committed entry. latency=0 nReq=0 sn=102
03:10:20.350 INF Handling MissingEntry. segID=3 sn=108 view=8
03:10:20.350 INF Committed entry. latency=0 nReq=0 sn=108
03:10:20.350 INF Handling MissingEntry. segID=3 sn=105 view=8
03:10:20.350 INF Committed entry. latency=0 nReq=0 sn=105
03:10:20.350 INF Sending segment checkpoint. lastSn=111 segID=3
03:10:20.351 INF Fetched missing entry. sn=135
03:10:20.352 INF Fetched missing entry. sn=97
03:10:20.352 INF Fetched missing entry. sn=114
03:10:20.352 INF Handling MissingEntry. segID=1 sn=97 view=7
03:10:20.352 INF Fetched missing entry. sn=143
03:10:20.352 INF Fetched missing entry. sn=139
03:10:20.352 INF Fetched missing entry. sn=100
03:10:20.352 INF Fetched missing entry. sn=122
03:10:20.352 INF Fetched missing entry. sn=120
03:10:20.354 INF Committed entry. latency=0 nReq=350 sn=97
03:10:20.354 INF Delivered batch. nReq=350 sn=97
03:10:20.354 INF Delivered batch. nReq=0 sn=98
03:10:20.354 INF Delivered batch. nReq=0 sn=99
03:10:20.354 INF Handling MissingEntry. segID=1 sn=100 view=7
03:10:20.354 INF Committed entry. latency=0 nReq=0 sn=100
03:10:20.354 INF Delivered batch. nReq=0 sn=100
03:10:20.354 INF Delivered batch. nReq=0 sn=101
03:10:20.354 INF Delivered batch. nReq=0 sn=102
03:10:20.354 INF Delivered batch. nReq=0 sn=103
03:10:20.354 INF Delivered batch. nReq=0 sn=104
03:10:20.354 INF Delivered batch. nReq=0 sn=105
03:10:20.354 INF Delivered batch. nReq=0 sn=106
03:10:20.354 INF Delivered batch. nReq=0 sn=107
03:10:20.354 INF Delivered batch. nReq=0 sn=108
03:10:20.354 INF Delivered batch. nReq=0 sn=109
03:10:20.355 INF Delivered batch. nReq=0 sn=110
03:10:20.355 INF Delivered batch. nReq=0 sn=111
03:10:20.355 INF Closing message serializers. segID=1
03:10:20.355 INF Statistics commitTs=1753988795345644316 duration=3724394151 proposeTs=1753988791621250165 sn=64
03:10:20.355 INF Statistics commitTs=1753988795330016346 duration=3708766181 proposeTs=1753988791621250165 sn=67
03:10:20.355 INF Closing message serializers. segID=2
03:10:20.355 INF Statistics commitTs=1753988795261440571 duration=3640190406 proposeTs=1753988791621250165 sn=70
03:10:20.355 INF Closing message serializers. segID=3
03:10:20.355 INF Statistics commitTs=1753989003432549920 duration=211635833227 proposeTs=1753988791796716693 sn=65
03:10:20.355 INF Statistics commitTs=1753989003615779042 duration=211654012433 proposeTs=1753988791961766609 sn=66
03:10:20.355 INF Statistics commitTs=1753989003372049780 duration=211575333087 proposeTs=1753988791796716693 sn=68
03:10:20.355 INF Statistics commitTs=1753989003630090755 duration=211668324146 proposeTs=1753988791961766609 sn=69
03:10:20.355 INF Statistics commitTs=1753989003353449553 duration=211556732860 proposeTs=1753988791796716693 sn=71
03:10:20.355 INF Statistics commitTs=1753989003424627540 duration=211462860931 proposeTs=1753988791961766609 sn=72
==================
WARNING: DATA RACE
Read at 0x000001303380 by goroutine 529:
  github.com/hyperledger-labs/mirbft/manager.(*MirManager).handleLogEntries()
      /opt/gopath/src/github.com/hyperledger-labs/mirbft/manager/mirmanager.go:170 +0x774
  github.com/hyperledger-labs/mirbft/manager.(*MirManager).Start.func2()
      /opt/gopath/src/github.com/hyperledger-labs/mirbft/manager/mirmanager.go:112 +0x47

Previous write at 0x000001303380 by goroutine 186764:
  github.com/hyperledger-labs/mirbft/log.publishEntries()
      /opt/gopath/src/github.com/hyperledger-labs/mirbft/log/log.go:281 +0x2e4
  github.com/hyperledger-labs/mirbft/log.CommitEntry()
      /opt/gopath/src/github.com/hyperledger-labs/mirbft/log/log.go:108 +0x284
  github.com/hyperledger-labs/mirbft/announcer.Announce()
      /opt/gopath/src/github.com/hyperledger-labs/mirbft/announcer/announcer.go:26 +0x370
  github.com/hyperledger-labs/mirbft/orderer.(*pbftInstance).announce()
      /opt/gopath/src/github.com/hyperledger-labs/mirbft/orderer/pbftinstance.go:726 +0x36b
  github.com/hyperledger-labs/mirbft/orderer.(*pbftInstance).handleMissingEntry()
      /opt/gopath/src/github.com/hyperledger-labs/mirbft/orderer/pbftinstance.go:694 +0x604
  github.com/hyperledger-labs/mirbft/orderer.(*pbftInstance).handleMessage()
      /opt/gopath/src/github.com/hyperledger-labs/mirbft/orderer/pbftinstance.go:1873 +0xce4
  github.com/hyperledger-labs/mirbft/orderer.(*pbftInstance).processSerializedMessages()
      /opt/gopath/src/github.com/hyperledger-labs/mirbft/orderer/pbftinstance.go:1764 +0xdd
  github.com/hyperledger-labs/mirbft/orderer.(*PbftOrderer).runSegment.func2()
      /opt/gopath/src/github.com/hyperledger-labs/mirbft/orderer/pbftorderer.go:199 +0x39

Goroutine 529 (running) created at:
  github.com/hyperledger-labs/mirbft/manager.(*MirManager).Start()
      /opt/gopath/src/github.com/hyperledger-labs/mirbft/manager/mirmanager.go:112 +0x191
  main.main.func4()
      /opt/gopath/src/github.com/hyperledger-labs/mirbft/cmd/orderingpeer/main.go:185 +0x59

Goroutine 186764 (running) created at:
  github.com/hyperledger-labs/mirbft/orderer.(*PbftOrderer).runSegment()
      /opt/gopath/src/github.com/hyperledger-labs/mirbft/orderer/pbftorderer.go:199 +0x3f6
  github.com/hyperledger-labs/mirbft/orderer.(*PbftOrderer).Start()
      /opt/gopath/src/github.com/hyperledger-labs/mirbft/orderer/pbftorderer.go:176 +0x344
  main.main.func5()
      /opt/gopath/src/github.com/hyperledger-labs/mirbft/cmd/orderingpeer/main.go:186 +0x59
==================
03:10:20.355 INF Sending segment checkpoint. lastSn=109 segID=1
03:10:20.355 INF Statistics commitTs=1753989003416789702 duration=211795539537 proposeTs=1753988791621250165 sn=73
03:10:20.355 INF Statistics commitTs=1753988794853022889 duration=3056306196 proposeTs=1753988791796716693 sn=74
03:10:20.355 INF Statistics commitTs=1753989003424979866 duration=211463213257 proposeTs=1753988791961766609 sn=75
03:10:20.356 INF Statistics commitTs=1753988795304337541 duration=3683087376 proposeTs=1753988791621250165 sn=76
03:10:20.356 INF Statistics commitTs=1753989003348137545 duration=211551420852 proposeTs=1753988791796716693 sn=77
03:10:20.356 INF Statistics commitTs=1753989003632265395 duration=211670498786 proposeTs=1753988791961766609 sn=78
03:10:20.357 INF Statistics commitTs=1753989003574353237 duration=211953103072 proposeTs=1753988791621250165 sn=79
03:10:20.357 INF Statistics commitTs=1753988794853016504 duration=3056299811 proposeTs=1753988791796716693 sn=80
03:10:20.357 INF Statistics commitTs=1753989003427393670 duration=211465627061 proposeTs=1753988791961766609 sn=81
03:10:20.357 INF Statistics commitTs=1753988795304552407 duration=3683302242 proposeTs=1753988791621250165 sn=82
03:10:20.357 INF Statistics commitTs=1753989003396386609 duration=211599669916 proposeTs=1753988791796716693 sn=83
03:10:20.357 INF Statistics commitTs=1753989003416995531 duration=211455228922 proposeTs=1753988791961766609 sn=84
03:10:20.357 INF Statistics commitTs=1753989003424493959 duration=211803243794 proposeTs=1753988791621250165 sn=85
03:10:20.357 INF Statistics commitTs=1753988794853023499 duration=3056306806 proposeTs=1753988791796716693 sn=86
03:10:20.357 INF Statistics commitTs=1753989003424752563 duration=211462985954 proposeTs=1753988791961766609 sn=87
03:10:20.357 INF Statistics commitTs=1753988795304758108 duration=3683507943 proposeTs=1753988791621250165 sn=88
03:10:20.357 INF Statistics commitTs=1753989003293394642 duration=211496677949 proposeTs=1753988791796716693 sn=89
03:10:20.357 INF Statistics commitTs=1753989003575423151 duration=211954172986 proposeTs=1753988791621250165 sn=91
03:10:20.357 INF Statistics commitTs=1753989003618566429 duration=211656799820 proposeTs=1753988791961766609 sn=90
03:10:20.357 INF Statistics commitTs=1753988794853008725 duration=3056292032 proposeTs=1753988791796716693 sn=92
03:10:20.357 INF Statistics commitTs=1753988795261112739 duration=3639862574 proposeTs=1753988791621250165 sn=94
03:10:20.357 INF Statistics commitTs=1753989003424869025 duration=211463102416 proposeTs=1753988791961766609 sn=93
03:10:20.357 INF Statistics commitTs=1753989003290595479 duration=211493878786 proposeTs=1753988791796716693 sn=95
03:10:20.357 INF Statistics commitTs=1753989020353974103 duration=228732723938 proposeTs=1753988791621250165 sn=97
03:10:20.357 INF Statistics commitTs=1753989020349496770 duration=228387730161 proposeTs=1753988791961766609 sn=96
03:10:20.357 INF Statistics commitTs=1753989020354474094 duration=228733223929 proposeTs=1753988791621250165 sn=100
03:10:20.357 INF Statistics commitTs=1753989003792344606 duration=211995627913 proposeTs=1753988791796716693 sn=98
03:10:20.357 INF Statistics commitTs=1753989020350279241 duration=228388512632 proposeTs=1753988791961766609 sn=99
03:10:20.357 INF Statistics commitTs=1753989020349770737 duration=228728520572 proposeTs=1753988791621250165 sn=103
03:10:20.357 INF Statistics commitTs=1753989003792088559 duration=211995371866 proposeTs=1753988791796716693 sn=101
03:10:20.357 INF Statistics commitTs=1753989020349922098 duration=228728671933 proposeTs=1753988791621250165 sn=106
03:10:20.357 INF Statistics commitTs=1753989020350454803 duration=228388688194 proposeTs=1753988791961766609 sn=102
03:10:20.357 INF Statistics commitTs=1753989003792463275 duration=211995746582 proposeTs=1753988791796716693 sn=104
03:10:20.357 INF Statistics commitTs=1753989020349436452 duration=228728186287 proposeTs=1753988791621250165 sn=109
03:10:20.357 INF Statistics commitTs=1753989003792223235 duration=211995506542 proposeTs=1753988791796716693 sn=107
03:10:20.357 INF Statistics commitTs=1753989020350769896 duration=228389003287 proposeTs=1753988791961766609 sn=105
03:10:20.357 INF Median commit time commit=211803243794 segID=1
03:10:20.357 INF Statistics commitTs=1753989003792631648 duration=211995914955 proposeTs=1753988791796716693 sn=110
03:10:20.357 INF Statistics commitTs=1753989020350601727 duration=228388835118 proposeTs=1753988791961766609 sn=108
03:10:20.358 INF Median commit time commit=211575333087 segID=2
03:10:20.358 INF Statistics commitTs=1753989020349806207 duration=228388039598 proposeTs=1753988791961766609 sn=111
03:10:20.358 INF Median commit time commit=211668324146 segID=3
03:10:20.368 INF fuck! epoch=64 epoch time (ms)=228550 leaders=4 viewtimeout=120000
03:10:20.368 INF Epoch finished. Waiting for stable checkpoint. sn=111
03:10:20.368 FTL Inconsistent stable checkpoint sequence number. chkpSn=95 lastEpochSn=111
